[2025-02-06T16:54:23.507+0000] {processor.py:157} INFO - Started process (PID=12238) to work on /workspaces/hands-on-introduction-data-engineering-4395021/airflow/dags/one_task_dag.py
[2025-02-06T16:54:23.508+0000] {processor.py:826} INFO - Processing file /workspaces/hands-on-introduction-data-engineering-4395021/airflow/dags/one_task_dag.py for tasks to queue
[2025-02-06T16:54:23.509+0000] {logging_mixin.py:150} INFO - [2025-02-06T16:54:23.508+0000] {dagbag.py:541} INFO - Filling up the DagBag from /workspaces/hands-on-introduction-data-engineering-4395021/airflow/dags/one_task_dag.py
[2025-02-06T16:54:23.517+0000] {processor.py:836} INFO - DAG(s) dict_keys(['one_task_dag']) retrieved from /workspaces/hands-on-introduction-data-engineering-4395021/airflow/dags/one_task_dag.py
[2025-02-06T16:54:23.679+0000] {logging_mixin.py:150} INFO - [2025-02-06T16:54:23.679+0000] {manager.py:504} INFO - Created Permission View: can read on DAG:one_task_dag
[2025-02-06T16:54:23.752+0000] {logging_mixin.py:150} INFO - [2025-02-06T16:54:23.752+0000] {manager.py:504} INFO - Created Permission View: can delete on DAG:one_task_dag
[2025-02-06T16:54:23.780+0000] {logging_mixin.py:150} INFO - [2025-02-06T16:54:23.779+0000] {manager.py:504} INFO - Created Permission View: can edit on DAG:one_task_dag
[2025-02-06T16:54:23.796+0000] {logging_mixin.py:150} INFO - [2025-02-06T16:54:23.796+0000] {dag.py:2742} INFO - Sync 1 DAGs
[2025-02-06T16:54:23.811+0000] {logging_mixin.py:150} INFO - [2025-02-06T16:54:23.810+0000] {dag.py:2763} INFO - Creating ORM DAG for one_task_dag
[2025-02-06T16:54:23.820+0000] {logging_mixin.py:150} INFO - [2025-02-06T16:54:23.820+0000] {dag.py:3504} INFO - Setting next_dagrun for one_task_dag to None, run_after=None
[2025-02-06T16:54:23.842+0000] {processor.py:179} INFO - Processing /workspaces/hands-on-introduction-data-engineering-4395021/airflow/dags/one_task_dag.py took 0.338 seconds
[2025-02-06T16:55:09.413+0000] {processor.py:157} INFO - Started process (PID=12588) to work on /workspaces/hands-on-introduction-data-engineering-4395021/airflow/dags/one_task_dag.py
[2025-02-06T16:55:09.414+0000] {processor.py:826} INFO - Processing file /workspaces/hands-on-introduction-data-engineering-4395021/airflow/dags/one_task_dag.py for tasks to queue
[2025-02-06T16:55:09.415+0000] {logging_mixin.py:150} INFO - [2025-02-06T16:55:09.415+0000] {dagbag.py:541} INFO - Filling up the DagBag from /workspaces/hands-on-introduction-data-engineering-4395021/airflow/dags/one_task_dag.py
[2025-02-06T16:55:09.420+0000] {processor.py:836} INFO - DAG(s) dict_keys(['one_task_dag']) retrieved from /workspaces/hands-on-introduction-data-engineering-4395021/airflow/dags/one_task_dag.py
[2025-02-06T16:55:09.432+0000] {logging_mixin.py:150} INFO - [2025-02-06T16:55:09.431+0000] {dag.py:2742} INFO - Sync 1 DAGs
[2025-02-06T16:55:09.446+0000] {logging_mixin.py:150} INFO - [2025-02-06T16:55:09.445+0000] {dag.py:3504} INFO - Setting next_dagrun for one_task_dag to None, run_after=None
[2025-02-06T16:55:09.459+0000] {processor.py:179} INFO - Processing /workspaces/hands-on-introduction-data-engineering-4395021/airflow/dags/one_task_dag.py took 0.049 seconds
[2025-02-06T16:55:43.270+0000] {processor.py:157} INFO - Started process (PID=12895) to work on /workspaces/hands-on-introduction-data-engineering-4395021/airflow/dags/one_task_dag.py
[2025-02-06T16:55:43.271+0000] {processor.py:826} INFO - Processing file /workspaces/hands-on-introduction-data-engineering-4395021/airflow/dags/one_task_dag.py for tasks to queue
[2025-02-06T16:55:43.272+0000] {logging_mixin.py:150} INFO - [2025-02-06T16:55:43.271+0000] {dagbag.py:541} INFO - Filling up the DagBag from /workspaces/hands-on-introduction-data-engineering-4395021/airflow/dags/one_task_dag.py
[2025-02-06T16:55:43.277+0000] {processor.py:836} INFO - DAG(s) dict_keys(['one_task_dag']) retrieved from /workspaces/hands-on-introduction-data-engineering-4395021/airflow/dags/one_task_dag.py
[2025-02-06T16:55:43.289+0000] {logging_mixin.py:150} INFO - [2025-02-06T16:55:43.288+0000] {dag.py:2742} INFO - Sync 1 DAGs
[2025-02-06T16:55:43.303+0000] {logging_mixin.py:150} INFO - [2025-02-06T16:55:43.303+0000] {dag.py:3504} INFO - Setting next_dagrun for one_task_dag to None, run_after=None
[2025-02-06T16:55:43.320+0000] {processor.py:179} INFO - Processing /workspaces/hands-on-introduction-data-engineering-4395021/airflow/dags/one_task_dag.py took 0.052 seconds
[2025-02-06T16:56:15.343+0000] {processor.py:157} INFO - Started process (PID=13188) to work on /workspaces/hands-on-introduction-data-engineering-4395021/airflow/dags/one_task_dag.py
[2025-02-06T16:56:15.344+0000] {processor.py:826} INFO - Processing file /workspaces/hands-on-introduction-data-engineering-4395021/airflow/dags/one_task_dag.py for tasks to queue
[2025-02-06T16:56:15.344+0000] {logging_mixin.py:150} INFO - [2025-02-06T16:56:15.344+0000] {dagbag.py:541} INFO - Filling up the DagBag from /workspaces/hands-on-introduction-data-engineering-4395021/airflow/dags/one_task_dag.py
[2025-02-06T16:56:15.350+0000] {processor.py:836} INFO - DAG(s) dict_keys(['one_task_dag']) retrieved from /workspaces/hands-on-introduction-data-engineering-4395021/airflow/dags/one_task_dag.py
[2025-02-06T16:56:15.361+0000] {logging_mixin.py:150} INFO - [2025-02-06T16:56:15.361+0000] {dag.py:2742} INFO - Sync 1 DAGs
[2025-02-06T16:56:15.376+0000] {logging_mixin.py:150} INFO - [2025-02-06T16:56:15.376+0000] {dag.py:3504} INFO - Setting next_dagrun for one_task_dag to None, run_after=None
[2025-02-06T16:56:15.392+0000] {processor.py:179} INFO - Processing /workspaces/hands-on-introduction-data-engineering-4395021/airflow/dags/one_task_dag.py took 0.051 seconds
[2025-02-06T16:56:58.726+0000] {processor.py:157} INFO - Started process (PID=13518) to work on /workspaces/hands-on-introduction-data-engineering-4395021/airflow/dags/one_task_dag.py
[2025-02-06T16:56:58.727+0000] {processor.py:826} INFO - Processing file /workspaces/hands-on-introduction-data-engineering-4395021/airflow/dags/one_task_dag.py for tasks to queue
[2025-02-06T16:56:58.727+0000] {logging_mixin.py:150} INFO - [2025-02-06T16:56:58.727+0000] {dagbag.py:541} INFO - Filling up the DagBag from /workspaces/hands-on-introduction-data-engineering-4395021/airflow/dags/one_task_dag.py
[2025-02-06T16:56:58.733+0000] {processor.py:836} INFO - DAG(s) dict_keys(['one_task_dag']) retrieved from /workspaces/hands-on-introduction-data-engineering-4395021/airflow/dags/one_task_dag.py
[2025-02-06T16:56:58.744+0000] {logging_mixin.py:150} INFO - [2025-02-06T16:56:58.744+0000] {dag.py:2742} INFO - Sync 1 DAGs
[2025-02-06T16:56:58.759+0000] {logging_mixin.py:150} INFO - [2025-02-06T16:56:58.759+0000] {dag.py:3504} INFO - Setting next_dagrun for one_task_dag to None, run_after=None
[2025-02-06T16:56:58.774+0000] {processor.py:179} INFO - Processing /workspaces/hands-on-introduction-data-engineering-4395021/airflow/dags/one_task_dag.py took 0.051 seconds
[2025-02-06T16:57:30.727+0000] {processor.py:157} INFO - Started process (PID=13761) to work on /workspaces/hands-on-introduction-data-engineering-4395021/airflow/dags/one_task_dag.py
[2025-02-06T16:57:30.728+0000] {processor.py:826} INFO - Processing file /workspaces/hands-on-introduction-data-engineering-4395021/airflow/dags/one_task_dag.py for tasks to queue
[2025-02-06T16:57:30.728+0000] {logging_mixin.py:150} INFO - [2025-02-06T16:57:30.728+0000] {dagbag.py:541} INFO - Filling up the DagBag from /workspaces/hands-on-introduction-data-engineering-4395021/airflow/dags/one_task_dag.py
[2025-02-06T16:57:30.734+0000] {processor.py:836} INFO - DAG(s) dict_keys(['one_task_dag']) retrieved from /workspaces/hands-on-introduction-data-engineering-4395021/airflow/dags/one_task_dag.py
[2025-02-06T16:57:30.746+0000] {logging_mixin.py:150} INFO - [2025-02-06T16:57:30.746+0000] {dag.py:2742} INFO - Sync 1 DAGs
[2025-02-06T16:57:30.761+0000] {logging_mixin.py:150} INFO - [2025-02-06T16:57:30.761+0000] {dag.py:3504} INFO - Setting next_dagrun for one_task_dag to None, run_after=None
[2025-02-06T16:57:30.777+0000] {processor.py:179} INFO - Processing /workspaces/hands-on-introduction-data-engineering-4395021/airflow/dags/one_task_dag.py took 0.053 seconds
[2025-02-06T16:58:14.712+0000] {processor.py:157} INFO - Started process (PID=14088) to work on /workspaces/hands-on-introduction-data-engineering-4395021/airflow/dags/one_task_dag.py
[2025-02-06T16:58:14.713+0000] {processor.py:826} INFO - Processing file /workspaces/hands-on-introduction-data-engineering-4395021/airflow/dags/one_task_dag.py for tasks to queue
[2025-02-06T16:58:14.714+0000] {logging_mixin.py:150} INFO - [2025-02-06T16:58:14.714+0000] {dagbag.py:541} INFO - Filling up the DagBag from /workspaces/hands-on-introduction-data-engineering-4395021/airflow/dags/one_task_dag.py
[2025-02-06T16:58:14.722+0000] {processor.py:836} INFO - DAG(s) dict_keys(['one_task_dag']) retrieved from /workspaces/hands-on-introduction-data-engineering-4395021/airflow/dags/one_task_dag.py
[2025-02-06T16:58:14.736+0000] {logging_mixin.py:150} INFO - [2025-02-06T16:58:14.736+0000] {dag.py:2742} INFO - Sync 1 DAGs
[2025-02-06T16:58:14.750+0000] {logging_mixin.py:150} INFO - [2025-02-06T16:58:14.750+0000] {dag.py:3504} INFO - Setting next_dagrun for one_task_dag to None, run_after=None
[2025-02-06T16:58:14.770+0000] {processor.py:179} INFO - Processing /workspaces/hands-on-introduction-data-engineering-4395021/airflow/dags/one_task_dag.py took 0.062 seconds
[2025-02-06T16:58:34.326+0000] {processor.py:157} INFO - Started process (PID=14367) to work on /workspaces/hands-on-introduction-data-engineering-4395021/airflow/dags/one_task_dag.py
[2025-02-06T16:58:34.327+0000] {processor.py:826} INFO - Processing file /workspaces/hands-on-introduction-data-engineering-4395021/airflow/dags/one_task_dag.py for tasks to queue
[2025-02-06T16:58:34.328+0000] {logging_mixin.py:150} INFO - [2025-02-06T16:58:34.327+0000] {dagbag.py:541} INFO - Filling up the DagBag from /workspaces/hands-on-introduction-data-engineering-4395021/airflow/dags/one_task_dag.py
[2025-02-06T16:58:34.338+0000] {processor.py:836} INFO - DAG(s) dict_keys(['one_task_dag']) retrieved from /workspaces/hands-on-introduction-data-engineering-4395021/airflow/dags/one_task_dag.py
[2025-02-06T16:58:34.362+0000] {logging_mixin.py:150} INFO - [2025-02-06T16:58:34.362+0000] {dag.py:2742} INFO - Sync 1 DAGs
[2025-02-06T16:58:34.382+0000] {logging_mixin.py:150} INFO - [2025-02-06T16:58:34.382+0000] {dag.py:3504} INFO - Setting next_dagrun for one_task_dag to None, run_after=None
[2025-02-06T16:58:34.402+0000] {processor.py:179} INFO - Processing /workspaces/hands-on-introduction-data-engineering-4395021/airflow/dags/one_task_dag.py took 0.079 seconds
[2025-02-06T16:59:05.340+0000] {processor.py:157} INFO - Started process (PID=14572) to work on /workspaces/hands-on-introduction-data-engineering-4395021/airflow/dags/one_task_dag.py
[2025-02-06T16:59:05.340+0000] {processor.py:826} INFO - Processing file /workspaces/hands-on-introduction-data-engineering-4395021/airflow/dags/one_task_dag.py for tasks to queue
[2025-02-06T16:59:05.341+0000] {logging_mixin.py:150} INFO - [2025-02-06T16:59:05.341+0000] {dagbag.py:541} INFO - Filling up the DagBag from /workspaces/hands-on-introduction-data-engineering-4395021/airflow/dags/one_task_dag.py
[2025-02-06T16:59:05.349+0000] {processor.py:836} INFO - DAG(s) dict_keys(['one_task_dag']) retrieved from /workspaces/hands-on-introduction-data-engineering-4395021/airflow/dags/one_task_dag.py
[2025-02-06T16:59:05.367+0000] {logging_mixin.py:150} INFO - [2025-02-06T16:59:05.367+0000] {dag.py:2742} INFO - Sync 1 DAGs
[2025-02-06T16:59:05.381+0000] {logging_mixin.py:150} INFO - [2025-02-06T16:59:05.381+0000] {dag.py:3504} INFO - Setting next_dagrun for one_task_dag to None, run_after=None
[2025-02-06T16:59:05.394+0000] {processor.py:179} INFO - Processing /workspaces/hands-on-introduction-data-engineering-4395021/airflow/dags/one_task_dag.py took 0.057 seconds
[2025-02-06T16:59:36.209+0000] {processor.py:157} INFO - Started process (PID=14757) to work on /workspaces/hands-on-introduction-data-engineering-4395021/airflow/dags/one_task_dag.py
[2025-02-06T16:59:36.209+0000] {processor.py:826} INFO - Processing file /workspaces/hands-on-introduction-data-engineering-4395021/airflow/dags/one_task_dag.py for tasks to queue
[2025-02-06T16:59:36.210+0000] {logging_mixin.py:150} INFO - [2025-02-06T16:59:36.210+0000] {dagbag.py:541} INFO - Filling up the DagBag from /workspaces/hands-on-introduction-data-engineering-4395021/airflow/dags/one_task_dag.py
[2025-02-06T16:59:36.219+0000] {processor.py:836} INFO - DAG(s) dict_keys(['one_task_dag']) retrieved from /workspaces/hands-on-introduction-data-engineering-4395021/airflow/dags/one_task_dag.py
[2025-02-06T16:59:36.236+0000] {logging_mixin.py:150} INFO - [2025-02-06T16:59:36.236+0000] {dag.py:2742} INFO - Sync 1 DAGs
[2025-02-06T16:59:36.250+0000] {logging_mixin.py:150} INFO - [2025-02-06T16:59:36.250+0000] {dag.py:3504} INFO - Setting next_dagrun for one_task_dag to None, run_after=None
[2025-02-06T16:59:36.264+0000] {processor.py:179} INFO - Processing /workspaces/hands-on-introduction-data-engineering-4395021/airflow/dags/one_task_dag.py took 0.058 seconds
[2025-02-06T17:00:06.501+0000] {processor.py:157} INFO - Started process (PID=14968) to work on /workspaces/hands-on-introduction-data-engineering-4395021/airflow/dags/one_task_dag.py
[2025-02-06T17:00:06.501+0000] {processor.py:826} INFO - Processing file /workspaces/hands-on-introduction-data-engineering-4395021/airflow/dags/one_task_dag.py for tasks to queue
[2025-02-06T17:00:06.502+0000] {logging_mixin.py:150} INFO - [2025-02-06T17:00:06.502+0000] {dagbag.py:541} INFO - Filling up the DagBag from /workspaces/hands-on-introduction-data-engineering-4395021/airflow/dags/one_task_dag.py
[2025-02-06T17:00:06.511+0000] {processor.py:836} INFO - DAG(s) dict_keys(['one_task_dag']) retrieved from /workspaces/hands-on-introduction-data-engineering-4395021/airflow/dags/one_task_dag.py
[2025-02-06T17:00:06.528+0000] {logging_mixin.py:150} INFO - [2025-02-06T17:00:06.528+0000] {dag.py:2742} INFO - Sync 1 DAGs
[2025-02-06T17:00:06.543+0000] {logging_mixin.py:150} INFO - [2025-02-06T17:00:06.542+0000] {dag.py:3504} INFO - Setting next_dagrun for one_task_dag to None, run_after=None
[2025-02-06T17:00:06.557+0000] {processor.py:179} INFO - Processing /workspaces/hands-on-introduction-data-engineering-4395021/airflow/dags/one_task_dag.py took 0.059 seconds
[2025-02-06T17:00:36.612+0000] {processor.py:157} INFO - Started process (PID=15153) to work on /workspaces/hands-on-introduction-data-engineering-4395021/airflow/dags/one_task_dag.py
[2025-02-06T17:00:36.612+0000] {processor.py:826} INFO - Processing file /workspaces/hands-on-introduction-data-engineering-4395021/airflow/dags/one_task_dag.py for tasks to queue
[2025-02-06T17:00:36.613+0000] {logging_mixin.py:150} INFO - [2025-02-06T17:00:36.613+0000] {dagbag.py:541} INFO - Filling up the DagBag from /workspaces/hands-on-introduction-data-engineering-4395021/airflow/dags/one_task_dag.py
[2025-02-06T17:00:36.622+0000] {processor.py:836} INFO - DAG(s) dict_keys(['one_task_dag']) retrieved from /workspaces/hands-on-introduction-data-engineering-4395021/airflow/dags/one_task_dag.py
[2025-02-06T17:00:36.639+0000] {logging_mixin.py:150} INFO - [2025-02-06T17:00:36.639+0000] {dag.py:2742} INFO - Sync 1 DAGs
[2025-02-06T17:00:36.653+0000] {logging_mixin.py:150} INFO - [2025-02-06T17:00:36.653+0000] {dag.py:3504} INFO - Setting next_dagrun for one_task_dag to None, run_after=None
[2025-02-06T17:00:36.668+0000] {processor.py:179} INFO - Processing /workspaces/hands-on-introduction-data-engineering-4395021/airflow/dags/one_task_dag.py took 0.059 seconds
[2025-02-06T17:01:06.934+0000] {processor.py:157} INFO - Started process (PID=15324) to work on /workspaces/hands-on-introduction-data-engineering-4395021/airflow/dags/one_task_dag.py
[2025-02-06T17:01:06.935+0000] {processor.py:826} INFO - Processing file /workspaces/hands-on-introduction-data-engineering-4395021/airflow/dags/one_task_dag.py for tasks to queue
[2025-02-06T17:01:06.936+0000] {logging_mixin.py:150} INFO - [2025-02-06T17:01:06.936+0000] {dagbag.py:541} INFO - Filling up the DagBag from /workspaces/hands-on-introduction-data-engineering-4395021/airflow/dags/one_task_dag.py
[2025-02-06T17:01:06.944+0000] {processor.py:836} INFO - DAG(s) dict_keys(['one_task_dag']) retrieved from /workspaces/hands-on-introduction-data-engineering-4395021/airflow/dags/one_task_dag.py
[2025-02-06T17:01:06.961+0000] {logging_mixin.py:150} INFO - [2025-02-06T17:01:06.961+0000] {dag.py:2742} INFO - Sync 1 DAGs
[2025-02-06T17:01:06.975+0000] {logging_mixin.py:150} INFO - [2025-02-06T17:01:06.975+0000] {dag.py:3504} INFO - Setting next_dagrun for one_task_dag to None, run_after=None
[2025-02-06T17:01:06.990+0000] {processor.py:179} INFO - Processing /workspaces/hands-on-introduction-data-engineering-4395021/airflow/dags/one_task_dag.py took 0.059 seconds
[2025-02-06T17:01:37.199+0000] {processor.py:157} INFO - Started process (PID=15503) to work on /workspaces/hands-on-introduction-data-engineering-4395021/airflow/dags/one_task_dag.py
[2025-02-06T17:01:37.200+0000] {processor.py:826} INFO - Processing file /workspaces/hands-on-introduction-data-engineering-4395021/airflow/dags/one_task_dag.py for tasks to queue
[2025-02-06T17:01:37.201+0000] {logging_mixin.py:150} INFO - [2025-02-06T17:01:37.201+0000] {dagbag.py:541} INFO - Filling up the DagBag from /workspaces/hands-on-introduction-data-engineering-4395021/airflow/dags/one_task_dag.py
[2025-02-06T17:01:37.210+0000] {processor.py:836} INFO - DAG(s) dict_keys(['one_task_dag']) retrieved from /workspaces/hands-on-introduction-data-engineering-4395021/airflow/dags/one_task_dag.py
[2025-02-06T17:01:37.227+0000] {logging_mixin.py:150} INFO - [2025-02-06T17:01:37.227+0000] {dag.py:2742} INFO - Sync 1 DAGs
[2025-02-06T17:01:37.246+0000] {logging_mixin.py:150} INFO - [2025-02-06T17:01:37.246+0000] {dag.py:3504} INFO - Setting next_dagrun for one_task_dag to None, run_after=None
[2025-02-06T17:01:37.265+0000] {processor.py:179} INFO - Processing /workspaces/hands-on-introduction-data-engineering-4395021/airflow/dags/one_task_dag.py took 0.068 seconds
[2025-02-06T17:02:07.465+0000] {processor.py:157} INFO - Started process (PID=15675) to work on /workspaces/hands-on-introduction-data-engineering-4395021/airflow/dags/one_task_dag.py
[2025-02-06T17:02:07.466+0000] {processor.py:826} INFO - Processing file /workspaces/hands-on-introduction-data-engineering-4395021/airflow/dags/one_task_dag.py for tasks to queue
[2025-02-06T17:02:07.467+0000] {logging_mixin.py:150} INFO - [2025-02-06T17:02:07.467+0000] {dagbag.py:541} INFO - Filling up the DagBag from /workspaces/hands-on-introduction-data-engineering-4395021/airflow/dags/one_task_dag.py
[2025-02-06T17:02:07.476+0000] {processor.py:836} INFO - DAG(s) dict_keys(['one_task_dag']) retrieved from /workspaces/hands-on-introduction-data-engineering-4395021/airflow/dags/one_task_dag.py
[2025-02-06T17:02:07.493+0000] {logging_mixin.py:150} INFO - [2025-02-06T17:02:07.493+0000] {dag.py:2742} INFO - Sync 1 DAGs
[2025-02-06T17:02:07.507+0000] {logging_mixin.py:150} INFO - [2025-02-06T17:02:07.506+0000] {dag.py:3504} INFO - Setting next_dagrun for one_task_dag to None, run_after=None
[2025-02-06T17:02:07.520+0000] {processor.py:179} INFO - Processing /workspaces/hands-on-introduction-data-engineering-4395021/airflow/dags/one_task_dag.py took 0.057 seconds
[2025-02-06T17:02:37.730+0000] {processor.py:157} INFO - Started process (PID=15858) to work on /workspaces/hands-on-introduction-data-engineering-4395021/airflow/dags/one_task_dag.py
[2025-02-06T17:02:37.731+0000] {processor.py:826} INFO - Processing file /workspaces/hands-on-introduction-data-engineering-4395021/airflow/dags/one_task_dag.py for tasks to queue
[2025-02-06T17:02:37.732+0000] {logging_mixin.py:150} INFO - [2025-02-06T17:02:37.731+0000] {dagbag.py:541} INFO - Filling up the DagBag from /workspaces/hands-on-introduction-data-engineering-4395021/airflow/dags/one_task_dag.py
[2025-02-06T17:02:37.741+0000] {processor.py:836} INFO - DAG(s) dict_keys(['one_task_dag']) retrieved from /workspaces/hands-on-introduction-data-engineering-4395021/airflow/dags/one_task_dag.py
[2025-02-06T17:02:37.759+0000] {logging_mixin.py:150} INFO - [2025-02-06T17:02:37.758+0000] {dag.py:2742} INFO - Sync 1 DAGs
[2025-02-06T17:02:37.773+0000] {logging_mixin.py:150} INFO - [2025-02-06T17:02:37.773+0000] {dag.py:3504} INFO - Setting next_dagrun for one_task_dag to None, run_after=None
[2025-02-06T17:02:37.787+0000] {processor.py:179} INFO - Processing /workspaces/hands-on-introduction-data-engineering-4395021/airflow/dags/one_task_dag.py took 0.060 seconds
[2025-02-06T17:03:08.006+0000] {processor.py:157} INFO - Started process (PID=16036) to work on /workspaces/hands-on-introduction-data-engineering-4395021/airflow/dags/one_task_dag.py
[2025-02-06T17:03:08.007+0000] {processor.py:826} INFO - Processing file /workspaces/hands-on-introduction-data-engineering-4395021/airflow/dags/one_task_dag.py for tasks to queue
[2025-02-06T17:03:08.008+0000] {logging_mixin.py:150} INFO - [2025-02-06T17:03:08.007+0000] {dagbag.py:541} INFO - Filling up the DagBag from /workspaces/hands-on-introduction-data-engineering-4395021/airflow/dags/one_task_dag.py
[2025-02-06T17:03:08.016+0000] {processor.py:836} INFO - DAG(s) dict_keys(['one_task_dag']) retrieved from /workspaces/hands-on-introduction-data-engineering-4395021/airflow/dags/one_task_dag.py
[2025-02-06T17:03:08.033+0000] {logging_mixin.py:150} INFO - [2025-02-06T17:03:08.033+0000] {dag.py:2742} INFO - Sync 1 DAGs
[2025-02-06T17:03:08.047+0000] {logging_mixin.py:150} INFO - [2025-02-06T17:03:08.047+0000] {dag.py:3504} INFO - Setting next_dagrun for one_task_dag to None, run_after=None
[2025-02-06T17:03:08.061+0000] {processor.py:179} INFO - Processing /workspaces/hands-on-introduction-data-engineering-4395021/airflow/dags/one_task_dag.py took 0.057 seconds
[2025-02-06T17:03:38.151+0000] {processor.py:157} INFO - Started process (PID=16208) to work on /workspaces/hands-on-introduction-data-engineering-4395021/airflow/dags/one_task_dag.py
[2025-02-06T17:03:38.151+0000] {processor.py:826} INFO - Processing file /workspaces/hands-on-introduction-data-engineering-4395021/airflow/dags/one_task_dag.py for tasks to queue
[2025-02-06T17:03:38.152+0000] {logging_mixin.py:150} INFO - [2025-02-06T17:03:38.152+0000] {dagbag.py:541} INFO - Filling up the DagBag from /workspaces/hands-on-introduction-data-engineering-4395021/airflow/dags/one_task_dag.py
[2025-02-06T17:03:38.161+0000] {processor.py:836} INFO - DAG(s) dict_keys(['one_task_dag']) retrieved from /workspaces/hands-on-introduction-data-engineering-4395021/airflow/dags/one_task_dag.py
[2025-02-06T17:03:38.178+0000] {logging_mixin.py:150} INFO - [2025-02-06T17:03:38.178+0000] {dag.py:2742} INFO - Sync 1 DAGs
[2025-02-06T17:03:38.194+0000] {logging_mixin.py:150} INFO - [2025-02-06T17:03:38.194+0000] {dag.py:3504} INFO - Setting next_dagrun for one_task_dag to None, run_after=None
[2025-02-06T17:03:38.209+0000] {processor.py:179} INFO - Processing /workspaces/hands-on-introduction-data-engineering-4395021/airflow/dags/one_task_dag.py took 0.060 seconds
[2025-02-06T17:04:08.497+0000] {processor.py:157} INFO - Started process (PID=16383) to work on /workspaces/hands-on-introduction-data-engineering-4395021/airflow/dags/one_task_dag.py
[2025-02-06T17:04:08.498+0000] {processor.py:826} INFO - Processing file /workspaces/hands-on-introduction-data-engineering-4395021/airflow/dags/one_task_dag.py for tasks to queue
[2025-02-06T17:04:08.499+0000] {logging_mixin.py:150} INFO - [2025-02-06T17:04:08.499+0000] {dagbag.py:541} INFO - Filling up the DagBag from /workspaces/hands-on-introduction-data-engineering-4395021/airflow/dags/one_task_dag.py
[2025-02-06T17:04:08.508+0000] {processor.py:836} INFO - DAG(s) dict_keys(['one_task_dag']) retrieved from /workspaces/hands-on-introduction-data-engineering-4395021/airflow/dags/one_task_dag.py
[2025-02-06T17:04:08.525+0000] {logging_mixin.py:150} INFO - [2025-02-06T17:04:08.525+0000] {dag.py:2742} INFO - Sync 1 DAGs
[2025-02-06T17:04:08.539+0000] {logging_mixin.py:150} INFO - [2025-02-06T17:04:08.539+0000] {dag.py:3504} INFO - Setting next_dagrun for one_task_dag to None, run_after=None
[2025-02-06T17:04:08.553+0000] {processor.py:179} INFO - Processing /workspaces/hands-on-introduction-data-engineering-4395021/airflow/dags/one_task_dag.py took 0.059 seconds
[2025-02-06T17:04:38.790+0000] {processor.py:157} INFO - Started process (PID=16556) to work on /workspaces/hands-on-introduction-data-engineering-4395021/airflow/dags/one_task_dag.py
[2025-02-06T17:04:38.791+0000] {processor.py:826} INFO - Processing file /workspaces/hands-on-introduction-data-engineering-4395021/airflow/dags/one_task_dag.py for tasks to queue
[2025-02-06T17:04:38.792+0000] {logging_mixin.py:150} INFO - [2025-02-06T17:04:38.791+0000] {dagbag.py:541} INFO - Filling up the DagBag from /workspaces/hands-on-introduction-data-engineering-4395021/airflow/dags/one_task_dag.py
[2025-02-06T17:04:38.800+0000] {processor.py:836} INFO - DAG(s) dict_keys(['one_task_dag']) retrieved from /workspaces/hands-on-introduction-data-engineering-4395021/airflow/dags/one_task_dag.py
[2025-02-06T17:04:38.817+0000] {logging_mixin.py:150} INFO - [2025-02-06T17:04:38.817+0000] {dag.py:2742} INFO - Sync 1 DAGs
[2025-02-06T17:04:38.831+0000] {logging_mixin.py:150} INFO - [2025-02-06T17:04:38.831+0000] {dag.py:3504} INFO - Setting next_dagrun for one_task_dag to None, run_after=None
[2025-02-06T17:04:38.845+0000] {processor.py:179} INFO - Processing /workspaces/hands-on-introduction-data-engineering-4395021/airflow/dags/one_task_dag.py took 0.058 seconds
[2025-02-06T17:05:09.091+0000] {processor.py:157} INFO - Started process (PID=16735) to work on /workspaces/hands-on-introduction-data-engineering-4395021/airflow/dags/one_task_dag.py
[2025-02-06T17:05:09.092+0000] {processor.py:826} INFO - Processing file /workspaces/hands-on-introduction-data-engineering-4395021/airflow/dags/one_task_dag.py for tasks to queue
[2025-02-06T17:05:09.093+0000] {logging_mixin.py:150} INFO - [2025-02-06T17:05:09.093+0000] {dagbag.py:541} INFO - Filling up the DagBag from /workspaces/hands-on-introduction-data-engineering-4395021/airflow/dags/one_task_dag.py
[2025-02-06T17:05:09.102+0000] {processor.py:836} INFO - DAG(s) dict_keys(['one_task_dag']) retrieved from /workspaces/hands-on-introduction-data-engineering-4395021/airflow/dags/one_task_dag.py
[2025-02-06T17:05:09.119+0000] {logging_mixin.py:150} INFO - [2025-02-06T17:05:09.119+0000] {dag.py:2742} INFO - Sync 1 DAGs
[2025-02-06T17:05:09.133+0000] {logging_mixin.py:150} INFO - [2025-02-06T17:05:09.133+0000] {dag.py:3504} INFO - Setting next_dagrun for one_task_dag to None, run_after=None
[2025-02-06T17:05:09.146+0000] {processor.py:179} INFO - Processing /workspaces/hands-on-introduction-data-engineering-4395021/airflow/dags/one_task_dag.py took 0.058 seconds
[2025-02-06T17:05:39.392+0000] {processor.py:157} INFO - Started process (PID=16914) to work on /workspaces/hands-on-introduction-data-engineering-4395021/airflow/dags/one_task_dag.py
[2025-02-06T17:05:39.394+0000] {processor.py:826} INFO - Processing file /workspaces/hands-on-introduction-data-engineering-4395021/airflow/dags/one_task_dag.py for tasks to queue
[2025-02-06T17:05:39.395+0000] {logging_mixin.py:150} INFO - [2025-02-06T17:05:39.394+0000] {dagbag.py:541} INFO - Filling up the DagBag from /workspaces/hands-on-introduction-data-engineering-4395021/airflow/dags/one_task_dag.py
[2025-02-06T17:05:39.407+0000] {processor.py:836} INFO - DAG(s) dict_keys(['one_task_dag']) retrieved from /workspaces/hands-on-introduction-data-engineering-4395021/airflow/dags/one_task_dag.py
[2025-02-06T17:05:39.431+0000] {logging_mixin.py:150} INFO - [2025-02-06T17:05:39.431+0000] {dag.py:2742} INFO - Sync 1 DAGs
[2025-02-06T17:05:39.453+0000] {logging_mixin.py:150} INFO - [2025-02-06T17:05:39.453+0000] {dag.py:3504} INFO - Setting next_dagrun for one_task_dag to None, run_after=None
[2025-02-06T17:05:39.467+0000] {processor.py:179} INFO - Processing /workspaces/hands-on-introduction-data-engineering-4395021/airflow/dags/one_task_dag.py took 0.077 seconds
[2025-02-06T17:06:09.621+0000] {processor.py:157} INFO - Started process (PID=17087) to work on /workspaces/hands-on-introduction-data-engineering-4395021/airflow/dags/one_task_dag.py
[2025-02-06T17:06:09.622+0000] {processor.py:826} INFO - Processing file /workspaces/hands-on-introduction-data-engineering-4395021/airflow/dags/one_task_dag.py for tasks to queue
[2025-02-06T17:06:09.623+0000] {logging_mixin.py:150} INFO - [2025-02-06T17:06:09.623+0000] {dagbag.py:541} INFO - Filling up the DagBag from /workspaces/hands-on-introduction-data-engineering-4395021/airflow/dags/one_task_dag.py
[2025-02-06T17:06:09.631+0000] {processor.py:836} INFO - DAG(s) dict_keys(['one_task_dag']) retrieved from /workspaces/hands-on-introduction-data-engineering-4395021/airflow/dags/one_task_dag.py
[2025-02-06T17:06:09.649+0000] {logging_mixin.py:150} INFO - [2025-02-06T17:06:09.648+0000] {dag.py:2742} INFO - Sync 1 DAGs
[2025-02-06T17:06:09.663+0000] {logging_mixin.py:150} INFO - [2025-02-06T17:06:09.663+0000] {dag.py:3504} INFO - Setting next_dagrun for one_task_dag to None, run_after=None
[2025-02-06T17:06:09.676+0000] {processor.py:179} INFO - Processing /workspaces/hands-on-introduction-data-engineering-4395021/airflow/dags/one_task_dag.py took 0.057 seconds
[2025-02-06T17:06:39.728+0000] {processor.py:157} INFO - Started process (PID=17264) to work on /workspaces/hands-on-introduction-data-engineering-4395021/airflow/dags/one_task_dag.py
[2025-02-06T17:06:39.729+0000] {processor.py:826} INFO - Processing file /workspaces/hands-on-introduction-data-engineering-4395021/airflow/dags/one_task_dag.py for tasks to queue
[2025-02-06T17:06:39.730+0000] {logging_mixin.py:150} INFO - [2025-02-06T17:06:39.730+0000] {dagbag.py:541} INFO - Filling up the DagBag from /workspaces/hands-on-introduction-data-engineering-4395021/airflow/dags/one_task_dag.py
[2025-02-06T17:06:39.739+0000] {processor.py:836} INFO - DAG(s) dict_keys(['one_task_dag']) retrieved from /workspaces/hands-on-introduction-data-engineering-4395021/airflow/dags/one_task_dag.py
[2025-02-06T17:06:39.756+0000] {logging_mixin.py:150} INFO - [2025-02-06T17:06:39.756+0000] {dag.py:2742} INFO - Sync 1 DAGs
[2025-02-06T17:06:39.774+0000] {logging_mixin.py:150} INFO - [2025-02-06T17:06:39.774+0000] {dag.py:3504} INFO - Setting next_dagrun for one_task_dag to None, run_after=None
[2025-02-06T17:06:39.788+0000] {processor.py:179} INFO - Processing /workspaces/hands-on-introduction-data-engineering-4395021/airflow/dags/one_task_dag.py took 0.062 seconds
[2025-02-06T17:07:10.099+0000] {processor.py:157} INFO - Started process (PID=17437) to work on /workspaces/hands-on-introduction-data-engineering-4395021/airflow/dags/one_task_dag.py
[2025-02-06T17:07:10.100+0000] {processor.py:826} INFO - Processing file /workspaces/hands-on-introduction-data-engineering-4395021/airflow/dags/one_task_dag.py for tasks to queue
[2025-02-06T17:07:10.101+0000] {logging_mixin.py:150} INFO - [2025-02-06T17:07:10.100+0000] {dagbag.py:541} INFO - Filling up the DagBag from /workspaces/hands-on-introduction-data-engineering-4395021/airflow/dags/one_task_dag.py
[2025-02-06T17:07:10.109+0000] {processor.py:836} INFO - DAG(s) dict_keys(['one_task_dag']) retrieved from /workspaces/hands-on-introduction-data-engineering-4395021/airflow/dags/one_task_dag.py
[2025-02-06T17:07:10.126+0000] {logging_mixin.py:150} INFO - [2025-02-06T17:07:10.126+0000] {dag.py:2742} INFO - Sync 1 DAGs
[2025-02-06T17:07:10.140+0000] {logging_mixin.py:150} INFO - [2025-02-06T17:07:10.140+0000] {dag.py:3504} INFO - Setting next_dagrun for one_task_dag to None, run_after=None
[2025-02-06T17:07:10.153+0000] {processor.py:179} INFO - Processing /workspaces/hands-on-introduction-data-engineering-4395021/airflow/dags/one_task_dag.py took 0.057 seconds
[2025-02-06T17:07:40.385+0000] {processor.py:157} INFO - Started process (PID=17616) to work on /workspaces/hands-on-introduction-data-engineering-4395021/airflow/dags/one_task_dag.py
[2025-02-06T17:07:40.386+0000] {processor.py:826} INFO - Processing file /workspaces/hands-on-introduction-data-engineering-4395021/airflow/dags/one_task_dag.py for tasks to queue
[2025-02-06T17:07:40.387+0000] {logging_mixin.py:150} INFO - [2025-02-06T17:07:40.387+0000] {dagbag.py:541} INFO - Filling up the DagBag from /workspaces/hands-on-introduction-data-engineering-4395021/airflow/dags/one_task_dag.py
[2025-02-06T17:07:40.395+0000] {processor.py:836} INFO - DAG(s) dict_keys(['one_task_dag']) retrieved from /workspaces/hands-on-introduction-data-engineering-4395021/airflow/dags/one_task_dag.py
[2025-02-06T17:07:40.412+0000] {logging_mixin.py:150} INFO - [2025-02-06T17:07:40.412+0000] {dag.py:2742} INFO - Sync 1 DAGs
[2025-02-06T17:07:40.425+0000] {logging_mixin.py:150} INFO - [2025-02-06T17:07:40.425+0000] {dag.py:3504} INFO - Setting next_dagrun for one_task_dag to None, run_after=None
[2025-02-06T17:07:40.438+0000] {processor.py:179} INFO - Processing /workspaces/hands-on-introduction-data-engineering-4395021/airflow/dags/one_task_dag.py took 0.055 seconds
[2025-02-06T17:08:10.676+0000] {processor.py:157} INFO - Started process (PID=17794) to work on /workspaces/hands-on-introduction-data-engineering-4395021/airflow/dags/one_task_dag.py
[2025-02-06T17:08:10.678+0000] {processor.py:826} INFO - Processing file /workspaces/hands-on-introduction-data-engineering-4395021/airflow/dags/one_task_dag.py for tasks to queue
[2025-02-06T17:08:10.679+0000] {logging_mixin.py:150} INFO - [2025-02-06T17:08:10.678+0000] {dagbag.py:541} INFO - Filling up the DagBag from /workspaces/hands-on-introduction-data-engineering-4395021/airflow/dags/one_task_dag.py
[2025-02-06T17:08:10.690+0000] {processor.py:836} INFO - DAG(s) dict_keys(['one_task_dag']) retrieved from /workspaces/hands-on-introduction-data-engineering-4395021/airflow/dags/one_task_dag.py
[2025-02-06T17:08:10.709+0000] {logging_mixin.py:150} INFO - [2025-02-06T17:08:10.709+0000] {dag.py:2742} INFO - Sync 1 DAGs
[2025-02-06T17:08:10.723+0000] {logging_mixin.py:150} INFO - [2025-02-06T17:08:10.722+0000] {dag.py:3504} INFO - Setting next_dagrun for one_task_dag to None, run_after=None
[2025-02-06T17:08:10.735+0000] {processor.py:179} INFO - Processing /workspaces/hands-on-introduction-data-engineering-4395021/airflow/dags/one_task_dag.py took 0.062 seconds
[2025-02-06T17:08:40.959+0000] {processor.py:157} INFO - Started process (PID=17974) to work on /workspaces/hands-on-introduction-data-engineering-4395021/airflow/dags/one_task_dag.py
[2025-02-06T17:08:40.960+0000] {processor.py:826} INFO - Processing file /workspaces/hands-on-introduction-data-engineering-4395021/airflow/dags/one_task_dag.py for tasks to queue
[2025-02-06T17:08:40.961+0000] {logging_mixin.py:150} INFO - [2025-02-06T17:08:40.961+0000] {dagbag.py:541} INFO - Filling up the DagBag from /workspaces/hands-on-introduction-data-engineering-4395021/airflow/dags/one_task_dag.py
[2025-02-06T17:08:40.970+0000] {processor.py:836} INFO - DAG(s) dict_keys(['one_task_dag']) retrieved from /workspaces/hands-on-introduction-data-engineering-4395021/airflow/dags/one_task_dag.py
[2025-02-06T17:08:40.986+0000] {logging_mixin.py:150} INFO - [2025-02-06T17:08:40.986+0000] {dag.py:2742} INFO - Sync 1 DAGs
[2025-02-06T17:08:40.999+0000] {logging_mixin.py:150} INFO - [2025-02-06T17:08:40.999+0000] {dag.py:3504} INFO - Setting next_dagrun for one_task_dag to None, run_after=None
[2025-02-06T17:08:41.012+0000] {processor.py:179} INFO - Processing /workspaces/hands-on-introduction-data-engineering-4395021/airflow/dags/one_task_dag.py took 0.055 seconds
