[2025-02-06T17:08:44.195+0000] {processor.py:157} INFO - Started process (PID=18005) to work on /workspaces/hands-on-introduction-data-engineering-4395021/airflow/dags/two_task_dag.py
[2025-02-06T17:08:44.196+0000] {processor.py:826} INFO - Processing file /workspaces/hands-on-introduction-data-engineering-4395021/airflow/dags/two_task_dag.py for tasks to queue
[2025-02-06T17:08:44.197+0000] {logging_mixin.py:150} INFO - [2025-02-06T17:08:44.197+0000] {dagbag.py:541} INFO - Filling up the DagBag from /workspaces/hands-on-introduction-data-engineering-4395021/airflow/dags/two_task_dag.py
[2025-02-06T17:08:44.210+0000] {processor.py:836} INFO - DAG(s) dict_keys(['two_task_dag']) retrieved from /workspaces/hands-on-introduction-data-engineering-4395021/airflow/dags/two_task_dag.py
[2025-02-06T17:08:44.311+0000] {logging_mixin.py:150} INFO - [2025-02-06T17:08:44.311+0000] {manager.py:504} INFO - Created Permission View: can read on DAG:two_task_dag
[2025-02-06T17:08:44.319+0000] {logging_mixin.py:150} INFO - [2025-02-06T17:08:44.318+0000] {manager.py:504} INFO - Created Permission View: can delete on DAG:two_task_dag
[2025-02-06T17:08:44.326+0000] {logging_mixin.py:150} INFO - [2025-02-06T17:08:44.325+0000] {manager.py:504} INFO - Created Permission View: can edit on DAG:two_task_dag
[2025-02-06T17:08:44.334+0000] {logging_mixin.py:150} INFO - [2025-02-06T17:08:44.334+0000] {dag.py:2742} INFO - Sync 1 DAGs
[2025-02-06T17:08:44.342+0000] {logging_mixin.py:150} INFO - [2025-02-06T17:08:44.342+0000] {dag.py:2763} INFO - Creating ORM DAG for two_task_dag
[2025-02-06T17:08:44.349+0000] {logging_mixin.py:150} INFO - [2025-02-06T17:08:44.349+0000] {dag.py:3504} INFO - Setting next_dagrun for two_task_dag to None, run_after=None
[2025-02-06T17:08:44.362+0000] {processor.py:179} INFO - Processing /workspaces/hands-on-introduction-data-engineering-4395021/airflow/dags/two_task_dag.py took 0.170 seconds
[2025-02-06T17:09:15.414+0000] {processor.py:157} INFO - Started process (PID=18272) to work on /workspaces/hands-on-introduction-data-engineering-4395021/airflow/dags/two_task_dag.py
[2025-02-06T17:09:15.415+0000] {processor.py:826} INFO - Processing file /workspaces/hands-on-introduction-data-engineering-4395021/airflow/dags/two_task_dag.py for tasks to queue
[2025-02-06T17:09:15.416+0000] {logging_mixin.py:150} INFO - [2025-02-06T17:09:15.416+0000] {dagbag.py:541} INFO - Filling up the DagBag from /workspaces/hands-on-introduction-data-engineering-4395021/airflow/dags/two_task_dag.py
[2025-02-06T17:09:15.426+0000] {processor.py:836} INFO - DAG(s) dict_keys(['two_task_dag']) retrieved from /workspaces/hands-on-introduction-data-engineering-4395021/airflow/dags/two_task_dag.py
[2025-02-06T17:09:15.443+0000] {logging_mixin.py:150} INFO - [2025-02-06T17:09:15.443+0000] {dag.py:2742} INFO - Sync 1 DAGs
[2025-02-06T17:09:15.457+0000] {logging_mixin.py:150} INFO - [2025-02-06T17:09:15.456+0000] {dag.py:3504} INFO - Setting next_dagrun for two_task_dag to None, run_after=None
[2025-02-06T17:09:15.471+0000] {processor.py:179} INFO - Processing /workspaces/hands-on-introduction-data-engineering-4395021/airflow/dags/two_task_dag.py took 0.060 seconds
[2025-02-06T17:09:45.570+0000] {processor.py:157} INFO - Started process (PID=18462) to work on /workspaces/hands-on-introduction-data-engineering-4395021/airflow/dags/two_task_dag.py
[2025-02-06T17:09:45.570+0000] {processor.py:826} INFO - Processing file /workspaces/hands-on-introduction-data-engineering-4395021/airflow/dags/two_task_dag.py for tasks to queue
[2025-02-06T17:09:45.571+0000] {logging_mixin.py:150} INFO - [2025-02-06T17:09:45.571+0000] {dagbag.py:541} INFO - Filling up the DagBag from /workspaces/hands-on-introduction-data-engineering-4395021/airflow/dags/two_task_dag.py
[2025-02-06T17:09:45.579+0000] {processor.py:836} INFO - DAG(s) dict_keys(['two_task_dag']) retrieved from /workspaces/hands-on-introduction-data-engineering-4395021/airflow/dags/two_task_dag.py
[2025-02-06T17:09:45.596+0000] {logging_mixin.py:150} INFO - [2025-02-06T17:09:45.596+0000] {dag.py:2742} INFO - Sync 1 DAGs
[2025-02-06T17:09:45.610+0000] {logging_mixin.py:150} INFO - [2025-02-06T17:09:45.610+0000] {dag.py:3504} INFO - Setting next_dagrun for two_task_dag to None, run_after=None
[2025-02-06T17:09:45.627+0000] {processor.py:179} INFO - Processing /workspaces/hands-on-introduction-data-engineering-4395021/airflow/dags/two_task_dag.py took 0.060 seconds
[2025-02-06T17:10:15.689+0000] {processor.py:157} INFO - Started process (PID=18642) to work on /workspaces/hands-on-introduction-data-engineering-4395021/airflow/dags/two_task_dag.py
[2025-02-06T17:10:15.690+0000] {processor.py:826} INFO - Processing file /workspaces/hands-on-introduction-data-engineering-4395021/airflow/dags/two_task_dag.py for tasks to queue
[2025-02-06T17:10:15.690+0000] {logging_mixin.py:150} INFO - [2025-02-06T17:10:15.690+0000] {dagbag.py:541} INFO - Filling up the DagBag from /workspaces/hands-on-introduction-data-engineering-4395021/airflow/dags/two_task_dag.py
[2025-02-06T17:10:15.699+0000] {processor.py:836} INFO - DAG(s) dict_keys(['two_task_dag']) retrieved from /workspaces/hands-on-introduction-data-engineering-4395021/airflow/dags/two_task_dag.py
[2025-02-06T17:10:15.716+0000] {logging_mixin.py:150} INFO - [2025-02-06T17:10:15.716+0000] {dag.py:2742} INFO - Sync 1 DAGs
[2025-02-06T17:10:15.734+0000] {logging_mixin.py:150} INFO - [2025-02-06T17:10:15.734+0000] {dag.py:3504} INFO - Setting next_dagrun for two_task_dag to None, run_after=None
[2025-02-06T17:10:15.751+0000] {processor.py:179} INFO - Processing /workspaces/hands-on-introduction-data-engineering-4395021/airflow/dags/two_task_dag.py took 0.065 seconds
[2025-02-06T17:10:45.973+0000] {processor.py:157} INFO - Started process (PID=18819) to work on /workspaces/hands-on-introduction-data-engineering-4395021/airflow/dags/two_task_dag.py
[2025-02-06T17:10:45.974+0000] {processor.py:826} INFO - Processing file /workspaces/hands-on-introduction-data-engineering-4395021/airflow/dags/two_task_dag.py for tasks to queue
[2025-02-06T17:10:45.975+0000] {logging_mixin.py:150} INFO - [2025-02-06T17:10:45.974+0000] {dagbag.py:541} INFO - Filling up the DagBag from /workspaces/hands-on-introduction-data-engineering-4395021/airflow/dags/two_task_dag.py
[2025-02-06T17:10:45.983+0000] {processor.py:836} INFO - DAG(s) dict_keys(['two_task_dag']) retrieved from /workspaces/hands-on-introduction-data-engineering-4395021/airflow/dags/two_task_dag.py
[2025-02-06T17:10:46.000+0000] {logging_mixin.py:150} INFO - [2025-02-06T17:10:46.000+0000] {dag.py:2742} INFO - Sync 1 DAGs
[2025-02-06T17:10:46.013+0000] {logging_mixin.py:150} INFO - [2025-02-06T17:10:46.013+0000] {dag.py:3504} INFO - Setting next_dagrun for two_task_dag to None, run_after=None
[2025-02-06T17:10:46.027+0000] {processor.py:179} INFO - Processing /workspaces/hands-on-introduction-data-engineering-4395021/airflow/dags/two_task_dag.py took 0.056 seconds
[2025-02-06T17:11:16.261+0000] {processor.py:157} INFO - Started process (PID=18999) to work on /workspaces/hands-on-introduction-data-engineering-4395021/airflow/dags/two_task_dag.py
[2025-02-06T17:11:16.261+0000] {processor.py:826} INFO - Processing file /workspaces/hands-on-introduction-data-engineering-4395021/airflow/dags/two_task_dag.py for tasks to queue
[2025-02-06T17:11:16.262+0000] {logging_mixin.py:150} INFO - [2025-02-06T17:11:16.262+0000] {dagbag.py:541} INFO - Filling up the DagBag from /workspaces/hands-on-introduction-data-engineering-4395021/airflow/dags/two_task_dag.py
[2025-02-06T17:11:16.271+0000] {processor.py:836} INFO - DAG(s) dict_keys(['two_task_dag']) retrieved from /workspaces/hands-on-introduction-data-engineering-4395021/airflow/dags/two_task_dag.py
[2025-02-06T17:11:16.287+0000] {logging_mixin.py:150} INFO - [2025-02-06T17:11:16.287+0000] {dag.py:2742} INFO - Sync 1 DAGs
[2025-02-06T17:11:16.301+0000] {logging_mixin.py:150} INFO - [2025-02-06T17:11:16.301+0000] {dag.py:3504} INFO - Setting next_dagrun for two_task_dag to None, run_after=None
[2025-02-06T17:11:16.314+0000] {processor.py:179} INFO - Processing /workspaces/hands-on-introduction-data-engineering-4395021/airflow/dags/two_task_dag.py took 0.056 seconds
[2025-02-06T17:11:46.519+0000] {processor.py:157} INFO - Started process (PID=19171) to work on /workspaces/hands-on-introduction-data-engineering-4395021/airflow/dags/two_task_dag.py
[2025-02-06T17:11:46.520+0000] {processor.py:826} INFO - Processing file /workspaces/hands-on-introduction-data-engineering-4395021/airflow/dags/two_task_dag.py for tasks to queue
[2025-02-06T17:11:46.521+0000] {logging_mixin.py:150} INFO - [2025-02-06T17:11:46.521+0000] {dagbag.py:541} INFO - Filling up the DagBag from /workspaces/hands-on-introduction-data-engineering-4395021/airflow/dags/two_task_dag.py
[2025-02-06T17:11:46.529+0000] {processor.py:836} INFO - DAG(s) dict_keys(['two_task_dag']) retrieved from /workspaces/hands-on-introduction-data-engineering-4395021/airflow/dags/two_task_dag.py
[2025-02-06T17:11:46.546+0000] {logging_mixin.py:150} INFO - [2025-02-06T17:11:46.545+0000] {dag.py:2742} INFO - Sync 1 DAGs
[2025-02-06T17:11:46.561+0000] {logging_mixin.py:150} INFO - [2025-02-06T17:11:46.561+0000] {dag.py:3504} INFO - Setting next_dagrun for two_task_dag to None, run_after=None
[2025-02-06T17:11:46.573+0000] {processor.py:179} INFO - Processing /workspaces/hands-on-introduction-data-engineering-4395021/airflow/dags/two_task_dag.py took 0.056 seconds
[2025-02-06T17:12:16.707+0000] {processor.py:157} INFO - Started process (PID=19349) to work on /workspaces/hands-on-introduction-data-engineering-4395021/airflow/dags/two_task_dag.py
[2025-02-06T17:12:16.708+0000] {processor.py:826} INFO - Processing file /workspaces/hands-on-introduction-data-engineering-4395021/airflow/dags/two_task_dag.py for tasks to queue
[2025-02-06T17:12:16.709+0000] {logging_mixin.py:150} INFO - [2025-02-06T17:12:16.709+0000] {dagbag.py:541} INFO - Filling up the DagBag from /workspaces/hands-on-introduction-data-engineering-4395021/airflow/dags/two_task_dag.py
[2025-02-06T17:12:16.717+0000] {processor.py:836} INFO - DAG(s) dict_keys(['two_task_dag']) retrieved from /workspaces/hands-on-introduction-data-engineering-4395021/airflow/dags/two_task_dag.py
[2025-02-06T17:12:16.734+0000] {logging_mixin.py:150} INFO - [2025-02-06T17:12:16.734+0000] {dag.py:2742} INFO - Sync 1 DAGs
[2025-02-06T17:12:16.748+0000] {logging_mixin.py:150} INFO - [2025-02-06T17:12:16.748+0000] {dag.py:3504} INFO - Setting next_dagrun for two_task_dag to None, run_after=None
[2025-02-06T17:12:16.761+0000] {processor.py:179} INFO - Processing /workspaces/hands-on-introduction-data-engineering-4395021/airflow/dags/two_task_dag.py took 0.056 seconds
[2025-02-06T17:12:46.882+0000] {processor.py:157} INFO - Started process (PID=19524) to work on /workspaces/hands-on-introduction-data-engineering-4395021/airflow/dags/two_task_dag.py
[2025-02-06T17:12:46.883+0000] {processor.py:826} INFO - Processing file /workspaces/hands-on-introduction-data-engineering-4395021/airflow/dags/two_task_dag.py for tasks to queue
[2025-02-06T17:12:46.884+0000] {logging_mixin.py:150} INFO - [2025-02-06T17:12:46.884+0000] {dagbag.py:541} INFO - Filling up the DagBag from /workspaces/hands-on-introduction-data-engineering-4395021/airflow/dags/two_task_dag.py
[2025-02-06T17:12:46.892+0000] {processor.py:836} INFO - DAG(s) dict_keys(['two_task_dag']) retrieved from /workspaces/hands-on-introduction-data-engineering-4395021/airflow/dags/two_task_dag.py
[2025-02-06T17:12:46.909+0000] {logging_mixin.py:150} INFO - [2025-02-06T17:12:46.909+0000] {dag.py:2742} INFO - Sync 1 DAGs
[2025-02-06T17:12:46.923+0000] {logging_mixin.py:150} INFO - [2025-02-06T17:12:46.923+0000] {dag.py:3504} INFO - Setting next_dagrun for two_task_dag to None, run_after=None
[2025-02-06T17:12:46.937+0000] {processor.py:179} INFO - Processing /workspaces/hands-on-introduction-data-engineering-4395021/airflow/dags/two_task_dag.py took 0.057 seconds
[2025-02-06T17:13:17.071+0000] {processor.py:157} INFO - Started process (PID=19701) to work on /workspaces/hands-on-introduction-data-engineering-4395021/airflow/dags/two_task_dag.py
[2025-02-06T17:13:17.072+0000] {processor.py:826} INFO - Processing file /workspaces/hands-on-introduction-data-engineering-4395021/airflow/dags/two_task_dag.py for tasks to queue
[2025-02-06T17:13:17.073+0000] {logging_mixin.py:150} INFO - [2025-02-06T17:13:17.072+0000] {dagbag.py:541} INFO - Filling up the DagBag from /workspaces/hands-on-introduction-data-engineering-4395021/airflow/dags/two_task_dag.py
[2025-02-06T17:13:17.081+0000] {processor.py:836} INFO - DAG(s) dict_keys(['two_task_dag']) retrieved from /workspaces/hands-on-introduction-data-engineering-4395021/airflow/dags/two_task_dag.py
[2025-02-06T17:13:17.098+0000] {logging_mixin.py:150} INFO - [2025-02-06T17:13:17.098+0000] {dag.py:2742} INFO - Sync 1 DAGs
[2025-02-06T17:13:17.113+0000] {logging_mixin.py:150} INFO - [2025-02-06T17:13:17.112+0000] {dag.py:3504} INFO - Setting next_dagrun for two_task_dag to None, run_after=None
[2025-02-06T17:13:17.126+0000] {processor.py:179} INFO - Processing /workspaces/hands-on-introduction-data-engineering-4395021/airflow/dags/two_task_dag.py took 0.058 seconds
[2025-02-06T17:13:47.260+0000] {processor.py:157} INFO - Started process (PID=19878) to work on /workspaces/hands-on-introduction-data-engineering-4395021/airflow/dags/two_task_dag.py
[2025-02-06T17:13:47.261+0000] {processor.py:826} INFO - Processing file /workspaces/hands-on-introduction-data-engineering-4395021/airflow/dags/two_task_dag.py for tasks to queue
[2025-02-06T17:13:47.262+0000] {logging_mixin.py:150} INFO - [2025-02-06T17:13:47.262+0000] {dagbag.py:541} INFO - Filling up the DagBag from /workspaces/hands-on-introduction-data-engineering-4395021/airflow/dags/two_task_dag.py
[2025-02-06T17:13:47.270+0000] {processor.py:836} INFO - DAG(s) dict_keys(['two_task_dag']) retrieved from /workspaces/hands-on-introduction-data-engineering-4395021/airflow/dags/two_task_dag.py
[2025-02-06T17:13:47.287+0000] {logging_mixin.py:150} INFO - [2025-02-06T17:13:47.287+0000] {dag.py:2742} INFO - Sync 1 DAGs
[2025-02-06T17:13:47.302+0000] {logging_mixin.py:150} INFO - [2025-02-06T17:13:47.301+0000] {dag.py:3504} INFO - Setting next_dagrun for two_task_dag to None, run_after=None
[2025-02-06T17:13:47.315+0000] {processor.py:179} INFO - Processing /workspaces/hands-on-introduction-data-engineering-4395021/airflow/dags/two_task_dag.py took 0.057 seconds
[2025-02-06T17:14:17.449+0000] {processor.py:157} INFO - Started process (PID=20044) to work on /workspaces/hands-on-introduction-data-engineering-4395021/airflow/dags/two_task_dag.py
[2025-02-06T17:14:17.450+0000] {processor.py:826} INFO - Processing file /workspaces/hands-on-introduction-data-engineering-4395021/airflow/dags/two_task_dag.py for tasks to queue
[2025-02-06T17:14:17.451+0000] {logging_mixin.py:150} INFO - [2025-02-06T17:14:17.451+0000] {dagbag.py:541} INFO - Filling up the DagBag from /workspaces/hands-on-introduction-data-engineering-4395021/airflow/dags/two_task_dag.py
[2025-02-06T17:14:17.459+0000] {processor.py:836} INFO - DAG(s) dict_keys(['two_task_dag']) retrieved from /workspaces/hands-on-introduction-data-engineering-4395021/airflow/dags/two_task_dag.py
[2025-02-06T17:14:17.476+0000] {logging_mixin.py:150} INFO - [2025-02-06T17:14:17.476+0000] {dag.py:2742} INFO - Sync 1 DAGs
[2025-02-06T17:14:17.491+0000] {logging_mixin.py:150} INFO - [2025-02-06T17:14:17.490+0000] {dag.py:3504} INFO - Setting next_dagrun for two_task_dag to None, run_after=None
[2025-02-06T17:14:17.503+0000] {processor.py:179} INFO - Processing /workspaces/hands-on-introduction-data-engineering-4395021/airflow/dags/two_task_dag.py took 0.057 seconds
[2025-02-06T17:14:47.639+0000] {processor.py:157} INFO - Started process (PID=20225) to work on /workspaces/hands-on-introduction-data-engineering-4395021/airflow/dags/two_task_dag.py
[2025-02-06T17:14:47.640+0000] {processor.py:826} INFO - Processing file /workspaces/hands-on-introduction-data-engineering-4395021/airflow/dags/two_task_dag.py for tasks to queue
[2025-02-06T17:14:47.641+0000] {logging_mixin.py:150} INFO - [2025-02-06T17:14:47.640+0000] {dagbag.py:541} INFO - Filling up the DagBag from /workspaces/hands-on-introduction-data-engineering-4395021/airflow/dags/two_task_dag.py
[2025-02-06T17:14:47.649+0000] {processor.py:836} INFO - DAG(s) dict_keys(['two_task_dag']) retrieved from /workspaces/hands-on-introduction-data-engineering-4395021/airflow/dags/two_task_dag.py
[2025-02-06T17:14:47.666+0000] {logging_mixin.py:150} INFO - [2025-02-06T17:14:47.666+0000] {dag.py:2742} INFO - Sync 1 DAGs
[2025-02-06T17:14:47.680+0000] {logging_mixin.py:150} INFO - [2025-02-06T17:14:47.680+0000] {dag.py:3504} INFO - Setting next_dagrun for two_task_dag to None, run_after=None
[2025-02-06T17:14:47.693+0000] {processor.py:179} INFO - Processing /workspaces/hands-on-introduction-data-engineering-4395021/airflow/dags/two_task_dag.py took 0.057 seconds
[2025-02-06T17:15:17.827+0000] {processor.py:157} INFO - Started process (PID=20398) to work on /workspaces/hands-on-introduction-data-engineering-4395021/airflow/dags/two_task_dag.py
[2025-02-06T17:15:17.828+0000] {processor.py:826} INFO - Processing file /workspaces/hands-on-introduction-data-engineering-4395021/airflow/dags/two_task_dag.py for tasks to queue
[2025-02-06T17:15:17.829+0000] {logging_mixin.py:150} INFO - [2025-02-06T17:15:17.828+0000] {dagbag.py:541} INFO - Filling up the DagBag from /workspaces/hands-on-introduction-data-engineering-4395021/airflow/dags/two_task_dag.py
[2025-02-06T17:15:17.837+0000] {processor.py:836} INFO - DAG(s) dict_keys(['two_task_dag']) retrieved from /workspaces/hands-on-introduction-data-engineering-4395021/airflow/dags/two_task_dag.py
[2025-02-06T17:15:17.853+0000] {logging_mixin.py:150} INFO - [2025-02-06T17:15:17.853+0000] {dag.py:2742} INFO - Sync 1 DAGs
[2025-02-06T17:15:17.867+0000] {logging_mixin.py:150} INFO - [2025-02-06T17:15:17.867+0000] {dag.py:3504} INFO - Setting next_dagrun for two_task_dag to None, run_after=None
[2025-02-06T17:15:17.880+0000] {processor.py:179} INFO - Processing /workspaces/hands-on-introduction-data-engineering-4395021/airflow/dags/two_task_dag.py took 0.055 seconds
[2025-02-06T17:15:48.015+0000] {processor.py:157} INFO - Started process (PID=20580) to work on /workspaces/hands-on-introduction-data-engineering-4395021/airflow/dags/two_task_dag.py
[2025-02-06T17:15:48.016+0000] {processor.py:826} INFO - Processing file /workspaces/hands-on-introduction-data-engineering-4395021/airflow/dags/two_task_dag.py for tasks to queue
[2025-02-06T17:15:48.016+0000] {logging_mixin.py:150} INFO - [2025-02-06T17:15:48.016+0000] {dagbag.py:541} INFO - Filling up the DagBag from /workspaces/hands-on-introduction-data-engineering-4395021/airflow/dags/two_task_dag.py
[2025-02-06T17:15:48.025+0000] {processor.py:836} INFO - DAG(s) dict_keys(['two_task_dag']) retrieved from /workspaces/hands-on-introduction-data-engineering-4395021/airflow/dags/two_task_dag.py
[2025-02-06T17:15:48.042+0000] {logging_mixin.py:150} INFO - [2025-02-06T17:15:48.042+0000] {dag.py:2742} INFO - Sync 1 DAGs
[2025-02-06T17:15:48.056+0000] {logging_mixin.py:150} INFO - [2025-02-06T17:15:48.056+0000] {dag.py:3504} INFO - Setting next_dagrun for two_task_dag to None, run_after=None
[2025-02-06T17:15:48.069+0000] {processor.py:179} INFO - Processing /workspaces/hands-on-introduction-data-engineering-4395021/airflow/dags/two_task_dag.py took 0.057 seconds
[2025-02-06T17:16:18.203+0000] {processor.py:157} INFO - Started process (PID=20752) to work on /workspaces/hands-on-introduction-data-engineering-4395021/airflow/dags/two_task_dag.py
[2025-02-06T17:16:18.203+0000] {processor.py:826} INFO - Processing file /workspaces/hands-on-introduction-data-engineering-4395021/airflow/dags/two_task_dag.py for tasks to queue
[2025-02-06T17:16:18.204+0000] {logging_mixin.py:150} INFO - [2025-02-06T17:16:18.204+0000] {dagbag.py:541} INFO - Filling up the DagBag from /workspaces/hands-on-introduction-data-engineering-4395021/airflow/dags/two_task_dag.py
[2025-02-06T17:16:18.213+0000] {processor.py:836} INFO - DAG(s) dict_keys(['two_task_dag']) retrieved from /workspaces/hands-on-introduction-data-engineering-4395021/airflow/dags/two_task_dag.py
[2025-02-06T17:16:18.230+0000] {logging_mixin.py:150} INFO - [2025-02-06T17:16:18.230+0000] {dag.py:2742} INFO - Sync 1 DAGs
[2025-02-06T17:16:18.245+0000] {logging_mixin.py:150} INFO - [2025-02-06T17:16:18.244+0000] {dag.py:3504} INFO - Setting next_dagrun for two_task_dag to None, run_after=None
[2025-02-06T17:16:18.257+0000] {processor.py:179} INFO - Processing /workspaces/hands-on-introduction-data-engineering-4395021/airflow/dags/two_task_dag.py took 0.057 seconds
[2025-02-06T17:16:48.394+0000] {processor.py:157} INFO - Started process (PID=20932) to work on /workspaces/hands-on-introduction-data-engineering-4395021/airflow/dags/two_task_dag.py
[2025-02-06T17:16:48.395+0000] {processor.py:826} INFO - Processing file /workspaces/hands-on-introduction-data-engineering-4395021/airflow/dags/two_task_dag.py for tasks to queue
[2025-02-06T17:16:48.395+0000] {logging_mixin.py:150} INFO - [2025-02-06T17:16:48.395+0000] {dagbag.py:541} INFO - Filling up the DagBag from /workspaces/hands-on-introduction-data-engineering-4395021/airflow/dags/two_task_dag.py
[2025-02-06T17:16:48.404+0000] {processor.py:836} INFO - DAG(s) dict_keys(['two_task_dag']) retrieved from /workspaces/hands-on-introduction-data-engineering-4395021/airflow/dags/two_task_dag.py
[2025-02-06T17:16:48.421+0000] {logging_mixin.py:150} INFO - [2025-02-06T17:16:48.421+0000] {dag.py:2742} INFO - Sync 1 DAGs
[2025-02-06T17:16:48.435+0000] {logging_mixin.py:150} INFO - [2025-02-06T17:16:48.435+0000] {dag.py:3504} INFO - Setting next_dagrun for two_task_dag to None, run_after=None
[2025-02-06T17:16:48.447+0000] {processor.py:179} INFO - Processing /workspaces/hands-on-introduction-data-engineering-4395021/airflow/dags/two_task_dag.py took 0.056 seconds
[2025-02-06T17:17:18.581+0000] {processor.py:157} INFO - Started process (PID=21110) to work on /workspaces/hands-on-introduction-data-engineering-4395021/airflow/dags/two_task_dag.py
[2025-02-06T17:17:18.582+0000] {processor.py:826} INFO - Processing file /workspaces/hands-on-introduction-data-engineering-4395021/airflow/dags/two_task_dag.py for tasks to queue
[2025-02-06T17:17:18.583+0000] {logging_mixin.py:150} INFO - [2025-02-06T17:17:18.582+0000] {dagbag.py:541} INFO - Filling up the DagBag from /workspaces/hands-on-introduction-data-engineering-4395021/airflow/dags/two_task_dag.py
[2025-02-06T17:17:18.591+0000] {processor.py:836} INFO - DAG(s) dict_keys(['two_task_dag']) retrieved from /workspaces/hands-on-introduction-data-engineering-4395021/airflow/dags/two_task_dag.py
[2025-02-06T17:17:18.608+0000] {logging_mixin.py:150} INFO - [2025-02-06T17:17:18.608+0000] {dag.py:2742} INFO - Sync 1 DAGs
[2025-02-06T17:17:18.622+0000] {logging_mixin.py:150} INFO - [2025-02-06T17:17:18.622+0000] {dag.py:3504} INFO - Setting next_dagrun for two_task_dag to None, run_after=None
[2025-02-06T17:17:18.635+0000] {processor.py:179} INFO - Processing /workspaces/hands-on-introduction-data-engineering-4395021/airflow/dags/two_task_dag.py took 0.056 seconds
[2025-02-06T17:17:48.768+0000] {processor.py:157} INFO - Started process (PID=21284) to work on /workspaces/hands-on-introduction-data-engineering-4395021/airflow/dags/two_task_dag.py
[2025-02-06T17:17:48.769+0000] {processor.py:826} INFO - Processing file /workspaces/hands-on-introduction-data-engineering-4395021/airflow/dags/two_task_dag.py for tasks to queue
[2025-02-06T17:17:48.770+0000] {logging_mixin.py:150} INFO - [2025-02-06T17:17:48.769+0000] {dagbag.py:541} INFO - Filling up the DagBag from /workspaces/hands-on-introduction-data-engineering-4395021/airflow/dags/two_task_dag.py
[2025-02-06T17:17:48.778+0000] {processor.py:836} INFO - DAG(s) dict_keys(['two_task_dag']) retrieved from /workspaces/hands-on-introduction-data-engineering-4395021/airflow/dags/two_task_dag.py
[2025-02-06T17:17:48.796+0000] {logging_mixin.py:150} INFO - [2025-02-06T17:17:48.796+0000] {dag.py:2742} INFO - Sync 1 DAGs
[2025-02-06T17:17:48.810+0000] {logging_mixin.py:150} INFO - [2025-02-06T17:17:48.810+0000] {dag.py:3504} INFO - Setting next_dagrun for two_task_dag to None, run_after=None
[2025-02-06T17:17:48.824+0000] {processor.py:179} INFO - Processing /workspaces/hands-on-introduction-data-engineering-4395021/airflow/dags/two_task_dag.py took 0.058 seconds
[2025-02-06T17:18:18.957+0000] {processor.py:157} INFO - Started process (PID=21457) to work on /workspaces/hands-on-introduction-data-engineering-4395021/airflow/dags/two_task_dag.py
[2025-02-06T17:18:18.957+0000] {processor.py:826} INFO - Processing file /workspaces/hands-on-introduction-data-engineering-4395021/airflow/dags/two_task_dag.py for tasks to queue
[2025-02-06T17:18:18.958+0000] {logging_mixin.py:150} INFO - [2025-02-06T17:18:18.958+0000] {dagbag.py:541} INFO - Filling up the DagBag from /workspaces/hands-on-introduction-data-engineering-4395021/airflow/dags/two_task_dag.py
[2025-02-06T17:18:18.968+0000] {processor.py:836} INFO - DAG(s) dict_keys(['two_task_dag']) retrieved from /workspaces/hands-on-introduction-data-engineering-4395021/airflow/dags/two_task_dag.py
[2025-02-06T17:18:18.991+0000] {logging_mixin.py:150} INFO - [2025-02-06T17:18:18.991+0000] {dag.py:2742} INFO - Sync 1 DAGs
[2025-02-06T17:18:19.007+0000] {logging_mixin.py:150} INFO - [2025-02-06T17:18:19.007+0000] {dag.py:3504} INFO - Setting next_dagrun for two_task_dag to None, run_after=None
[2025-02-06T17:18:19.020+0000] {processor.py:179} INFO - Processing /workspaces/hands-on-introduction-data-engineering-4395021/airflow/dags/two_task_dag.py took 0.066 seconds
[2025-02-06T17:18:49.145+0000] {processor.py:157} INFO - Started process (PID=21631) to work on /workspaces/hands-on-introduction-data-engineering-4395021/airflow/dags/two_task_dag.py
[2025-02-06T17:18:49.145+0000] {processor.py:826} INFO - Processing file /workspaces/hands-on-introduction-data-engineering-4395021/airflow/dags/two_task_dag.py for tasks to queue
[2025-02-06T17:18:49.146+0000] {logging_mixin.py:150} INFO - [2025-02-06T17:18:49.146+0000] {dagbag.py:541} INFO - Filling up the DagBag from /workspaces/hands-on-introduction-data-engineering-4395021/airflow/dags/two_task_dag.py
[2025-02-06T17:18:49.155+0000] {processor.py:836} INFO - DAG(s) dict_keys(['two_task_dag']) retrieved from /workspaces/hands-on-introduction-data-engineering-4395021/airflow/dags/two_task_dag.py
[2025-02-06T17:18:49.172+0000] {logging_mixin.py:150} INFO - [2025-02-06T17:18:49.172+0000] {dag.py:2742} INFO - Sync 1 DAGs
[2025-02-06T17:18:49.186+0000] {logging_mixin.py:150} INFO - [2025-02-06T17:18:49.186+0000] {dag.py:3504} INFO - Setting next_dagrun for two_task_dag to None, run_after=None
[2025-02-06T17:18:49.199+0000] {processor.py:179} INFO - Processing /workspaces/hands-on-introduction-data-engineering-4395021/airflow/dags/two_task_dag.py took 0.057 seconds
[2025-02-06T17:19:19.333+0000] {processor.py:157} INFO - Started process (PID=21810) to work on /workspaces/hands-on-introduction-data-engineering-4395021/airflow/dags/two_task_dag.py
[2025-02-06T17:19:19.334+0000] {processor.py:826} INFO - Processing file /workspaces/hands-on-introduction-data-engineering-4395021/airflow/dags/two_task_dag.py for tasks to queue
[2025-02-06T17:19:19.335+0000] {logging_mixin.py:150} INFO - [2025-02-06T17:19:19.334+0000] {dagbag.py:541} INFO - Filling up the DagBag from /workspaces/hands-on-introduction-data-engineering-4395021/airflow/dags/two_task_dag.py
[2025-02-06T17:19:19.343+0000] {processor.py:836} INFO - DAG(s) dict_keys(['two_task_dag']) retrieved from /workspaces/hands-on-introduction-data-engineering-4395021/airflow/dags/two_task_dag.py
[2025-02-06T17:19:19.360+0000] {logging_mixin.py:150} INFO - [2025-02-06T17:19:19.360+0000] {dag.py:2742} INFO - Sync 1 DAGs
[2025-02-06T17:19:19.374+0000] {logging_mixin.py:150} INFO - [2025-02-06T17:19:19.374+0000] {dag.py:3504} INFO - Setting next_dagrun for two_task_dag to None, run_after=None
[2025-02-06T17:19:19.387+0000] {processor.py:179} INFO - Processing /workspaces/hands-on-introduction-data-engineering-4395021/airflow/dags/two_task_dag.py took 0.056 seconds
[2025-02-06T17:19:49.520+0000] {processor.py:157} INFO - Started process (PID=21981) to work on /workspaces/hands-on-introduction-data-engineering-4395021/airflow/dags/two_task_dag.py
[2025-02-06T17:19:49.521+0000] {processor.py:826} INFO - Processing file /workspaces/hands-on-introduction-data-engineering-4395021/airflow/dags/two_task_dag.py for tasks to queue
[2025-02-06T17:19:49.522+0000] {logging_mixin.py:150} INFO - [2025-02-06T17:19:49.521+0000] {dagbag.py:541} INFO - Filling up the DagBag from /workspaces/hands-on-introduction-data-engineering-4395021/airflow/dags/two_task_dag.py
[2025-02-06T17:19:49.530+0000] {processor.py:836} INFO - DAG(s) dict_keys(['two_task_dag']) retrieved from /workspaces/hands-on-introduction-data-engineering-4395021/airflow/dags/two_task_dag.py
[2025-02-06T17:19:49.547+0000] {logging_mixin.py:150} INFO - [2025-02-06T17:19:49.547+0000] {dag.py:2742} INFO - Sync 1 DAGs
[2025-02-06T17:19:49.567+0000] {logging_mixin.py:150} INFO - [2025-02-06T17:19:49.567+0000] {dag.py:3504} INFO - Setting next_dagrun for two_task_dag to None, run_after=None
[2025-02-06T17:19:49.588+0000] {processor.py:179} INFO - Processing /workspaces/hands-on-introduction-data-engineering-4395021/airflow/dags/two_task_dag.py took 0.070 seconds
[2025-02-06T17:20:19.711+0000] {processor.py:157} INFO - Started process (PID=22162) to work on /workspaces/hands-on-introduction-data-engineering-4395021/airflow/dags/two_task_dag.py
[2025-02-06T17:20:19.712+0000] {processor.py:826} INFO - Processing file /workspaces/hands-on-introduction-data-engineering-4395021/airflow/dags/two_task_dag.py for tasks to queue
[2025-02-06T17:20:19.713+0000] {logging_mixin.py:150} INFO - [2025-02-06T17:20:19.712+0000] {dagbag.py:541} INFO - Filling up the DagBag from /workspaces/hands-on-introduction-data-engineering-4395021/airflow/dags/two_task_dag.py
[2025-02-06T17:20:19.721+0000] {processor.py:836} INFO - DAG(s) dict_keys(['two_task_dag']) retrieved from /workspaces/hands-on-introduction-data-engineering-4395021/airflow/dags/two_task_dag.py
[2025-02-06T17:20:19.738+0000] {logging_mixin.py:150} INFO - [2025-02-06T17:20:19.738+0000] {dag.py:2742} INFO - Sync 1 DAGs
[2025-02-06T17:20:19.752+0000] {logging_mixin.py:150} INFO - [2025-02-06T17:20:19.752+0000] {dag.py:3504} INFO - Setting next_dagrun for two_task_dag to None, run_after=None
[2025-02-06T17:20:19.765+0000] {processor.py:179} INFO - Processing /workspaces/hands-on-introduction-data-engineering-4395021/airflow/dags/two_task_dag.py took 0.056 seconds
[2025-02-06T17:20:49.902+0000] {processor.py:157} INFO - Started process (PID=22343) to work on /workspaces/hands-on-introduction-data-engineering-4395021/airflow/dags/two_task_dag.py
[2025-02-06T17:20:49.904+0000] {processor.py:826} INFO - Processing file /workspaces/hands-on-introduction-data-engineering-4395021/airflow/dags/two_task_dag.py for tasks to queue
[2025-02-06T17:20:49.905+0000] {logging_mixin.py:150} INFO - [2025-02-06T17:20:49.904+0000] {dagbag.py:541} INFO - Filling up the DagBag from /workspaces/hands-on-introduction-data-engineering-4395021/airflow/dags/two_task_dag.py
[2025-02-06T17:20:49.916+0000] {processor.py:836} INFO - DAG(s) dict_keys(['two_task_dag']) retrieved from /workspaces/hands-on-introduction-data-engineering-4395021/airflow/dags/two_task_dag.py
[2025-02-06T17:20:49.940+0000] {logging_mixin.py:150} INFO - [2025-02-06T17:20:49.940+0000] {dag.py:2742} INFO - Sync 1 DAGs
[2025-02-06T17:20:49.961+0000] {logging_mixin.py:150} INFO - [2025-02-06T17:20:49.961+0000] {dag.py:3504} INFO - Setting next_dagrun for two_task_dag to None, run_after=None
[2025-02-06T17:20:49.986+0000] {processor.py:179} INFO - Processing /workspaces/hands-on-introduction-data-engineering-4395021/airflow/dags/two_task_dag.py took 0.087 seconds
[2025-02-06T17:21:20.089+0000] {processor.py:157} INFO - Started process (PID=22515) to work on /workspaces/hands-on-introduction-data-engineering-4395021/airflow/dags/two_task_dag.py
[2025-02-06T17:21:20.090+0000] {processor.py:826} INFO - Processing file /workspaces/hands-on-introduction-data-engineering-4395021/airflow/dags/two_task_dag.py for tasks to queue
[2025-02-06T17:21:20.091+0000] {logging_mixin.py:150} INFO - [2025-02-06T17:21:20.090+0000] {dagbag.py:541} INFO - Filling up the DagBag from /workspaces/hands-on-introduction-data-engineering-4395021/airflow/dags/two_task_dag.py
[2025-02-06T17:21:20.100+0000] {processor.py:836} INFO - DAG(s) dict_keys(['two_task_dag']) retrieved from /workspaces/hands-on-introduction-data-engineering-4395021/airflow/dags/two_task_dag.py
[2025-02-06T17:21:20.117+0000] {logging_mixin.py:150} INFO - [2025-02-06T17:21:20.117+0000] {dag.py:2742} INFO - Sync 1 DAGs
[2025-02-06T17:21:20.132+0000] {logging_mixin.py:150} INFO - [2025-02-06T17:21:20.132+0000] {dag.py:3504} INFO - Setting next_dagrun for two_task_dag to None, run_after=None
[2025-02-06T17:21:20.145+0000] {processor.py:179} INFO - Processing /workspaces/hands-on-introduction-data-engineering-4395021/airflow/dags/two_task_dag.py took 0.059 seconds
[2025-02-06T17:21:50.279+0000] {processor.py:157} INFO - Started process (PID=22695) to work on /workspaces/hands-on-introduction-data-engineering-4395021/airflow/dags/two_task_dag.py
[2025-02-06T17:21:50.279+0000] {processor.py:826} INFO - Processing file /workspaces/hands-on-introduction-data-engineering-4395021/airflow/dags/two_task_dag.py for tasks to queue
[2025-02-06T17:21:50.280+0000] {logging_mixin.py:150} INFO - [2025-02-06T17:21:50.280+0000] {dagbag.py:541} INFO - Filling up the DagBag from /workspaces/hands-on-introduction-data-engineering-4395021/airflow/dags/two_task_dag.py
[2025-02-06T17:21:50.289+0000] {processor.py:836} INFO - DAG(s) dict_keys(['two_task_dag']) retrieved from /workspaces/hands-on-introduction-data-engineering-4395021/airflow/dags/two_task_dag.py
[2025-02-06T17:21:50.306+0000] {logging_mixin.py:150} INFO - [2025-02-06T17:21:50.306+0000] {dag.py:2742} INFO - Sync 1 DAGs
[2025-02-06T17:21:50.321+0000] {logging_mixin.py:150} INFO - [2025-02-06T17:21:50.321+0000] {dag.py:3504} INFO - Setting next_dagrun for two_task_dag to None, run_after=None
[2025-02-06T17:21:50.334+0000] {processor.py:179} INFO - Processing /workspaces/hands-on-introduction-data-engineering-4395021/airflow/dags/two_task_dag.py took 0.058 seconds
[2025-02-06T17:22:20.467+0000] {processor.py:157} INFO - Started process (PID=22865) to work on /workspaces/hands-on-introduction-data-engineering-4395021/airflow/dags/two_task_dag.py
[2025-02-06T17:22:20.468+0000] {processor.py:826} INFO - Processing file /workspaces/hands-on-introduction-data-engineering-4395021/airflow/dags/two_task_dag.py for tasks to queue
[2025-02-06T17:22:20.469+0000] {logging_mixin.py:150} INFO - [2025-02-06T17:22:20.468+0000] {dagbag.py:541} INFO - Filling up the DagBag from /workspaces/hands-on-introduction-data-engineering-4395021/airflow/dags/two_task_dag.py
[2025-02-06T17:22:20.477+0000] {processor.py:836} INFO - DAG(s) dict_keys(['two_task_dag']) retrieved from /workspaces/hands-on-introduction-data-engineering-4395021/airflow/dags/two_task_dag.py
[2025-02-06T17:22:20.495+0000] {logging_mixin.py:150} INFO - [2025-02-06T17:22:20.495+0000] {dag.py:2742} INFO - Sync 1 DAGs
[2025-02-06T17:22:20.509+0000] {logging_mixin.py:150} INFO - [2025-02-06T17:22:20.509+0000] {dag.py:3504} INFO - Setting next_dagrun for two_task_dag to None, run_after=None
[2025-02-06T17:22:20.523+0000] {processor.py:179} INFO - Processing /workspaces/hands-on-introduction-data-engineering-4395021/airflow/dags/two_task_dag.py took 0.059 seconds
[2025-02-06T17:22:50.656+0000] {processor.py:157} INFO - Started process (PID=23039) to work on /workspaces/hands-on-introduction-data-engineering-4395021/airflow/dags/two_task_dag.py
[2025-02-06T17:22:50.657+0000] {processor.py:826} INFO - Processing file /workspaces/hands-on-introduction-data-engineering-4395021/airflow/dags/two_task_dag.py for tasks to queue
[2025-02-06T17:22:50.658+0000] {logging_mixin.py:150} INFO - [2025-02-06T17:22:50.657+0000] {dagbag.py:541} INFO - Filling up the DagBag from /workspaces/hands-on-introduction-data-engineering-4395021/airflow/dags/two_task_dag.py
[2025-02-06T17:22:50.666+0000] {processor.py:836} INFO - DAG(s) dict_keys(['two_task_dag']) retrieved from /workspaces/hands-on-introduction-data-engineering-4395021/airflow/dags/two_task_dag.py
[2025-02-06T17:22:50.683+0000] {logging_mixin.py:150} INFO - [2025-02-06T17:22:50.683+0000] {dag.py:2742} INFO - Sync 1 DAGs
[2025-02-06T17:22:50.698+0000] {logging_mixin.py:150} INFO - [2025-02-06T17:22:50.698+0000] {dag.py:3504} INFO - Setting next_dagrun for two_task_dag to None, run_after=None
[2025-02-06T17:22:50.711+0000] {processor.py:179} INFO - Processing /workspaces/hands-on-introduction-data-engineering-4395021/airflow/dags/two_task_dag.py took 0.057 seconds
[2025-02-06T17:23:20.846+0000] {processor.py:157} INFO - Started process (PID=23219) to work on /workspaces/hands-on-introduction-data-engineering-4395021/airflow/dags/two_task_dag.py
[2025-02-06T17:23:20.846+0000] {processor.py:826} INFO - Processing file /workspaces/hands-on-introduction-data-engineering-4395021/airflow/dags/two_task_dag.py for tasks to queue
[2025-02-06T17:23:20.847+0000] {logging_mixin.py:150} INFO - [2025-02-06T17:23:20.847+0000] {dagbag.py:541} INFO - Filling up the DagBag from /workspaces/hands-on-introduction-data-engineering-4395021/airflow/dags/two_task_dag.py
[2025-02-06T17:23:20.856+0000] {processor.py:836} INFO - DAG(s) dict_keys(['two_task_dag']) retrieved from /workspaces/hands-on-introduction-data-engineering-4395021/airflow/dags/two_task_dag.py
[2025-02-06T17:23:20.874+0000] {logging_mixin.py:150} INFO - [2025-02-06T17:23:20.873+0000] {dag.py:2742} INFO - Sync 1 DAGs
[2025-02-06T17:23:20.888+0000] {logging_mixin.py:150} INFO - [2025-02-06T17:23:20.888+0000] {dag.py:3504} INFO - Setting next_dagrun for two_task_dag to None, run_after=None
[2025-02-06T17:23:20.900+0000] {processor.py:179} INFO - Processing /workspaces/hands-on-introduction-data-engineering-4395021/airflow/dags/two_task_dag.py took 0.057 seconds
[2025-02-06T17:23:51.036+0000] {processor.py:157} INFO - Started process (PID=23391) to work on /workspaces/hands-on-introduction-data-engineering-4395021/airflow/dags/two_task_dag.py
[2025-02-06T17:23:51.036+0000] {processor.py:826} INFO - Processing file /workspaces/hands-on-introduction-data-engineering-4395021/airflow/dags/two_task_dag.py for tasks to queue
[2025-02-06T17:23:51.037+0000] {logging_mixin.py:150} INFO - [2025-02-06T17:23:51.037+0000] {dagbag.py:541} INFO - Filling up the DagBag from /workspaces/hands-on-introduction-data-engineering-4395021/airflow/dags/two_task_dag.py
[2025-02-06T17:23:51.046+0000] {processor.py:836} INFO - DAG(s) dict_keys(['two_task_dag']) retrieved from /workspaces/hands-on-introduction-data-engineering-4395021/airflow/dags/two_task_dag.py
[2025-02-06T17:23:51.063+0000] {logging_mixin.py:150} INFO - [2025-02-06T17:23:51.063+0000] {dag.py:2742} INFO - Sync 1 DAGs
[2025-02-06T17:23:51.077+0000] {logging_mixin.py:150} INFO - [2025-02-06T17:23:51.077+0000] {dag.py:3504} INFO - Setting next_dagrun for two_task_dag to None, run_after=None
[2025-02-06T17:23:51.091+0000] {processor.py:179} INFO - Processing /workspaces/hands-on-introduction-data-engineering-4395021/airflow/dags/two_task_dag.py took 0.058 seconds
[2025-02-06T17:24:21.226+0000] {processor.py:157} INFO - Started process (PID=23569) to work on /workspaces/hands-on-introduction-data-engineering-4395021/airflow/dags/two_task_dag.py
[2025-02-06T17:24:21.227+0000] {processor.py:826} INFO - Processing file /workspaces/hands-on-introduction-data-engineering-4395021/airflow/dags/two_task_dag.py for tasks to queue
[2025-02-06T17:24:21.227+0000] {logging_mixin.py:150} INFO - [2025-02-06T17:24:21.227+0000] {dagbag.py:541} INFO - Filling up the DagBag from /workspaces/hands-on-introduction-data-engineering-4395021/airflow/dags/two_task_dag.py
[2025-02-06T17:24:21.236+0000] {processor.py:836} INFO - DAG(s) dict_keys(['two_task_dag']) retrieved from /workspaces/hands-on-introduction-data-engineering-4395021/airflow/dags/two_task_dag.py
[2025-02-06T17:24:21.252+0000] {logging_mixin.py:150} INFO - [2025-02-06T17:24:21.252+0000] {dag.py:2742} INFO - Sync 1 DAGs
[2025-02-06T17:24:21.266+0000] {logging_mixin.py:150} INFO - [2025-02-06T17:24:21.266+0000] {dag.py:3504} INFO - Setting next_dagrun for two_task_dag to None, run_after=None
[2025-02-06T17:24:21.279+0000] {processor.py:179} INFO - Processing /workspaces/hands-on-introduction-data-engineering-4395021/airflow/dags/two_task_dag.py took 0.056 seconds
[2025-02-06T17:24:51.413+0000] {processor.py:157} INFO - Started process (PID=23741) to work on /workspaces/hands-on-introduction-data-engineering-4395021/airflow/dags/two_task_dag.py
[2025-02-06T17:24:51.414+0000] {processor.py:826} INFO - Processing file /workspaces/hands-on-introduction-data-engineering-4395021/airflow/dags/two_task_dag.py for tasks to queue
[2025-02-06T17:24:51.415+0000] {logging_mixin.py:150} INFO - [2025-02-06T17:24:51.415+0000] {dagbag.py:541} INFO - Filling up the DagBag from /workspaces/hands-on-introduction-data-engineering-4395021/airflow/dags/two_task_dag.py
[2025-02-06T17:24:51.423+0000] {processor.py:836} INFO - DAG(s) dict_keys(['two_task_dag']) retrieved from /workspaces/hands-on-introduction-data-engineering-4395021/airflow/dags/two_task_dag.py
[2025-02-06T17:24:51.440+0000] {logging_mixin.py:150} INFO - [2025-02-06T17:24:51.440+0000] {dag.py:2742} INFO - Sync 1 DAGs
[2025-02-06T17:24:51.454+0000] {logging_mixin.py:150} INFO - [2025-02-06T17:24:51.454+0000] {dag.py:3504} INFO - Setting next_dagrun for two_task_dag to None, run_after=None
[2025-02-06T17:24:51.467+0000] {processor.py:179} INFO - Processing /workspaces/hands-on-introduction-data-engineering-4395021/airflow/dags/two_task_dag.py took 0.056 seconds
[2025-02-06T17:25:21.602+0000] {processor.py:157} INFO - Started process (PID=23922) to work on /workspaces/hands-on-introduction-data-engineering-4395021/airflow/dags/two_task_dag.py
[2025-02-06T17:25:21.603+0000] {processor.py:826} INFO - Processing file /workspaces/hands-on-introduction-data-engineering-4395021/airflow/dags/two_task_dag.py for tasks to queue
[2025-02-06T17:25:21.604+0000] {logging_mixin.py:150} INFO - [2025-02-06T17:25:21.603+0000] {dagbag.py:541} INFO - Filling up the DagBag from /workspaces/hands-on-introduction-data-engineering-4395021/airflow/dags/two_task_dag.py
[2025-02-06T17:25:21.612+0000] {processor.py:836} INFO - DAG(s) dict_keys(['two_task_dag']) retrieved from /workspaces/hands-on-introduction-data-engineering-4395021/airflow/dags/two_task_dag.py
[2025-02-06T17:25:21.629+0000] {logging_mixin.py:150} INFO - [2025-02-06T17:25:21.629+0000] {dag.py:2742} INFO - Sync 1 DAGs
[2025-02-06T17:25:21.643+0000] {logging_mixin.py:150} INFO - [2025-02-06T17:25:21.643+0000] {dag.py:3504} INFO - Setting next_dagrun for two_task_dag to None, run_after=None
[2025-02-06T17:25:21.656+0000] {processor.py:179} INFO - Processing /workspaces/hands-on-introduction-data-engineering-4395021/airflow/dags/two_task_dag.py took 0.057 seconds
[2025-02-06T17:25:51.790+0000] {processor.py:157} INFO - Started process (PID=24092) to work on /workspaces/hands-on-introduction-data-engineering-4395021/airflow/dags/two_task_dag.py
[2025-02-06T17:25:51.791+0000] {processor.py:826} INFO - Processing file /workspaces/hands-on-introduction-data-engineering-4395021/airflow/dags/two_task_dag.py for tasks to queue
[2025-02-06T17:25:51.791+0000] {logging_mixin.py:150} INFO - [2025-02-06T17:25:51.791+0000] {dagbag.py:541} INFO - Filling up the DagBag from /workspaces/hands-on-introduction-data-engineering-4395021/airflow/dags/two_task_dag.py
[2025-02-06T17:25:51.800+0000] {processor.py:836} INFO - DAG(s) dict_keys(['two_task_dag']) retrieved from /workspaces/hands-on-introduction-data-engineering-4395021/airflow/dags/two_task_dag.py
[2025-02-06T17:25:51.817+0000] {logging_mixin.py:150} INFO - [2025-02-06T17:25:51.817+0000] {dag.py:2742} INFO - Sync 1 DAGs
[2025-02-06T17:25:51.831+0000] {logging_mixin.py:150} INFO - [2025-02-06T17:25:51.831+0000] {dag.py:3504} INFO - Setting next_dagrun for two_task_dag to None, run_after=None
[2025-02-06T17:25:51.843+0000] {processor.py:179} INFO - Processing /workspaces/hands-on-introduction-data-engineering-4395021/airflow/dags/two_task_dag.py took 0.056 seconds
[2025-02-06T17:26:21.978+0000] {processor.py:157} INFO - Started process (PID=24266) to work on /workspaces/hands-on-introduction-data-engineering-4395021/airflow/dags/two_task_dag.py
[2025-02-06T17:26:21.979+0000] {processor.py:826} INFO - Processing file /workspaces/hands-on-introduction-data-engineering-4395021/airflow/dags/two_task_dag.py for tasks to queue
[2025-02-06T17:26:21.980+0000] {logging_mixin.py:150} INFO - [2025-02-06T17:26:21.979+0000] {dagbag.py:541} INFO - Filling up the DagBag from /workspaces/hands-on-introduction-data-engineering-4395021/airflow/dags/two_task_dag.py
[2025-02-06T17:26:21.988+0000] {processor.py:836} INFO - DAG(s) dict_keys(['two_task_dag']) retrieved from /workspaces/hands-on-introduction-data-engineering-4395021/airflow/dags/two_task_dag.py
[2025-02-06T17:26:22.005+0000] {logging_mixin.py:150} INFO - [2025-02-06T17:26:22.005+0000] {dag.py:2742} INFO - Sync 1 DAGs
[2025-02-06T17:26:22.021+0000] {logging_mixin.py:150} INFO - [2025-02-06T17:26:22.021+0000] {dag.py:3504} INFO - Setting next_dagrun for two_task_dag to None, run_after=None
[2025-02-06T17:26:22.039+0000] {processor.py:179} INFO - Processing /workspaces/hands-on-introduction-data-engineering-4395021/airflow/dags/two_task_dag.py took 0.063 seconds
[2025-02-06T17:26:52.166+0000] {processor.py:157} INFO - Started process (PID=24449) to work on /workspaces/hands-on-introduction-data-engineering-4395021/airflow/dags/two_task_dag.py
[2025-02-06T17:26:52.167+0000] {processor.py:826} INFO - Processing file /workspaces/hands-on-introduction-data-engineering-4395021/airflow/dags/two_task_dag.py for tasks to queue
[2025-02-06T17:26:52.168+0000] {logging_mixin.py:150} INFO - [2025-02-06T17:26:52.167+0000] {dagbag.py:541} INFO - Filling up the DagBag from /workspaces/hands-on-introduction-data-engineering-4395021/airflow/dags/two_task_dag.py
[2025-02-06T17:26:52.176+0000] {processor.py:836} INFO - DAG(s) dict_keys(['two_task_dag']) retrieved from /workspaces/hands-on-introduction-data-engineering-4395021/airflow/dags/two_task_dag.py
[2025-02-06T17:26:52.193+0000] {logging_mixin.py:150} INFO - [2025-02-06T17:26:52.193+0000] {dag.py:2742} INFO - Sync 1 DAGs
[2025-02-06T17:26:52.206+0000] {logging_mixin.py:150} INFO - [2025-02-06T17:26:52.206+0000] {dag.py:3504} INFO - Setting next_dagrun for two_task_dag to None, run_after=None
[2025-02-06T17:26:52.223+0000] {processor.py:179} INFO - Processing /workspaces/hands-on-introduction-data-engineering-4395021/airflow/dags/two_task_dag.py took 0.059 seconds
[2025-02-06T17:27:22.354+0000] {processor.py:157} INFO - Started process (PID=24625) to work on /workspaces/hands-on-introduction-data-engineering-4395021/airflow/dags/two_task_dag.py
[2025-02-06T17:27:22.355+0000] {processor.py:826} INFO - Processing file /workspaces/hands-on-introduction-data-engineering-4395021/airflow/dags/two_task_dag.py for tasks to queue
[2025-02-06T17:27:22.356+0000] {logging_mixin.py:150} INFO - [2025-02-06T17:27:22.356+0000] {dagbag.py:541} INFO - Filling up the DagBag from /workspaces/hands-on-introduction-data-engineering-4395021/airflow/dags/two_task_dag.py
[2025-02-06T17:27:22.365+0000] {processor.py:836} INFO - DAG(s) dict_keys(['two_task_dag']) retrieved from /workspaces/hands-on-introduction-data-engineering-4395021/airflow/dags/two_task_dag.py
[2025-02-06T17:27:22.382+0000] {logging_mixin.py:150} INFO - [2025-02-06T17:27:22.382+0000] {dag.py:2742} INFO - Sync 1 DAGs
[2025-02-06T17:27:22.396+0000] {logging_mixin.py:150} INFO - [2025-02-06T17:27:22.396+0000] {dag.py:3504} INFO - Setting next_dagrun for two_task_dag to None, run_after=None
[2025-02-06T17:27:22.409+0000] {processor.py:179} INFO - Processing /workspaces/hands-on-introduction-data-engineering-4395021/airflow/dags/two_task_dag.py took 0.057 seconds
[2025-02-06T17:27:52.542+0000] {processor.py:157} INFO - Started process (PID=24804) to work on /workspaces/hands-on-introduction-data-engineering-4395021/airflow/dags/two_task_dag.py
[2025-02-06T17:27:52.542+0000] {processor.py:826} INFO - Processing file /workspaces/hands-on-introduction-data-engineering-4395021/airflow/dags/two_task_dag.py for tasks to queue
[2025-02-06T17:27:52.543+0000] {logging_mixin.py:150} INFO - [2025-02-06T17:27:52.543+0000] {dagbag.py:541} INFO - Filling up the DagBag from /workspaces/hands-on-introduction-data-engineering-4395021/airflow/dags/two_task_dag.py
[2025-02-06T17:27:52.552+0000] {processor.py:836} INFO - DAG(s) dict_keys(['two_task_dag']) retrieved from /workspaces/hands-on-introduction-data-engineering-4395021/airflow/dags/two_task_dag.py
[2025-02-06T17:27:52.568+0000] {logging_mixin.py:150} INFO - [2025-02-06T17:27:52.568+0000] {dag.py:2742} INFO - Sync 1 DAGs
[2025-02-06T17:27:52.582+0000] {logging_mixin.py:150} INFO - [2025-02-06T17:27:52.582+0000] {dag.py:3504} INFO - Setting next_dagrun for two_task_dag to None, run_after=None
[2025-02-06T17:27:52.595+0000] {processor.py:179} INFO - Processing /workspaces/hands-on-introduction-data-engineering-4395021/airflow/dags/two_task_dag.py took 0.056 seconds
[2025-02-06T17:28:22.708+0000] {processor.py:157} INFO - Started process (PID=24976) to work on /workspaces/hands-on-introduction-data-engineering-4395021/airflow/dags/two_task_dag.py
[2025-02-06T17:28:22.709+0000] {processor.py:826} INFO - Processing file /workspaces/hands-on-introduction-data-engineering-4395021/airflow/dags/two_task_dag.py for tasks to queue
[2025-02-06T17:28:22.710+0000] {logging_mixin.py:150} INFO - [2025-02-06T17:28:22.710+0000] {dagbag.py:541} INFO - Filling up the DagBag from /workspaces/hands-on-introduction-data-engineering-4395021/airflow/dags/two_task_dag.py
[2025-02-06T17:28:22.718+0000] {processor.py:836} INFO - DAG(s) dict_keys(['two_task_dag']) retrieved from /workspaces/hands-on-introduction-data-engineering-4395021/airflow/dags/two_task_dag.py
[2025-02-06T17:28:22.735+0000] {logging_mixin.py:150} INFO - [2025-02-06T17:28:22.735+0000] {dag.py:2742} INFO - Sync 1 DAGs
[2025-02-06T17:28:22.749+0000] {logging_mixin.py:150} INFO - [2025-02-06T17:28:22.748+0000] {dag.py:3504} INFO - Setting next_dagrun for two_task_dag to None, run_after=None
[2025-02-06T17:28:22.761+0000] {processor.py:179} INFO - Processing /workspaces/hands-on-introduction-data-engineering-4395021/airflow/dags/two_task_dag.py took 0.055 seconds
[2025-02-06T17:28:52.877+0000] {processor.py:157} INFO - Started process (PID=25157) to work on /workspaces/hands-on-introduction-data-engineering-4395021/airflow/dags/two_task_dag.py
[2025-02-06T17:28:52.878+0000] {processor.py:826} INFO - Processing file /workspaces/hands-on-introduction-data-engineering-4395021/airflow/dags/two_task_dag.py for tasks to queue
[2025-02-06T17:28:52.878+0000] {logging_mixin.py:150} INFO - [2025-02-06T17:28:52.878+0000] {dagbag.py:541} INFO - Filling up the DagBag from /workspaces/hands-on-introduction-data-engineering-4395021/airflow/dags/two_task_dag.py
[2025-02-06T17:28:52.887+0000] {processor.py:836} INFO - DAG(s) dict_keys(['two_task_dag']) retrieved from /workspaces/hands-on-introduction-data-engineering-4395021/airflow/dags/two_task_dag.py
[2025-02-06T17:28:52.904+0000] {logging_mixin.py:150} INFO - [2025-02-06T17:28:52.904+0000] {dag.py:2742} INFO - Sync 1 DAGs
[2025-02-06T17:28:52.918+0000] {logging_mixin.py:150} INFO - [2025-02-06T17:28:52.918+0000] {dag.py:3504} INFO - Setting next_dagrun for two_task_dag to None, run_after=None
[2025-02-06T17:28:52.931+0000] {processor.py:179} INFO - Processing /workspaces/hands-on-introduction-data-engineering-4395021/airflow/dags/two_task_dag.py took 0.057 seconds
[2025-02-06T17:29:23.034+0000] {processor.py:157} INFO - Started process (PID=25334) to work on /workspaces/hands-on-introduction-data-engineering-4395021/airflow/dags/two_task_dag.py
[2025-02-06T17:29:23.035+0000] {processor.py:826} INFO - Processing file /workspaces/hands-on-introduction-data-engineering-4395021/airflow/dags/two_task_dag.py for tasks to queue
[2025-02-06T17:29:23.036+0000] {logging_mixin.py:150} INFO - [2025-02-06T17:29:23.036+0000] {dagbag.py:541} INFO - Filling up the DagBag from /workspaces/hands-on-introduction-data-engineering-4395021/airflow/dags/two_task_dag.py
[2025-02-06T17:29:23.044+0000] {processor.py:836} INFO - DAG(s) dict_keys(['two_task_dag']) retrieved from /workspaces/hands-on-introduction-data-engineering-4395021/airflow/dags/two_task_dag.py
[2025-02-06T17:29:23.061+0000] {logging_mixin.py:150} INFO - [2025-02-06T17:29:23.061+0000] {dag.py:2742} INFO - Sync 1 DAGs
[2025-02-06T17:29:23.074+0000] {logging_mixin.py:150} INFO - [2025-02-06T17:29:23.074+0000] {dag.py:3504} INFO - Setting next_dagrun for two_task_dag to None, run_after=None
[2025-02-06T17:29:23.087+0000] {processor.py:179} INFO - Processing /workspaces/hands-on-introduction-data-engineering-4395021/airflow/dags/two_task_dag.py took 0.055 seconds
[2025-02-06T17:29:53.191+0000] {processor.py:157} INFO - Started process (PID=25515) to work on /workspaces/hands-on-introduction-data-engineering-4395021/airflow/dags/two_task_dag.py
[2025-02-06T17:29:53.192+0000] {processor.py:826} INFO - Processing file /workspaces/hands-on-introduction-data-engineering-4395021/airflow/dags/two_task_dag.py for tasks to queue
[2025-02-06T17:29:53.193+0000] {logging_mixin.py:150} INFO - [2025-02-06T17:29:53.192+0000] {dagbag.py:541} INFO - Filling up the DagBag from /workspaces/hands-on-introduction-data-engineering-4395021/airflow/dags/two_task_dag.py
[2025-02-06T17:29:53.201+0000] {processor.py:836} INFO - DAG(s) dict_keys(['two_task_dag']) retrieved from /workspaces/hands-on-introduction-data-engineering-4395021/airflow/dags/two_task_dag.py
[2025-02-06T17:29:53.218+0000] {logging_mixin.py:150} INFO - [2025-02-06T17:29:53.218+0000] {dag.py:2742} INFO - Sync 1 DAGs
[2025-02-06T17:29:53.232+0000] {logging_mixin.py:150} INFO - [2025-02-06T17:29:53.232+0000] {dag.py:3504} INFO - Setting next_dagrun for two_task_dag to None, run_after=None
[2025-02-06T17:29:53.245+0000] {processor.py:179} INFO - Processing /workspaces/hands-on-introduction-data-engineering-4395021/airflow/dags/two_task_dag.py took 0.056 seconds
[2025-02-06T17:30:23.349+0000] {processor.py:157} INFO - Started process (PID=25689) to work on /workspaces/hands-on-introduction-data-engineering-4395021/airflow/dags/two_task_dag.py
[2025-02-06T17:30:23.349+0000] {processor.py:826} INFO - Processing file /workspaces/hands-on-introduction-data-engineering-4395021/airflow/dags/two_task_dag.py for tasks to queue
[2025-02-06T17:30:23.350+0000] {logging_mixin.py:150} INFO - [2025-02-06T17:30:23.350+0000] {dagbag.py:541} INFO - Filling up the DagBag from /workspaces/hands-on-introduction-data-engineering-4395021/airflow/dags/two_task_dag.py
[2025-02-06T17:30:23.359+0000] {processor.py:836} INFO - DAG(s) dict_keys(['two_task_dag']) retrieved from /workspaces/hands-on-introduction-data-engineering-4395021/airflow/dags/two_task_dag.py
[2025-02-06T17:30:23.375+0000] {logging_mixin.py:150} INFO - [2025-02-06T17:30:23.375+0000] {dag.py:2742} INFO - Sync 1 DAGs
[2025-02-06T17:30:23.394+0000] {logging_mixin.py:150} INFO - [2025-02-06T17:30:23.394+0000] {dag.py:3504} INFO - Setting next_dagrun for two_task_dag to None, run_after=None
[2025-02-06T17:30:23.411+0000] {processor.py:179} INFO - Processing /workspaces/hands-on-introduction-data-engineering-4395021/airflow/dags/two_task_dag.py took 0.065 seconds
[2025-02-06T17:30:53.505+0000] {processor.py:157} INFO - Started process (PID=25861) to work on /workspaces/hands-on-introduction-data-engineering-4395021/airflow/dags/two_task_dag.py
[2025-02-06T17:30:53.506+0000] {processor.py:826} INFO - Processing file /workspaces/hands-on-introduction-data-engineering-4395021/airflow/dags/two_task_dag.py for tasks to queue
[2025-02-06T17:30:53.507+0000] {logging_mixin.py:150} INFO - [2025-02-06T17:30:53.506+0000] {dagbag.py:541} INFO - Filling up the DagBag from /workspaces/hands-on-introduction-data-engineering-4395021/airflow/dags/two_task_dag.py
[2025-02-06T17:30:53.515+0000] {processor.py:836} INFO - DAG(s) dict_keys(['two_task_dag']) retrieved from /workspaces/hands-on-introduction-data-engineering-4395021/airflow/dags/two_task_dag.py
[2025-02-06T17:30:53.533+0000] {logging_mixin.py:150} INFO - [2025-02-06T17:30:53.533+0000] {dag.py:2742} INFO - Sync 1 DAGs
[2025-02-06T17:30:53.547+0000] {logging_mixin.py:150} INFO - [2025-02-06T17:30:53.546+0000] {dag.py:3504} INFO - Setting next_dagrun for two_task_dag to None, run_after=None
[2025-02-06T17:30:53.560+0000] {processor.py:179} INFO - Processing /workspaces/hands-on-introduction-data-engineering-4395021/airflow/dags/two_task_dag.py took 0.057 seconds
[2025-02-06T17:31:23.663+0000] {processor.py:157} INFO - Started process (PID=26040) to work on /workspaces/hands-on-introduction-data-engineering-4395021/airflow/dags/two_task_dag.py
[2025-02-06T17:31:23.664+0000] {processor.py:826} INFO - Processing file /workspaces/hands-on-introduction-data-engineering-4395021/airflow/dags/two_task_dag.py for tasks to queue
[2025-02-06T17:31:23.664+0000] {logging_mixin.py:150} INFO - [2025-02-06T17:31:23.664+0000] {dagbag.py:541} INFO - Filling up the DagBag from /workspaces/hands-on-introduction-data-engineering-4395021/airflow/dags/two_task_dag.py
[2025-02-06T17:31:23.673+0000] {processor.py:836} INFO - DAG(s) dict_keys(['two_task_dag']) retrieved from /workspaces/hands-on-introduction-data-engineering-4395021/airflow/dags/two_task_dag.py
[2025-02-06T17:31:23.691+0000] {logging_mixin.py:150} INFO - [2025-02-06T17:31:23.691+0000] {dag.py:2742} INFO - Sync 1 DAGs
[2025-02-06T17:31:23.705+0000] {logging_mixin.py:150} INFO - [2025-02-06T17:31:23.705+0000] {dag.py:3504} INFO - Setting next_dagrun for two_task_dag to None, run_after=None
[2025-02-06T17:31:23.719+0000] {processor.py:179} INFO - Processing /workspaces/hands-on-introduction-data-engineering-4395021/airflow/dags/two_task_dag.py took 0.058 seconds
[2025-02-06T17:31:53.822+0000] {processor.py:157} INFO - Started process (PID=26214) to work on /workspaces/hands-on-introduction-data-engineering-4395021/airflow/dags/two_task_dag.py
[2025-02-06T17:31:53.823+0000] {processor.py:826} INFO - Processing file /workspaces/hands-on-introduction-data-engineering-4395021/airflow/dags/two_task_dag.py for tasks to queue
[2025-02-06T17:31:53.823+0000] {logging_mixin.py:150} INFO - [2025-02-06T17:31:53.823+0000] {dagbag.py:541} INFO - Filling up the DagBag from /workspaces/hands-on-introduction-data-engineering-4395021/airflow/dags/two_task_dag.py
[2025-02-06T17:31:53.832+0000] {processor.py:836} INFO - DAG(s) dict_keys(['two_task_dag']) retrieved from /workspaces/hands-on-introduction-data-engineering-4395021/airflow/dags/two_task_dag.py
[2025-02-06T17:31:53.849+0000] {logging_mixin.py:150} INFO - [2025-02-06T17:31:53.849+0000] {dag.py:2742} INFO - Sync 1 DAGs
[2025-02-06T17:31:53.863+0000] {logging_mixin.py:150} INFO - [2025-02-06T17:31:53.863+0000] {dag.py:3504} INFO - Setting next_dagrun for two_task_dag to None, run_after=None
[2025-02-06T17:31:53.877+0000] {processor.py:179} INFO - Processing /workspaces/hands-on-introduction-data-engineering-4395021/airflow/dags/two_task_dag.py took 0.058 seconds
[2025-02-06T17:32:23.979+0000] {processor.py:157} INFO - Started process (PID=26393) to work on /workspaces/hands-on-introduction-data-engineering-4395021/airflow/dags/two_task_dag.py
[2025-02-06T17:32:23.980+0000] {processor.py:826} INFO - Processing file /workspaces/hands-on-introduction-data-engineering-4395021/airflow/dags/two_task_dag.py for tasks to queue
[2025-02-06T17:32:23.981+0000] {logging_mixin.py:150} INFO - [2025-02-06T17:32:23.981+0000] {dagbag.py:541} INFO - Filling up the DagBag from /workspaces/hands-on-introduction-data-engineering-4395021/airflow/dags/two_task_dag.py
[2025-02-06T17:32:23.990+0000] {processor.py:836} INFO - DAG(s) dict_keys(['two_task_dag']) retrieved from /workspaces/hands-on-introduction-data-engineering-4395021/airflow/dags/two_task_dag.py
[2025-02-06T17:32:24.007+0000] {logging_mixin.py:150} INFO - [2025-02-06T17:32:24.007+0000] {dag.py:2742} INFO - Sync 1 DAGs
[2025-02-06T17:32:24.021+0000] {logging_mixin.py:150} INFO - [2025-02-06T17:32:24.021+0000] {dag.py:3504} INFO - Setting next_dagrun for two_task_dag to None, run_after=None
[2025-02-06T17:32:24.034+0000] {processor.py:179} INFO - Processing /workspaces/hands-on-introduction-data-engineering-4395021/airflow/dags/two_task_dag.py took 0.058 seconds
[2025-02-06T17:32:54.139+0000] {processor.py:157} INFO - Started process (PID=26567) to work on /workspaces/hands-on-introduction-data-engineering-4395021/airflow/dags/two_task_dag.py
[2025-02-06T17:32:54.139+0000] {processor.py:826} INFO - Processing file /workspaces/hands-on-introduction-data-engineering-4395021/airflow/dags/two_task_dag.py for tasks to queue
[2025-02-06T17:32:54.140+0000] {logging_mixin.py:150} INFO - [2025-02-06T17:32:54.140+0000] {dagbag.py:541} INFO - Filling up the DagBag from /workspaces/hands-on-introduction-data-engineering-4395021/airflow/dags/two_task_dag.py
[2025-02-06T17:32:54.149+0000] {processor.py:836} INFO - DAG(s) dict_keys(['two_task_dag']) retrieved from /workspaces/hands-on-introduction-data-engineering-4395021/airflow/dags/two_task_dag.py
[2025-02-06T17:32:54.167+0000] {logging_mixin.py:150} INFO - [2025-02-06T17:32:54.167+0000] {dag.py:2742} INFO - Sync 1 DAGs
[2025-02-06T17:32:54.181+0000] {logging_mixin.py:150} INFO - [2025-02-06T17:32:54.181+0000] {dag.py:3504} INFO - Setting next_dagrun for two_task_dag to None, run_after=None
[2025-02-06T17:32:54.196+0000] {processor.py:179} INFO - Processing /workspaces/hands-on-introduction-data-engineering-4395021/airflow/dags/two_task_dag.py took 0.059 seconds
[2025-02-06T17:33:24.296+0000] {processor.py:157} INFO - Started process (PID=26744) to work on /workspaces/hands-on-introduction-data-engineering-4395021/airflow/dags/two_task_dag.py
[2025-02-06T17:33:24.297+0000] {processor.py:826} INFO - Processing file /workspaces/hands-on-introduction-data-engineering-4395021/airflow/dags/two_task_dag.py for tasks to queue
[2025-02-06T17:33:24.298+0000] {logging_mixin.py:150} INFO - [2025-02-06T17:33:24.297+0000] {dagbag.py:541} INFO - Filling up the DagBag from /workspaces/hands-on-introduction-data-engineering-4395021/airflow/dags/two_task_dag.py
[2025-02-06T17:33:24.306+0000] {processor.py:836} INFO - DAG(s) dict_keys(['two_task_dag']) retrieved from /workspaces/hands-on-introduction-data-engineering-4395021/airflow/dags/two_task_dag.py
[2025-02-06T17:33:24.323+0000] {logging_mixin.py:150} INFO - [2025-02-06T17:33:24.323+0000] {dag.py:2742} INFO - Sync 1 DAGs
[2025-02-06T17:33:24.337+0000] {logging_mixin.py:150} INFO - [2025-02-06T17:33:24.336+0000] {dag.py:3504} INFO - Setting next_dagrun for two_task_dag to None, run_after=None
[2025-02-06T17:33:24.351+0000] {processor.py:179} INFO - Processing /workspaces/hands-on-introduction-data-engineering-4395021/airflow/dags/two_task_dag.py took 0.057 seconds
[2025-02-06T17:33:54.459+0000] {processor.py:157} INFO - Started process (PID=26922) to work on /workspaces/hands-on-introduction-data-engineering-4395021/airflow/dags/two_task_dag.py
[2025-02-06T17:33:54.460+0000] {processor.py:826} INFO - Processing file /workspaces/hands-on-introduction-data-engineering-4395021/airflow/dags/two_task_dag.py for tasks to queue
[2025-02-06T17:33:54.461+0000] {logging_mixin.py:150} INFO - [2025-02-06T17:33:54.460+0000] {dagbag.py:541} INFO - Filling up the DagBag from /workspaces/hands-on-introduction-data-engineering-4395021/airflow/dags/two_task_dag.py
[2025-02-06T17:33:54.469+0000] {processor.py:836} INFO - DAG(s) dict_keys(['two_task_dag']) retrieved from /workspaces/hands-on-introduction-data-engineering-4395021/airflow/dags/two_task_dag.py
[2025-02-06T17:33:54.488+0000] {logging_mixin.py:150} INFO - [2025-02-06T17:33:54.488+0000] {dag.py:2742} INFO - Sync 1 DAGs
[2025-02-06T17:33:54.502+0000] {logging_mixin.py:150} INFO - [2025-02-06T17:33:54.502+0000] {dag.py:3504} INFO - Setting next_dagrun for two_task_dag to None, run_after=None
[2025-02-06T17:33:54.516+0000] {processor.py:179} INFO - Processing /workspaces/hands-on-introduction-data-engineering-4395021/airflow/dags/two_task_dag.py took 0.060 seconds
[2025-02-06T17:34:24.614+0000] {processor.py:157} INFO - Started process (PID=27087) to work on /workspaces/hands-on-introduction-data-engineering-4395021/airflow/dags/two_task_dag.py
[2025-02-06T17:34:24.615+0000] {processor.py:826} INFO - Processing file /workspaces/hands-on-introduction-data-engineering-4395021/airflow/dags/two_task_dag.py for tasks to queue
[2025-02-06T17:34:24.615+0000] {logging_mixin.py:150} INFO - [2025-02-06T17:34:24.615+0000] {dagbag.py:541} INFO - Filling up the DagBag from /workspaces/hands-on-introduction-data-engineering-4395021/airflow/dags/two_task_dag.py
[2025-02-06T17:34:24.624+0000] {processor.py:836} INFO - DAG(s) dict_keys(['two_task_dag']) retrieved from /workspaces/hands-on-introduction-data-engineering-4395021/airflow/dags/two_task_dag.py
[2025-02-06T17:34:24.641+0000] {logging_mixin.py:150} INFO - [2025-02-06T17:34:24.641+0000] {dag.py:2742} INFO - Sync 1 DAGs
[2025-02-06T17:34:24.654+0000] {logging_mixin.py:150} INFO - [2025-02-06T17:34:24.654+0000] {dag.py:3504} INFO - Setting next_dagrun for two_task_dag to None, run_after=None
[2025-02-06T17:34:24.669+0000] {processor.py:179} INFO - Processing /workspaces/hands-on-introduction-data-engineering-4395021/airflow/dags/two_task_dag.py took 0.057 seconds
[2025-02-06T17:34:54.772+0000] {processor.py:157} INFO - Started process (PID=27266) to work on /workspaces/hands-on-introduction-data-engineering-4395021/airflow/dags/two_task_dag.py
[2025-02-06T17:34:54.773+0000] {processor.py:826} INFO - Processing file /workspaces/hands-on-introduction-data-engineering-4395021/airflow/dags/two_task_dag.py for tasks to queue
[2025-02-06T17:34:54.773+0000] {logging_mixin.py:150} INFO - [2025-02-06T17:34:54.773+0000] {dagbag.py:541} INFO - Filling up the DagBag from /workspaces/hands-on-introduction-data-engineering-4395021/airflow/dags/two_task_dag.py
[2025-02-06T17:34:54.782+0000] {processor.py:836} INFO - DAG(s) dict_keys(['two_task_dag']) retrieved from /workspaces/hands-on-introduction-data-engineering-4395021/airflow/dags/two_task_dag.py
[2025-02-06T17:34:54.799+0000] {logging_mixin.py:150} INFO - [2025-02-06T17:34:54.799+0000] {dag.py:2742} INFO - Sync 1 DAGs
[2025-02-06T17:34:54.813+0000] {logging_mixin.py:150} INFO - [2025-02-06T17:34:54.813+0000] {dag.py:3504} INFO - Setting next_dagrun for two_task_dag to None, run_after=None
[2025-02-06T17:34:54.827+0000] {processor.py:179} INFO - Processing /workspaces/hands-on-introduction-data-engineering-4395021/airflow/dags/two_task_dag.py took 0.058 seconds
[2025-02-06T17:35:24.933+0000] {processor.py:157} INFO - Started process (PID=27438) to work on /workspaces/hands-on-introduction-data-engineering-4395021/airflow/dags/two_task_dag.py
[2025-02-06T17:35:24.934+0000] {processor.py:826} INFO - Processing file /workspaces/hands-on-introduction-data-engineering-4395021/airflow/dags/two_task_dag.py for tasks to queue
[2025-02-06T17:35:24.935+0000] {logging_mixin.py:150} INFO - [2025-02-06T17:35:24.934+0000] {dagbag.py:541} INFO - Filling up the DagBag from /workspaces/hands-on-introduction-data-engineering-4395021/airflow/dags/two_task_dag.py
[2025-02-06T17:35:24.944+0000] {processor.py:836} INFO - DAG(s) dict_keys(['two_task_dag']) retrieved from /workspaces/hands-on-introduction-data-engineering-4395021/airflow/dags/two_task_dag.py
[2025-02-06T17:35:24.961+0000] {logging_mixin.py:150} INFO - [2025-02-06T17:35:24.961+0000] {dag.py:2742} INFO - Sync 1 DAGs
[2025-02-06T17:35:24.976+0000] {logging_mixin.py:150} INFO - [2025-02-06T17:35:24.975+0000] {dag.py:3504} INFO - Setting next_dagrun for two_task_dag to None, run_after=None
[2025-02-06T17:35:24.990+0000] {processor.py:179} INFO - Processing /workspaces/hands-on-introduction-data-engineering-4395021/airflow/dags/two_task_dag.py took 0.059 seconds
[2025-02-06T17:35:55.091+0000] {processor.py:157} INFO - Started process (PID=27615) to work on /workspaces/hands-on-introduction-data-engineering-4395021/airflow/dags/two_task_dag.py
[2025-02-06T17:35:55.092+0000] {processor.py:826} INFO - Processing file /workspaces/hands-on-introduction-data-engineering-4395021/airflow/dags/two_task_dag.py for tasks to queue
[2025-02-06T17:35:55.092+0000] {logging_mixin.py:150} INFO - [2025-02-06T17:35:55.092+0000] {dagbag.py:541} INFO - Filling up the DagBag from /workspaces/hands-on-introduction-data-engineering-4395021/airflow/dags/two_task_dag.py
[2025-02-06T17:35:55.101+0000] {processor.py:836} INFO - DAG(s) dict_keys(['two_task_dag']) retrieved from /workspaces/hands-on-introduction-data-engineering-4395021/airflow/dags/two_task_dag.py
[2025-02-06T17:35:55.119+0000] {logging_mixin.py:150} INFO - [2025-02-06T17:35:55.118+0000] {dag.py:2742} INFO - Sync 1 DAGs
[2025-02-06T17:35:55.133+0000] {logging_mixin.py:150} INFO - [2025-02-06T17:35:55.133+0000] {dag.py:3504} INFO - Setting next_dagrun for two_task_dag to None, run_after=None
[2025-02-06T17:35:55.147+0000] {processor.py:179} INFO - Processing /workspaces/hands-on-introduction-data-engineering-4395021/airflow/dags/two_task_dag.py took 0.059 seconds
[2025-02-06T17:36:25.248+0000] {processor.py:157} INFO - Started process (PID=27789) to work on /workspaces/hands-on-introduction-data-engineering-4395021/airflow/dags/two_task_dag.py
[2025-02-06T17:36:25.249+0000] {processor.py:826} INFO - Processing file /workspaces/hands-on-introduction-data-engineering-4395021/airflow/dags/two_task_dag.py for tasks to queue
[2025-02-06T17:36:25.250+0000] {logging_mixin.py:150} INFO - [2025-02-06T17:36:25.250+0000] {dagbag.py:541} INFO - Filling up the DagBag from /workspaces/hands-on-introduction-data-engineering-4395021/airflow/dags/two_task_dag.py
[2025-02-06T17:36:25.259+0000] {processor.py:836} INFO - DAG(s) dict_keys(['two_task_dag']) retrieved from /workspaces/hands-on-introduction-data-engineering-4395021/airflow/dags/two_task_dag.py
[2025-02-06T17:36:25.276+0000] {logging_mixin.py:150} INFO - [2025-02-06T17:36:25.276+0000] {dag.py:2742} INFO - Sync 1 DAGs
[2025-02-06T17:36:25.290+0000] {logging_mixin.py:150} INFO - [2025-02-06T17:36:25.289+0000] {dag.py:3504} INFO - Setting next_dagrun for two_task_dag to None, run_after=None
[2025-02-06T17:36:25.304+0000] {processor.py:179} INFO - Processing /workspaces/hands-on-introduction-data-engineering-4395021/airflow/dags/two_task_dag.py took 0.058 seconds
[2025-02-06T17:36:55.407+0000] {processor.py:157} INFO - Started process (PID=27971) to work on /workspaces/hands-on-introduction-data-engineering-4395021/airflow/dags/two_task_dag.py
[2025-02-06T17:36:55.408+0000] {processor.py:826} INFO - Processing file /workspaces/hands-on-introduction-data-engineering-4395021/airflow/dags/two_task_dag.py for tasks to queue
[2025-02-06T17:36:55.409+0000] {logging_mixin.py:150} INFO - [2025-02-06T17:36:55.408+0000] {dagbag.py:541} INFO - Filling up the DagBag from /workspaces/hands-on-introduction-data-engineering-4395021/airflow/dags/two_task_dag.py
[2025-02-06T17:36:55.417+0000] {processor.py:836} INFO - DAG(s) dict_keys(['two_task_dag']) retrieved from /workspaces/hands-on-introduction-data-engineering-4395021/airflow/dags/two_task_dag.py
[2025-02-06T17:36:55.434+0000] {logging_mixin.py:150} INFO - [2025-02-06T17:36:55.434+0000] {dag.py:2742} INFO - Sync 1 DAGs
[2025-02-06T17:36:55.448+0000] {logging_mixin.py:150} INFO - [2025-02-06T17:36:55.448+0000] {dag.py:3504} INFO - Setting next_dagrun for two_task_dag to None, run_after=None
[2025-02-06T17:36:55.462+0000] {processor.py:179} INFO - Processing /workspaces/hands-on-introduction-data-engineering-4395021/airflow/dags/two_task_dag.py took 0.057 seconds
[2025-02-06T17:37:25.563+0000] {processor.py:157} INFO - Started process (PID=28151) to work on /workspaces/hands-on-introduction-data-engineering-4395021/airflow/dags/two_task_dag.py
[2025-02-06T17:37:25.564+0000] {processor.py:826} INFO - Processing file /workspaces/hands-on-introduction-data-engineering-4395021/airflow/dags/two_task_dag.py for tasks to queue
[2025-02-06T17:37:25.565+0000] {logging_mixin.py:150} INFO - [2025-02-06T17:37:25.564+0000] {dagbag.py:541} INFO - Filling up the DagBag from /workspaces/hands-on-introduction-data-engineering-4395021/airflow/dags/two_task_dag.py
[2025-02-06T17:37:25.574+0000] {processor.py:836} INFO - DAG(s) dict_keys(['two_task_dag']) retrieved from /workspaces/hands-on-introduction-data-engineering-4395021/airflow/dags/two_task_dag.py
[2025-02-06T17:37:25.592+0000] {logging_mixin.py:150} INFO - [2025-02-06T17:37:25.591+0000] {dag.py:2742} INFO - Sync 1 DAGs
[2025-02-06T17:37:25.606+0000] {logging_mixin.py:150} INFO - [2025-02-06T17:37:25.605+0000] {dag.py:3504} INFO - Setting next_dagrun for two_task_dag to None, run_after=None
[2025-02-06T17:37:25.620+0000] {processor.py:179} INFO - Processing /workspaces/hands-on-introduction-data-engineering-4395021/airflow/dags/two_task_dag.py took 0.059 seconds
[2025-02-06T17:37:55.708+0000] {processor.py:157} INFO - Started process (PID=28319) to work on /workspaces/hands-on-introduction-data-engineering-4395021/airflow/dags/two_task_dag.py
[2025-02-06T17:37:55.709+0000] {processor.py:826} INFO - Processing file /workspaces/hands-on-introduction-data-engineering-4395021/airflow/dags/two_task_dag.py for tasks to queue
[2025-02-06T17:37:55.709+0000] {logging_mixin.py:150} INFO - [2025-02-06T17:37:55.709+0000] {dagbag.py:541} INFO - Filling up the DagBag from /workspaces/hands-on-introduction-data-engineering-4395021/airflow/dags/two_task_dag.py
[2025-02-06T17:37:55.718+0000] {processor.py:836} INFO - DAG(s) dict_keys(['two_task_dag']) retrieved from /workspaces/hands-on-introduction-data-engineering-4395021/airflow/dags/two_task_dag.py
[2025-02-06T17:37:55.735+0000] {logging_mixin.py:150} INFO - [2025-02-06T17:37:55.735+0000] {dag.py:2742} INFO - Sync 1 DAGs
[2025-02-06T17:37:55.749+0000] {logging_mixin.py:150} INFO - [2025-02-06T17:37:55.749+0000] {dag.py:3504} INFO - Setting next_dagrun for two_task_dag to None, run_after=None
[2025-02-06T17:37:55.764+0000] {processor.py:179} INFO - Processing /workspaces/hands-on-introduction-data-engineering-4395021/airflow/dags/two_task_dag.py took 0.059 seconds
[2025-02-06T17:38:25.867+0000] {processor.py:157} INFO - Started process (PID=28500) to work on /workspaces/hands-on-introduction-data-engineering-4395021/airflow/dags/two_task_dag.py
[2025-02-06T17:38:25.867+0000] {processor.py:826} INFO - Processing file /workspaces/hands-on-introduction-data-engineering-4395021/airflow/dags/two_task_dag.py for tasks to queue
[2025-02-06T17:38:25.868+0000] {logging_mixin.py:150} INFO - [2025-02-06T17:38:25.868+0000] {dagbag.py:541} INFO - Filling up the DagBag from /workspaces/hands-on-introduction-data-engineering-4395021/airflow/dags/two_task_dag.py
[2025-02-06T17:38:25.877+0000] {processor.py:836} INFO - DAG(s) dict_keys(['two_task_dag']) retrieved from /workspaces/hands-on-introduction-data-engineering-4395021/airflow/dags/two_task_dag.py
[2025-02-06T17:38:25.894+0000] {logging_mixin.py:150} INFO - [2025-02-06T17:38:25.894+0000] {dag.py:2742} INFO - Sync 1 DAGs
[2025-02-06T17:38:25.908+0000] {logging_mixin.py:150} INFO - [2025-02-06T17:38:25.908+0000] {dag.py:3504} INFO - Setting next_dagrun for two_task_dag to None, run_after=None
[2025-02-06T17:38:25.922+0000] {processor.py:179} INFO - Processing /workspaces/hands-on-introduction-data-engineering-4395021/airflow/dags/two_task_dag.py took 0.058 seconds
