[2025-02-06T16:44:42.048+0000] {processor.py:157} INFO - Started process (PID=8139) to work on /home/vscode/.local/lib/python3.10/site-packages/airflow/example_dags/example_trigger_target_dag.py
[2025-02-06T16:44:42.049+0000] {processor.py:826} INFO - Processing file /home/vscode/.local/lib/python3.10/site-packages/airflow/example_dags/example_trigger_target_dag.py for tasks to queue
[2025-02-06T16:44:42.050+0000] {logging_mixin.py:150} INFO - [2025-02-06T16:44:42.049+0000] {dagbag.py:541} INFO - Filling up the DagBag from /home/vscode/.local/lib/python3.10/site-packages/airflow/example_dags/example_trigger_target_dag.py
[2025-02-06T16:44:42.055+0000] {processor.py:836} INFO - DAG(s) dict_keys(['example_trigger_target_dag']) retrieved from /home/vscode/.local/lib/python3.10/site-packages/airflow/example_dags/example_trigger_target_dag.py
[2025-02-06T16:44:42.212+0000] {logging_mixin.py:150} INFO - [2025-02-06T16:44:42.211+0000] {manager.py:504} INFO - Created Permission View: can read on DAG:example_trigger_target_dag
[2025-02-06T16:44:42.219+0000] {logging_mixin.py:150} INFO - [2025-02-06T16:44:42.219+0000] {manager.py:504} INFO - Created Permission View: can delete on DAG:example_trigger_target_dag
[2025-02-06T16:44:42.225+0000] {logging_mixin.py:150} INFO - [2025-02-06T16:44:42.225+0000] {manager.py:504} INFO - Created Permission View: can edit on DAG:example_trigger_target_dag
[2025-02-06T16:44:42.236+0000] {logging_mixin.py:150} INFO - [2025-02-06T16:44:42.236+0000] {dag.py:2742} INFO - Sync 1 DAGs
[2025-02-06T16:44:42.242+0000] {logging_mixin.py:150} INFO - [2025-02-06T16:44:42.242+0000] {dag.py:2763} INFO - Creating ORM DAG for example_trigger_target_dag
[2025-02-06T16:44:42.248+0000] {logging_mixin.py:150} INFO - [2025-02-06T16:44:42.248+0000] {dag.py:3504} INFO - Setting next_dagrun for example_trigger_target_dag to None, run_after=None
[2025-02-06T16:44:42.262+0000] {processor.py:179} INFO - Processing /home/vscode/.local/lib/python3.10/site-packages/airflow/example_dags/example_trigger_target_dag.py took 0.216 seconds
[2025-02-06T16:45:33.286+0000] {processor.py:157} INFO - Started process (PID=8475) to work on /home/vscode/.local/lib/python3.10/site-packages/airflow/example_dags/example_trigger_target_dag.py
[2025-02-06T16:45:33.287+0000] {processor.py:826} INFO - Processing file /home/vscode/.local/lib/python3.10/site-packages/airflow/example_dags/example_trigger_target_dag.py for tasks to queue
[2025-02-06T16:45:33.288+0000] {logging_mixin.py:150} INFO - [2025-02-06T16:45:33.288+0000] {dagbag.py:541} INFO - Filling up the DagBag from /home/vscode/.local/lib/python3.10/site-packages/airflow/example_dags/example_trigger_target_dag.py
[2025-02-06T16:45:33.293+0000] {processor.py:836} INFO - DAG(s) dict_keys(['example_trigger_target_dag']) retrieved from /home/vscode/.local/lib/python3.10/site-packages/airflow/example_dags/example_trigger_target_dag.py
[2025-02-06T16:45:33.306+0000] {logging_mixin.py:150} INFO - [2025-02-06T16:45:33.306+0000] {dag.py:2742} INFO - Sync 1 DAGs
[2025-02-06T16:45:33.320+0000] {logging_mixin.py:150} INFO - [2025-02-06T16:45:33.320+0000] {dag.py:3504} INFO - Setting next_dagrun for example_trigger_target_dag to None, run_after=None
[2025-02-06T16:45:33.335+0000] {processor.py:179} INFO - Processing /home/vscode/.local/lib/python3.10/site-packages/airflow/example_dags/example_trigger_target_dag.py took 0.051 seconds
[2025-02-06T16:46:18.996+0000] {processor.py:157} INFO - Started process (PID=8785) to work on /home/vscode/.local/lib/python3.10/site-packages/airflow/example_dags/example_trigger_target_dag.py
[2025-02-06T16:46:18.997+0000] {processor.py:826} INFO - Processing file /home/vscode/.local/lib/python3.10/site-packages/airflow/example_dags/example_trigger_target_dag.py for tasks to queue
[2025-02-06T16:46:18.998+0000] {logging_mixin.py:150} INFO - [2025-02-06T16:46:18.997+0000] {dagbag.py:541} INFO - Filling up the DagBag from /home/vscode/.local/lib/python3.10/site-packages/airflow/example_dags/example_trigger_target_dag.py
[2025-02-06T16:46:19.003+0000] {processor.py:836} INFO - DAG(s) dict_keys(['example_trigger_target_dag']) retrieved from /home/vscode/.local/lib/python3.10/site-packages/airflow/example_dags/example_trigger_target_dag.py
[2025-02-06T16:46:19.015+0000] {logging_mixin.py:150} INFO - [2025-02-06T16:46:19.015+0000] {dag.py:2742} INFO - Sync 1 DAGs
[2025-02-06T16:46:19.030+0000] {logging_mixin.py:150} INFO - [2025-02-06T16:46:19.030+0000] {dag.py:3504} INFO - Setting next_dagrun for example_trigger_target_dag to None, run_after=None
[2025-02-06T16:46:19.045+0000] {processor.py:179} INFO - Processing /home/vscode/.local/lib/python3.10/site-packages/airflow/example_dags/example_trigger_target_dag.py took 0.051 seconds
[2025-02-06T16:46:57.848+0000] {processor.py:157} INFO - Started process (PID=9057) to work on /home/vscode/.local/lib/python3.10/site-packages/airflow/example_dags/example_trigger_target_dag.py
[2025-02-06T16:46:57.849+0000] {processor.py:826} INFO - Processing file /home/vscode/.local/lib/python3.10/site-packages/airflow/example_dags/example_trigger_target_dag.py for tasks to queue
[2025-02-06T16:46:57.850+0000] {logging_mixin.py:150} INFO - [2025-02-06T16:46:57.850+0000] {dagbag.py:541} INFO - Filling up the DagBag from /home/vscode/.local/lib/python3.10/site-packages/airflow/example_dags/example_trigger_target_dag.py
[2025-02-06T16:46:57.855+0000] {processor.py:836} INFO - DAG(s) dict_keys(['example_trigger_target_dag']) retrieved from /home/vscode/.local/lib/python3.10/site-packages/airflow/example_dags/example_trigger_target_dag.py
[2025-02-06T16:46:57.868+0000] {logging_mixin.py:150} INFO - [2025-02-06T16:46:57.867+0000] {dag.py:2742} INFO - Sync 1 DAGs
[2025-02-06T16:46:57.882+0000] {logging_mixin.py:150} INFO - [2025-02-06T16:46:57.882+0000] {dag.py:3504} INFO - Setting next_dagrun for example_trigger_target_dag to None, run_after=None
[2025-02-06T16:46:57.896+0000] {processor.py:179} INFO - Processing /home/vscode/.local/lib/python3.10/site-packages/airflow/example_dags/example_trigger_target_dag.py took 0.050 seconds
[2025-02-06T16:47:43.280+0000] {processor.py:157} INFO - Started process (PID=9361) to work on /home/vscode/.local/lib/python3.10/site-packages/airflow/example_dags/example_trigger_target_dag.py
[2025-02-06T16:47:43.281+0000] {processor.py:826} INFO - Processing file /home/vscode/.local/lib/python3.10/site-packages/airflow/example_dags/example_trigger_target_dag.py for tasks to queue
[2025-02-06T16:47:43.281+0000] {logging_mixin.py:150} INFO - [2025-02-06T16:47:43.281+0000] {dagbag.py:541} INFO - Filling up the DagBag from /home/vscode/.local/lib/python3.10/site-packages/airflow/example_dags/example_trigger_target_dag.py
[2025-02-06T16:47:43.286+0000] {processor.py:836} INFO - DAG(s) dict_keys(['example_trigger_target_dag']) retrieved from /home/vscode/.local/lib/python3.10/site-packages/airflow/example_dags/example_trigger_target_dag.py
[2025-02-06T16:47:43.299+0000] {logging_mixin.py:150} INFO - [2025-02-06T16:47:43.299+0000] {dag.py:2742} INFO - Sync 1 DAGs
[2025-02-06T16:47:43.314+0000] {logging_mixin.py:150} INFO - [2025-02-06T16:47:43.314+0000] {dag.py:3504} INFO - Setting next_dagrun for example_trigger_target_dag to None, run_after=None
[2025-02-06T16:47:43.329+0000] {processor.py:179} INFO - Processing /home/vscode/.local/lib/python3.10/site-packages/airflow/example_dags/example_trigger_target_dag.py took 0.052 seconds
[2025-02-06T16:48:28.076+0000] {processor.py:157} INFO - Started process (PID=9662) to work on /home/vscode/.local/lib/python3.10/site-packages/airflow/example_dags/example_trigger_target_dag.py
[2025-02-06T16:48:28.077+0000] {processor.py:826} INFO - Processing file /home/vscode/.local/lib/python3.10/site-packages/airflow/example_dags/example_trigger_target_dag.py for tasks to queue
[2025-02-06T16:48:28.077+0000] {logging_mixin.py:150} INFO - [2025-02-06T16:48:28.077+0000] {dagbag.py:541} INFO - Filling up the DagBag from /home/vscode/.local/lib/python3.10/site-packages/airflow/example_dags/example_trigger_target_dag.py
[2025-02-06T16:48:28.083+0000] {processor.py:836} INFO - DAG(s) dict_keys(['example_trigger_target_dag']) retrieved from /home/vscode/.local/lib/python3.10/site-packages/airflow/example_dags/example_trigger_target_dag.py
[2025-02-06T16:48:28.095+0000] {logging_mixin.py:150} INFO - [2025-02-06T16:48:28.095+0000] {dag.py:2742} INFO - Sync 1 DAGs
[2025-02-06T16:48:28.110+0000] {logging_mixin.py:150} INFO - [2025-02-06T16:48:28.110+0000] {dag.py:3504} INFO - Setting next_dagrun for example_trigger_target_dag to None, run_after=None
[2025-02-06T16:48:28.124+0000] {processor.py:179} INFO - Processing /home/vscode/.local/lib/python3.10/site-packages/airflow/example_dags/example_trigger_target_dag.py took 0.051 seconds
[2025-02-06T16:49:04.395+0000] {processor.py:157} INFO - Started process (PID=9917) to work on /home/vscode/.local/lib/python3.10/site-packages/airflow/example_dags/example_trigger_target_dag.py
[2025-02-06T16:49:04.395+0000] {processor.py:826} INFO - Processing file /home/vscode/.local/lib/python3.10/site-packages/airflow/example_dags/example_trigger_target_dag.py for tasks to queue
[2025-02-06T16:49:04.396+0000] {logging_mixin.py:150} INFO - [2025-02-06T16:49:04.396+0000] {dagbag.py:541} INFO - Filling up the DagBag from /home/vscode/.local/lib/python3.10/site-packages/airflow/example_dags/example_trigger_target_dag.py
[2025-02-06T16:49:04.401+0000] {processor.py:836} INFO - DAG(s) dict_keys(['example_trigger_target_dag']) retrieved from /home/vscode/.local/lib/python3.10/site-packages/airflow/example_dags/example_trigger_target_dag.py
[2025-02-06T16:49:04.414+0000] {logging_mixin.py:150} INFO - [2025-02-06T16:49:04.414+0000] {dag.py:2742} INFO - Sync 1 DAGs
[2025-02-06T16:49:04.428+0000] {logging_mixin.py:150} INFO - [2025-02-06T16:49:04.428+0000] {dag.py:3504} INFO - Setting next_dagrun for example_trigger_target_dag to None, run_after=None
[2025-02-06T16:49:04.443+0000] {processor.py:179} INFO - Processing /home/vscode/.local/lib/python3.10/site-packages/airflow/example_dags/example_trigger_target_dag.py took 0.051 seconds
[2025-02-06T16:49:48.356+0000] {processor.py:157} INFO - Started process (PID=10251) to work on /home/vscode/.local/lib/python3.10/site-packages/airflow/example_dags/example_trigger_target_dag.py
[2025-02-06T16:49:48.356+0000] {processor.py:826} INFO - Processing file /home/vscode/.local/lib/python3.10/site-packages/airflow/example_dags/example_trigger_target_dag.py for tasks to queue
[2025-02-06T16:49:48.357+0000] {logging_mixin.py:150} INFO - [2025-02-06T16:49:48.357+0000] {dagbag.py:541} INFO - Filling up the DagBag from /home/vscode/.local/lib/python3.10/site-packages/airflow/example_dags/example_trigger_target_dag.py
[2025-02-06T16:49:48.362+0000] {processor.py:836} INFO - DAG(s) dict_keys(['example_trigger_target_dag']) retrieved from /home/vscode/.local/lib/python3.10/site-packages/airflow/example_dags/example_trigger_target_dag.py
[2025-02-06T16:49:48.375+0000] {logging_mixin.py:150} INFO - [2025-02-06T16:49:48.375+0000] {dag.py:2742} INFO - Sync 1 DAGs
[2025-02-06T16:49:48.390+0000] {logging_mixin.py:150} INFO - [2025-02-06T16:49:48.390+0000] {dag.py:3504} INFO - Setting next_dagrun for example_trigger_target_dag to None, run_after=None
[2025-02-06T16:49:48.405+0000] {processor.py:179} INFO - Processing /home/vscode/.local/lib/python3.10/site-packages/airflow/example_dags/example_trigger_target_dag.py took 0.052 seconds
[2025-02-06T16:50:26.034+0000] {processor.py:157} INFO - Started process (PID=10536) to work on /home/vscode/.local/lib/python3.10/site-packages/airflow/example_dags/example_trigger_target_dag.py
[2025-02-06T16:50:26.036+0000] {processor.py:826} INFO - Processing file /home/vscode/.local/lib/python3.10/site-packages/airflow/example_dags/example_trigger_target_dag.py for tasks to queue
[2025-02-06T16:50:26.037+0000] {logging_mixin.py:150} INFO - [2025-02-06T16:50:26.037+0000] {dagbag.py:541} INFO - Filling up the DagBag from /home/vscode/.local/lib/python3.10/site-packages/airflow/example_dags/example_trigger_target_dag.py
[2025-02-06T16:50:26.044+0000] {processor.py:836} INFO - DAG(s) dict_keys(['example_trigger_target_dag']) retrieved from /home/vscode/.local/lib/python3.10/site-packages/airflow/example_dags/example_trigger_target_dag.py
[2025-02-06T16:50:26.060+0000] {logging_mixin.py:150} INFO - [2025-02-06T16:50:26.060+0000] {dag.py:2742} INFO - Sync 1 DAGs
[2025-02-06T16:50:26.075+0000] {logging_mixin.py:150} INFO - [2025-02-06T16:50:26.075+0000] {dag.py:3504} INFO - Setting next_dagrun for example_trigger_target_dag to None, run_after=None
[2025-02-06T16:50:26.090+0000] {processor.py:179} INFO - Processing /home/vscode/.local/lib/python3.10/site-packages/airflow/example_dags/example_trigger_target_dag.py took 0.060 seconds
[2025-02-06T16:51:11.672+0000] {processor.py:157} INFO - Started process (PID=10878) to work on /home/vscode/.local/lib/python3.10/site-packages/airflow/example_dags/example_trigger_target_dag.py
[2025-02-06T16:51:11.674+0000] {processor.py:826} INFO - Processing file /home/vscode/.local/lib/python3.10/site-packages/airflow/example_dags/example_trigger_target_dag.py for tasks to queue
[2025-02-06T16:51:11.675+0000] {logging_mixin.py:150} INFO - [2025-02-06T16:51:11.674+0000] {dagbag.py:541} INFO - Filling up the DagBag from /home/vscode/.local/lib/python3.10/site-packages/airflow/example_dags/example_trigger_target_dag.py
[2025-02-06T16:51:11.681+0000] {processor.py:836} INFO - DAG(s) dict_keys(['example_trigger_target_dag']) retrieved from /home/vscode/.local/lib/python3.10/site-packages/airflow/example_dags/example_trigger_target_dag.py
[2025-02-06T16:51:11.694+0000] {logging_mixin.py:150} INFO - [2025-02-06T16:51:11.694+0000] {dag.py:2742} INFO - Sync 1 DAGs
[2025-02-06T16:51:11.710+0000] {logging_mixin.py:150} INFO - [2025-02-06T16:51:11.709+0000] {dag.py:3504} INFO - Setting next_dagrun for example_trigger_target_dag to None, run_after=None
[2025-02-06T16:51:11.724+0000] {processor.py:179} INFO - Processing /home/vscode/.local/lib/python3.10/site-packages/airflow/example_dags/example_trigger_target_dag.py took 0.055 seconds
[2025-02-06T16:51:53.237+0000] {processor.py:157} INFO - Started process (PID=11169) to work on /home/vscode/.local/lib/python3.10/site-packages/airflow/example_dags/example_trigger_target_dag.py
[2025-02-06T16:51:53.238+0000] {processor.py:826} INFO - Processing file /home/vscode/.local/lib/python3.10/site-packages/airflow/example_dags/example_trigger_target_dag.py for tasks to queue
[2025-02-06T16:51:53.239+0000] {logging_mixin.py:150} INFO - [2025-02-06T16:51:53.239+0000] {dagbag.py:541} INFO - Filling up the DagBag from /home/vscode/.local/lib/python3.10/site-packages/airflow/example_dags/example_trigger_target_dag.py
[2025-02-06T16:51:53.244+0000] {processor.py:836} INFO - DAG(s) dict_keys(['example_trigger_target_dag']) retrieved from /home/vscode/.local/lib/python3.10/site-packages/airflow/example_dags/example_trigger_target_dag.py
[2025-02-06T16:51:53.257+0000] {logging_mixin.py:150} INFO - [2025-02-06T16:51:53.256+0000] {dag.py:2742} INFO - Sync 1 DAGs
[2025-02-06T16:51:53.271+0000] {logging_mixin.py:150} INFO - [2025-02-06T16:51:53.271+0000] {dag.py:3504} INFO - Setting next_dagrun for example_trigger_target_dag to None, run_after=None
[2025-02-06T16:51:53.285+0000] {processor.py:179} INFO - Processing /home/vscode/.local/lib/python3.10/site-packages/airflow/example_dags/example_trigger_target_dag.py took 0.050 seconds
[2025-02-06T16:52:39.511+0000] {processor.py:157} INFO - Started process (PID=11481) to work on /home/vscode/.local/lib/python3.10/site-packages/airflow/example_dags/example_trigger_target_dag.py
[2025-02-06T16:52:39.512+0000] {processor.py:826} INFO - Processing file /home/vscode/.local/lib/python3.10/site-packages/airflow/example_dags/example_trigger_target_dag.py for tasks to queue
[2025-02-06T16:52:39.512+0000] {logging_mixin.py:150} INFO - [2025-02-06T16:52:39.512+0000] {dagbag.py:541} INFO - Filling up the DagBag from /home/vscode/.local/lib/python3.10/site-packages/airflow/example_dags/example_trigger_target_dag.py
[2025-02-06T16:52:39.517+0000] {processor.py:836} INFO - DAG(s) dict_keys(['example_trigger_target_dag']) retrieved from /home/vscode/.local/lib/python3.10/site-packages/airflow/example_dags/example_trigger_target_dag.py
[2025-02-06T16:52:39.530+0000] {logging_mixin.py:150} INFO - [2025-02-06T16:52:39.530+0000] {dag.py:2742} INFO - Sync 1 DAGs
[2025-02-06T16:52:39.545+0000] {logging_mixin.py:150} INFO - [2025-02-06T16:52:39.545+0000] {dag.py:3504} INFO - Setting next_dagrun for example_trigger_target_dag to None, run_after=None
[2025-02-06T16:52:39.559+0000] {processor.py:179} INFO - Processing /home/vscode/.local/lib/python3.10/site-packages/airflow/example_dags/example_trigger_target_dag.py took 0.051 seconds
[2025-02-06T16:53:22.834+0000] {processor.py:157} INFO - Started process (PID=11778) to work on /home/vscode/.local/lib/python3.10/site-packages/airflow/example_dags/example_trigger_target_dag.py
[2025-02-06T16:53:22.835+0000] {processor.py:826} INFO - Processing file /home/vscode/.local/lib/python3.10/site-packages/airflow/example_dags/example_trigger_target_dag.py for tasks to queue
[2025-02-06T16:53:22.836+0000] {logging_mixin.py:150} INFO - [2025-02-06T16:53:22.836+0000] {dagbag.py:541} INFO - Filling up the DagBag from /home/vscode/.local/lib/python3.10/site-packages/airflow/example_dags/example_trigger_target_dag.py
[2025-02-06T16:53:22.841+0000] {processor.py:836} INFO - DAG(s) dict_keys(['example_trigger_target_dag']) retrieved from /home/vscode/.local/lib/python3.10/site-packages/airflow/example_dags/example_trigger_target_dag.py
[2025-02-06T16:53:22.853+0000] {logging_mixin.py:150} INFO - [2025-02-06T16:53:22.853+0000] {dag.py:2742} INFO - Sync 1 DAGs
[2025-02-06T16:53:22.868+0000] {logging_mixin.py:150} INFO - [2025-02-06T16:53:22.868+0000] {dag.py:3504} INFO - Setting next_dagrun for example_trigger_target_dag to None, run_after=None
[2025-02-06T16:53:22.882+0000] {processor.py:179} INFO - Processing /home/vscode/.local/lib/python3.10/site-packages/airflow/example_dags/example_trigger_target_dag.py took 0.051 seconds
[2025-02-06T16:54:09.686+0000] {processor.py:157} INFO - Started process (PID=12110) to work on /home/vscode/.local/lib/python3.10/site-packages/airflow/example_dags/example_trigger_target_dag.py
[2025-02-06T16:54:09.687+0000] {processor.py:826} INFO - Processing file /home/vscode/.local/lib/python3.10/site-packages/airflow/example_dags/example_trigger_target_dag.py for tasks to queue
[2025-02-06T16:54:09.688+0000] {logging_mixin.py:150} INFO - [2025-02-06T16:54:09.688+0000] {dagbag.py:541} INFO - Filling up the DagBag from /home/vscode/.local/lib/python3.10/site-packages/airflow/example_dags/example_trigger_target_dag.py
[2025-02-06T16:54:09.693+0000] {processor.py:836} INFO - DAG(s) dict_keys(['example_trigger_target_dag']) retrieved from /home/vscode/.local/lib/python3.10/site-packages/airflow/example_dags/example_trigger_target_dag.py
[2025-02-06T16:54:09.706+0000] {logging_mixin.py:150} INFO - [2025-02-06T16:54:09.706+0000] {dag.py:2742} INFO - Sync 1 DAGs
[2025-02-06T16:54:09.720+0000] {logging_mixin.py:150} INFO - [2025-02-06T16:54:09.720+0000] {dag.py:3504} INFO - Setting next_dagrun for example_trigger_target_dag to None, run_after=None
[2025-02-06T16:54:09.735+0000] {processor.py:179} INFO - Processing /home/vscode/.local/lib/python3.10/site-packages/airflow/example_dags/example_trigger_target_dag.py took 0.051 seconds
[2025-02-06T16:54:57.815+0000] {processor.py:157} INFO - Started process (PID=12500) to work on /home/vscode/.local/lib/python3.10/site-packages/airflow/example_dags/example_trigger_target_dag.py
[2025-02-06T16:54:57.816+0000] {processor.py:826} INFO - Processing file /home/vscode/.local/lib/python3.10/site-packages/airflow/example_dags/example_trigger_target_dag.py for tasks to queue
[2025-02-06T16:54:57.817+0000] {logging_mixin.py:150} INFO - [2025-02-06T16:54:57.816+0000] {dagbag.py:541} INFO - Filling up the DagBag from /home/vscode/.local/lib/python3.10/site-packages/airflow/example_dags/example_trigger_target_dag.py
[2025-02-06T16:54:57.822+0000] {processor.py:836} INFO - DAG(s) dict_keys(['example_trigger_target_dag']) retrieved from /home/vscode/.local/lib/python3.10/site-packages/airflow/example_dags/example_trigger_target_dag.py
[2025-02-06T16:54:57.835+0000] {logging_mixin.py:150} INFO - [2025-02-06T16:54:57.835+0000] {dag.py:2742} INFO - Sync 1 DAGs
[2025-02-06T16:54:57.849+0000] {logging_mixin.py:150} INFO - [2025-02-06T16:54:57.849+0000] {dag.py:3504} INFO - Setting next_dagrun for example_trigger_target_dag to None, run_after=None
[2025-02-06T16:54:57.863+0000] {processor.py:179} INFO - Processing /home/vscode/.local/lib/python3.10/site-packages/airflow/example_dags/example_trigger_target_dag.py took 0.051 seconds
[2025-02-06T16:55:47.846+0000] {processor.py:157} INFO - Started process (PID=12941) to work on /home/vscode/.local/lib/python3.10/site-packages/airflow/example_dags/example_trigger_target_dag.py
[2025-02-06T16:55:47.847+0000] {processor.py:826} INFO - Processing file /home/vscode/.local/lib/python3.10/site-packages/airflow/example_dags/example_trigger_target_dag.py for tasks to queue
[2025-02-06T16:55:47.848+0000] {logging_mixin.py:150} INFO - [2025-02-06T16:55:47.848+0000] {dagbag.py:541} INFO - Filling up the DagBag from /home/vscode/.local/lib/python3.10/site-packages/airflow/example_dags/example_trigger_target_dag.py
[2025-02-06T16:55:47.853+0000] {processor.py:836} INFO - DAG(s) dict_keys(['example_trigger_target_dag']) retrieved from /home/vscode/.local/lib/python3.10/site-packages/airflow/example_dags/example_trigger_target_dag.py
[2025-02-06T16:55:47.866+0000] {logging_mixin.py:150} INFO - [2025-02-06T16:55:47.866+0000] {dag.py:2742} INFO - Sync 1 DAGs
[2025-02-06T16:55:47.881+0000] {logging_mixin.py:150} INFO - [2025-02-06T16:55:47.881+0000] {dag.py:3504} INFO - Setting next_dagrun for example_trigger_target_dag to None, run_after=None
[2025-02-06T16:55:47.896+0000] {processor.py:179} INFO - Processing /home/vscode/.local/lib/python3.10/site-packages/airflow/example_dags/example_trigger_target_dag.py took 0.052 seconds
[2025-02-06T16:56:31.971+0000] {processor.py:157} INFO - Started process (PID=13324) to work on /home/vscode/.local/lib/python3.10/site-packages/airflow/example_dags/example_trigger_target_dag.py
[2025-02-06T16:56:31.972+0000] {processor.py:826} INFO - Processing file /home/vscode/.local/lib/python3.10/site-packages/airflow/example_dags/example_trigger_target_dag.py for tasks to queue
[2025-02-06T16:56:31.972+0000] {logging_mixin.py:150} INFO - [2025-02-06T16:56:31.972+0000] {dagbag.py:541} INFO - Filling up the DagBag from /home/vscode/.local/lib/python3.10/site-packages/airflow/example_dags/example_trigger_target_dag.py
[2025-02-06T16:56:31.978+0000] {processor.py:836} INFO - DAG(s) dict_keys(['example_trigger_target_dag']) retrieved from /home/vscode/.local/lib/python3.10/site-packages/airflow/example_dags/example_trigger_target_dag.py
[2025-02-06T16:56:31.991+0000] {logging_mixin.py:150} INFO - [2025-02-06T16:56:31.991+0000] {dag.py:2742} INFO - Sync 1 DAGs
[2025-02-06T16:56:32.007+0000] {logging_mixin.py:150} INFO - [2025-02-06T16:56:32.007+0000] {dag.py:3504} INFO - Setting next_dagrun for example_trigger_target_dag to None, run_after=None
[2025-02-06T16:56:32.023+0000] {processor.py:179} INFO - Processing /home/vscode/.local/lib/python3.10/site-packages/airflow/example_dags/example_trigger_target_dag.py took 0.055 seconds
[2025-02-06T16:57:18.149+0000] {processor.py:157} INFO - Started process (PID=13663) to work on /home/vscode/.local/lib/python3.10/site-packages/airflow/example_dags/example_trigger_target_dag.py
[2025-02-06T16:57:18.149+0000] {processor.py:826} INFO - Processing file /home/vscode/.local/lib/python3.10/site-packages/airflow/example_dags/example_trigger_target_dag.py for tasks to queue
[2025-02-06T16:57:18.150+0000] {logging_mixin.py:150} INFO - [2025-02-06T16:57:18.150+0000] {dagbag.py:541} INFO - Filling up the DagBag from /home/vscode/.local/lib/python3.10/site-packages/airflow/example_dags/example_trigger_target_dag.py
[2025-02-06T16:57:18.155+0000] {processor.py:836} INFO - DAG(s) dict_keys(['example_trigger_target_dag']) retrieved from /home/vscode/.local/lib/python3.10/site-packages/airflow/example_dags/example_trigger_target_dag.py
[2025-02-06T16:57:18.168+0000] {logging_mixin.py:150} INFO - [2025-02-06T16:57:18.168+0000] {dag.py:2742} INFO - Sync 1 DAGs
[2025-02-06T16:57:18.183+0000] {logging_mixin.py:150} INFO - [2025-02-06T16:57:18.183+0000] {dag.py:3504} INFO - Setting next_dagrun for example_trigger_target_dag to None, run_after=None
[2025-02-06T16:57:18.198+0000] {processor.py:179} INFO - Processing /home/vscode/.local/lib/python3.10/site-packages/airflow/example_dags/example_trigger_target_dag.py took 0.052 seconds
[2025-02-06T16:58:02.738+0000] {processor.py:157} INFO - Started process (PID=13999) to work on /home/vscode/.local/lib/python3.10/site-packages/airflow/example_dags/example_trigger_target_dag.py
[2025-02-06T16:58:02.739+0000] {processor.py:826} INFO - Processing file /home/vscode/.local/lib/python3.10/site-packages/airflow/example_dags/example_trigger_target_dag.py for tasks to queue
[2025-02-06T16:58:02.740+0000] {logging_mixin.py:150} INFO - [2025-02-06T16:58:02.739+0000] {dagbag.py:541} INFO - Filling up the DagBag from /home/vscode/.local/lib/python3.10/site-packages/airflow/example_dags/example_trigger_target_dag.py
[2025-02-06T16:58:02.745+0000] {processor.py:836} INFO - DAG(s) dict_keys(['example_trigger_target_dag']) retrieved from /home/vscode/.local/lib/python3.10/site-packages/airflow/example_dags/example_trigger_target_dag.py
[2025-02-06T16:58:02.758+0000] {logging_mixin.py:150} INFO - [2025-02-06T16:58:02.757+0000] {dag.py:2742} INFO - Sync 1 DAGs
[2025-02-06T16:58:02.772+0000] {logging_mixin.py:150} INFO - [2025-02-06T16:58:02.772+0000] {dag.py:3504} INFO - Setting next_dagrun for example_trigger_target_dag to None, run_after=None
[2025-02-06T16:58:02.789+0000] {processor.py:179} INFO - Processing /home/vscode/.local/lib/python3.10/site-packages/airflow/example_dags/example_trigger_target_dag.py took 0.053 seconds
[2025-02-06T18:07:34.822+0000] {processor.py:157} INFO - Started process (PID=4810) to work on /home/vscode/.local/lib/python3.10/site-packages/airflow/example_dags/example_trigger_target_dag.py
[2025-02-06T18:07:34.823+0000] {processor.py:826} INFO - Processing file /home/vscode/.local/lib/python3.10/site-packages/airflow/example_dags/example_trigger_target_dag.py for tasks to queue
[2025-02-06T18:07:34.824+0000] {logging_mixin.py:150} INFO - [2025-02-06T18:07:34.824+0000] {dagbag.py:541} INFO - Filling up the DagBag from /home/vscode/.local/lib/python3.10/site-packages/airflow/example_dags/example_trigger_target_dag.py
[2025-02-06T18:07:34.829+0000] {processor.py:836} INFO - DAG(s) dict_keys(['example_trigger_target_dag']) retrieved from /home/vscode/.local/lib/python3.10/site-packages/airflow/example_dags/example_trigger_target_dag.py
[2025-02-06T18:07:34.953+0000] {logging_mixin.py:150} INFO - [2025-02-06T18:07:34.953+0000] {manager.py:504} INFO - Created Permission View: can read on DAG:example_trigger_target_dag
[2025-02-06T18:07:34.960+0000] {logging_mixin.py:150} INFO - [2025-02-06T18:07:34.960+0000] {manager.py:504} INFO - Created Permission View: can delete on DAG:example_trigger_target_dag
[2025-02-06T18:07:34.965+0000] {logging_mixin.py:150} INFO - [2025-02-06T18:07:34.965+0000] {manager.py:504} INFO - Created Permission View: can edit on DAG:example_trigger_target_dag
[2025-02-06T18:07:34.972+0000] {logging_mixin.py:150} INFO - [2025-02-06T18:07:34.972+0000] {dag.py:2742} INFO - Sync 1 DAGs
[2025-02-06T18:07:34.978+0000] {logging_mixin.py:150} INFO - [2025-02-06T18:07:34.978+0000] {dag.py:2763} INFO - Creating ORM DAG for example_trigger_target_dag
[2025-02-06T18:07:34.984+0000] {logging_mixin.py:150} INFO - [2025-02-06T18:07:34.984+0000] {dag.py:3504} INFO - Setting next_dagrun for example_trigger_target_dag to None, run_after=None
[2025-02-06T18:07:34.996+0000] {processor.py:179} INFO - Processing /home/vscode/.local/lib/python3.10/site-packages/airflow/example_dags/example_trigger_target_dag.py took 0.176 seconds
[2025-02-06T18:08:23.637+0000] {processor.py:157} INFO - Started process (PID=5234) to work on /home/vscode/.local/lib/python3.10/site-packages/airflow/example_dags/example_trigger_target_dag.py
[2025-02-06T18:08:23.638+0000] {processor.py:826} INFO - Processing file /home/vscode/.local/lib/python3.10/site-packages/airflow/example_dags/example_trigger_target_dag.py for tasks to queue
[2025-02-06T18:08:23.639+0000] {logging_mixin.py:150} INFO - [2025-02-06T18:08:23.639+0000] {dagbag.py:541} INFO - Filling up the DagBag from /home/vscode/.local/lib/python3.10/site-packages/airflow/example_dags/example_trigger_target_dag.py
[2025-02-06T18:08:23.643+0000] {processor.py:836} INFO - DAG(s) dict_keys(['example_trigger_target_dag']) retrieved from /home/vscode/.local/lib/python3.10/site-packages/airflow/example_dags/example_trigger_target_dag.py
[2025-02-06T18:08:23.653+0000] {logging_mixin.py:150} INFO - [2025-02-06T18:08:23.653+0000] {dag.py:2742} INFO - Sync 1 DAGs
[2025-02-06T18:08:23.665+0000] {logging_mixin.py:150} INFO - [2025-02-06T18:08:23.665+0000] {dag.py:3504} INFO - Setting next_dagrun for example_trigger_target_dag to None, run_after=None
[2025-02-06T18:08:23.678+0000] {processor.py:179} INFO - Processing /home/vscode/.local/lib/python3.10/site-packages/airflow/example_dags/example_trigger_target_dag.py took 0.043 seconds
