[2025-02-06T16:45:03.298+0000] {processor.py:157} INFO - Started process (PID=8269) to work on /home/vscode/.local/lib/python3.10/site-packages/airflow/example_dags/example_branch_labels.py
[2025-02-06T16:45:03.299+0000] {processor.py:826} INFO - Processing file /home/vscode/.local/lib/python3.10/site-packages/airflow/example_dags/example_branch_labels.py for tasks to queue
[2025-02-06T16:45:03.300+0000] {logging_mixin.py:150} INFO - [2025-02-06T16:45:03.299+0000] {dagbag.py:541} INFO - Filling up the DagBag from /home/vscode/.local/lib/python3.10/site-packages/airflow/example_dags/example_branch_labels.py
[2025-02-06T16:45:03.309+0000] {processor.py:836} INFO - DAG(s) dict_keys(['example_branch_labels']) retrieved from /home/vscode/.local/lib/python3.10/site-packages/airflow/example_dags/example_branch_labels.py
[2025-02-06T16:45:03.494+0000] {logging_mixin.py:150} INFO - [2025-02-06T16:45:03.494+0000] {manager.py:504} INFO - Created Permission View: can read on DAG:example_branch_labels
[2025-02-06T16:45:03.502+0000] {logging_mixin.py:150} INFO - [2025-02-06T16:45:03.501+0000] {manager.py:504} INFO - Created Permission View: can delete on DAG:example_branch_labels
[2025-02-06T16:45:03.507+0000] {logging_mixin.py:150} INFO - [2025-02-06T16:45:03.507+0000] {manager.py:504} INFO - Created Permission View: can edit on DAG:example_branch_labels
[2025-02-06T16:45:03.514+0000] {logging_mixin.py:150} INFO - [2025-02-06T16:45:03.514+0000] {dag.py:2742} INFO - Sync 1 DAGs
[2025-02-06T16:45:03.520+0000] {logging_mixin.py:150} INFO - [2025-02-06T16:45:03.520+0000] {dag.py:2763} INFO - Creating ORM DAG for example_branch_labels
[2025-02-06T16:45:03.527+0000] {logging_mixin.py:150} INFO - [2025-02-06T16:45:03.527+0000] {dag.py:3504} INFO - Setting next_dagrun for example_branch_labels to 2025-02-05T00:00:00+00:00, run_after=2025-02-06T00:00:00+00:00
[2025-02-06T16:45:03.540+0000] {processor.py:179} INFO - Processing /home/vscode/.local/lib/python3.10/site-packages/airflow/example_dags/example_branch_labels.py took 0.244 seconds
[2025-02-06T16:45:51.781+0000] {processor.py:157} INFO - Started process (PID=8596) to work on /home/vscode/.local/lib/python3.10/site-packages/airflow/example_dags/example_branch_labels.py
[2025-02-06T16:45:51.782+0000] {processor.py:826} INFO - Processing file /home/vscode/.local/lib/python3.10/site-packages/airflow/example_dags/example_branch_labels.py for tasks to queue
[2025-02-06T16:45:51.783+0000] {logging_mixin.py:150} INFO - [2025-02-06T16:45:51.783+0000] {dagbag.py:541} INFO - Filling up the DagBag from /home/vscode/.local/lib/python3.10/site-packages/airflow/example_dags/example_branch_labels.py
[2025-02-06T16:45:51.789+0000] {processor.py:836} INFO - DAG(s) dict_keys(['example_branch_labels']) retrieved from /home/vscode/.local/lib/python3.10/site-packages/airflow/example_dags/example_branch_labels.py
[2025-02-06T16:45:51.803+0000] {logging_mixin.py:150} INFO - [2025-02-06T16:45:51.803+0000] {dag.py:2742} INFO - Sync 1 DAGs
[2025-02-06T16:45:51.818+0000] {logging_mixin.py:150} INFO - [2025-02-06T16:45:51.818+0000] {dag.py:3504} INFO - Setting next_dagrun for example_branch_labels to 2025-02-05T00:00:00+00:00, run_after=2025-02-06T00:00:00+00:00
[2025-02-06T16:45:51.832+0000] {processor.py:179} INFO - Processing /home/vscode/.local/lib/python3.10/site-packages/airflow/example_dags/example_branch_labels.py took 0.053 seconds
[2025-02-06T16:46:33.454+0000] {processor.py:157} INFO - Started process (PID=8890) to work on /home/vscode/.local/lib/python3.10/site-packages/airflow/example_dags/example_branch_labels.py
[2025-02-06T16:46:33.455+0000] {processor.py:826} INFO - Processing file /home/vscode/.local/lib/python3.10/site-packages/airflow/example_dags/example_branch_labels.py for tasks to queue
[2025-02-06T16:46:33.455+0000] {logging_mixin.py:150} INFO - [2025-02-06T16:46:33.455+0000] {dagbag.py:541} INFO - Filling up the DagBag from /home/vscode/.local/lib/python3.10/site-packages/airflow/example_dags/example_branch_labels.py
[2025-02-06T16:46:33.462+0000] {processor.py:836} INFO - DAG(s) dict_keys(['example_branch_labels']) retrieved from /home/vscode/.local/lib/python3.10/site-packages/airflow/example_dags/example_branch_labels.py
[2025-02-06T16:46:33.476+0000] {logging_mixin.py:150} INFO - [2025-02-06T16:46:33.476+0000] {dag.py:2742} INFO - Sync 1 DAGs
[2025-02-06T16:46:33.497+0000] {logging_mixin.py:150} INFO - [2025-02-06T16:46:33.497+0000] {dag.py:3504} INFO - Setting next_dagrun for example_branch_labels to 2025-02-05T00:00:00+00:00, run_after=2025-02-06T00:00:00+00:00
[2025-02-06T16:46:33.518+0000] {processor.py:179} INFO - Processing /home/vscode/.local/lib/python3.10/site-packages/airflow/example_dags/example_branch_labels.py took 0.066 seconds
[2025-02-06T16:47:19.556+0000] {processor.py:157} INFO - Started process (PID=9204) to work on /home/vscode/.local/lib/python3.10/site-packages/airflow/example_dags/example_branch_labels.py
[2025-02-06T16:47:19.557+0000] {processor.py:826} INFO - Processing file /home/vscode/.local/lib/python3.10/site-packages/airflow/example_dags/example_branch_labels.py for tasks to queue
[2025-02-06T16:47:19.557+0000] {logging_mixin.py:150} INFO - [2025-02-06T16:47:19.557+0000] {dagbag.py:541} INFO - Filling up the DagBag from /home/vscode/.local/lib/python3.10/site-packages/airflow/example_dags/example_branch_labels.py
[2025-02-06T16:47:19.563+0000] {processor.py:836} INFO - DAG(s) dict_keys(['example_branch_labels']) retrieved from /home/vscode/.local/lib/python3.10/site-packages/airflow/example_dags/example_branch_labels.py
[2025-02-06T16:47:19.577+0000] {logging_mixin.py:150} INFO - [2025-02-06T16:47:19.577+0000] {dag.py:2742} INFO - Sync 1 DAGs
[2025-02-06T16:47:19.593+0000] {logging_mixin.py:150} INFO - [2025-02-06T16:47:19.593+0000] {dag.py:3504} INFO - Setting next_dagrun for example_branch_labels to 2025-02-05T00:00:00+00:00, run_after=2025-02-06T00:00:00+00:00
[2025-02-06T16:47:19.608+0000] {processor.py:179} INFO - Processing /home/vscode/.local/lib/python3.10/site-packages/airflow/example_dags/example_branch_labels.py took 0.055 seconds
[2025-02-06T16:48:05.860+0000] {processor.py:157} INFO - Started process (PID=9512) to work on /home/vscode/.local/lib/python3.10/site-packages/airflow/example_dags/example_branch_labels.py
[2025-02-06T16:48:05.860+0000] {processor.py:826} INFO - Processing file /home/vscode/.local/lib/python3.10/site-packages/airflow/example_dags/example_branch_labels.py for tasks to queue
[2025-02-06T16:48:05.861+0000] {logging_mixin.py:150} INFO - [2025-02-06T16:48:05.861+0000] {dagbag.py:541} INFO - Filling up the DagBag from /home/vscode/.local/lib/python3.10/site-packages/airflow/example_dags/example_branch_labels.py
[2025-02-06T16:48:05.867+0000] {processor.py:836} INFO - DAG(s) dict_keys(['example_branch_labels']) retrieved from /home/vscode/.local/lib/python3.10/site-packages/airflow/example_dags/example_branch_labels.py
[2025-02-06T16:48:05.881+0000] {logging_mixin.py:150} INFO - [2025-02-06T16:48:05.881+0000] {dag.py:2742} INFO - Sync 1 DAGs
[2025-02-06T16:48:05.897+0000] {logging_mixin.py:150} INFO - [2025-02-06T16:48:05.897+0000] {dag.py:3504} INFO - Setting next_dagrun for example_branch_labels to 2025-02-05T00:00:00+00:00, run_after=2025-02-06T00:00:00+00:00
[2025-02-06T16:48:05.912+0000] {processor.py:179} INFO - Processing /home/vscode/.local/lib/python3.10/site-packages/airflow/example_dags/example_branch_labels.py took 0.055 seconds
[2025-02-06T16:48:53.256+0000] {processor.py:157} INFO - Started process (PID=9840) to work on /home/vscode/.local/lib/python3.10/site-packages/airflow/example_dags/example_branch_labels.py
[2025-02-06T16:48:53.257+0000] {processor.py:826} INFO - Processing file /home/vscode/.local/lib/python3.10/site-packages/airflow/example_dags/example_branch_labels.py for tasks to queue
[2025-02-06T16:48:53.258+0000] {logging_mixin.py:150} INFO - [2025-02-06T16:48:53.257+0000] {dagbag.py:541} INFO - Filling up the DagBag from /home/vscode/.local/lib/python3.10/site-packages/airflow/example_dags/example_branch_labels.py
[2025-02-06T16:48:53.265+0000] {processor.py:836} INFO - DAG(s) dict_keys(['example_branch_labels']) retrieved from /home/vscode/.local/lib/python3.10/site-packages/airflow/example_dags/example_branch_labels.py
[2025-02-06T16:48:53.279+0000] {logging_mixin.py:150} INFO - [2025-02-06T16:48:53.279+0000] {dag.py:2742} INFO - Sync 1 DAGs
[2025-02-06T16:48:53.295+0000] {logging_mixin.py:150} INFO - [2025-02-06T16:48:53.295+0000] {dag.py:3504} INFO - Setting next_dagrun for example_branch_labels to 2025-02-05T00:00:00+00:00, run_after=2025-02-06T00:00:00+00:00
[2025-02-06T16:48:53.309+0000] {processor.py:179} INFO - Processing /home/vscode/.local/lib/python3.10/site-packages/airflow/example_dags/example_branch_labels.py took 0.056 seconds
[2025-02-06T16:49:37.089+0000] {processor.py:157} INFO - Started process (PID=10162) to work on /home/vscode/.local/lib/python3.10/site-packages/airflow/example_dags/example_branch_labels.py
[2025-02-06T16:49:37.089+0000] {processor.py:826} INFO - Processing file /home/vscode/.local/lib/python3.10/site-packages/airflow/example_dags/example_branch_labels.py for tasks to queue
[2025-02-06T16:49:37.090+0000] {logging_mixin.py:150} INFO - [2025-02-06T16:49:37.090+0000] {dagbag.py:541} INFO - Filling up the DagBag from /home/vscode/.local/lib/python3.10/site-packages/airflow/example_dags/example_branch_labels.py
[2025-02-06T16:49:37.096+0000] {processor.py:836} INFO - DAG(s) dict_keys(['example_branch_labels']) retrieved from /home/vscode/.local/lib/python3.10/site-packages/airflow/example_dags/example_branch_labels.py
[2025-02-06T16:49:37.111+0000] {logging_mixin.py:150} INFO - [2025-02-06T16:49:37.111+0000] {dag.py:2742} INFO - Sync 1 DAGs
[2025-02-06T16:49:37.126+0000] {logging_mixin.py:150} INFO - [2025-02-06T16:49:37.126+0000] {dag.py:3504} INFO - Setting next_dagrun for example_branch_labels to 2025-02-05T00:00:00+00:00, run_after=2025-02-06T00:00:00+00:00
[2025-02-06T16:49:37.142+0000] {processor.py:179} INFO - Processing /home/vscode/.local/lib/python3.10/site-packages/airflow/example_dags/example_branch_labels.py took 0.056 seconds
[2025-02-06T16:50:16.902+0000] {processor.py:157} INFO - Started process (PID=10469) to work on /home/vscode/.local/lib/python3.10/site-packages/airflow/example_dags/example_branch_labels.py
[2025-02-06T16:50:16.903+0000] {processor.py:826} INFO - Processing file /home/vscode/.local/lib/python3.10/site-packages/airflow/example_dags/example_branch_labels.py for tasks to queue
[2025-02-06T16:50:16.904+0000] {logging_mixin.py:150} INFO - [2025-02-06T16:50:16.904+0000] {dagbag.py:541} INFO - Filling up the DagBag from /home/vscode/.local/lib/python3.10/site-packages/airflow/example_dags/example_branch_labels.py
[2025-02-06T16:50:16.910+0000] {processor.py:836} INFO - DAG(s) dict_keys(['example_branch_labels']) retrieved from /home/vscode/.local/lib/python3.10/site-packages/airflow/example_dags/example_branch_labels.py
[2025-02-06T16:50:16.925+0000] {logging_mixin.py:150} INFO - [2025-02-06T16:50:16.925+0000] {dag.py:2742} INFO - Sync 1 DAGs
[2025-02-06T16:50:16.941+0000] {logging_mixin.py:150} INFO - [2025-02-06T16:50:16.940+0000] {dag.py:3504} INFO - Setting next_dagrun for example_branch_labels to 2025-02-05T00:00:00+00:00, run_after=2025-02-06T00:00:00+00:00
[2025-02-06T16:50:16.956+0000] {processor.py:179} INFO - Processing /home/vscode/.local/lib/python3.10/site-packages/airflow/example_dags/example_branch_labels.py took 0.056 seconds
[2025-02-06T16:51:00.263+0000] {processor.py:157} INFO - Started process (PID=10768) to work on /home/vscode/.local/lib/python3.10/site-packages/airflow/example_dags/example_branch_labels.py
[2025-02-06T16:51:00.264+0000] {processor.py:826} INFO - Processing file /home/vscode/.local/lib/python3.10/site-packages/airflow/example_dags/example_branch_labels.py for tasks to queue
[2025-02-06T16:51:00.265+0000] {logging_mixin.py:150} INFO - [2025-02-06T16:51:00.265+0000] {dagbag.py:541} INFO - Filling up the DagBag from /home/vscode/.local/lib/python3.10/site-packages/airflow/example_dags/example_branch_labels.py
[2025-02-06T16:51:00.271+0000] {processor.py:836} INFO - DAG(s) dict_keys(['example_branch_labels']) retrieved from /home/vscode/.local/lib/python3.10/site-packages/airflow/example_dags/example_branch_labels.py
[2025-02-06T16:51:00.286+0000] {logging_mixin.py:150} INFO - [2025-02-06T16:51:00.286+0000] {dag.py:2742} INFO - Sync 1 DAGs
[2025-02-06T16:51:00.302+0000] {logging_mixin.py:150} INFO - [2025-02-06T16:51:00.302+0000] {dag.py:3504} INFO - Setting next_dagrun for example_branch_labels to 2025-02-05T00:00:00+00:00, run_after=2025-02-06T00:00:00+00:00
[2025-02-06T16:51:00.317+0000] {processor.py:179} INFO - Processing /home/vscode/.local/lib/python3.10/site-packages/airflow/example_dags/example_branch_labels.py took 0.057 seconds
[2025-02-06T16:51:46.400+0000] {processor.py:157} INFO - Started process (PID=11122) to work on /home/vscode/.local/lib/python3.10/site-packages/airflow/example_dags/example_branch_labels.py
[2025-02-06T16:51:46.401+0000] {processor.py:826} INFO - Processing file /home/vscode/.local/lib/python3.10/site-packages/airflow/example_dags/example_branch_labels.py for tasks to queue
[2025-02-06T16:51:46.402+0000] {logging_mixin.py:150} INFO - [2025-02-06T16:51:46.401+0000] {dagbag.py:541} INFO - Filling up the DagBag from /home/vscode/.local/lib/python3.10/site-packages/airflow/example_dags/example_branch_labels.py
[2025-02-06T16:51:46.408+0000] {processor.py:836} INFO - DAG(s) dict_keys(['example_branch_labels']) retrieved from /home/vscode/.local/lib/python3.10/site-packages/airflow/example_dags/example_branch_labels.py
[2025-02-06T16:51:46.422+0000] {logging_mixin.py:150} INFO - [2025-02-06T16:51:46.422+0000] {dag.py:2742} INFO - Sync 1 DAGs
[2025-02-06T16:51:46.437+0000] {logging_mixin.py:150} INFO - [2025-02-06T16:51:46.437+0000] {dag.py:3504} INFO - Setting next_dagrun for example_branch_labels to 2025-02-05T00:00:00+00:00, run_after=2025-02-06T00:00:00+00:00
[2025-02-06T16:51:46.451+0000] {processor.py:179} INFO - Processing /home/vscode/.local/lib/python3.10/site-packages/airflow/example_dags/example_branch_labels.py took 0.053 seconds
[2025-02-06T16:52:28.276+0000] {processor.py:157} INFO - Started process (PID=11410) to work on /home/vscode/.local/lib/python3.10/site-packages/airflow/example_dags/example_branch_labels.py
[2025-02-06T16:52:28.277+0000] {processor.py:826} INFO - Processing file /home/vscode/.local/lib/python3.10/site-packages/airflow/example_dags/example_branch_labels.py for tasks to queue
[2025-02-06T16:52:28.278+0000] {logging_mixin.py:150} INFO - [2025-02-06T16:52:28.277+0000] {dagbag.py:541} INFO - Filling up the DagBag from /home/vscode/.local/lib/python3.10/site-packages/airflow/example_dags/example_branch_labels.py
[2025-02-06T16:52:28.284+0000] {processor.py:836} INFO - DAG(s) dict_keys(['example_branch_labels']) retrieved from /home/vscode/.local/lib/python3.10/site-packages/airflow/example_dags/example_branch_labels.py
[2025-02-06T16:52:28.298+0000] {logging_mixin.py:150} INFO - [2025-02-06T16:52:28.298+0000] {dag.py:2742} INFO - Sync 1 DAGs
[2025-02-06T16:52:28.314+0000] {logging_mixin.py:150} INFO - [2025-02-06T16:52:28.313+0000] {dag.py:3504} INFO - Setting next_dagrun for example_branch_labels to 2025-02-05T00:00:00+00:00, run_after=2025-02-06T00:00:00+00:00
[2025-02-06T16:52:28.329+0000] {processor.py:179} INFO - Processing /home/vscode/.local/lib/python3.10/site-packages/airflow/example_dags/example_branch_labels.py took 0.055 seconds
[2025-02-06T16:53:14.839+0000] {processor.py:157} INFO - Started process (PID=11724) to work on /home/vscode/.local/lib/python3.10/site-packages/airflow/example_dags/example_branch_labels.py
[2025-02-06T16:53:14.840+0000] {processor.py:826} INFO - Processing file /home/vscode/.local/lib/python3.10/site-packages/airflow/example_dags/example_branch_labels.py for tasks to queue
[2025-02-06T16:53:14.841+0000] {logging_mixin.py:150} INFO - [2025-02-06T16:53:14.841+0000] {dagbag.py:541} INFO - Filling up the DagBag from /home/vscode/.local/lib/python3.10/site-packages/airflow/example_dags/example_branch_labels.py
[2025-02-06T16:53:14.847+0000] {processor.py:836} INFO - DAG(s) dict_keys(['example_branch_labels']) retrieved from /home/vscode/.local/lib/python3.10/site-packages/airflow/example_dags/example_branch_labels.py
[2025-02-06T16:53:14.861+0000] {logging_mixin.py:150} INFO - [2025-02-06T16:53:14.861+0000] {dag.py:2742} INFO - Sync 1 DAGs
[2025-02-06T16:53:14.877+0000] {logging_mixin.py:150} INFO - [2025-02-06T16:53:14.877+0000] {dag.py:3504} INFO - Setting next_dagrun for example_branch_labels to 2025-02-05T00:00:00+00:00, run_after=2025-02-06T00:00:00+00:00
[2025-02-06T16:53:14.892+0000] {processor.py:179} INFO - Processing /home/vscode/.local/lib/python3.10/site-packages/airflow/example_dags/example_branch_labels.py took 0.055 seconds
[2025-02-06T16:53:58.402+0000] {processor.py:157} INFO - Started process (PID=12019) to work on /home/vscode/.local/lib/python3.10/site-packages/airflow/example_dags/example_branch_labels.py
[2025-02-06T16:53:58.403+0000] {processor.py:826} INFO - Processing file /home/vscode/.local/lib/python3.10/site-packages/airflow/example_dags/example_branch_labels.py for tasks to queue
[2025-02-06T16:53:58.404+0000] {logging_mixin.py:150} INFO - [2025-02-06T16:53:58.403+0000] {dagbag.py:541} INFO - Filling up the DagBag from /home/vscode/.local/lib/python3.10/site-packages/airflow/example_dags/example_branch_labels.py
[2025-02-06T16:53:58.410+0000] {processor.py:836} INFO - DAG(s) dict_keys(['example_branch_labels']) retrieved from /home/vscode/.local/lib/python3.10/site-packages/airflow/example_dags/example_branch_labels.py
[2025-02-06T16:53:58.424+0000] {logging_mixin.py:150} INFO - [2025-02-06T16:53:58.424+0000] {dag.py:2742} INFO - Sync 1 DAGs
[2025-02-06T16:53:58.439+0000] {logging_mixin.py:150} INFO - [2025-02-06T16:53:58.439+0000] {dag.py:3504} INFO - Setting next_dagrun for example_branch_labels to 2025-02-05T00:00:00+00:00, run_after=2025-02-06T00:00:00+00:00
[2025-02-06T16:53:58.454+0000] {processor.py:179} INFO - Processing /home/vscode/.local/lib/python3.10/site-packages/airflow/example_dags/example_branch_labels.py took 0.054 seconds
[2025-02-06T16:54:47.416+0000] {processor.py:157} INFO - Started process (PID=12421) to work on /home/vscode/.local/lib/python3.10/site-packages/airflow/example_dags/example_branch_labels.py
[2025-02-06T16:54:47.417+0000] {processor.py:826} INFO - Processing file /home/vscode/.local/lib/python3.10/site-packages/airflow/example_dags/example_branch_labels.py for tasks to queue
[2025-02-06T16:54:47.417+0000] {logging_mixin.py:150} INFO - [2025-02-06T16:54:47.417+0000] {dagbag.py:541} INFO - Filling up the DagBag from /home/vscode/.local/lib/python3.10/site-packages/airflow/example_dags/example_branch_labels.py
[2025-02-06T16:54:47.423+0000] {processor.py:836} INFO - DAG(s) dict_keys(['example_branch_labels']) retrieved from /home/vscode/.local/lib/python3.10/site-packages/airflow/example_dags/example_branch_labels.py
[2025-02-06T16:54:47.437+0000] {logging_mixin.py:150} INFO - [2025-02-06T16:54:47.437+0000] {dag.py:2742} INFO - Sync 1 DAGs
[2025-02-06T16:54:47.453+0000] {logging_mixin.py:150} INFO - [2025-02-06T16:54:47.453+0000] {dag.py:3504} INFO - Setting next_dagrun for example_branch_labels to 2025-02-05T00:00:00+00:00, run_after=2025-02-06T00:00:00+00:00
[2025-02-06T16:54:47.467+0000] {processor.py:179} INFO - Processing /home/vscode/.local/lib/python3.10/site-packages/airflow/example_dags/example_branch_labels.py took 0.054 seconds
[2025-02-06T16:55:37.670+0000] {processor.py:157} INFO - Started process (PID=12817) to work on /home/vscode/.local/lib/python3.10/site-packages/airflow/example_dags/example_branch_labels.py
[2025-02-06T16:55:37.671+0000] {processor.py:826} INFO - Processing file /home/vscode/.local/lib/python3.10/site-packages/airflow/example_dags/example_branch_labels.py for tasks to queue
[2025-02-06T16:55:37.672+0000] {logging_mixin.py:150} INFO - [2025-02-06T16:55:37.671+0000] {dagbag.py:541} INFO - Filling up the DagBag from /home/vscode/.local/lib/python3.10/site-packages/airflow/example_dags/example_branch_labels.py
[2025-02-06T16:55:37.678+0000] {processor.py:836} INFO - DAG(s) dict_keys(['example_branch_labels']) retrieved from /home/vscode/.local/lib/python3.10/site-packages/airflow/example_dags/example_branch_labels.py
[2025-02-06T16:55:37.692+0000] {logging_mixin.py:150} INFO - [2025-02-06T16:55:37.692+0000] {dag.py:2742} INFO - Sync 1 DAGs
[2025-02-06T16:55:37.708+0000] {logging_mixin.py:150} INFO - [2025-02-06T16:55:37.708+0000] {dag.py:3504} INFO - Setting next_dagrun for example_branch_labels to 2025-02-05T00:00:00+00:00, run_after=2025-02-06T00:00:00+00:00
[2025-02-06T16:55:37.722+0000] {processor.py:179} INFO - Processing /home/vscode/.local/lib/python3.10/site-packages/airflow/example_dags/example_branch_labels.py took 0.055 seconds
[2025-02-06T16:56:24.204+0000] {processor.py:157} INFO - Started process (PID=13254) to work on /home/vscode/.local/lib/python3.10/site-packages/airflow/example_dags/example_branch_labels.py
[2025-02-06T16:56:24.205+0000] {processor.py:826} INFO - Processing file /home/vscode/.local/lib/python3.10/site-packages/airflow/example_dags/example_branch_labels.py for tasks to queue
[2025-02-06T16:56:24.206+0000] {logging_mixin.py:150} INFO - [2025-02-06T16:56:24.206+0000] {dagbag.py:541} INFO - Filling up the DagBag from /home/vscode/.local/lib/python3.10/site-packages/airflow/example_dags/example_branch_labels.py
[2025-02-06T16:56:24.212+0000] {processor.py:836} INFO - DAG(s) dict_keys(['example_branch_labels']) retrieved from /home/vscode/.local/lib/python3.10/site-packages/airflow/example_dags/example_branch_labels.py
[2025-02-06T16:56:24.226+0000] {logging_mixin.py:150} INFO - [2025-02-06T16:56:24.226+0000] {dag.py:2742} INFO - Sync 1 DAGs
[2025-02-06T16:56:24.242+0000] {logging_mixin.py:150} INFO - [2025-02-06T16:56:24.242+0000] {dag.py:3504} INFO - Setting next_dagrun for example_branch_labels to 2025-02-05T00:00:00+00:00, run_after=2025-02-06T00:00:00+00:00
[2025-02-06T16:56:24.258+0000] {processor.py:179} INFO - Processing /home/vscode/.local/lib/python3.10/site-packages/airflow/example_dags/example_branch_labels.py took 0.056 seconds
[2025-02-06T16:57:08.499+0000] {processor.py:157} INFO - Started process (PID=13596) to work on /home/vscode/.local/lib/python3.10/site-packages/airflow/example_dags/example_branch_labels.py
[2025-02-06T16:57:08.500+0000] {processor.py:826} INFO - Processing file /home/vscode/.local/lib/python3.10/site-packages/airflow/example_dags/example_branch_labels.py for tasks to queue
[2025-02-06T16:57:08.501+0000] {logging_mixin.py:150} INFO - [2025-02-06T16:57:08.500+0000] {dagbag.py:541} INFO - Filling up the DagBag from /home/vscode/.local/lib/python3.10/site-packages/airflow/example_dags/example_branch_labels.py
[2025-02-06T16:57:08.507+0000] {processor.py:836} INFO - DAG(s) dict_keys(['example_branch_labels']) retrieved from /home/vscode/.local/lib/python3.10/site-packages/airflow/example_dags/example_branch_labels.py
[2025-02-06T16:57:08.521+0000] {logging_mixin.py:150} INFO - [2025-02-06T16:57:08.521+0000] {dag.py:2742} INFO - Sync 1 DAGs
[2025-02-06T16:57:08.537+0000] {logging_mixin.py:150} INFO - [2025-02-06T16:57:08.537+0000] {dag.py:3504} INFO - Setting next_dagrun for example_branch_labels to 2025-02-05T00:00:00+00:00, run_after=2025-02-06T00:00:00+00:00
[2025-02-06T16:57:08.552+0000] {processor.py:179} INFO - Processing /home/vscode/.local/lib/python3.10/site-packages/airflow/example_dags/example_branch_labels.py took 0.055 seconds
[2025-02-06T16:57:53.018+0000] {processor.py:157} INFO - Started process (PID=13929) to work on /home/vscode/.local/lib/python3.10/site-packages/airflow/example_dags/example_branch_labels.py
[2025-02-06T16:57:53.019+0000] {processor.py:826} INFO - Processing file /home/vscode/.local/lib/python3.10/site-packages/airflow/example_dags/example_branch_labels.py for tasks to queue
[2025-02-06T16:57:53.021+0000] {logging_mixin.py:150} INFO - [2025-02-06T16:57:53.020+0000] {dagbag.py:541} INFO - Filling up the DagBag from /home/vscode/.local/lib/python3.10/site-packages/airflow/example_dags/example_branch_labels.py
[2025-02-06T16:57:53.029+0000] {processor.py:836} INFO - DAG(s) dict_keys(['example_branch_labels']) retrieved from /home/vscode/.local/lib/python3.10/site-packages/airflow/example_dags/example_branch_labels.py
[2025-02-06T16:57:53.044+0000] {logging_mixin.py:150} INFO - [2025-02-06T16:57:53.044+0000] {dag.py:2742} INFO - Sync 1 DAGs
[2025-02-06T16:57:53.067+0000] {logging_mixin.py:150} INFO - [2025-02-06T16:57:53.067+0000] {dag.py:3504} INFO - Setting next_dagrun for example_branch_labels to 2025-02-05T00:00:00+00:00, run_after=2025-02-06T00:00:00+00:00
[2025-02-06T16:57:53.085+0000] {processor.py:179} INFO - Processing /home/vscode/.local/lib/python3.10/site-packages/airflow/example_dags/example_branch_labels.py took 0.070 seconds
[2025-02-06T18:07:54.278+0000] {processor.py:157} INFO - Started process (PID=5006) to work on /home/vscode/.local/lib/python3.10/site-packages/airflow/example_dags/example_branch_labels.py
[2025-02-06T18:07:54.279+0000] {processor.py:826} INFO - Processing file /home/vscode/.local/lib/python3.10/site-packages/airflow/example_dags/example_branch_labels.py for tasks to queue
[2025-02-06T18:07:54.280+0000] {logging_mixin.py:150} INFO - [2025-02-06T18:07:54.279+0000] {dagbag.py:541} INFO - Filling up the DagBag from /home/vscode/.local/lib/python3.10/site-packages/airflow/example_dags/example_branch_labels.py
[2025-02-06T18:07:54.286+0000] {processor.py:836} INFO - DAG(s) dict_keys(['example_branch_labels']) retrieved from /home/vscode/.local/lib/python3.10/site-packages/airflow/example_dags/example_branch_labels.py
[2025-02-06T18:07:54.412+0000] {logging_mixin.py:150} INFO - [2025-02-06T18:07:54.411+0000] {manager.py:504} INFO - Created Permission View: can read on DAG:example_branch_labels
[2025-02-06T18:07:54.418+0000] {logging_mixin.py:150} INFO - [2025-02-06T18:07:54.418+0000] {manager.py:504} INFO - Created Permission View: can delete on DAG:example_branch_labels
[2025-02-06T18:07:54.423+0000] {logging_mixin.py:150} INFO - [2025-02-06T18:07:54.423+0000] {manager.py:504} INFO - Created Permission View: can edit on DAG:example_branch_labels
[2025-02-06T18:07:54.430+0000] {logging_mixin.py:150} INFO - [2025-02-06T18:07:54.430+0000] {dag.py:2742} INFO - Sync 1 DAGs
[2025-02-06T18:07:54.438+0000] {logging_mixin.py:150} INFO - [2025-02-06T18:07:54.438+0000] {dag.py:2763} INFO - Creating ORM DAG for example_branch_labels
[2025-02-06T18:07:54.445+0000] {logging_mixin.py:150} INFO - [2025-02-06T18:07:54.445+0000] {dag.py:3504} INFO - Setting next_dagrun for example_branch_labels to 2025-02-05T00:00:00+00:00, run_after=2025-02-06T00:00:00+00:00
[2025-02-06T18:07:54.456+0000] {processor.py:179} INFO - Processing /home/vscode/.local/lib/python3.10/site-packages/airflow/example_dags/example_branch_labels.py took 0.180 seconds
