[2025-02-06T16:44:38.040+0000] {processor.py:157} INFO - Started process (PID=8102) to work on /home/vscode/.local/lib/python3.10/site-packages/airflow/example_dags/example_sla_dag.py
[2025-02-06T16:44:38.040+0000] {processor.py:826} INFO - Processing file /home/vscode/.local/lib/python3.10/site-packages/airflow/example_dags/example_sla_dag.py for tasks to queue
[2025-02-06T16:44:38.041+0000] {logging_mixin.py:150} INFO - [2025-02-06T16:44:38.041+0000] {dagbag.py:541} INFO - Filling up the DagBag from /home/vscode/.local/lib/python3.10/site-packages/airflow/example_dags/example_sla_dag.py
[2025-02-06T16:44:38.048+0000] {processor.py:836} INFO - DAG(s) dict_keys(['example_sla_dag']) retrieved from /home/vscode/.local/lib/python3.10/site-packages/airflow/example_dags/example_sla_dag.py
[2025-02-06T16:44:38.206+0000] {logging_mixin.py:150} INFO - [2025-02-06T16:44:38.206+0000] {manager.py:504} INFO - Created Permission View: can read on DAG:example_sla_dag
[2025-02-06T16:44:38.213+0000] {logging_mixin.py:150} INFO - [2025-02-06T16:44:38.213+0000] {manager.py:504} INFO - Created Permission View: can delete on DAG:example_sla_dag
[2025-02-06T16:44:38.219+0000] {logging_mixin.py:150} INFO - [2025-02-06T16:44:38.218+0000] {manager.py:504} INFO - Created Permission View: can edit on DAG:example_sla_dag
[2025-02-06T16:44:38.227+0000] {logging_mixin.py:150} INFO - [2025-02-06T16:44:38.227+0000] {dag.py:2742} INFO - Sync 1 DAGs
[2025-02-06T16:44:38.234+0000] {logging_mixin.py:150} INFO - [2025-02-06T16:44:38.233+0000] {dag.py:2763} INFO - Creating ORM DAG for example_sla_dag
[2025-02-06T16:44:38.242+0000] {logging_mixin.py:150} INFO - [2025-02-06T16:44:38.242+0000] {dag.py:3504} INFO - Setting next_dagrun for example_sla_dag to 2025-02-06T16:42:00+00:00, run_after=2025-02-06T16:44:00+00:00
[2025-02-06T16:44:38.254+0000] {processor.py:179} INFO - Processing /home/vscode/.local/lib/python3.10/site-packages/airflow/example_dags/example_sla_dag.py took 0.217 seconds
[2025-02-06T16:45:30.336+0000] {processor.py:157} INFO - Started process (PID=8455) to work on /home/vscode/.local/lib/python3.10/site-packages/airflow/example_dags/example_sla_dag.py
[2025-02-06T16:45:30.336+0000] {processor.py:826} INFO - Processing file /home/vscode/.local/lib/python3.10/site-packages/airflow/example_dags/example_sla_dag.py for tasks to queue
[2025-02-06T16:45:30.337+0000] {logging_mixin.py:150} INFO - [2025-02-06T16:45:30.337+0000] {dagbag.py:541} INFO - Filling up the DagBag from /home/vscode/.local/lib/python3.10/site-packages/airflow/example_dags/example_sla_dag.py
[2025-02-06T16:45:30.344+0000] {processor.py:836} INFO - DAG(s) dict_keys(['example_sla_dag']) retrieved from /home/vscode/.local/lib/python3.10/site-packages/airflow/example_dags/example_sla_dag.py
[2025-02-06T16:45:30.357+0000] {logging_mixin.py:150} INFO - [2025-02-06T16:45:30.357+0000] {dag.py:2742} INFO - Sync 1 DAGs
[2025-02-06T16:45:30.374+0000] {logging_mixin.py:150} INFO - [2025-02-06T16:45:30.374+0000] {dag.py:3504} INFO - Setting next_dagrun for example_sla_dag to 2025-02-06T16:42:00+00:00, run_after=2025-02-06T16:44:00+00:00
[2025-02-06T16:45:30.389+0000] {processor.py:179} INFO - Processing /home/vscode/.local/lib/python3.10/site-packages/airflow/example_dags/example_sla_dag.py took 0.056 seconds
[2025-02-06T16:46:06.487+0000] {processor.py:157} INFO - Started process (PID=8704) to work on /home/vscode/.local/lib/python3.10/site-packages/airflow/example_dags/example_sla_dag.py
[2025-02-06T16:46:06.488+0000] {processor.py:826} INFO - Processing file /home/vscode/.local/lib/python3.10/site-packages/airflow/example_dags/example_sla_dag.py for tasks to queue
[2025-02-06T16:46:06.489+0000] {logging_mixin.py:150} INFO - [2025-02-06T16:46:06.488+0000] {dagbag.py:541} INFO - Filling up the DagBag from /home/vscode/.local/lib/python3.10/site-packages/airflow/example_dags/example_sla_dag.py
[2025-02-06T16:46:06.495+0000] {processor.py:836} INFO - DAG(s) dict_keys(['example_sla_dag']) retrieved from /home/vscode/.local/lib/python3.10/site-packages/airflow/example_dags/example_sla_dag.py
[2025-02-06T16:46:06.508+0000] {logging_mixin.py:150} INFO - [2025-02-06T16:46:06.508+0000] {dag.py:2742} INFO - Sync 1 DAGs
[2025-02-06T16:46:06.525+0000] {logging_mixin.py:150} INFO - [2025-02-06T16:46:06.525+0000] {dag.py:3504} INFO - Setting next_dagrun for example_sla_dag to 2025-02-06T16:44:00+00:00, run_after=2025-02-06T16:46:00+00:00
[2025-02-06T16:46:06.541+0000] {processor.py:179} INFO - Processing /home/vscode/.local/lib/python3.10/site-packages/airflow/example_dags/example_sla_dag.py took 0.056 seconds
[2025-02-06T16:46:48.138+0000] {processor.py:157} INFO - Started process (PID=8988) to work on /home/vscode/.local/lib/python3.10/site-packages/airflow/example_dags/example_sla_dag.py
[2025-02-06T16:46:48.139+0000] {processor.py:826} INFO - Processing file /home/vscode/.local/lib/python3.10/site-packages/airflow/example_dags/example_sla_dag.py for tasks to queue
[2025-02-06T16:46:48.140+0000] {logging_mixin.py:150} INFO - [2025-02-06T16:46:48.140+0000] {dagbag.py:541} INFO - Filling up the DagBag from /home/vscode/.local/lib/python3.10/site-packages/airflow/example_dags/example_sla_dag.py
[2025-02-06T16:46:48.147+0000] {processor.py:836} INFO - DAG(s) dict_keys(['example_sla_dag']) retrieved from /home/vscode/.local/lib/python3.10/site-packages/airflow/example_dags/example_sla_dag.py
[2025-02-06T16:46:48.160+0000] {logging_mixin.py:150} INFO - [2025-02-06T16:46:48.160+0000] {dag.py:2742} INFO - Sync 1 DAGs
[2025-02-06T16:46:48.177+0000] {logging_mixin.py:150} INFO - [2025-02-06T16:46:48.177+0000] {dag.py:3504} INFO - Setting next_dagrun for example_sla_dag to 2025-02-06T16:44:00+00:00, run_after=2025-02-06T16:46:00+00:00
[2025-02-06T16:46:48.193+0000] {processor.py:179} INFO - Processing /home/vscode/.local/lib/python3.10/site-packages/airflow/example_dags/example_sla_dag.py took 0.057 seconds
[2025-02-06T16:47:31.535+0000] {processor.py:157} INFO - Started process (PID=9286) to work on /home/vscode/.local/lib/python3.10/site-packages/airflow/example_dags/example_sla_dag.py
[2025-02-06T16:47:31.537+0000] {processor.py:826} INFO - Processing file /home/vscode/.local/lib/python3.10/site-packages/airflow/example_dags/example_sla_dag.py for tasks to queue
[2025-02-06T16:47:31.538+0000] {logging_mixin.py:150} INFO - [2025-02-06T16:47:31.538+0000] {dagbag.py:541} INFO - Filling up the DagBag from /home/vscode/.local/lib/python3.10/site-packages/airflow/example_dags/example_sla_dag.py
[2025-02-06T16:47:31.548+0000] {processor.py:836} INFO - DAG(s) dict_keys(['example_sla_dag']) retrieved from /home/vscode/.local/lib/python3.10/site-packages/airflow/example_dags/example_sla_dag.py
[2025-02-06T16:47:31.562+0000] {logging_mixin.py:150} INFO - [2025-02-06T16:47:31.562+0000] {dag.py:2742} INFO - Sync 1 DAGs
[2025-02-06T16:47:31.580+0000] {logging_mixin.py:150} INFO - [2025-02-06T16:47:31.580+0000] {dag.py:3504} INFO - Setting next_dagrun for example_sla_dag to 2025-02-06T16:44:00+00:00, run_after=2025-02-06T16:46:00+00:00
[2025-02-06T16:47:31.595+0000] {processor.py:179} INFO - Processing /home/vscode/.local/lib/python3.10/site-packages/airflow/example_dags/example_sla_dag.py took 0.063 seconds
[2025-02-06T16:48:15.969+0000] {processor.py:157} INFO - Started process (PID=9582) to work on /home/vscode/.local/lib/python3.10/site-packages/airflow/example_dags/example_sla_dag.py
[2025-02-06T16:48:15.970+0000] {processor.py:826} INFO - Processing file /home/vscode/.local/lib/python3.10/site-packages/airflow/example_dags/example_sla_dag.py for tasks to queue
[2025-02-06T16:48:15.971+0000] {logging_mixin.py:150} INFO - [2025-02-06T16:48:15.970+0000] {dagbag.py:541} INFO - Filling up the DagBag from /home/vscode/.local/lib/python3.10/site-packages/airflow/example_dags/example_sla_dag.py
[2025-02-06T16:48:15.978+0000] {processor.py:836} INFO - DAG(s) dict_keys(['example_sla_dag']) retrieved from /home/vscode/.local/lib/python3.10/site-packages/airflow/example_dags/example_sla_dag.py
[2025-02-06T16:48:15.990+0000] {logging_mixin.py:150} INFO - [2025-02-06T16:48:15.990+0000] {dag.py:2742} INFO - Sync 1 DAGs
[2025-02-06T16:48:16.006+0000] {logging_mixin.py:150} INFO - [2025-02-06T16:48:16.006+0000] {dag.py:3504} INFO - Setting next_dagrun for example_sla_dag to 2025-02-06T16:46:00+00:00, run_after=2025-02-06T16:48:00+00:00
[2025-02-06T16:48:16.021+0000] {processor.py:179} INFO - Processing /home/vscode/.local/lib/python3.10/site-packages/airflow/example_dags/example_sla_dag.py took 0.054 seconds
[2025-02-06T16:49:01.106+0000] {processor.py:157} INFO - Started process (PID=9893) to work on /home/vscode/.local/lib/python3.10/site-packages/airflow/example_dags/example_sla_dag.py
[2025-02-06T16:49:01.107+0000] {processor.py:826} INFO - Processing file /home/vscode/.local/lib/python3.10/site-packages/airflow/example_dags/example_sla_dag.py for tasks to queue
[2025-02-06T16:49:01.108+0000] {logging_mixin.py:150} INFO - [2025-02-06T16:49:01.108+0000] {dagbag.py:541} INFO - Filling up the DagBag from /home/vscode/.local/lib/python3.10/site-packages/airflow/example_dags/example_sla_dag.py
[2025-02-06T16:49:01.118+0000] {processor.py:836} INFO - DAG(s) dict_keys(['example_sla_dag']) retrieved from /home/vscode/.local/lib/python3.10/site-packages/airflow/example_dags/example_sla_dag.py
[2025-02-06T16:49:01.137+0000] {logging_mixin.py:150} INFO - [2025-02-06T16:49:01.137+0000] {dag.py:2742} INFO - Sync 1 DAGs
[2025-02-06T16:49:01.155+0000] {logging_mixin.py:150} INFO - [2025-02-06T16:49:01.155+0000] {dag.py:3504} INFO - Setting next_dagrun for example_sla_dag to 2025-02-06T16:46:00+00:00, run_after=2025-02-06T16:48:00+00:00
[2025-02-06T16:49:01.169+0000] {processor.py:179} INFO - Processing /home/vscode/.local/lib/python3.10/site-packages/airflow/example_dags/example_sla_dag.py took 0.066 seconds
[2025-02-06T16:49:44.354+0000] {processor.py:157} INFO - Started process (PID=10221) to work on /home/vscode/.local/lib/python3.10/site-packages/airflow/example_dags/example_sla_dag.py
[2025-02-06T16:49:44.355+0000] {processor.py:826} INFO - Processing file /home/vscode/.local/lib/python3.10/site-packages/airflow/example_dags/example_sla_dag.py for tasks to queue
[2025-02-06T16:49:44.356+0000] {logging_mixin.py:150} INFO - [2025-02-06T16:49:44.355+0000] {dagbag.py:541} INFO - Filling up the DagBag from /home/vscode/.local/lib/python3.10/site-packages/airflow/example_dags/example_sla_dag.py
[2025-02-06T16:49:44.363+0000] {processor.py:836} INFO - DAG(s) dict_keys(['example_sla_dag']) retrieved from /home/vscode/.local/lib/python3.10/site-packages/airflow/example_dags/example_sla_dag.py
[2025-02-06T16:49:44.375+0000] {logging_mixin.py:150} INFO - [2025-02-06T16:49:44.375+0000] {dag.py:2742} INFO - Sync 1 DAGs
[2025-02-06T16:49:44.391+0000] {logging_mixin.py:150} INFO - [2025-02-06T16:49:44.391+0000] {dag.py:3504} INFO - Setting next_dagrun for example_sla_dag to 2025-02-06T16:46:00+00:00, run_after=2025-02-06T16:48:00+00:00
[2025-02-06T16:49:44.406+0000] {processor.py:179} INFO - Processing /home/vscode/.local/lib/python3.10/site-packages/airflow/example_dags/example_sla_dag.py took 0.054 seconds
[2025-02-06T16:50:22.052+0000] {processor.py:157} INFO - Started process (PID=10512) to work on /home/vscode/.local/lib/python3.10/site-packages/airflow/example_dags/example_sla_dag.py
[2025-02-06T16:50:22.054+0000] {processor.py:826} INFO - Processing file /home/vscode/.local/lib/python3.10/site-packages/airflow/example_dags/example_sla_dag.py for tasks to queue
[2025-02-06T16:50:22.055+0000] {logging_mixin.py:150} INFO - [2025-02-06T16:50:22.055+0000] {dagbag.py:541} INFO - Filling up the DagBag from /home/vscode/.local/lib/python3.10/site-packages/airflow/example_dags/example_sla_dag.py
[2025-02-06T16:50:22.064+0000] {processor.py:836} INFO - DAG(s) dict_keys(['example_sla_dag']) retrieved from /home/vscode/.local/lib/python3.10/site-packages/airflow/example_dags/example_sla_dag.py
[2025-02-06T16:50:22.079+0000] {logging_mixin.py:150} INFO - [2025-02-06T16:50:22.079+0000] {dag.py:2742} INFO - Sync 1 DAGs
[2025-02-06T16:50:22.097+0000] {logging_mixin.py:150} INFO - [2025-02-06T16:50:22.097+0000] {dag.py:3504} INFO - Setting next_dagrun for example_sla_dag to 2025-02-06T16:48:00+00:00, run_after=2025-02-06T16:50:00+00:00
[2025-02-06T16:50:22.111+0000] {processor.py:179} INFO - Processing /home/vscode/.local/lib/python3.10/site-packages/airflow/example_dags/example_sla_dag.py took 0.062 seconds
[2025-02-06T16:51:07.100+0000] {processor.py:157} INFO - Started process (PID=10857) to work on /home/vscode/.local/lib/python3.10/site-packages/airflow/example_dags/example_sla_dag.py
[2025-02-06T16:51:07.101+0000] {processor.py:826} INFO - Processing file /home/vscode/.local/lib/python3.10/site-packages/airflow/example_dags/example_sla_dag.py for tasks to queue
[2025-02-06T16:51:07.101+0000] {logging_mixin.py:150} INFO - [2025-02-06T16:51:07.101+0000] {dagbag.py:541} INFO - Filling up the DagBag from /home/vscode/.local/lib/python3.10/site-packages/airflow/example_dags/example_sla_dag.py
[2025-02-06T16:51:07.109+0000] {processor.py:836} INFO - DAG(s) dict_keys(['example_sla_dag']) retrieved from /home/vscode/.local/lib/python3.10/site-packages/airflow/example_dags/example_sla_dag.py
[2025-02-06T16:51:07.122+0000] {logging_mixin.py:150} INFO - [2025-02-06T16:51:07.121+0000] {dag.py:2742} INFO - Sync 1 DAGs
[2025-02-06T16:51:07.139+0000] {logging_mixin.py:150} INFO - [2025-02-06T16:51:07.139+0000] {dag.py:3504} INFO - Setting next_dagrun for example_sla_dag to 2025-02-06T16:48:00+00:00, run_after=2025-02-06T16:50:00+00:00
[2025-02-06T16:51:07.154+0000] {processor.py:179} INFO - Processing /home/vscode/.local/lib/python3.10/site-packages/airflow/example_dags/example_sla_dag.py took 0.057 seconds
[2025-02-06T16:51:49.656+0000] {processor.py:157} INFO - Started process (PID=11143) to work on /home/vscode/.local/lib/python3.10/site-packages/airflow/example_dags/example_sla_dag.py
[2025-02-06T16:51:49.656+0000] {processor.py:826} INFO - Processing file /home/vscode/.local/lib/python3.10/site-packages/airflow/example_dags/example_sla_dag.py for tasks to queue
[2025-02-06T16:51:49.657+0000] {logging_mixin.py:150} INFO - [2025-02-06T16:51:49.657+0000] {dagbag.py:541} INFO - Filling up the DagBag from /home/vscode/.local/lib/python3.10/site-packages/airflow/example_dags/example_sla_dag.py
[2025-02-06T16:51:49.664+0000] {processor.py:836} INFO - DAG(s) dict_keys(['example_sla_dag']) retrieved from /home/vscode/.local/lib/python3.10/site-packages/airflow/example_dags/example_sla_dag.py
[2025-02-06T16:51:49.676+0000] {logging_mixin.py:150} INFO - [2025-02-06T16:51:49.676+0000] {dag.py:2742} INFO - Sync 1 DAGs
[2025-02-06T16:51:49.693+0000] {logging_mixin.py:150} INFO - [2025-02-06T16:51:49.693+0000] {dag.py:3504} INFO - Setting next_dagrun for example_sla_dag to 2025-02-06T16:48:00+00:00, run_after=2025-02-06T16:50:00+00:00
[2025-02-06T16:51:49.708+0000] {processor.py:179} INFO - Processing /home/vscode/.local/lib/python3.10/site-packages/airflow/example_dags/example_sla_dag.py took 0.055 seconds
[2025-02-06T16:52:34.985+0000] {processor.py:157} INFO - Started process (PID=11455) to work on /home/vscode/.local/lib/python3.10/site-packages/airflow/example_dags/example_sla_dag.py
[2025-02-06T16:52:34.986+0000] {processor.py:826} INFO - Processing file /home/vscode/.local/lib/python3.10/site-packages/airflow/example_dags/example_sla_dag.py for tasks to queue
[2025-02-06T16:52:34.987+0000] {logging_mixin.py:150} INFO - [2025-02-06T16:52:34.987+0000] {dagbag.py:541} INFO - Filling up the DagBag from /home/vscode/.local/lib/python3.10/site-packages/airflow/example_dags/example_sla_dag.py
[2025-02-06T16:52:34.995+0000] {processor.py:836} INFO - DAG(s) dict_keys(['example_sla_dag']) retrieved from /home/vscode/.local/lib/python3.10/site-packages/airflow/example_dags/example_sla_dag.py
[2025-02-06T16:52:35.011+0000] {logging_mixin.py:150} INFO - [2025-02-06T16:52:35.011+0000] {dag.py:2742} INFO - Sync 1 DAGs
[2025-02-06T16:52:35.033+0000] {logging_mixin.py:150} INFO - [2025-02-06T16:52:35.033+0000] {dag.py:3504} INFO - Setting next_dagrun for example_sla_dag to 2025-02-06T16:50:00+00:00, run_after=2025-02-06T16:52:00+00:00
[2025-02-06T16:52:35.052+0000] {processor.py:179} INFO - Processing /home/vscode/.local/lib/python3.10/site-packages/airflow/example_dags/example_sla_dag.py took 0.070 seconds
[2025-02-06T16:53:07.422+0000] {processor.py:157} INFO - Started process (PID=11671) to work on /home/vscode/.local/lib/python3.10/site-packages/airflow/example_dags/example_sla_dag.py
[2025-02-06T16:53:07.423+0000] {processor.py:826} INFO - Processing file /home/vscode/.local/lib/python3.10/site-packages/airflow/example_dags/example_sla_dag.py for tasks to queue
[2025-02-06T16:53:07.423+0000] {logging_mixin.py:150} INFO - [2025-02-06T16:53:07.423+0000] {dagbag.py:541} INFO - Filling up the DagBag from /home/vscode/.local/lib/python3.10/site-packages/airflow/example_dags/example_sla_dag.py
[2025-02-06T16:53:07.430+0000] {processor.py:836} INFO - DAG(s) dict_keys(['example_sla_dag']) retrieved from /home/vscode/.local/lib/python3.10/site-packages/airflow/example_dags/example_sla_dag.py
[2025-02-06T16:53:07.446+0000] {logging_mixin.py:150} INFO - [2025-02-06T16:53:07.446+0000] {dag.py:2742} INFO - Sync 1 DAGs
[2025-02-06T16:53:07.463+0000] {logging_mixin.py:150} INFO - [2025-02-06T16:53:07.462+0000] {dag.py:3504} INFO - Setting next_dagrun for example_sla_dag to 2025-02-06T16:50:00+00:00, run_after=2025-02-06T16:52:00+00:00
[2025-02-06T16:53:07.478+0000] {processor.py:179} INFO - Processing /home/vscode/.local/lib/python3.10/site-packages/airflow/example_dags/example_sla_dag.py took 0.059 seconds
[2025-02-06T16:53:50.483+0000] {processor.py:157} INFO - Started process (PID=11961) to work on /home/vscode/.local/lib/python3.10/site-packages/airflow/example_dags/example_sla_dag.py
[2025-02-06T16:53:50.484+0000] {processor.py:826} INFO - Processing file /home/vscode/.local/lib/python3.10/site-packages/airflow/example_dags/example_sla_dag.py for tasks to queue
[2025-02-06T16:53:50.485+0000] {logging_mixin.py:150} INFO - [2025-02-06T16:53:50.485+0000] {dagbag.py:541} INFO - Filling up the DagBag from /home/vscode/.local/lib/python3.10/site-packages/airflow/example_dags/example_sla_dag.py
[2025-02-06T16:53:50.492+0000] {processor.py:836} INFO - DAG(s) dict_keys(['example_sla_dag']) retrieved from /home/vscode/.local/lib/python3.10/site-packages/airflow/example_dags/example_sla_dag.py
[2025-02-06T16:53:50.505+0000] {logging_mixin.py:150} INFO - [2025-02-06T16:53:50.505+0000] {dag.py:2742} INFO - Sync 1 DAGs
[2025-02-06T16:53:50.522+0000] {logging_mixin.py:150} INFO - [2025-02-06T16:53:50.522+0000] {dag.py:3504} INFO - Setting next_dagrun for example_sla_dag to 2025-02-06T16:50:00+00:00, run_after=2025-02-06T16:52:00+00:00
[2025-02-06T16:53:50.537+0000] {processor.py:179} INFO - Processing /home/vscode/.local/lib/python3.10/site-packages/airflow/example_dags/example_sla_dag.py took 0.056 seconds
[2025-02-06T16:54:27.253+0000] {processor.py:157} INFO - Started process (PID=12272) to work on /home/vscode/.local/lib/python3.10/site-packages/airflow/example_dags/example_sla_dag.py
[2025-02-06T16:54:27.253+0000] {processor.py:826} INFO - Processing file /home/vscode/.local/lib/python3.10/site-packages/airflow/example_dags/example_sla_dag.py for tasks to queue
[2025-02-06T16:54:27.254+0000] {logging_mixin.py:150} INFO - [2025-02-06T16:54:27.254+0000] {dagbag.py:541} INFO - Filling up the DagBag from /home/vscode/.local/lib/python3.10/site-packages/airflow/example_dags/example_sla_dag.py
[2025-02-06T16:54:27.263+0000] {processor.py:836} INFO - DAG(s) dict_keys(['example_sla_dag']) retrieved from /home/vscode/.local/lib/python3.10/site-packages/airflow/example_dags/example_sla_dag.py
[2025-02-06T16:54:27.281+0000] {logging_mixin.py:150} INFO - [2025-02-06T16:54:27.280+0000] {dag.py:2742} INFO - Sync 1 DAGs
[2025-02-06T16:54:27.298+0000] {logging_mixin.py:150} INFO - [2025-02-06T16:54:27.298+0000] {dag.py:3504} INFO - Setting next_dagrun for example_sla_dag to 2025-02-06T16:52:00+00:00, run_after=2025-02-06T16:54:00+00:00
[2025-02-06T16:54:27.312+0000] {processor.py:179} INFO - Processing /home/vscode/.local/lib/python3.10/site-packages/airflow/example_dags/example_sla_dag.py took 0.062 seconds
[2025-02-06T16:55:14.807+0000] {processor.py:157} INFO - Started process (PID=12629) to work on /home/vscode/.local/lib/python3.10/site-packages/airflow/example_dags/example_sla_dag.py
[2025-02-06T16:55:14.807+0000] {processor.py:826} INFO - Processing file /home/vscode/.local/lib/python3.10/site-packages/airflow/example_dags/example_sla_dag.py for tasks to queue
[2025-02-06T16:55:14.808+0000] {logging_mixin.py:150} INFO - [2025-02-06T16:55:14.808+0000] {dagbag.py:541} INFO - Filling up the DagBag from /home/vscode/.local/lib/python3.10/site-packages/airflow/example_dags/example_sla_dag.py
[2025-02-06T16:55:14.815+0000] {processor.py:836} INFO - DAG(s) dict_keys(['example_sla_dag']) retrieved from /home/vscode/.local/lib/python3.10/site-packages/airflow/example_dags/example_sla_dag.py
[2025-02-06T16:55:14.828+0000] {logging_mixin.py:150} INFO - [2025-02-06T16:55:14.828+0000] {dag.py:2742} INFO - Sync 1 DAGs
[2025-02-06T16:55:14.845+0000] {logging_mixin.py:150} INFO - [2025-02-06T16:55:14.845+0000] {dag.py:3504} INFO - Setting next_dagrun for example_sla_dag to 2025-02-06T16:52:00+00:00, run_after=2025-02-06T16:54:00+00:00
[2025-02-06T16:55:14.859+0000] {processor.py:179} INFO - Processing /home/vscode/.local/lib/python3.10/site-packages/airflow/example_dags/example_sla_dag.py took 0.055 seconds
[2025-02-06T16:56:01.255+0000] {processor.py:157} INFO - Started process (PID=13088) to work on /home/vscode/.local/lib/python3.10/site-packages/airflow/example_dags/example_sla_dag.py
[2025-02-06T16:56:01.256+0000] {processor.py:826} INFO - Processing file /home/vscode/.local/lib/python3.10/site-packages/airflow/example_dags/example_sla_dag.py for tasks to queue
[2025-02-06T16:56:01.257+0000] {logging_mixin.py:150} INFO - [2025-02-06T16:56:01.257+0000] {dagbag.py:541} INFO - Filling up the DagBag from /home/vscode/.local/lib/python3.10/site-packages/airflow/example_dags/example_sla_dag.py
[2025-02-06T16:56:01.264+0000] {processor.py:836} INFO - DAG(s) dict_keys(['example_sla_dag']) retrieved from /home/vscode/.local/lib/python3.10/site-packages/airflow/example_dags/example_sla_dag.py
[2025-02-06T16:56:01.278+0000] {logging_mixin.py:150} INFO - [2025-02-06T16:56:01.278+0000] {dag.py:2742} INFO - Sync 1 DAGs
[2025-02-06T16:56:01.295+0000] {logging_mixin.py:150} INFO - [2025-02-06T16:56:01.295+0000] {dag.py:3504} INFO - Setting next_dagrun for example_sla_dag to 2025-02-06T16:54:00+00:00, run_after=2025-02-06T16:56:00+00:00
[2025-02-06T16:56:01.311+0000] {processor.py:179} INFO - Processing /home/vscode/.local/lib/python3.10/site-packages/airflow/example_dags/example_sla_dag.py took 0.059 seconds
[2025-02-06T16:56:45.602+0000] {processor.py:157} INFO - Started process (PID=13424) to work on /home/vscode/.local/lib/python3.10/site-packages/airflow/example_dags/example_sla_dag.py
[2025-02-06T16:56:45.603+0000] {processor.py:826} INFO - Processing file /home/vscode/.local/lib/python3.10/site-packages/airflow/example_dags/example_sla_dag.py for tasks to queue
[2025-02-06T16:56:45.604+0000] {logging_mixin.py:150} INFO - [2025-02-06T16:56:45.603+0000] {dagbag.py:541} INFO - Filling up the DagBag from /home/vscode/.local/lib/python3.10/site-packages/airflow/example_dags/example_sla_dag.py
[2025-02-06T16:56:45.611+0000] {processor.py:836} INFO - DAG(s) dict_keys(['example_sla_dag']) retrieved from /home/vscode/.local/lib/python3.10/site-packages/airflow/example_dags/example_sla_dag.py
[2025-02-06T16:56:45.623+0000] {logging_mixin.py:150} INFO - [2025-02-06T16:56:45.623+0000] {dag.py:2742} INFO - Sync 1 DAGs
[2025-02-06T16:56:45.639+0000] {logging_mixin.py:150} INFO - [2025-02-06T16:56:45.639+0000] {dag.py:3504} INFO - Setting next_dagrun for example_sla_dag to 2025-02-06T16:54:00+00:00, run_after=2025-02-06T16:56:00+00:00
[2025-02-06T16:56:45.653+0000] {processor.py:179} INFO - Processing /home/vscode/.local/lib/python3.10/site-packages/airflow/example_dags/example_sla_dag.py took 0.054 seconds
[2025-02-06T16:57:32.444+0000] {processor.py:157} INFO - Started process (PID=13773) to work on /home/vscode/.local/lib/python3.10/site-packages/airflow/example_dags/example_sla_dag.py
[2025-02-06T16:57:32.445+0000] {processor.py:826} INFO - Processing file /home/vscode/.local/lib/python3.10/site-packages/airflow/example_dags/example_sla_dag.py for tasks to queue
[2025-02-06T16:57:32.445+0000] {logging_mixin.py:150} INFO - [2025-02-06T16:57:32.445+0000] {dagbag.py:541} INFO - Filling up the DagBag from /home/vscode/.local/lib/python3.10/site-packages/airflow/example_dags/example_sla_dag.py
[2025-02-06T16:57:32.452+0000] {processor.py:836} INFO - DAG(s) dict_keys(['example_sla_dag']) retrieved from /home/vscode/.local/lib/python3.10/site-packages/airflow/example_dags/example_sla_dag.py
[2025-02-06T16:57:32.465+0000] {logging_mixin.py:150} INFO - [2025-02-06T16:57:32.465+0000] {dag.py:2742} INFO - Sync 1 DAGs
[2025-02-06T16:57:32.481+0000] {logging_mixin.py:150} INFO - [2025-02-06T16:57:32.481+0000] {dag.py:3504} INFO - Setting next_dagrun for example_sla_dag to 2025-02-06T16:54:00+00:00, run_after=2025-02-06T16:56:00+00:00
[2025-02-06T16:57:32.495+0000] {processor.py:179} INFO - Processing /home/vscode/.local/lib/python3.10/site-packages/airflow/example_dags/example_sla_dag.py took 0.054 seconds
[2025-02-06T16:58:18.142+0000] {processor.py:157} INFO - Started process (PID=14134) to work on /home/vscode/.local/lib/python3.10/site-packages/airflow/example_dags/example_sla_dag.py
[2025-02-06T16:58:18.143+0000] {processor.py:826} INFO - Processing file /home/vscode/.local/lib/python3.10/site-packages/airflow/example_dags/example_sla_dag.py for tasks to queue
[2025-02-06T16:58:18.144+0000] {logging_mixin.py:150} INFO - [2025-02-06T16:58:18.143+0000] {dagbag.py:541} INFO - Filling up the DagBag from /home/vscode/.local/lib/python3.10/site-packages/airflow/example_dags/example_sla_dag.py
[2025-02-06T16:58:18.150+0000] {processor.py:836} INFO - DAG(s) dict_keys(['example_sla_dag']) retrieved from /home/vscode/.local/lib/python3.10/site-packages/airflow/example_dags/example_sla_dag.py
[2025-02-06T16:58:18.163+0000] {logging_mixin.py:150} INFO - [2025-02-06T16:58:18.163+0000] {dag.py:2742} INFO - Sync 1 DAGs
[2025-02-06T16:58:18.182+0000] {logging_mixin.py:150} INFO - [2025-02-06T16:58:18.181+0000] {dag.py:3504} INFO - Setting next_dagrun for example_sla_dag to 2025-02-06T16:56:00+00:00, run_after=2025-02-06T16:58:00+00:00
[2025-02-06T16:58:18.197+0000] {processor.py:179} INFO - Processing /home/vscode/.local/lib/python3.10/site-packages/airflow/example_dags/example_sla_dag.py took 0.057 seconds
[2025-02-06T18:07:57.392+0000] {processor.py:157} INFO - Started process (PID=5035) to work on /home/vscode/.local/lib/python3.10/site-packages/airflow/example_dags/example_sla_dag.py
[2025-02-06T18:07:57.395+0000] {processor.py:826} INFO - Processing file /home/vscode/.local/lib/python3.10/site-packages/airflow/example_dags/example_sla_dag.py for tasks to queue
[2025-02-06T18:07:57.396+0000] {logging_mixin.py:150} INFO - [2025-02-06T18:07:57.395+0000] {dagbag.py:541} INFO - Filling up the DagBag from /home/vscode/.local/lib/python3.10/site-packages/airflow/example_dags/example_sla_dag.py
[2025-02-06T18:07:57.401+0000] {processor.py:836} INFO - DAG(s) dict_keys(['example_sla_dag']) retrieved from /home/vscode/.local/lib/python3.10/site-packages/airflow/example_dags/example_sla_dag.py
[2025-02-06T18:07:57.466+0000] {logging_mixin.py:150} INFO - [2025-02-06T18:07:57.466+0000] {manager.py:504} INFO - Created Permission View: can read on DAG:example_sla_dag
[2025-02-06T18:07:57.473+0000] {logging_mixin.py:150} INFO - [2025-02-06T18:07:57.472+0000] {manager.py:504} INFO - Created Permission View: can delete on DAG:example_sla_dag
[2025-02-06T18:07:57.477+0000] {logging_mixin.py:150} INFO - [2025-02-06T18:07:57.477+0000] {manager.py:504} INFO - Created Permission View: can edit on DAG:example_sla_dag
[2025-02-06T18:07:57.484+0000] {logging_mixin.py:150} INFO - [2025-02-06T18:07:57.484+0000] {dag.py:2742} INFO - Sync 1 DAGs
[2025-02-06T18:07:57.490+0000] {logging_mixin.py:150} INFO - [2025-02-06T18:07:57.490+0000] {dag.py:2763} INFO - Creating ORM DAG for example_sla_dag
[2025-02-06T18:07:57.499+0000] {logging_mixin.py:150} INFO - [2025-02-06T18:07:57.499+0000] {dag.py:3504} INFO - Setting next_dagrun for example_sla_dag to 2025-02-06T18:04:00+00:00, run_after=2025-02-06T18:06:00+00:00
[2025-02-06T18:07:57.516+0000] {processor.py:179} INFO - Processing /home/vscode/.local/lib/python3.10/site-packages/airflow/example_dags/example_sla_dag.py took 0.126 seconds
