[2025-02-06T16:45:10.938+0000] {processor.py:157} INFO - Started process (PID=8324) to work on /home/vscode/.local/lib/python3.10/site-packages/airflow/example_dags/example_datasets.py
[2025-02-06T16:45:10.939+0000] {processor.py:826} INFO - Processing file /home/vscode/.local/lib/python3.10/site-packages/airflow/example_dags/example_datasets.py for tasks to queue
[2025-02-06T16:45:10.939+0000] {logging_mixin.py:150} INFO - [2025-02-06T16:45:10.939+0000] {dagbag.py:541} INFO - Filling up the DagBag from /home/vscode/.local/lib/python3.10/site-packages/airflow/example_dags/example_datasets.py
[2025-02-06T16:45:10.948+0000] {processor.py:836} INFO - DAG(s) dict_keys(['dataset_consumes_1_never_scheduled', 'dataset_consumes_1_and_2', 'dataset_consumes_1', 'dataset_consumes_unknown_never_scheduled', 'dataset_produces_1', 'dataset_produces_2']) retrieved from /home/vscode/.local/lib/python3.10/site-packages/airflow/example_dags/example_datasets.py
[2025-02-06T16:45:11.019+0000] {logging_mixin.py:150} INFO - [2025-02-06T16:45:11.018+0000] {manager.py:504} INFO - Created Permission View: can read on DAG:dataset_consumes_1_never_scheduled
[2025-02-06T16:45:11.026+0000] {logging_mixin.py:150} INFO - [2025-02-06T16:45:11.026+0000] {manager.py:504} INFO - Created Permission View: can delete on DAG:dataset_consumes_1_never_scheduled
[2025-02-06T16:45:11.031+0000] {logging_mixin.py:150} INFO - [2025-02-06T16:45:11.031+0000] {manager.py:504} INFO - Created Permission View: can edit on DAG:dataset_consumes_1_never_scheduled
[2025-02-06T16:45:11.049+0000] {logging_mixin.py:150} INFO - [2025-02-06T16:45:11.049+0000] {manager.py:504} INFO - Created Permission View: can read on DAG:dataset_consumes_1_and_2
[2025-02-06T16:45:11.056+0000] {logging_mixin.py:150} INFO - [2025-02-06T16:45:11.056+0000] {manager.py:504} INFO - Created Permission View: can delete on DAG:dataset_consumes_1_and_2
[2025-02-06T16:45:11.064+0000] {logging_mixin.py:150} INFO - [2025-02-06T16:45:11.063+0000] {manager.py:504} INFO - Created Permission View: can edit on DAG:dataset_consumes_1_and_2
[2025-02-06T16:45:11.083+0000] {logging_mixin.py:150} INFO - [2025-02-06T16:45:11.083+0000] {manager.py:504} INFO - Created Permission View: can read on DAG:dataset_consumes_1
[2025-02-06T16:45:11.088+0000] {logging_mixin.py:150} INFO - [2025-02-06T16:45:11.088+0000] {manager.py:504} INFO - Created Permission View: can delete on DAG:dataset_consumes_1
[2025-02-06T16:45:11.093+0000] {logging_mixin.py:150} INFO - [2025-02-06T16:45:11.093+0000] {manager.py:504} INFO - Created Permission View: can edit on DAG:dataset_consumes_1
[2025-02-06T16:45:11.107+0000] {logging_mixin.py:150} INFO - [2025-02-06T16:45:11.106+0000] {manager.py:504} INFO - Created Permission View: can read on DAG:dataset_consumes_unknown_never_scheduled
[2025-02-06T16:45:11.113+0000] {logging_mixin.py:150} INFO - [2025-02-06T16:45:11.113+0000] {manager.py:504} INFO - Created Permission View: can delete on DAG:dataset_consumes_unknown_never_scheduled
[2025-02-06T16:45:11.118+0000] {logging_mixin.py:150} INFO - [2025-02-06T16:45:11.118+0000] {manager.py:504} INFO - Created Permission View: can edit on DAG:dataset_consumes_unknown_never_scheduled
[2025-02-06T16:45:11.131+0000] {logging_mixin.py:150} INFO - [2025-02-06T16:45:11.130+0000] {manager.py:504} INFO - Created Permission View: can read on DAG:dataset_produces_1
[2025-02-06T16:45:11.136+0000] {logging_mixin.py:150} INFO - [2025-02-06T16:45:11.136+0000] {manager.py:504} INFO - Created Permission View: can delete on DAG:dataset_produces_1
[2025-02-06T16:45:11.141+0000] {logging_mixin.py:150} INFO - [2025-02-06T16:45:11.141+0000] {manager.py:504} INFO - Created Permission View: can edit on DAG:dataset_produces_1
[2025-02-06T16:45:11.153+0000] {logging_mixin.py:150} INFO - [2025-02-06T16:45:11.153+0000] {manager.py:504} INFO - Created Permission View: can read on DAG:dataset_produces_2
[2025-02-06T16:45:11.158+0000] {logging_mixin.py:150} INFO - [2025-02-06T16:45:11.158+0000] {manager.py:504} INFO - Created Permission View: can delete on DAG:dataset_produces_2
[2025-02-06T16:45:11.163+0000] {logging_mixin.py:150} INFO - [2025-02-06T16:45:11.162+0000] {manager.py:504} INFO - Created Permission View: can edit on DAG:dataset_produces_2
[2025-02-06T16:45:11.166+0000] {logging_mixin.py:150} INFO - [2025-02-06T16:45:11.166+0000] {dag.py:2742} INFO - Sync 6 DAGs
[2025-02-06T16:45:11.173+0000] {logging_mixin.py:150} INFO - [2025-02-06T16:45:11.172+0000] {dag.py:2763} INFO - Creating ORM DAG for dataset_consumes_1
[2025-02-06T16:45:11.173+0000] {logging_mixin.py:150} INFO - [2025-02-06T16:45:11.173+0000] {dag.py:2763} INFO - Creating ORM DAG for dataset_produces_1
[2025-02-06T16:45:11.173+0000] {logging_mixin.py:150} INFO - [2025-02-06T16:45:11.173+0000] {dag.py:2763} INFO - Creating ORM DAG for dataset_consumes_unknown_never_scheduled
[2025-02-06T16:45:11.174+0000] {logging_mixin.py:150} INFO - [2025-02-06T16:45:11.174+0000] {dag.py:2763} INFO - Creating ORM DAG for dataset_consumes_1_never_scheduled
[2025-02-06T16:45:11.174+0000] {logging_mixin.py:150} INFO - [2025-02-06T16:45:11.174+0000] {dag.py:2763} INFO - Creating ORM DAG for dataset_consumes_1_and_2
[2025-02-06T16:45:11.174+0000] {logging_mixin.py:150} INFO - [2025-02-06T16:45:11.174+0000] {dag.py:2763} INFO - Creating ORM DAG for dataset_produces_2
[2025-02-06T16:45:11.182+0000] {logging_mixin.py:150} INFO - [2025-02-06T16:45:11.181+0000] {dag.py:3504} INFO - Setting next_dagrun for dataset_consumes_1 to None, run_after=None
[2025-02-06T16:45:11.182+0000] {logging_mixin.py:150} INFO - [2025-02-06T16:45:11.182+0000] {dag.py:3504} INFO - Setting next_dagrun for dataset_consumes_1_and_2 to None, run_after=None
[2025-02-06T16:45:11.183+0000] {logging_mixin.py:150} INFO - [2025-02-06T16:45:11.182+0000] {dag.py:3504} INFO - Setting next_dagrun for dataset_consumes_1_never_scheduled to None, run_after=None
[2025-02-06T16:45:11.183+0000] {logging_mixin.py:150} INFO - [2025-02-06T16:45:11.183+0000] {dag.py:3504} INFO - Setting next_dagrun for dataset_consumes_unknown_never_scheduled to None, run_after=None
[2025-02-06T16:45:11.184+0000] {logging_mixin.py:150} INFO - [2025-02-06T16:45:11.184+0000] {dag.py:3504} INFO - Setting next_dagrun for dataset_produces_1 to 2025-02-05T00:00:00+00:00, run_after=2025-02-06T00:00:00+00:00
[2025-02-06T16:45:11.185+0000] {logging_mixin.py:150} INFO - [2025-02-06T16:45:11.185+0000] {dag.py:3504} INFO - Setting next_dagrun for dataset_produces_2 to None, run_after=None
[2025-02-06T16:45:11.207+0000] {processor.py:179} INFO - Processing /home/vscode/.local/lib/python3.10/site-packages/airflow/example_dags/example_datasets.py took 0.272 seconds
[2025-02-06T16:45:58.447+0000] {processor.py:157} INFO - Started process (PID=8646) to work on /home/vscode/.local/lib/python3.10/site-packages/airflow/example_dags/example_datasets.py
[2025-02-06T16:45:58.447+0000] {processor.py:826} INFO - Processing file /home/vscode/.local/lib/python3.10/site-packages/airflow/example_dags/example_datasets.py for tasks to queue
[2025-02-06T16:45:58.448+0000] {logging_mixin.py:150} INFO - [2025-02-06T16:45:58.448+0000] {dagbag.py:541} INFO - Filling up the DagBag from /home/vscode/.local/lib/python3.10/site-packages/airflow/example_dags/example_datasets.py
[2025-02-06T16:45:58.456+0000] {processor.py:836} INFO - DAG(s) dict_keys(['dataset_produces_2', 'dataset_produces_1', 'dataset_consumes_unknown_never_scheduled', 'dataset_consumes_1_never_scheduled', 'dataset_consumes_1_and_2', 'dataset_consumes_1']) retrieved from /home/vscode/.local/lib/python3.10/site-packages/airflow/example_dags/example_datasets.py
[2025-02-06T16:45:58.477+0000] {logging_mixin.py:150} INFO - [2025-02-06T16:45:58.476+0000] {dag.py:2742} INFO - Sync 6 DAGs
[2025-02-06T16:45:58.491+0000] {logging_mixin.py:150} INFO - [2025-02-06T16:45:58.491+0000] {dag.py:3504} INFO - Setting next_dagrun for dataset_consumes_1 to None, run_after=None
[2025-02-06T16:45:58.494+0000] {logging_mixin.py:150} INFO - [2025-02-06T16:45:58.493+0000] {dag.py:3504} INFO - Setting next_dagrun for dataset_consumes_1_and_2 to None, run_after=None
[2025-02-06T16:45:58.494+0000] {logging_mixin.py:150} INFO - [2025-02-06T16:45:58.494+0000] {dag.py:3504} INFO - Setting next_dagrun for dataset_consumes_1_never_scheduled to None, run_after=None
[2025-02-06T16:45:58.495+0000] {logging_mixin.py:150} INFO - [2025-02-06T16:45:58.495+0000] {dag.py:3504} INFO - Setting next_dagrun for dataset_consumes_unknown_never_scheduled to None, run_after=None
[2025-02-06T16:45:58.497+0000] {logging_mixin.py:150} INFO - [2025-02-06T16:45:58.497+0000] {dag.py:3504} INFO - Setting next_dagrun for dataset_produces_1 to 2025-02-05T00:00:00+00:00, run_after=2025-02-06T00:00:00+00:00
[2025-02-06T16:45:58.498+0000] {logging_mixin.py:150} INFO - [2025-02-06T16:45:58.497+0000] {dag.py:3504} INFO - Setting next_dagrun for dataset_produces_2 to None, run_after=None
[2025-02-06T16:45:58.526+0000] {processor.py:179} INFO - Processing /home/vscode/.local/lib/python3.10/site-packages/airflow/example_dags/example_datasets.py took 0.082 seconds
[2025-02-06T16:46:39.612+0000] {processor.py:157} INFO - Started process (PID=8928) to work on /home/vscode/.local/lib/python3.10/site-packages/airflow/example_dags/example_datasets.py
[2025-02-06T16:46:39.613+0000] {processor.py:826} INFO - Processing file /home/vscode/.local/lib/python3.10/site-packages/airflow/example_dags/example_datasets.py for tasks to queue
[2025-02-06T16:46:39.614+0000] {logging_mixin.py:150} INFO - [2025-02-06T16:46:39.613+0000] {dagbag.py:541} INFO - Filling up the DagBag from /home/vscode/.local/lib/python3.10/site-packages/airflow/example_dags/example_datasets.py
[2025-02-06T16:46:39.621+0000] {processor.py:836} INFO - DAG(s) dict_keys(['dataset_produces_1', 'dataset_consumes_1', 'dataset_consumes_1_never_scheduled', 'dataset_consumes_1_and_2', 'dataset_consumes_unknown_never_scheduled', 'dataset_produces_2']) retrieved from /home/vscode/.local/lib/python3.10/site-packages/airflow/example_dags/example_datasets.py
[2025-02-06T16:46:39.643+0000] {logging_mixin.py:150} INFO - [2025-02-06T16:46:39.643+0000] {dag.py:2742} INFO - Sync 6 DAGs
[2025-02-06T16:46:39.658+0000] {logging_mixin.py:150} INFO - [2025-02-06T16:46:39.658+0000] {dag.py:3504} INFO - Setting next_dagrun for dataset_consumes_1 to None, run_after=None
[2025-02-06T16:46:39.660+0000] {logging_mixin.py:150} INFO - [2025-02-06T16:46:39.660+0000] {dag.py:3504} INFO - Setting next_dagrun for dataset_consumes_1_and_2 to None, run_after=None
[2025-02-06T16:46:39.661+0000] {logging_mixin.py:150} INFO - [2025-02-06T16:46:39.661+0000] {dag.py:3504} INFO - Setting next_dagrun for dataset_consumes_1_never_scheduled to None, run_after=None
[2025-02-06T16:46:39.662+0000] {logging_mixin.py:150} INFO - [2025-02-06T16:46:39.662+0000] {dag.py:3504} INFO - Setting next_dagrun for dataset_consumes_unknown_never_scheduled to None, run_after=None
[2025-02-06T16:46:39.664+0000] {logging_mixin.py:150} INFO - [2025-02-06T16:46:39.664+0000] {dag.py:3504} INFO - Setting next_dagrun for dataset_produces_1 to 2025-02-05T00:00:00+00:00, run_after=2025-02-06T00:00:00+00:00
[2025-02-06T16:46:39.665+0000] {logging_mixin.py:150} INFO - [2025-02-06T16:46:39.665+0000] {dag.py:3504} INFO - Setting next_dagrun for dataset_produces_2 to None, run_after=None
[2025-02-06T16:46:39.684+0000] {processor.py:179} INFO - Processing /home/vscode/.local/lib/python3.10/site-packages/airflow/example_dags/example_datasets.py took 0.075 seconds
[2025-02-06T16:47:33.145+0000] {processor.py:157} INFO - Started process (PID=9292) to work on /home/vscode/.local/lib/python3.10/site-packages/airflow/example_dags/example_datasets.py
[2025-02-06T16:47:33.145+0000] {processor.py:826} INFO - Processing file /home/vscode/.local/lib/python3.10/site-packages/airflow/example_dags/example_datasets.py for tasks to queue
[2025-02-06T16:47:33.146+0000] {logging_mixin.py:150} INFO - [2025-02-06T16:47:33.146+0000] {dagbag.py:541} INFO - Filling up the DagBag from /home/vscode/.local/lib/python3.10/site-packages/airflow/example_dags/example_datasets.py
[2025-02-06T16:47:33.154+0000] {processor.py:836} INFO - DAG(s) dict_keys(['dataset_produces_1', 'dataset_consumes_unknown_never_scheduled', 'dataset_produces_2', 'dataset_consumes_1_never_scheduled', 'dataset_consumes_1', 'dataset_consumes_1_and_2']) retrieved from /home/vscode/.local/lib/python3.10/site-packages/airflow/example_dags/example_datasets.py
[2025-02-06T16:47:33.175+0000] {logging_mixin.py:150} INFO - [2025-02-06T16:47:33.175+0000] {dag.py:2742} INFO - Sync 6 DAGs
[2025-02-06T16:47:33.190+0000] {logging_mixin.py:150} INFO - [2025-02-06T16:47:33.190+0000] {dag.py:3504} INFO - Setting next_dagrun for dataset_consumes_1 to None, run_after=None
[2025-02-06T16:47:33.192+0000] {logging_mixin.py:150} INFO - [2025-02-06T16:47:33.192+0000] {dag.py:3504} INFO - Setting next_dagrun for dataset_consumes_1_and_2 to None, run_after=None
[2025-02-06T16:47:33.193+0000] {logging_mixin.py:150} INFO - [2025-02-06T16:47:33.193+0000] {dag.py:3504} INFO - Setting next_dagrun for dataset_consumes_1_never_scheduled to None, run_after=None
[2025-02-06T16:47:33.194+0000] {logging_mixin.py:150} INFO - [2025-02-06T16:47:33.193+0000] {dag.py:3504} INFO - Setting next_dagrun for dataset_consumes_unknown_never_scheduled to None, run_after=None
[2025-02-06T16:47:33.195+0000] {logging_mixin.py:150} INFO - [2025-02-06T16:47:33.195+0000] {dag.py:3504} INFO - Setting next_dagrun for dataset_produces_1 to 2025-02-05T00:00:00+00:00, run_after=2025-02-06T00:00:00+00:00
[2025-02-06T16:47:33.196+0000] {logging_mixin.py:150} INFO - [2025-02-06T16:47:33.196+0000] {dag.py:3504} INFO - Setting next_dagrun for dataset_produces_2 to None, run_after=None
[2025-02-06T16:47:33.216+0000] {processor.py:179} INFO - Processing /home/vscode/.local/lib/python3.10/site-packages/airflow/example_dags/example_datasets.py took 0.074 seconds
[2025-02-06T16:48:18.941+0000] {processor.py:157} INFO - Started process (PID=9607) to work on /home/vscode/.local/lib/python3.10/site-packages/airflow/example_dags/example_datasets.py
[2025-02-06T16:48:18.941+0000] {processor.py:826} INFO - Processing file /home/vscode/.local/lib/python3.10/site-packages/airflow/example_dags/example_datasets.py for tasks to queue
[2025-02-06T16:48:18.942+0000] {logging_mixin.py:150} INFO - [2025-02-06T16:48:18.942+0000] {dagbag.py:541} INFO - Filling up the DagBag from /home/vscode/.local/lib/python3.10/site-packages/airflow/example_dags/example_datasets.py
[2025-02-06T16:48:18.950+0000] {processor.py:836} INFO - DAG(s) dict_keys(['dataset_consumes_1_never_scheduled', 'dataset_consumes_unknown_never_scheduled', 'dataset_produces_2', 'dataset_consumes_1', 'dataset_produces_1', 'dataset_consumes_1_and_2']) retrieved from /home/vscode/.local/lib/python3.10/site-packages/airflow/example_dags/example_datasets.py
[2025-02-06T16:48:18.971+0000] {logging_mixin.py:150} INFO - [2025-02-06T16:48:18.971+0000] {dag.py:2742} INFO - Sync 6 DAGs
[2025-02-06T16:48:18.986+0000] {logging_mixin.py:150} INFO - [2025-02-06T16:48:18.986+0000] {dag.py:3504} INFO - Setting next_dagrun for dataset_consumes_1 to None, run_after=None
[2025-02-06T16:48:18.988+0000] {logging_mixin.py:150} INFO - [2025-02-06T16:48:18.988+0000] {dag.py:3504} INFO - Setting next_dagrun for dataset_consumes_1_and_2 to None, run_after=None
[2025-02-06T16:48:18.989+0000] {logging_mixin.py:150} INFO - [2025-02-06T16:48:18.989+0000] {dag.py:3504} INFO - Setting next_dagrun for dataset_consumes_1_never_scheduled to None, run_after=None
[2025-02-06T16:48:18.989+0000] {logging_mixin.py:150} INFO - [2025-02-06T16:48:18.989+0000] {dag.py:3504} INFO - Setting next_dagrun for dataset_consumes_unknown_never_scheduled to None, run_after=None
[2025-02-06T16:48:18.991+0000] {logging_mixin.py:150} INFO - [2025-02-06T16:48:18.991+0000] {dag.py:3504} INFO - Setting next_dagrun for dataset_produces_1 to 2025-02-05T00:00:00+00:00, run_after=2025-02-06T00:00:00+00:00
[2025-02-06T16:48:18.992+0000] {logging_mixin.py:150} INFO - [2025-02-06T16:48:18.992+0000] {dag.py:3504} INFO - Setting next_dagrun for dataset_produces_2 to None, run_after=None
[2025-02-06T16:48:19.012+0000] {processor.py:179} INFO - Processing /home/vscode/.local/lib/python3.10/site-packages/airflow/example_dags/example_datasets.py took 0.074 seconds
[2025-02-06T16:49:05.530+0000] {processor.py:157} INFO - Started process (PID=9926) to work on /home/vscode/.local/lib/python3.10/site-packages/airflow/example_dags/example_datasets.py
[2025-02-06T16:49:05.531+0000] {processor.py:826} INFO - Processing file /home/vscode/.local/lib/python3.10/site-packages/airflow/example_dags/example_datasets.py for tasks to queue
[2025-02-06T16:49:05.531+0000] {logging_mixin.py:150} INFO - [2025-02-06T16:49:05.531+0000] {dagbag.py:541} INFO - Filling up the DagBag from /home/vscode/.local/lib/python3.10/site-packages/airflow/example_dags/example_datasets.py
[2025-02-06T16:49:05.539+0000] {processor.py:836} INFO - DAG(s) dict_keys(['dataset_consumes_1_never_scheduled', 'dataset_consumes_1_and_2', 'dataset_produces_2', 'dataset_consumes_unknown_never_scheduled', 'dataset_produces_1', 'dataset_consumes_1']) retrieved from /home/vscode/.local/lib/python3.10/site-packages/airflow/example_dags/example_datasets.py
[2025-02-06T16:49:05.560+0000] {logging_mixin.py:150} INFO - [2025-02-06T16:49:05.560+0000] {dag.py:2742} INFO - Sync 6 DAGs
[2025-02-06T16:49:05.576+0000] {logging_mixin.py:150} INFO - [2025-02-06T16:49:05.575+0000] {dag.py:3504} INFO - Setting next_dagrun for dataset_consumes_1 to None, run_after=None
[2025-02-06T16:49:05.578+0000] {logging_mixin.py:150} INFO - [2025-02-06T16:49:05.578+0000] {dag.py:3504} INFO - Setting next_dagrun for dataset_consumes_1_and_2 to None, run_after=None
[2025-02-06T16:49:05.579+0000] {logging_mixin.py:150} INFO - [2025-02-06T16:49:05.578+0000] {dag.py:3504} INFO - Setting next_dagrun for dataset_consumes_1_never_scheduled to None, run_after=None
[2025-02-06T16:49:05.579+0000] {logging_mixin.py:150} INFO - [2025-02-06T16:49:05.579+0000] {dag.py:3504} INFO - Setting next_dagrun for dataset_consumes_unknown_never_scheduled to None, run_after=None
[2025-02-06T16:49:05.581+0000] {logging_mixin.py:150} INFO - [2025-02-06T16:49:05.581+0000] {dag.py:3504} INFO - Setting next_dagrun for dataset_produces_1 to 2025-02-05T00:00:00+00:00, run_after=2025-02-06T00:00:00+00:00
[2025-02-06T16:49:05.582+0000] {logging_mixin.py:150} INFO - [2025-02-06T16:49:05.581+0000] {dag.py:3504} INFO - Setting next_dagrun for dataset_produces_2 to None, run_after=None
[2025-02-06T16:49:05.601+0000] {processor.py:179} INFO - Processing /home/vscode/.local/lib/python3.10/site-packages/airflow/example_dags/example_datasets.py took 0.074 seconds
[2025-02-06T16:49:48.638+0000] {processor.py:157} INFO - Started process (PID=10253) to work on /home/vscode/.local/lib/python3.10/site-packages/airflow/example_dags/example_datasets.py
[2025-02-06T16:49:48.639+0000] {processor.py:826} INFO - Processing file /home/vscode/.local/lib/python3.10/site-packages/airflow/example_dags/example_datasets.py for tasks to queue
[2025-02-06T16:49:48.639+0000] {logging_mixin.py:150} INFO - [2025-02-06T16:49:48.639+0000] {dagbag.py:541} INFO - Filling up the DagBag from /home/vscode/.local/lib/python3.10/site-packages/airflow/example_dags/example_datasets.py
[2025-02-06T16:49:48.647+0000] {processor.py:836} INFO - DAG(s) dict_keys(['dataset_consumes_1_never_scheduled', 'dataset_consumes_1_and_2', 'dataset_produces_2', 'dataset_produces_1', 'dataset_consumes_1', 'dataset_consumes_unknown_never_scheduled']) retrieved from /home/vscode/.local/lib/python3.10/site-packages/airflow/example_dags/example_datasets.py
[2025-02-06T16:49:48.669+0000] {logging_mixin.py:150} INFO - [2025-02-06T16:49:48.668+0000] {dag.py:2742} INFO - Sync 6 DAGs
[2025-02-06T16:49:48.684+0000] {logging_mixin.py:150} INFO - [2025-02-06T16:49:48.684+0000] {dag.py:3504} INFO - Setting next_dagrun for dataset_consumes_1 to None, run_after=None
[2025-02-06T16:49:48.686+0000] {logging_mixin.py:150} INFO - [2025-02-06T16:49:48.686+0000] {dag.py:3504} INFO - Setting next_dagrun for dataset_consumes_1_and_2 to None, run_after=None
[2025-02-06T16:49:48.687+0000] {logging_mixin.py:150} INFO - [2025-02-06T16:49:48.687+0000] {dag.py:3504} INFO - Setting next_dagrun for dataset_consumes_1_never_scheduled to None, run_after=None
[2025-02-06T16:49:48.688+0000] {logging_mixin.py:150} INFO - [2025-02-06T16:49:48.688+0000] {dag.py:3504} INFO - Setting next_dagrun for dataset_consumes_unknown_never_scheduled to None, run_after=None
[2025-02-06T16:49:48.689+0000] {logging_mixin.py:150} INFO - [2025-02-06T16:49:48.689+0000] {dag.py:3504} INFO - Setting next_dagrun for dataset_produces_1 to 2025-02-05T00:00:00+00:00, run_after=2025-02-06T00:00:00+00:00
[2025-02-06T16:49:48.690+0000] {logging_mixin.py:150} INFO - [2025-02-06T16:49:48.690+0000] {dag.py:3504} INFO - Setting next_dagrun for dataset_produces_2 to None, run_after=None
[2025-02-06T16:49:48.710+0000] {processor.py:179} INFO - Processing /home/vscode/.local/lib/python3.10/site-packages/airflow/example_dags/example_datasets.py took 0.074 seconds
[2025-02-06T16:50:32.290+0000] {processor.py:157} INFO - Started process (PID=10585) to work on /home/vscode/.local/lib/python3.10/site-packages/airflow/example_dags/example_datasets.py
[2025-02-06T16:50:32.291+0000] {processor.py:826} INFO - Processing file /home/vscode/.local/lib/python3.10/site-packages/airflow/example_dags/example_datasets.py for tasks to queue
[2025-02-06T16:50:32.292+0000] {logging_mixin.py:150} INFO - [2025-02-06T16:50:32.291+0000] {dagbag.py:541} INFO - Filling up the DagBag from /home/vscode/.local/lib/python3.10/site-packages/airflow/example_dags/example_datasets.py
[2025-02-06T16:50:32.300+0000] {processor.py:836} INFO - DAG(s) dict_keys(['dataset_produces_2', 'dataset_produces_1', 'dataset_consumes_1', 'dataset_consumes_1_and_2', 'dataset_consumes_1_never_scheduled', 'dataset_consumes_unknown_never_scheduled']) retrieved from /home/vscode/.local/lib/python3.10/site-packages/airflow/example_dags/example_datasets.py
[2025-02-06T16:50:32.321+0000] {logging_mixin.py:150} INFO - [2025-02-06T16:50:32.321+0000] {dag.py:2742} INFO - Sync 6 DAGs
[2025-02-06T16:50:32.336+0000] {logging_mixin.py:150} INFO - [2025-02-06T16:50:32.336+0000] {dag.py:3504} INFO - Setting next_dagrun for dataset_consumes_1 to None, run_after=None
[2025-02-06T16:50:32.339+0000] {logging_mixin.py:150} INFO - [2025-02-06T16:50:32.338+0000] {dag.py:3504} INFO - Setting next_dagrun for dataset_consumes_1_and_2 to None, run_after=None
[2025-02-06T16:50:32.339+0000] {logging_mixin.py:150} INFO - [2025-02-06T16:50:32.339+0000] {dag.py:3504} INFO - Setting next_dagrun for dataset_consumes_1_never_scheduled to None, run_after=None
[2025-02-06T16:50:32.340+0000] {logging_mixin.py:150} INFO - [2025-02-06T16:50:32.340+0000] {dag.py:3504} INFO - Setting next_dagrun for dataset_consumes_unknown_never_scheduled to None, run_after=None
[2025-02-06T16:50:32.342+0000] {logging_mixin.py:150} INFO - [2025-02-06T16:50:32.342+0000] {dag.py:3504} INFO - Setting next_dagrun for dataset_produces_1 to 2025-02-05T00:00:00+00:00, run_after=2025-02-06T00:00:00+00:00
[2025-02-06T16:50:32.343+0000] {logging_mixin.py:150} INFO - [2025-02-06T16:50:32.343+0000] {dag.py:3504} INFO - Setting next_dagrun for dataset_produces_2 to None, run_after=None
[2025-02-06T16:50:32.364+0000] {processor.py:179} INFO - Processing /home/vscode/.local/lib/python3.10/site-packages/airflow/example_dags/example_datasets.py took 0.077 seconds
[2025-02-06T16:51:17.264+0000] {processor.py:157} INFO - Started process (PID=10919) to work on /home/vscode/.local/lib/python3.10/site-packages/airflow/example_dags/example_datasets.py
[2025-02-06T16:51:17.265+0000] {processor.py:826} INFO - Processing file /home/vscode/.local/lib/python3.10/site-packages/airflow/example_dags/example_datasets.py for tasks to queue
[2025-02-06T16:51:17.266+0000] {logging_mixin.py:150} INFO - [2025-02-06T16:51:17.266+0000] {dagbag.py:541} INFO - Filling up the DagBag from /home/vscode/.local/lib/python3.10/site-packages/airflow/example_dags/example_datasets.py
[2025-02-06T16:51:17.274+0000] {processor.py:836} INFO - DAG(s) dict_keys(['dataset_produces_2', 'dataset_consumes_unknown_never_scheduled', 'dataset_produces_1', 'dataset_consumes_1_and_2', 'dataset_consumes_1', 'dataset_consumes_1_never_scheduled']) retrieved from /home/vscode/.local/lib/python3.10/site-packages/airflow/example_dags/example_datasets.py
[2025-02-06T16:51:17.296+0000] {logging_mixin.py:150} INFO - [2025-02-06T16:51:17.296+0000] {dag.py:2742} INFO - Sync 6 DAGs
[2025-02-06T16:51:17.312+0000] {logging_mixin.py:150} INFO - [2025-02-06T16:51:17.312+0000] {dag.py:3504} INFO - Setting next_dagrun for dataset_consumes_1 to None, run_after=None
[2025-02-06T16:51:17.314+0000] {logging_mixin.py:150} INFO - [2025-02-06T16:51:17.314+0000] {dag.py:3504} INFO - Setting next_dagrun for dataset_consumes_1_and_2 to None, run_after=None
[2025-02-06T16:51:17.315+0000] {logging_mixin.py:150} INFO - [2025-02-06T16:51:17.315+0000] {dag.py:3504} INFO - Setting next_dagrun for dataset_consumes_1_never_scheduled to None, run_after=None
[2025-02-06T16:51:17.315+0000] {logging_mixin.py:150} INFO - [2025-02-06T16:51:17.315+0000] {dag.py:3504} INFO - Setting next_dagrun for dataset_consumes_unknown_never_scheduled to None, run_after=None
[2025-02-06T16:51:17.317+0000] {logging_mixin.py:150} INFO - [2025-02-06T16:51:17.317+0000] {dag.py:3504} INFO - Setting next_dagrun for dataset_produces_1 to 2025-02-05T00:00:00+00:00, run_after=2025-02-06T00:00:00+00:00
[2025-02-06T16:51:17.318+0000] {logging_mixin.py:150} INFO - [2025-02-06T16:51:17.318+0000] {dag.py:3504} INFO - Setting next_dagrun for dataset_produces_2 to None, run_after=None
[2025-02-06T16:51:17.338+0000] {processor.py:179} INFO - Processing /home/vscode/.local/lib/python3.10/site-packages/airflow/example_dags/example_datasets.py took 0.076 seconds
[2025-02-06T16:51:59.538+0000] {processor.py:157} INFO - Started process (PID=11212) to work on /home/vscode/.local/lib/python3.10/site-packages/airflow/example_dags/example_datasets.py
[2025-02-06T16:51:59.538+0000] {processor.py:826} INFO - Processing file /home/vscode/.local/lib/python3.10/site-packages/airflow/example_dags/example_datasets.py for tasks to queue
[2025-02-06T16:51:59.539+0000] {logging_mixin.py:150} INFO - [2025-02-06T16:51:59.539+0000] {dagbag.py:541} INFO - Filling up the DagBag from /home/vscode/.local/lib/python3.10/site-packages/airflow/example_dags/example_datasets.py
[2025-02-06T16:51:59.547+0000] {processor.py:836} INFO - DAG(s) dict_keys(['dataset_consumes_1', 'dataset_consumes_unknown_never_scheduled', 'dataset_consumes_1_never_scheduled', 'dataset_consumes_1_and_2', 'dataset_produces_1', 'dataset_produces_2']) retrieved from /home/vscode/.local/lib/python3.10/site-packages/airflow/example_dags/example_datasets.py
[2025-02-06T16:51:59.568+0000] {logging_mixin.py:150} INFO - [2025-02-06T16:51:59.568+0000] {dag.py:2742} INFO - Sync 6 DAGs
[2025-02-06T16:51:59.584+0000] {logging_mixin.py:150} INFO - [2025-02-06T16:51:59.584+0000] {dag.py:3504} INFO - Setting next_dagrun for dataset_consumes_1 to None, run_after=None
[2025-02-06T16:51:59.586+0000] {logging_mixin.py:150} INFO - [2025-02-06T16:51:59.586+0000] {dag.py:3504} INFO - Setting next_dagrun for dataset_consumes_1_and_2 to None, run_after=None
[2025-02-06T16:51:59.587+0000] {logging_mixin.py:150} INFO - [2025-02-06T16:51:59.587+0000] {dag.py:3504} INFO - Setting next_dagrun for dataset_consumes_1_never_scheduled to None, run_after=None
[2025-02-06T16:51:59.588+0000] {logging_mixin.py:150} INFO - [2025-02-06T16:51:59.588+0000] {dag.py:3504} INFO - Setting next_dagrun for dataset_consumes_unknown_never_scheduled to None, run_after=None
[2025-02-06T16:51:59.589+0000] {logging_mixin.py:150} INFO - [2025-02-06T16:51:59.589+0000] {dag.py:3504} INFO - Setting next_dagrun for dataset_produces_1 to 2025-02-05T00:00:00+00:00, run_after=2025-02-06T00:00:00+00:00
[2025-02-06T16:51:59.590+0000] {logging_mixin.py:150} INFO - [2025-02-06T16:51:59.590+0000] {dag.py:3504} INFO - Setting next_dagrun for dataset_produces_2 to None, run_after=None
[2025-02-06T16:51:59.611+0000] {processor.py:179} INFO - Processing /home/vscode/.local/lib/python3.10/site-packages/airflow/example_dags/example_datasets.py took 0.076 seconds
[2025-02-06T16:52:45.788+0000] {processor.py:157} INFO - Started process (PID=11524) to work on /home/vscode/.local/lib/python3.10/site-packages/airflow/example_dags/example_datasets.py
[2025-02-06T16:52:45.789+0000] {processor.py:826} INFO - Processing file /home/vscode/.local/lib/python3.10/site-packages/airflow/example_dags/example_datasets.py for tasks to queue
[2025-02-06T16:52:45.789+0000] {logging_mixin.py:150} INFO - [2025-02-06T16:52:45.789+0000] {dagbag.py:541} INFO - Filling up the DagBag from /home/vscode/.local/lib/python3.10/site-packages/airflow/example_dags/example_datasets.py
[2025-02-06T16:52:45.797+0000] {processor.py:836} INFO - DAG(s) dict_keys(['dataset_produces_1', 'dataset_consumes_unknown_never_scheduled', 'dataset_produces_2', 'dataset_consumes_1_never_scheduled', 'dataset_consumes_1', 'dataset_consumes_1_and_2']) retrieved from /home/vscode/.local/lib/python3.10/site-packages/airflow/example_dags/example_datasets.py
[2025-02-06T16:52:45.818+0000] {logging_mixin.py:150} INFO - [2025-02-06T16:52:45.818+0000] {dag.py:2742} INFO - Sync 6 DAGs
[2025-02-06T16:52:45.832+0000] {logging_mixin.py:150} INFO - [2025-02-06T16:52:45.832+0000] {dag.py:3504} INFO - Setting next_dagrun for dataset_consumes_1 to None, run_after=None
[2025-02-06T16:52:45.835+0000] {logging_mixin.py:150} INFO - [2025-02-06T16:52:45.835+0000] {dag.py:3504} INFO - Setting next_dagrun for dataset_consumes_1_and_2 to None, run_after=None
[2025-02-06T16:52:45.835+0000] {logging_mixin.py:150} INFO - [2025-02-06T16:52:45.835+0000] {dag.py:3504} INFO - Setting next_dagrun for dataset_consumes_1_never_scheduled to None, run_after=None
[2025-02-06T16:52:45.836+0000] {logging_mixin.py:150} INFO - [2025-02-06T16:52:45.836+0000] {dag.py:3504} INFO - Setting next_dagrun for dataset_consumes_unknown_never_scheduled to None, run_after=None
[2025-02-06T16:52:45.838+0000] {logging_mixin.py:150} INFO - [2025-02-06T16:52:45.838+0000] {dag.py:3504} INFO - Setting next_dagrun for dataset_produces_1 to 2025-02-05T00:00:00+00:00, run_after=2025-02-06T00:00:00+00:00
[2025-02-06T16:52:45.838+0000] {logging_mixin.py:150} INFO - [2025-02-06T16:52:45.838+0000] {dag.py:3504} INFO - Setting next_dagrun for dataset_produces_2 to None, run_after=None
[2025-02-06T16:52:45.858+0000] {processor.py:179} INFO - Processing /home/vscode/.local/lib/python3.10/site-packages/airflow/example_dags/example_datasets.py took 0.073 seconds
[2025-02-06T16:53:29.123+0000] {processor.py:157} INFO - Started process (PID=11821) to work on /home/vscode/.local/lib/python3.10/site-packages/airflow/example_dags/example_datasets.py
[2025-02-06T16:53:29.124+0000] {processor.py:826} INFO - Processing file /home/vscode/.local/lib/python3.10/site-packages/airflow/example_dags/example_datasets.py for tasks to queue
[2025-02-06T16:53:29.124+0000] {logging_mixin.py:150} INFO - [2025-02-06T16:53:29.124+0000] {dagbag.py:541} INFO - Filling up the DagBag from /home/vscode/.local/lib/python3.10/site-packages/airflow/example_dags/example_datasets.py
[2025-02-06T16:53:29.132+0000] {processor.py:836} INFO - DAG(s) dict_keys(['dataset_consumes_1_and_2', 'dataset_produces_1', 'dataset_consumes_1_never_scheduled', 'dataset_produces_2', 'dataset_consumes_1', 'dataset_consumes_unknown_never_scheduled']) retrieved from /home/vscode/.local/lib/python3.10/site-packages/airflow/example_dags/example_datasets.py
[2025-02-06T16:53:29.154+0000] {logging_mixin.py:150} INFO - [2025-02-06T16:53:29.154+0000] {dag.py:2742} INFO - Sync 6 DAGs
[2025-02-06T16:53:29.169+0000] {logging_mixin.py:150} INFO - [2025-02-06T16:53:29.169+0000] {dag.py:3504} INFO - Setting next_dagrun for dataset_consumes_1 to None, run_after=None
[2025-02-06T16:53:29.171+0000] {logging_mixin.py:150} INFO - [2025-02-06T16:53:29.171+0000] {dag.py:3504} INFO - Setting next_dagrun for dataset_consumes_1_and_2 to None, run_after=None
[2025-02-06T16:53:29.172+0000] {logging_mixin.py:150} INFO - [2025-02-06T16:53:29.172+0000] {dag.py:3504} INFO - Setting next_dagrun for dataset_consumes_1_never_scheduled to None, run_after=None
[2025-02-06T16:53:29.173+0000] {logging_mixin.py:150} INFO - [2025-02-06T16:53:29.173+0000] {dag.py:3504} INFO - Setting next_dagrun for dataset_consumes_unknown_never_scheduled to None, run_after=None
[2025-02-06T16:53:29.175+0000] {logging_mixin.py:150} INFO - [2025-02-06T16:53:29.175+0000] {dag.py:3504} INFO - Setting next_dagrun for dataset_produces_1 to 2025-02-05T00:00:00+00:00, run_after=2025-02-06T00:00:00+00:00
[2025-02-06T16:53:29.176+0000] {logging_mixin.py:150} INFO - [2025-02-06T16:53:29.176+0000] {dag.py:3504} INFO - Setting next_dagrun for dataset_produces_2 to None, run_after=None
[2025-02-06T16:53:29.196+0000] {processor.py:179} INFO - Processing /home/vscode/.local/lib/python3.10/site-packages/airflow/example_dags/example_datasets.py took 0.076 seconds
[2025-02-06T16:54:16.490+0000] {processor.py:157} INFO - Started process (PID=12168) to work on /home/vscode/.local/lib/python3.10/site-packages/airflow/example_dags/example_datasets.py
[2025-02-06T16:54:16.491+0000] {processor.py:826} INFO - Processing file /home/vscode/.local/lib/python3.10/site-packages/airflow/example_dags/example_datasets.py for tasks to queue
[2025-02-06T16:54:16.492+0000] {logging_mixin.py:150} INFO - [2025-02-06T16:54:16.491+0000] {dagbag.py:541} INFO - Filling up the DagBag from /home/vscode/.local/lib/python3.10/site-packages/airflow/example_dags/example_datasets.py
[2025-02-06T16:54:16.499+0000] {processor.py:836} INFO - DAG(s) dict_keys(['dataset_produces_1', 'dataset_consumes_1_never_scheduled', 'dataset_produces_2', 'dataset_consumes_unknown_never_scheduled', 'dataset_consumes_1_and_2', 'dataset_consumes_1']) retrieved from /home/vscode/.local/lib/python3.10/site-packages/airflow/example_dags/example_datasets.py
[2025-02-06T16:54:16.520+0000] {logging_mixin.py:150} INFO - [2025-02-06T16:54:16.520+0000] {dag.py:2742} INFO - Sync 6 DAGs
[2025-02-06T16:54:16.536+0000] {logging_mixin.py:150} INFO - [2025-02-06T16:54:16.536+0000] {dag.py:3504} INFO - Setting next_dagrun for dataset_consumes_1 to None, run_after=None
[2025-02-06T16:54:16.539+0000] {logging_mixin.py:150} INFO - [2025-02-06T16:54:16.539+0000] {dag.py:3504} INFO - Setting next_dagrun for dataset_consumes_1_and_2 to None, run_after=None
[2025-02-06T16:54:16.540+0000] {logging_mixin.py:150} INFO - [2025-02-06T16:54:16.540+0000] {dag.py:3504} INFO - Setting next_dagrun for dataset_consumes_1_never_scheduled to None, run_after=None
[2025-02-06T16:54:16.541+0000] {logging_mixin.py:150} INFO - [2025-02-06T16:54:16.540+0000] {dag.py:3504} INFO - Setting next_dagrun for dataset_consumes_unknown_never_scheduled to None, run_after=None
[2025-02-06T16:54:16.542+0000] {logging_mixin.py:150} INFO - [2025-02-06T16:54:16.542+0000] {dag.py:3504} INFO - Setting next_dagrun for dataset_produces_1 to 2025-02-05T00:00:00+00:00, run_after=2025-02-06T00:00:00+00:00
[2025-02-06T16:54:16.543+0000] {logging_mixin.py:150} INFO - [2025-02-06T16:54:16.543+0000] {dag.py:3504} INFO - Setting next_dagrun for dataset_produces_2 to None, run_after=None
[2025-02-06T16:54:16.569+0000] {processor.py:179} INFO - Processing /home/vscode/.local/lib/python3.10/site-packages/airflow/example_dags/example_datasets.py took 0.082 seconds
[2025-02-06T16:55:03.454+0000] {processor.py:157} INFO - Started process (PID=12541) to work on /home/vscode/.local/lib/python3.10/site-packages/airflow/example_dags/example_datasets.py
[2025-02-06T16:55:03.455+0000] {processor.py:826} INFO - Processing file /home/vscode/.local/lib/python3.10/site-packages/airflow/example_dags/example_datasets.py for tasks to queue
[2025-02-06T16:55:03.456+0000] {logging_mixin.py:150} INFO - [2025-02-06T16:55:03.455+0000] {dagbag.py:541} INFO - Filling up the DagBag from /home/vscode/.local/lib/python3.10/site-packages/airflow/example_dags/example_datasets.py
[2025-02-06T16:55:03.463+0000] {processor.py:836} INFO - DAG(s) dict_keys(['dataset_consumes_1_never_scheduled', 'dataset_consumes_1_and_2', 'dataset_produces_1', 'dataset_consumes_unknown_never_scheduled', 'dataset_consumes_1', 'dataset_produces_2']) retrieved from /home/vscode/.local/lib/python3.10/site-packages/airflow/example_dags/example_datasets.py
[2025-02-06T16:55:03.485+0000] {logging_mixin.py:150} INFO - [2025-02-06T16:55:03.485+0000] {dag.py:2742} INFO - Sync 6 DAGs
[2025-02-06T16:55:03.501+0000] {logging_mixin.py:150} INFO - [2025-02-06T16:55:03.501+0000] {dag.py:3504} INFO - Setting next_dagrun for dataset_consumes_1 to None, run_after=None
[2025-02-06T16:55:03.503+0000] {logging_mixin.py:150} INFO - [2025-02-06T16:55:03.503+0000] {dag.py:3504} INFO - Setting next_dagrun for dataset_consumes_1_and_2 to None, run_after=None
[2025-02-06T16:55:03.504+0000] {logging_mixin.py:150} INFO - [2025-02-06T16:55:03.504+0000] {dag.py:3504} INFO - Setting next_dagrun for dataset_consumes_1_never_scheduled to None, run_after=None
[2025-02-06T16:55:03.505+0000] {logging_mixin.py:150} INFO - [2025-02-06T16:55:03.505+0000] {dag.py:3504} INFO - Setting next_dagrun for dataset_consumes_unknown_never_scheduled to None, run_after=None
[2025-02-06T16:55:03.507+0000] {logging_mixin.py:150} INFO - [2025-02-06T16:55:03.507+0000] {dag.py:3504} INFO - Setting next_dagrun for dataset_produces_1 to 2025-02-05T00:00:00+00:00, run_after=2025-02-06T00:00:00+00:00
[2025-02-06T16:55:03.507+0000] {logging_mixin.py:150} INFO - [2025-02-06T16:55:03.507+0000] {dag.py:3504} INFO - Setting next_dagrun for dataset_produces_2 to None, run_after=None
[2025-02-06T16:55:03.528+0000] {processor.py:179} INFO - Processing /home/vscode/.local/lib/python3.10/site-packages/airflow/example_dags/example_datasets.py took 0.076 seconds
[2025-02-06T16:55:52.787+0000] {processor.py:157} INFO - Started process (PID=12974) to work on /home/vscode/.local/lib/python3.10/site-packages/airflow/example_dags/example_datasets.py
[2025-02-06T16:55:52.788+0000] {processor.py:826} INFO - Processing file /home/vscode/.local/lib/python3.10/site-packages/airflow/example_dags/example_datasets.py for tasks to queue
[2025-02-06T16:55:52.788+0000] {logging_mixin.py:150} INFO - [2025-02-06T16:55:52.788+0000] {dagbag.py:541} INFO - Filling up the DagBag from /home/vscode/.local/lib/python3.10/site-packages/airflow/example_dags/example_datasets.py
[2025-02-06T16:55:52.797+0000] {processor.py:836} INFO - DAG(s) dict_keys(['dataset_consumes_1_never_scheduled', 'dataset_consumes_unknown_never_scheduled', 'dataset_consumes_1', 'dataset_produces_1', 'dataset_produces_2', 'dataset_consumes_1_and_2']) retrieved from /home/vscode/.local/lib/python3.10/site-packages/airflow/example_dags/example_datasets.py
[2025-02-06T16:55:52.820+0000] {logging_mixin.py:150} INFO - [2025-02-06T16:55:52.820+0000] {dag.py:2742} INFO - Sync 6 DAGs
[2025-02-06T16:55:52.835+0000] {logging_mixin.py:150} INFO - [2025-02-06T16:55:52.835+0000] {dag.py:3504} INFO - Setting next_dagrun for dataset_consumes_1 to None, run_after=None
[2025-02-06T16:55:52.838+0000] {logging_mixin.py:150} INFO - [2025-02-06T16:55:52.838+0000] {dag.py:3504} INFO - Setting next_dagrun for dataset_consumes_1_and_2 to None, run_after=None
[2025-02-06T16:55:52.839+0000] {logging_mixin.py:150} INFO - [2025-02-06T16:55:52.838+0000] {dag.py:3504} INFO - Setting next_dagrun for dataset_consumes_1_never_scheduled to None, run_after=None
[2025-02-06T16:55:52.839+0000] {logging_mixin.py:150} INFO - [2025-02-06T16:55:52.839+0000] {dag.py:3504} INFO - Setting next_dagrun for dataset_consumes_unknown_never_scheduled to None, run_after=None
[2025-02-06T16:55:52.841+0000] {logging_mixin.py:150} INFO - [2025-02-06T16:55:52.841+0000] {dag.py:3504} INFO - Setting next_dagrun for dataset_produces_1 to 2025-02-05T00:00:00+00:00, run_after=2025-02-06T00:00:00+00:00
[2025-02-06T16:55:52.842+0000] {logging_mixin.py:150} INFO - [2025-02-06T16:55:52.842+0000] {dag.py:3504} INFO - Setting next_dagrun for dataset_produces_2 to None, run_after=None
[2025-02-06T16:55:52.862+0000] {processor.py:179} INFO - Processing /home/vscode/.local/lib/python3.10/site-packages/airflow/example_dags/example_datasets.py took 0.078 seconds
[2025-02-06T16:56:38.194+0000] {processor.py:157} INFO - Started process (PID=13372) to work on /home/vscode/.local/lib/python3.10/site-packages/airflow/example_dags/example_datasets.py
[2025-02-06T16:56:38.195+0000] {processor.py:826} INFO - Processing file /home/vscode/.local/lib/python3.10/site-packages/airflow/example_dags/example_datasets.py for tasks to queue
[2025-02-06T16:56:38.196+0000] {logging_mixin.py:150} INFO - [2025-02-06T16:56:38.195+0000] {dagbag.py:541} INFO - Filling up the DagBag from /home/vscode/.local/lib/python3.10/site-packages/airflow/example_dags/example_datasets.py
[2025-02-06T16:56:38.203+0000] {processor.py:836} INFO - DAG(s) dict_keys(['dataset_produces_1', 'dataset_produces_2', 'dataset_consumes_unknown_never_scheduled', 'dataset_consumes_1_never_scheduled', 'dataset_consumes_1_and_2', 'dataset_consumes_1']) retrieved from /home/vscode/.local/lib/python3.10/site-packages/airflow/example_dags/example_datasets.py
[2025-02-06T16:56:38.225+0000] {logging_mixin.py:150} INFO - [2025-02-06T16:56:38.225+0000] {dag.py:2742} INFO - Sync 6 DAGs
[2025-02-06T16:56:38.240+0000] {logging_mixin.py:150} INFO - [2025-02-06T16:56:38.240+0000] {dag.py:3504} INFO - Setting next_dagrun for dataset_consumes_1 to None, run_after=None
[2025-02-06T16:56:38.242+0000] {logging_mixin.py:150} INFO - [2025-02-06T16:56:38.242+0000] {dag.py:3504} INFO - Setting next_dagrun for dataset_consumes_1_and_2 to None, run_after=None
[2025-02-06T16:56:38.243+0000] {logging_mixin.py:150} INFO - [2025-02-06T16:56:38.243+0000] {dag.py:3504} INFO - Setting next_dagrun for dataset_consumes_1_never_scheduled to None, run_after=None
[2025-02-06T16:56:38.244+0000] {logging_mixin.py:150} INFO - [2025-02-06T16:56:38.244+0000] {dag.py:3504} INFO - Setting next_dagrun for dataset_consumes_unknown_never_scheduled to None, run_after=None
[2025-02-06T16:56:38.246+0000] {logging_mixin.py:150} INFO - [2025-02-06T16:56:38.245+0000] {dag.py:3504} INFO - Setting next_dagrun for dataset_produces_1 to 2025-02-05T00:00:00+00:00, run_after=2025-02-06T00:00:00+00:00
[2025-02-06T16:56:38.246+0000] {logging_mixin.py:150} INFO - [2025-02-06T16:56:38.246+0000] {dag.py:3504} INFO - Setting next_dagrun for dataset_produces_2 to None, run_after=None
[2025-02-06T16:56:38.267+0000] {processor.py:179} INFO - Processing /home/vscode/.local/lib/python3.10/site-packages/airflow/example_dags/example_datasets.py took 0.076 seconds
[2025-02-06T16:57:23.639+0000] {processor.py:157} INFO - Started process (PID=13701) to work on /home/vscode/.local/lib/python3.10/site-packages/airflow/example_dags/example_datasets.py
[2025-02-06T16:57:23.640+0000] {processor.py:826} INFO - Processing file /home/vscode/.local/lib/python3.10/site-packages/airflow/example_dags/example_datasets.py for tasks to queue
[2025-02-06T16:57:23.641+0000] {logging_mixin.py:150} INFO - [2025-02-06T16:57:23.640+0000] {dagbag.py:541} INFO - Filling up the DagBag from /home/vscode/.local/lib/python3.10/site-packages/airflow/example_dags/example_datasets.py
[2025-02-06T16:57:23.648+0000] {processor.py:836} INFO - DAG(s) dict_keys(['dataset_produces_1', 'dataset_consumes_unknown_never_scheduled', 'dataset_consumes_1', 'dataset_consumes_1_never_scheduled', 'dataset_consumes_1_and_2', 'dataset_produces_2']) retrieved from /home/vscode/.local/lib/python3.10/site-packages/airflow/example_dags/example_datasets.py
[2025-02-06T16:57:23.670+0000] {logging_mixin.py:150} INFO - [2025-02-06T16:57:23.670+0000] {dag.py:2742} INFO - Sync 6 DAGs
[2025-02-06T16:57:23.685+0000] {logging_mixin.py:150} INFO - [2025-02-06T16:57:23.684+0000] {dag.py:3504} INFO - Setting next_dagrun for dataset_consumes_1 to None, run_after=None
[2025-02-06T16:57:23.687+0000] {logging_mixin.py:150} INFO - [2025-02-06T16:57:23.687+0000] {dag.py:3504} INFO - Setting next_dagrun for dataset_consumes_1_and_2 to None, run_after=None
[2025-02-06T16:57:23.688+0000] {logging_mixin.py:150} INFO - [2025-02-06T16:57:23.687+0000] {dag.py:3504} INFO - Setting next_dagrun for dataset_consumes_1_never_scheduled to None, run_after=None
[2025-02-06T16:57:23.688+0000] {logging_mixin.py:150} INFO - [2025-02-06T16:57:23.688+0000] {dag.py:3504} INFO - Setting next_dagrun for dataset_consumes_unknown_never_scheduled to None, run_after=None
[2025-02-06T16:57:23.690+0000] {logging_mixin.py:150} INFO - [2025-02-06T16:57:23.690+0000] {dag.py:3504} INFO - Setting next_dagrun for dataset_produces_1 to 2025-02-05T00:00:00+00:00, run_after=2025-02-06T00:00:00+00:00
[2025-02-06T16:57:23.691+0000] {logging_mixin.py:150} INFO - [2025-02-06T16:57:23.691+0000] {dag.py:3504} INFO - Setting next_dagrun for dataset_produces_2 to None, run_after=None
[2025-02-06T16:57:23.711+0000] {processor.py:179} INFO - Processing /home/vscode/.local/lib/python3.10/site-packages/airflow/example_dags/example_datasets.py took 0.074 seconds
[2025-02-06T16:58:08.428+0000] {processor.py:157} INFO - Started process (PID=14045) to work on /home/vscode/.local/lib/python3.10/site-packages/airflow/example_dags/example_datasets.py
[2025-02-06T16:58:08.429+0000] {processor.py:826} INFO - Processing file /home/vscode/.local/lib/python3.10/site-packages/airflow/example_dags/example_datasets.py for tasks to queue
[2025-02-06T16:58:08.430+0000] {logging_mixin.py:150} INFO - [2025-02-06T16:58:08.430+0000] {dagbag.py:541} INFO - Filling up the DagBag from /home/vscode/.local/lib/python3.10/site-packages/airflow/example_dags/example_datasets.py
[2025-02-06T16:58:08.437+0000] {processor.py:836} INFO - DAG(s) dict_keys(['dataset_consumes_1', 'dataset_produces_1', 'dataset_consumes_1_and_2', 'dataset_produces_2', 'dataset_consumes_unknown_never_scheduled', 'dataset_consumes_1_never_scheduled']) retrieved from /home/vscode/.local/lib/python3.10/site-packages/airflow/example_dags/example_datasets.py
[2025-02-06T16:58:08.462+0000] {logging_mixin.py:150} INFO - [2025-02-06T16:58:08.462+0000] {dag.py:2742} INFO - Sync 6 DAGs
[2025-02-06T16:58:08.478+0000] {logging_mixin.py:150} INFO - [2025-02-06T16:58:08.478+0000] {dag.py:3504} INFO - Setting next_dagrun for dataset_consumes_1 to None, run_after=None
[2025-02-06T16:58:08.480+0000] {logging_mixin.py:150} INFO - [2025-02-06T16:58:08.480+0000] {dag.py:3504} INFO - Setting next_dagrun for dataset_consumes_1_and_2 to None, run_after=None
[2025-02-06T16:58:08.481+0000] {logging_mixin.py:150} INFO - [2025-02-06T16:58:08.481+0000] {dag.py:3504} INFO - Setting next_dagrun for dataset_consumes_1_never_scheduled to None, run_after=None
[2025-02-06T16:58:08.482+0000] {logging_mixin.py:150} INFO - [2025-02-06T16:58:08.482+0000] {dag.py:3504} INFO - Setting next_dagrun for dataset_consumes_unknown_never_scheduled to None, run_after=None
[2025-02-06T16:58:08.484+0000] {logging_mixin.py:150} INFO - [2025-02-06T16:58:08.483+0000] {dag.py:3504} INFO - Setting next_dagrun for dataset_produces_1 to 2025-02-05T00:00:00+00:00, run_after=2025-02-06T00:00:00+00:00
[2025-02-06T16:58:08.484+0000] {logging_mixin.py:150} INFO - [2025-02-06T16:58:08.484+0000] {dag.py:3504} INFO - Setting next_dagrun for dataset_produces_2 to None, run_after=None
[2025-02-06T16:58:08.504+0000] {processor.py:179} INFO - Processing /home/vscode/.local/lib/python3.10/site-packages/airflow/example_dags/example_datasets.py took 0.078 seconds
[2025-02-06T18:08:01.995+0000] {processor.py:157} INFO - Started process (PID=5067) to work on /home/vscode/.local/lib/python3.10/site-packages/airflow/example_dags/example_datasets.py
[2025-02-06T18:08:01.997+0000] {processor.py:826} INFO - Processing file /home/vscode/.local/lib/python3.10/site-packages/airflow/example_dags/example_datasets.py for tasks to queue
[2025-02-06T18:08:01.997+0000] {logging_mixin.py:150} INFO - [2025-02-06T18:08:01.997+0000] {dagbag.py:541} INFO - Filling up the DagBag from /home/vscode/.local/lib/python3.10/site-packages/airflow/example_dags/example_datasets.py
[2025-02-06T18:08:02.004+0000] {processor.py:836} INFO - DAG(s) dict_keys(['dataset_produces_2', 'dataset_consumes_1_never_scheduled', 'dataset_consumes_1', 'dataset_consumes_unknown_never_scheduled', 'dataset_produces_1', 'dataset_consumes_1_and_2']) retrieved from /home/vscode/.local/lib/python3.10/site-packages/airflow/example_dags/example_datasets.py
[2025-02-06T18:08:02.090+0000] {logging_mixin.py:150} INFO - [2025-02-06T18:08:02.090+0000] {manager.py:504} INFO - Created Permission View: can read on DAG:dataset_produces_2
[2025-02-06T18:08:02.099+0000] {logging_mixin.py:150} INFO - [2025-02-06T18:08:02.099+0000] {manager.py:504} INFO - Created Permission View: can delete on DAG:dataset_produces_2
[2025-02-06T18:08:02.105+0000] {logging_mixin.py:150} INFO - [2025-02-06T18:08:02.105+0000] {manager.py:504} INFO - Created Permission View: can edit on DAG:dataset_produces_2
[2025-02-06T18:08:02.126+0000] {logging_mixin.py:150} INFO - [2025-02-06T18:08:02.126+0000] {manager.py:504} INFO - Created Permission View: can read on DAG:dataset_consumes_1_never_scheduled
[2025-02-06T18:08:02.132+0000] {logging_mixin.py:150} INFO - [2025-02-06T18:08:02.131+0000] {manager.py:504} INFO - Created Permission View: can delete on DAG:dataset_consumes_1_never_scheduled
[2025-02-06T18:08:02.137+0000] {logging_mixin.py:150} INFO - [2025-02-06T18:08:02.137+0000] {manager.py:504} INFO - Created Permission View: can edit on DAG:dataset_consumes_1_never_scheduled
[2025-02-06T18:08:02.149+0000] {logging_mixin.py:150} INFO - [2025-02-06T18:08:02.149+0000] {manager.py:504} INFO - Created Permission View: can read on DAG:dataset_consumes_1
[2025-02-06T18:08:02.154+0000] {logging_mixin.py:150} INFO - [2025-02-06T18:08:02.153+0000] {manager.py:504} INFO - Created Permission View: can delete on DAG:dataset_consumes_1
[2025-02-06T18:08:02.158+0000] {logging_mixin.py:150} INFO - [2025-02-06T18:08:02.158+0000] {manager.py:504} INFO - Created Permission View: can edit on DAG:dataset_consumes_1
[2025-02-06T18:08:02.169+0000] {logging_mixin.py:150} INFO - [2025-02-06T18:08:02.169+0000] {manager.py:504} INFO - Created Permission View: can read on DAG:dataset_consumes_unknown_never_scheduled
[2025-02-06T18:08:02.174+0000] {logging_mixin.py:150} INFO - [2025-02-06T18:08:02.174+0000] {manager.py:504} INFO - Created Permission View: can delete on DAG:dataset_consumes_unknown_never_scheduled
[2025-02-06T18:08:02.178+0000] {logging_mixin.py:150} INFO - [2025-02-06T18:08:02.178+0000] {manager.py:504} INFO - Created Permission View: can edit on DAG:dataset_consumes_unknown_never_scheduled
[2025-02-06T18:08:02.189+0000] {logging_mixin.py:150} INFO - [2025-02-06T18:08:02.189+0000] {manager.py:504} INFO - Created Permission View: can read on DAG:dataset_produces_1
[2025-02-06T18:08:02.194+0000] {logging_mixin.py:150} INFO - [2025-02-06T18:08:02.194+0000] {manager.py:504} INFO - Created Permission View: can delete on DAG:dataset_produces_1
[2025-02-06T18:08:02.199+0000] {logging_mixin.py:150} INFO - [2025-02-06T18:08:02.199+0000] {manager.py:504} INFO - Created Permission View: can edit on DAG:dataset_produces_1
[2025-02-06T18:08:02.210+0000] {logging_mixin.py:150} INFO - [2025-02-06T18:08:02.210+0000] {manager.py:504} INFO - Created Permission View: can read on DAG:dataset_consumes_1_and_2
[2025-02-06T18:08:02.215+0000] {logging_mixin.py:150} INFO - [2025-02-06T18:08:02.215+0000] {manager.py:504} INFO - Created Permission View: can delete on DAG:dataset_consumes_1_and_2
[2025-02-06T18:08:02.219+0000] {logging_mixin.py:150} INFO - [2025-02-06T18:08:02.219+0000] {manager.py:504} INFO - Created Permission View: can edit on DAG:dataset_consumes_1_and_2
[2025-02-06T18:08:02.222+0000] {logging_mixin.py:150} INFO - [2025-02-06T18:08:02.222+0000] {dag.py:2742} INFO - Sync 6 DAGs
[2025-02-06T18:08:02.228+0000] {logging_mixin.py:150} INFO - [2025-02-06T18:08:02.228+0000] {dag.py:2763} INFO - Creating ORM DAG for dataset_consumes_1_never_scheduled
[2025-02-06T18:08:02.229+0000] {logging_mixin.py:150} INFO - [2025-02-06T18:08:02.229+0000] {dag.py:2763} INFO - Creating ORM DAG for dataset_produces_1
[2025-02-06T18:08:02.229+0000] {logging_mixin.py:150} INFO - [2025-02-06T18:08:02.229+0000] {dag.py:2763} INFO - Creating ORM DAG for dataset_produces_2
[2025-02-06T18:08:02.230+0000] {logging_mixin.py:150} INFO - [2025-02-06T18:08:02.229+0000] {dag.py:2763} INFO - Creating ORM DAG for dataset_consumes_1
[2025-02-06T18:08:02.230+0000] {logging_mixin.py:150} INFO - [2025-02-06T18:08:02.230+0000] {dag.py:2763} INFO - Creating ORM DAG for dataset_consumes_unknown_never_scheduled
[2025-02-06T18:08:02.230+0000] {logging_mixin.py:150} INFO - [2025-02-06T18:08:02.230+0000] {dag.py:2763} INFO - Creating ORM DAG for dataset_consumes_1_and_2
[2025-02-06T18:08:02.237+0000] {logging_mixin.py:150} INFO - [2025-02-06T18:08:02.236+0000] {dag.py:3504} INFO - Setting next_dagrun for dataset_consumes_1 to None, run_after=None
[2025-02-06T18:08:02.237+0000] {logging_mixin.py:150} INFO - [2025-02-06T18:08:02.237+0000] {dag.py:3504} INFO - Setting next_dagrun for dataset_consumes_1_and_2 to None, run_after=None
[2025-02-06T18:08:02.237+0000] {logging_mixin.py:150} INFO - [2025-02-06T18:08:02.237+0000] {dag.py:3504} INFO - Setting next_dagrun for dataset_consumes_1_never_scheduled to None, run_after=None
[2025-02-06T18:08:02.238+0000] {logging_mixin.py:150} INFO - [2025-02-06T18:08:02.238+0000] {dag.py:3504} INFO - Setting next_dagrun for dataset_consumes_unknown_never_scheduled to None, run_after=None
[2025-02-06T18:08:02.239+0000] {logging_mixin.py:150} INFO - [2025-02-06T18:08:02.239+0000] {dag.py:3504} INFO - Setting next_dagrun for dataset_produces_1 to 2025-02-05T00:00:00+00:00, run_after=2025-02-06T00:00:00+00:00
[2025-02-06T18:08:02.240+0000] {logging_mixin.py:150} INFO - [2025-02-06T18:08:02.239+0000] {dag.py:3504} INFO - Setting next_dagrun for dataset_produces_2 to None, run_after=None
[2025-02-06T18:08:02.260+0000] {processor.py:179} INFO - Processing /home/vscode/.local/lib/python3.10/site-packages/airflow/example_dags/example_datasets.py took 0.267 seconds
