[2025-02-06T16:45:00.597+0000] {processor.py:157} INFO - Started process (PID=8258) to work on /home/vscode/.local/lib/python3.10/site-packages/airflow/example_dags/example_branch_python_dop_operator_3.py
[2025-02-06T16:45:00.597+0000] {processor.py:826} INFO - Processing file /home/vscode/.local/lib/python3.10/site-packages/airflow/example_dags/example_branch_python_dop_operator_3.py for tasks to queue
[2025-02-06T16:45:00.598+0000] {logging_mixin.py:150} INFO - [2025-02-06T16:45:00.598+0000] {dagbag.py:541} INFO - Filling up the DagBag from /home/vscode/.local/lib/python3.10/site-packages/airflow/example_dags/example_branch_python_dop_operator_3.py
[2025-02-06T16:45:00.605+0000] {processor.py:836} INFO - DAG(s) dict_keys(['example_branch_dop_operator_v3']) retrieved from /home/vscode/.local/lib/python3.10/site-packages/airflow/example_dags/example_branch_python_dop_operator_3.py
[2025-02-06T16:45:00.764+0000] {logging_mixin.py:150} INFO - [2025-02-06T16:45:00.764+0000] {manager.py:504} INFO - Created Permission View: can read on DAG:example_branch_dop_operator_v3
[2025-02-06T16:45:00.774+0000] {logging_mixin.py:150} INFO - [2025-02-06T16:45:00.774+0000] {manager.py:504} INFO - Created Permission View: can delete on DAG:example_branch_dop_operator_v3
[2025-02-06T16:45:00.782+0000] {logging_mixin.py:150} INFO - [2025-02-06T16:45:00.782+0000] {manager.py:504} INFO - Created Permission View: can edit on DAG:example_branch_dop_operator_v3
[2025-02-06T16:45:00.790+0000] {logging_mixin.py:150} INFO - [2025-02-06T16:45:00.790+0000] {dag.py:2742} INFO - Sync 1 DAGs
[2025-02-06T16:45:00.797+0000] {logging_mixin.py:150} INFO - [2025-02-06T16:45:00.796+0000] {dag.py:2763} INFO - Creating ORM DAG for example_branch_dop_operator_v3
[2025-02-06T16:45:00.806+0000] {logging_mixin.py:150} INFO - [2025-02-06T16:45:00.806+0000] {dag.py:3504} INFO - Setting next_dagrun for example_branch_dop_operator_v3 to 2025-02-06T16:44:00+00:00, run_after=2025-02-06T16:45:00+00:00
[2025-02-06T16:45:00.822+0000] {processor.py:179} INFO - Processing /home/vscode/.local/lib/python3.10/site-packages/airflow/example_dags/example_branch_python_dop_operator_3.py took 0.227 seconds
[2025-02-06T16:45:49.852+0000] {processor.py:157} INFO - Started process (PID=8586) to work on /home/vscode/.local/lib/python3.10/site-packages/airflow/example_dags/example_branch_python_dop_operator_3.py
[2025-02-06T16:45:49.853+0000] {processor.py:826} INFO - Processing file /home/vscode/.local/lib/python3.10/site-packages/airflow/example_dags/example_branch_python_dop_operator_3.py for tasks to queue
[2025-02-06T16:45:49.854+0000] {logging_mixin.py:150} INFO - [2025-02-06T16:45:49.853+0000] {dagbag.py:541} INFO - Filling up the DagBag from /home/vscode/.local/lib/python3.10/site-packages/airflow/example_dags/example_branch_python_dop_operator_3.py
[2025-02-06T16:45:49.861+0000] {processor.py:836} INFO - DAG(s) dict_keys(['example_branch_dop_operator_v3']) retrieved from /home/vscode/.local/lib/python3.10/site-packages/airflow/example_dags/example_branch_python_dop_operator_3.py
[2025-02-06T16:45:49.874+0000] {logging_mixin.py:150} INFO - [2025-02-06T16:45:49.874+0000] {dag.py:2742} INFO - Sync 1 DAGs
[2025-02-06T16:45:49.892+0000] {logging_mixin.py:150} INFO - [2025-02-06T16:45:49.892+0000] {dag.py:3504} INFO - Setting next_dagrun for example_branch_dop_operator_v3 to 2025-02-06T16:44:00+00:00, run_after=2025-02-06T16:45:00+00:00
[2025-02-06T16:45:49.906+0000] {processor.py:179} INFO - Processing /home/vscode/.local/lib/python3.10/site-packages/airflow/example_dags/example_branch_python_dop_operator_3.py took 0.056 seconds
[2025-02-06T16:46:31.848+0000] {processor.py:157} INFO - Started process (PID=8880) to work on /home/vscode/.local/lib/python3.10/site-packages/airflow/example_dags/example_branch_python_dop_operator_3.py
[2025-02-06T16:46:31.849+0000] {processor.py:826} INFO - Processing file /home/vscode/.local/lib/python3.10/site-packages/airflow/example_dags/example_branch_python_dop_operator_3.py for tasks to queue
[2025-02-06T16:46:31.850+0000] {logging_mixin.py:150} INFO - [2025-02-06T16:46:31.850+0000] {dagbag.py:541} INFO - Filling up the DagBag from /home/vscode/.local/lib/python3.10/site-packages/airflow/example_dags/example_branch_python_dop_operator_3.py
[2025-02-06T16:46:31.857+0000] {processor.py:836} INFO - DAG(s) dict_keys(['example_branch_dop_operator_v3']) retrieved from /home/vscode/.local/lib/python3.10/site-packages/airflow/example_dags/example_branch_python_dop_operator_3.py
[2025-02-06T16:46:31.871+0000] {logging_mixin.py:150} INFO - [2025-02-06T16:46:31.871+0000] {dag.py:2742} INFO - Sync 1 DAGs
[2025-02-06T16:46:31.889+0000] {logging_mixin.py:150} INFO - [2025-02-06T16:46:31.889+0000] {dag.py:3504} INFO - Setting next_dagrun for example_branch_dop_operator_v3 to 2025-02-06T16:45:00+00:00, run_after=2025-02-06T16:46:00+00:00
[2025-02-06T16:46:31.906+0000] {processor.py:179} INFO - Processing /home/vscode/.local/lib/python3.10/site-packages/airflow/example_dags/example_branch_python_dop_operator_3.py took 0.061 seconds
[2025-02-06T16:47:17.271+0000] {processor.py:157} INFO - Started process (PID=9181) to work on /home/vscode/.local/lib/python3.10/site-packages/airflow/example_dags/example_branch_python_dop_operator_3.py
[2025-02-06T16:47:17.272+0000] {processor.py:826} INFO - Processing file /home/vscode/.local/lib/python3.10/site-packages/airflow/example_dags/example_branch_python_dop_operator_3.py for tasks to queue
[2025-02-06T16:47:17.273+0000] {logging_mixin.py:150} INFO - [2025-02-06T16:47:17.272+0000] {dagbag.py:541} INFO - Filling up the DagBag from /home/vscode/.local/lib/python3.10/site-packages/airflow/example_dags/example_branch_python_dop_operator_3.py
[2025-02-06T16:47:17.280+0000] {processor.py:836} INFO - DAG(s) dict_keys(['example_branch_dop_operator_v3']) retrieved from /home/vscode/.local/lib/python3.10/site-packages/airflow/example_dags/example_branch_python_dop_operator_3.py
[2025-02-06T16:47:17.293+0000] {logging_mixin.py:150} INFO - [2025-02-06T16:47:17.293+0000] {dag.py:2742} INFO - Sync 1 DAGs
[2025-02-06T16:47:17.316+0000] {logging_mixin.py:150} INFO - [2025-02-06T16:47:17.316+0000] {dag.py:3504} INFO - Setting next_dagrun for example_branch_dop_operator_v3 to 2025-02-06T16:46:00+00:00, run_after=2025-02-06T16:47:00+00:00
[2025-02-06T16:47:17.338+0000] {processor.py:179} INFO - Processing /home/vscode/.local/lib/python3.10/site-packages/airflow/example_dags/example_branch_python_dop_operator_3.py took 0.069 seconds
[2025-02-06T16:48:03.552+0000] {processor.py:157} INFO - Started process (PID=9502) to work on /home/vscode/.local/lib/python3.10/site-packages/airflow/example_dags/example_branch_python_dop_operator_3.py
[2025-02-06T16:48:03.553+0000] {processor.py:826} INFO - Processing file /home/vscode/.local/lib/python3.10/site-packages/airflow/example_dags/example_branch_python_dop_operator_3.py for tasks to queue
[2025-02-06T16:48:03.554+0000] {logging_mixin.py:150} INFO - [2025-02-06T16:48:03.553+0000] {dagbag.py:541} INFO - Filling up the DagBag from /home/vscode/.local/lib/python3.10/site-packages/airflow/example_dags/example_branch_python_dop_operator_3.py
[2025-02-06T16:48:03.560+0000] {processor.py:836} INFO - DAG(s) dict_keys(['example_branch_dop_operator_v3']) retrieved from /home/vscode/.local/lib/python3.10/site-packages/airflow/example_dags/example_branch_python_dop_operator_3.py
[2025-02-06T16:48:03.574+0000] {logging_mixin.py:150} INFO - [2025-02-06T16:48:03.574+0000] {dag.py:2742} INFO - Sync 1 DAGs
[2025-02-06T16:48:03.592+0000] {logging_mixin.py:150} INFO - [2025-02-06T16:48:03.592+0000] {dag.py:3504} INFO - Setting next_dagrun for example_branch_dop_operator_v3 to 2025-02-06T16:47:00+00:00, run_after=2025-02-06T16:48:00+00:00
[2025-02-06T16:48:03.607+0000] {processor.py:179} INFO - Processing /home/vscode/.local/lib/python3.10/site-packages/airflow/example_dags/example_branch_python_dop_operator_3.py took 0.057 seconds
[2025-02-06T16:48:50.977+0000] {processor.py:157} INFO - Started process (PID=9824) to work on /home/vscode/.local/lib/python3.10/site-packages/airflow/example_dags/example_branch_python_dop_operator_3.py
[2025-02-06T16:48:50.978+0000] {processor.py:826} INFO - Processing file /home/vscode/.local/lib/python3.10/site-packages/airflow/example_dags/example_branch_python_dop_operator_3.py for tasks to queue
[2025-02-06T16:48:50.979+0000] {logging_mixin.py:150} INFO - [2025-02-06T16:48:50.979+0000] {dagbag.py:541} INFO - Filling up the DagBag from /home/vscode/.local/lib/python3.10/site-packages/airflow/example_dags/example_branch_python_dop_operator_3.py
[2025-02-06T16:48:50.992+0000] {processor.py:836} INFO - DAG(s) dict_keys(['example_branch_dop_operator_v3']) retrieved from /home/vscode/.local/lib/python3.10/site-packages/airflow/example_dags/example_branch_python_dop_operator_3.py
[2025-02-06T16:48:51.006+0000] {logging_mixin.py:150} INFO - [2025-02-06T16:48:51.005+0000] {dag.py:2742} INFO - Sync 1 DAGs
[2025-02-06T16:48:51.027+0000] {logging_mixin.py:150} INFO - [2025-02-06T16:48:51.027+0000] {dag.py:3504} INFO - Setting next_dagrun for example_branch_dop_operator_v3 to 2025-02-06T16:47:00+00:00, run_after=2025-02-06T16:48:00+00:00
[2025-02-06T16:48:51.050+0000] {processor.py:179} INFO - Processing /home/vscode/.local/lib/python3.10/site-packages/airflow/example_dags/example_branch_python_dop_operator_3.py took 0.076 seconds
[2025-02-06T16:49:34.798+0000] {processor.py:157} INFO - Started process (PID=10152) to work on /home/vscode/.local/lib/python3.10/site-packages/airflow/example_dags/example_branch_python_dop_operator_3.py
[2025-02-06T16:49:34.799+0000] {processor.py:826} INFO - Processing file /home/vscode/.local/lib/python3.10/site-packages/airflow/example_dags/example_branch_python_dop_operator_3.py for tasks to queue
[2025-02-06T16:49:34.800+0000] {logging_mixin.py:150} INFO - [2025-02-06T16:49:34.799+0000] {dagbag.py:541} INFO - Filling up the DagBag from /home/vscode/.local/lib/python3.10/site-packages/airflow/example_dags/example_branch_python_dop_operator_3.py
[2025-02-06T16:49:34.807+0000] {processor.py:836} INFO - DAG(s) dict_keys(['example_branch_dop_operator_v3']) retrieved from /home/vscode/.local/lib/python3.10/site-packages/airflow/example_dags/example_branch_python_dop_operator_3.py
[2025-02-06T16:49:34.821+0000] {logging_mixin.py:150} INFO - [2025-02-06T16:49:34.821+0000] {dag.py:2742} INFO - Sync 1 DAGs
[2025-02-06T16:49:34.839+0000] {logging_mixin.py:150} INFO - [2025-02-06T16:49:34.839+0000] {dag.py:3504} INFO - Setting next_dagrun for example_branch_dop_operator_v3 to 2025-02-06T16:48:00+00:00, run_after=2025-02-06T16:49:00+00:00
[2025-02-06T16:49:34.854+0000] {processor.py:179} INFO - Processing /home/vscode/.local/lib/python3.10/site-packages/airflow/example_dags/example_branch_python_dop_operator_3.py took 0.059 seconds
[2025-02-06T16:50:15.324+0000] {processor.py:157} INFO - Started process (PID=10459) to work on /home/vscode/.local/lib/python3.10/site-packages/airflow/example_dags/example_branch_python_dop_operator_3.py
[2025-02-06T16:50:15.325+0000] {processor.py:826} INFO - Processing file /home/vscode/.local/lib/python3.10/site-packages/airflow/example_dags/example_branch_python_dop_operator_3.py for tasks to queue
[2025-02-06T16:50:15.325+0000] {logging_mixin.py:150} INFO - [2025-02-06T16:50:15.325+0000] {dagbag.py:541} INFO - Filling up the DagBag from /home/vscode/.local/lib/python3.10/site-packages/airflow/example_dags/example_branch_python_dop_operator_3.py
[2025-02-06T16:50:15.333+0000] {processor.py:836} INFO - DAG(s) dict_keys(['example_branch_dop_operator_v3']) retrieved from /home/vscode/.local/lib/python3.10/site-packages/airflow/example_dags/example_branch_python_dop_operator_3.py
[2025-02-06T16:50:15.347+0000] {logging_mixin.py:150} INFO - [2025-02-06T16:50:15.347+0000] {dag.py:2742} INFO - Sync 1 DAGs
[2025-02-06T16:50:15.368+0000] {logging_mixin.py:150} INFO - [2025-02-06T16:50:15.368+0000] {dag.py:3504} INFO - Setting next_dagrun for example_branch_dop_operator_v3 to 2025-02-06T16:49:00+00:00, run_after=2025-02-06T16:50:00+00:00
[2025-02-06T16:50:15.383+0000] {processor.py:179} INFO - Processing /home/vscode/.local/lib/python3.10/site-packages/airflow/example_dags/example_branch_python_dop_operator_3.py took 0.062 seconds
[2025-02-06T16:50:57.979+0000] {processor.py:157} INFO - Started process (PID=10757) to work on /home/vscode/.local/lib/python3.10/site-packages/airflow/example_dags/example_branch_python_dop_operator_3.py
[2025-02-06T16:50:57.980+0000] {processor.py:826} INFO - Processing file /home/vscode/.local/lib/python3.10/site-packages/airflow/example_dags/example_branch_python_dop_operator_3.py for tasks to queue
[2025-02-06T16:50:57.980+0000] {logging_mixin.py:150} INFO - [2025-02-06T16:50:57.980+0000] {dagbag.py:541} INFO - Filling up the DagBag from /home/vscode/.local/lib/python3.10/site-packages/airflow/example_dags/example_branch_python_dop_operator_3.py
[2025-02-06T16:50:57.987+0000] {processor.py:836} INFO - DAG(s) dict_keys(['example_branch_dop_operator_v3']) retrieved from /home/vscode/.local/lib/python3.10/site-packages/airflow/example_dags/example_branch_python_dop_operator_3.py
[2025-02-06T16:50:58.001+0000] {logging_mixin.py:150} INFO - [2025-02-06T16:50:58.000+0000] {dag.py:2742} INFO - Sync 1 DAGs
[2025-02-06T16:50:58.018+0000] {logging_mixin.py:150} INFO - [2025-02-06T16:50:58.018+0000] {dag.py:3504} INFO - Setting next_dagrun for example_branch_dop_operator_v3 to 2025-02-06T16:49:00+00:00, run_after=2025-02-06T16:50:00+00:00
[2025-02-06T16:50:58.035+0000] {processor.py:179} INFO - Processing /home/vscode/.local/lib/python3.10/site-packages/airflow/example_dags/example_branch_python_dop_operator_3.py took 0.059 seconds
[2025-02-06T16:51:44.119+0000] {processor.py:157} INFO - Started process (PID=11105) to work on /home/vscode/.local/lib/python3.10/site-packages/airflow/example_dags/example_branch_python_dop_operator_3.py
[2025-02-06T16:51:44.120+0000] {processor.py:826} INFO - Processing file /home/vscode/.local/lib/python3.10/site-packages/airflow/example_dags/example_branch_python_dop_operator_3.py for tasks to queue
[2025-02-06T16:51:44.120+0000] {logging_mixin.py:150} INFO - [2025-02-06T16:51:44.120+0000] {dagbag.py:541} INFO - Filling up the DagBag from /home/vscode/.local/lib/python3.10/site-packages/airflow/example_dags/example_branch_python_dop_operator_3.py
[2025-02-06T16:51:44.127+0000] {processor.py:836} INFO - DAG(s) dict_keys(['example_branch_dop_operator_v3']) retrieved from /home/vscode/.local/lib/python3.10/site-packages/airflow/example_dags/example_branch_python_dop_operator_3.py
[2025-02-06T16:51:44.140+0000] {logging_mixin.py:150} INFO - [2025-02-06T16:51:44.140+0000] {dag.py:2742} INFO - Sync 1 DAGs
[2025-02-06T16:51:44.159+0000] {logging_mixin.py:150} INFO - [2025-02-06T16:51:44.158+0000] {dag.py:3504} INFO - Setting next_dagrun for example_branch_dop_operator_v3 to 2025-02-06T16:50:00+00:00, run_after=2025-02-06T16:51:00+00:00
[2025-02-06T16:51:44.174+0000] {processor.py:179} INFO - Processing /home/vscode/.local/lib/python3.10/site-packages/airflow/example_dags/example_branch_python_dop_operator_3.py took 0.058 seconds
[2025-02-06T16:52:26.357+0000] {processor.py:157} INFO - Started process (PID=11393) to work on /home/vscode/.local/lib/python3.10/site-packages/airflow/example_dags/example_branch_python_dop_operator_3.py
[2025-02-06T16:52:26.358+0000] {processor.py:826} INFO - Processing file /home/vscode/.local/lib/python3.10/site-packages/airflow/example_dags/example_branch_python_dop_operator_3.py for tasks to queue
[2025-02-06T16:52:26.359+0000] {logging_mixin.py:150} INFO - [2025-02-06T16:52:26.359+0000] {dagbag.py:541} INFO - Filling up the DagBag from /home/vscode/.local/lib/python3.10/site-packages/airflow/example_dags/example_branch_python_dop_operator_3.py
[2025-02-06T16:52:26.366+0000] {processor.py:836} INFO - DAG(s) dict_keys(['example_branch_dop_operator_v3']) retrieved from /home/vscode/.local/lib/python3.10/site-packages/airflow/example_dags/example_branch_python_dop_operator_3.py
[2025-02-06T16:52:26.379+0000] {logging_mixin.py:150} INFO - [2025-02-06T16:52:26.379+0000] {dag.py:2742} INFO - Sync 1 DAGs
[2025-02-06T16:52:26.397+0000] {logging_mixin.py:150} INFO - [2025-02-06T16:52:26.397+0000] {dag.py:3504} INFO - Setting next_dagrun for example_branch_dop_operator_v3 to 2025-02-06T16:51:00+00:00, run_after=2025-02-06T16:52:00+00:00
[2025-02-06T16:52:26.412+0000] {processor.py:179} INFO - Processing /home/vscode/.local/lib/python3.10/site-packages/airflow/example_dags/example_branch_python_dop_operator_3.py took 0.057 seconds
[2025-02-06T16:53:12.558+0000] {processor.py:157} INFO - Started process (PID=11700) to work on /home/vscode/.local/lib/python3.10/site-packages/airflow/example_dags/example_branch_python_dop_operator_3.py
[2025-02-06T16:53:12.559+0000] {processor.py:826} INFO - Processing file /home/vscode/.local/lib/python3.10/site-packages/airflow/example_dags/example_branch_python_dop_operator_3.py for tasks to queue
[2025-02-06T16:53:12.560+0000] {logging_mixin.py:150} INFO - [2025-02-06T16:53:12.560+0000] {dagbag.py:541} INFO - Filling up the DagBag from /home/vscode/.local/lib/python3.10/site-packages/airflow/example_dags/example_branch_python_dop_operator_3.py
[2025-02-06T16:53:12.567+0000] {processor.py:836} INFO - DAG(s) dict_keys(['example_branch_dop_operator_v3']) retrieved from /home/vscode/.local/lib/python3.10/site-packages/airflow/example_dags/example_branch_python_dop_operator_3.py
[2025-02-06T16:53:12.587+0000] {logging_mixin.py:150} INFO - [2025-02-06T16:53:12.586+0000] {dag.py:2742} INFO - Sync 1 DAGs
[2025-02-06T16:53:12.614+0000] {logging_mixin.py:150} INFO - [2025-02-06T16:53:12.614+0000] {dag.py:3504} INFO - Setting next_dagrun for example_branch_dop_operator_v3 to 2025-02-06T16:52:00+00:00, run_after=2025-02-06T16:53:00+00:00
[2025-02-06T16:53:12.630+0000] {processor.py:179} INFO - Processing /home/vscode/.local/lib/python3.10/site-packages/airflow/example_dags/example_branch_python_dop_operator_3.py took 0.074 seconds
[2025-02-06T16:53:56.514+0000] {processor.py:157} INFO - Started process (PID=12009) to work on /home/vscode/.local/lib/python3.10/site-packages/airflow/example_dags/example_branch_python_dop_operator_3.py
[2025-02-06T16:53:56.515+0000] {processor.py:826} INFO - Processing file /home/vscode/.local/lib/python3.10/site-packages/airflow/example_dags/example_branch_python_dop_operator_3.py for tasks to queue
[2025-02-06T16:53:56.515+0000] {logging_mixin.py:150} INFO - [2025-02-06T16:53:56.515+0000] {dagbag.py:541} INFO - Filling up the DagBag from /home/vscode/.local/lib/python3.10/site-packages/airflow/example_dags/example_branch_python_dop_operator_3.py
[2025-02-06T16:53:56.522+0000] {processor.py:836} INFO - DAG(s) dict_keys(['example_branch_dop_operator_v3']) retrieved from /home/vscode/.local/lib/python3.10/site-packages/airflow/example_dags/example_branch_python_dop_operator_3.py
[2025-02-06T16:53:56.536+0000] {logging_mixin.py:150} INFO - [2025-02-06T16:53:56.536+0000] {dag.py:2742} INFO - Sync 1 DAGs
[2025-02-06T16:53:56.554+0000] {logging_mixin.py:150} INFO - [2025-02-06T16:53:56.554+0000] {dag.py:3504} INFO - Setting next_dagrun for example_branch_dop_operator_v3 to 2025-02-06T16:52:00+00:00, run_after=2025-02-06T16:53:00+00:00
[2025-02-06T16:53:56.568+0000] {processor.py:179} INFO - Processing /home/vscode/.local/lib/python3.10/site-packages/airflow/example_dags/example_branch_python_dop_operator_3.py took 0.057 seconds
[2025-02-06T16:54:45.128+0000] {processor.py:157} INFO - Started process (PID=12407) to work on /home/vscode/.local/lib/python3.10/site-packages/airflow/example_dags/example_branch_python_dop_operator_3.py
[2025-02-06T16:54:45.129+0000] {processor.py:826} INFO - Processing file /home/vscode/.local/lib/python3.10/site-packages/airflow/example_dags/example_branch_python_dop_operator_3.py for tasks to queue
[2025-02-06T16:54:45.129+0000] {logging_mixin.py:150} INFO - [2025-02-06T16:54:45.129+0000] {dagbag.py:541} INFO - Filling up the DagBag from /home/vscode/.local/lib/python3.10/site-packages/airflow/example_dags/example_branch_python_dop_operator_3.py
[2025-02-06T16:54:45.136+0000] {processor.py:836} INFO - DAG(s) dict_keys(['example_branch_dop_operator_v3']) retrieved from /home/vscode/.local/lib/python3.10/site-packages/airflow/example_dags/example_branch_python_dop_operator_3.py
[2025-02-06T16:54:45.150+0000] {logging_mixin.py:150} INFO - [2025-02-06T16:54:45.150+0000] {dag.py:2742} INFO - Sync 1 DAGs
[2025-02-06T16:54:45.168+0000] {logging_mixin.py:150} INFO - [2025-02-06T16:54:45.168+0000] {dag.py:3504} INFO - Setting next_dagrun for example_branch_dop_operator_v3 to 2025-02-06T16:53:00+00:00, run_after=2025-02-06T16:54:00+00:00
[2025-02-06T16:54:45.183+0000] {processor.py:179} INFO - Processing /home/vscode/.local/lib/python3.10/site-packages/airflow/example_dags/example_branch_python_dop_operator_3.py took 0.058 seconds
[2025-02-06T16:55:35.390+0000] {processor.py:157} INFO - Started process (PID=12786) to work on /home/vscode/.local/lib/python3.10/site-packages/airflow/example_dags/example_branch_python_dop_operator_3.py
[2025-02-06T16:55:35.391+0000] {processor.py:826} INFO - Processing file /home/vscode/.local/lib/python3.10/site-packages/airflow/example_dags/example_branch_python_dop_operator_3.py for tasks to queue
[2025-02-06T16:55:35.391+0000] {logging_mixin.py:150} INFO - [2025-02-06T16:55:35.391+0000] {dagbag.py:541} INFO - Filling up the DagBag from /home/vscode/.local/lib/python3.10/site-packages/airflow/example_dags/example_branch_python_dop_operator_3.py
[2025-02-06T16:55:35.398+0000] {processor.py:836} INFO - DAG(s) dict_keys(['example_branch_dop_operator_v3']) retrieved from /home/vscode/.local/lib/python3.10/site-packages/airflow/example_dags/example_branch_python_dop_operator_3.py
[2025-02-06T16:55:35.412+0000] {logging_mixin.py:150} INFO - [2025-02-06T16:55:35.411+0000] {dag.py:2742} INFO - Sync 1 DAGs
[2025-02-06T16:55:35.434+0000] {logging_mixin.py:150} INFO - [2025-02-06T16:55:35.433+0000] {dag.py:3504} INFO - Setting next_dagrun for example_branch_dop_operator_v3 to 2025-02-06T16:54:00+00:00, run_after=2025-02-06T16:55:00+00:00
[2025-02-06T16:55:35.449+0000] {processor.py:179} INFO - Processing /home/vscode/.local/lib/python3.10/site-packages/airflow/example_dags/example_branch_python_dop_operator_3.py took 0.062 seconds
[2025-02-06T16:56:21.921+0000] {processor.py:157} INFO - Started process (PID=13243) to work on /home/vscode/.local/lib/python3.10/site-packages/airflow/example_dags/example_branch_python_dop_operator_3.py
[2025-02-06T16:56:21.922+0000] {processor.py:826} INFO - Processing file /home/vscode/.local/lib/python3.10/site-packages/airflow/example_dags/example_branch_python_dop_operator_3.py for tasks to queue
[2025-02-06T16:56:21.923+0000] {logging_mixin.py:150} INFO - [2025-02-06T16:56:21.923+0000] {dagbag.py:541} INFO - Filling up the DagBag from /home/vscode/.local/lib/python3.10/site-packages/airflow/example_dags/example_branch_python_dop_operator_3.py
[2025-02-06T16:56:21.930+0000] {processor.py:836} INFO - DAG(s) dict_keys(['example_branch_dop_operator_v3']) retrieved from /home/vscode/.local/lib/python3.10/site-packages/airflow/example_dags/example_branch_python_dop_operator_3.py
[2025-02-06T16:56:21.943+0000] {logging_mixin.py:150} INFO - [2025-02-06T16:56:21.943+0000] {dag.py:2742} INFO - Sync 1 DAGs
[2025-02-06T16:56:21.961+0000] {logging_mixin.py:150} INFO - [2025-02-06T16:56:21.961+0000] {dag.py:3504} INFO - Setting next_dagrun for example_branch_dop_operator_v3 to 2025-02-06T16:55:00+00:00, run_after=2025-02-06T16:56:00+00:00
[2025-02-06T16:56:21.977+0000] {processor.py:179} INFO - Processing /home/vscode/.local/lib/python3.10/site-packages/airflow/example_dags/example_branch_python_dop_operator_3.py took 0.058 seconds
[2025-02-06T16:57:06.715+0000] {processor.py:157} INFO - Started process (PID=13586) to work on /home/vscode/.local/lib/python3.10/site-packages/airflow/example_dags/example_branch_python_dop_operator_3.py
[2025-02-06T16:57:06.716+0000] {processor.py:826} INFO - Processing file /home/vscode/.local/lib/python3.10/site-packages/airflow/example_dags/example_branch_python_dop_operator_3.py for tasks to queue
[2025-02-06T16:57:06.717+0000] {logging_mixin.py:150} INFO - [2025-02-06T16:57:06.717+0000] {dagbag.py:541} INFO - Filling up the DagBag from /home/vscode/.local/lib/python3.10/site-packages/airflow/example_dags/example_branch_python_dop_operator_3.py
[2025-02-06T16:57:06.724+0000] {processor.py:836} INFO - DAG(s) dict_keys(['example_branch_dop_operator_v3']) retrieved from /home/vscode/.local/lib/python3.10/site-packages/airflow/example_dags/example_branch_python_dop_operator_3.py
[2025-02-06T16:57:06.738+0000] {logging_mixin.py:150} INFO - [2025-02-06T16:57:06.737+0000] {dag.py:2742} INFO - Sync 1 DAGs
[2025-02-06T16:57:06.755+0000] {logging_mixin.py:150} INFO - [2025-02-06T16:57:06.755+0000] {dag.py:3504} INFO - Setting next_dagrun for example_branch_dop_operator_v3 to 2025-02-06T16:56:00+00:00, run_after=2025-02-06T16:57:00+00:00
[2025-02-06T16:57:06.770+0000] {processor.py:179} INFO - Processing /home/vscode/.local/lib/python3.10/site-packages/airflow/example_dags/example_branch_python_dop_operator_3.py took 0.058 seconds
[2025-02-06T16:57:51.518+0000] {processor.py:157} INFO - Started process (PID=13920) to work on /home/vscode/.local/lib/python3.10/site-packages/airflow/example_dags/example_branch_python_dop_operator_3.py
[2025-02-06T16:57:51.519+0000] {processor.py:826} INFO - Processing file /home/vscode/.local/lib/python3.10/site-packages/airflow/example_dags/example_branch_python_dop_operator_3.py for tasks to queue
[2025-02-06T16:57:51.520+0000] {logging_mixin.py:150} INFO - [2025-02-06T16:57:51.519+0000] {dagbag.py:541} INFO - Filling up the DagBag from /home/vscode/.local/lib/python3.10/site-packages/airflow/example_dags/example_branch_python_dop_operator_3.py
[2025-02-06T16:57:51.526+0000] {processor.py:836} INFO - DAG(s) dict_keys(['example_branch_dop_operator_v3']) retrieved from /home/vscode/.local/lib/python3.10/site-packages/airflow/example_dags/example_branch_python_dop_operator_3.py
[2025-02-06T16:57:51.540+0000] {logging_mixin.py:150} INFO - [2025-02-06T16:57:51.540+0000] {dag.py:2742} INFO - Sync 1 DAGs
[2025-02-06T16:57:51.558+0000] {logging_mixin.py:150} INFO - [2025-02-06T16:57:51.557+0000] {dag.py:3504} INFO - Setting next_dagrun for example_branch_dop_operator_v3 to 2025-02-06T16:56:00+00:00, run_after=2025-02-06T16:57:00+00:00
[2025-02-06T16:57:51.574+0000] {processor.py:179} INFO - Processing /home/vscode/.local/lib/python3.10/site-packages/airflow/example_dags/example_branch_python_dop_operator_3.py took 0.058 seconds
[2025-02-06T18:07:51.522+0000] {processor.py:157} INFO - Started process (PID=4988) to work on /home/vscode/.local/lib/python3.10/site-packages/airflow/example_dags/example_branch_python_dop_operator_3.py
[2025-02-06T18:07:51.524+0000] {processor.py:826} INFO - Processing file /home/vscode/.local/lib/python3.10/site-packages/airflow/example_dags/example_branch_python_dop_operator_3.py for tasks to queue
[2025-02-06T18:07:51.525+0000] {logging_mixin.py:150} INFO - [2025-02-06T18:07:51.525+0000] {dagbag.py:541} INFO - Filling up the DagBag from /home/vscode/.local/lib/python3.10/site-packages/airflow/example_dags/example_branch_python_dop_operator_3.py
[2025-02-06T18:07:51.532+0000] {processor.py:836} INFO - DAG(s) dict_keys(['example_branch_dop_operator_v3']) retrieved from /home/vscode/.local/lib/python3.10/site-packages/airflow/example_dags/example_branch_python_dop_operator_3.py
[2025-02-06T18:07:51.657+0000] {logging_mixin.py:150} INFO - [2025-02-06T18:07:51.657+0000] {manager.py:504} INFO - Created Permission View: can read on DAG:example_branch_dop_operator_v3
[2025-02-06T18:07:51.664+0000] {logging_mixin.py:150} INFO - [2025-02-06T18:07:51.664+0000] {manager.py:504} INFO - Created Permission View: can delete on DAG:example_branch_dop_operator_v3
[2025-02-06T18:07:51.669+0000] {logging_mixin.py:150} INFO - [2025-02-06T18:07:51.668+0000] {manager.py:504} INFO - Created Permission View: can edit on DAG:example_branch_dop_operator_v3
[2025-02-06T18:07:51.675+0000] {logging_mixin.py:150} INFO - [2025-02-06T18:07:51.675+0000] {dag.py:2742} INFO - Sync 1 DAGs
[2025-02-06T18:07:51.681+0000] {logging_mixin.py:150} INFO - [2025-02-06T18:07:51.681+0000] {dag.py:2763} INFO - Creating ORM DAG for example_branch_dop_operator_v3
[2025-02-06T18:07:51.689+0000] {logging_mixin.py:150} INFO - [2025-02-06T18:07:51.689+0000] {dag.py:3504} INFO - Setting next_dagrun for example_branch_dop_operator_v3 to 2025-02-06T18:06:00+00:00, run_after=2025-02-06T18:07:00+00:00
[2025-02-06T18:07:51.708+0000] {processor.py:179} INFO - Processing /home/vscode/.local/lib/python3.10/site-packages/airflow/example_dags/example_branch_python_dop_operator_3.py took 0.187 seconds
