[2025-02-06T16:44:36.686+0000] {processor.py:157} INFO - Started process (PID=8089) to work on /home/vscode/.local/lib/python3.10/site-packages/airflow/example_dags/example_xcomargs.py
[2025-02-06T16:44:36.687+0000] {processor.py:826} INFO - Processing file /home/vscode/.local/lib/python3.10/site-packages/airflow/example_dags/example_xcomargs.py for tasks to queue
[2025-02-06T16:44:36.688+0000] {logging_mixin.py:150} INFO - [2025-02-06T16:44:36.687+0000] {dagbag.py:541} INFO - Filling up the DagBag from /home/vscode/.local/lib/python3.10/site-packages/airflow/example_dags/example_xcomargs.py
[2025-02-06T16:44:36.694+0000] {processor.py:836} INFO - DAG(s) dict_keys(['example_xcom_args_with_operators', 'example_xcom_args']) retrieved from /home/vscode/.local/lib/python3.10/site-packages/airflow/example_dags/example_xcomargs.py
[2025-02-06T16:44:36.866+0000] {logging_mixin.py:150} INFO - [2025-02-06T16:44:36.866+0000] {manager.py:504} INFO - Created Permission View: can read on DAG:example_xcom_args_with_operators
[2025-02-06T16:44:36.877+0000] {logging_mixin.py:150} INFO - [2025-02-06T16:44:36.877+0000] {manager.py:504} INFO - Created Permission View: can delete on DAG:example_xcom_args_with_operators
[2025-02-06T16:44:36.888+0000] {logging_mixin.py:150} INFO - [2025-02-06T16:44:36.887+0000] {manager.py:504} INFO - Created Permission View: can edit on DAG:example_xcom_args_with_operators
[2025-02-06T16:44:36.909+0000] {logging_mixin.py:150} INFO - [2025-02-06T16:44:36.909+0000] {manager.py:504} INFO - Created Permission View: can read on DAG:example_xcom_args
[2025-02-06T16:44:36.914+0000] {logging_mixin.py:150} INFO - [2025-02-06T16:44:36.914+0000] {manager.py:504} INFO - Created Permission View: can delete on DAG:example_xcom_args
[2025-02-06T16:44:36.920+0000] {logging_mixin.py:150} INFO - [2025-02-06T16:44:36.920+0000] {manager.py:504} INFO - Created Permission View: can edit on DAG:example_xcom_args
[2025-02-06T16:44:36.924+0000] {logging_mixin.py:150} INFO - [2025-02-06T16:44:36.923+0000] {dag.py:2742} INFO - Sync 2 DAGs
[2025-02-06T16:44:36.930+0000] {logging_mixin.py:150} INFO - [2025-02-06T16:44:36.930+0000] {dag.py:2763} INFO - Creating ORM DAG for example_xcom_args
[2025-02-06T16:44:36.930+0000] {logging_mixin.py:150} INFO - [2025-02-06T16:44:36.930+0000] {dag.py:2763} INFO - Creating ORM DAG for example_xcom_args_with_operators
[2025-02-06T16:44:36.936+0000] {logging_mixin.py:150} INFO - [2025-02-06T16:44:36.936+0000] {dag.py:3504} INFO - Setting next_dagrun for example_xcom_args to None, run_after=None
[2025-02-06T16:44:36.936+0000] {logging_mixin.py:150} INFO - [2025-02-06T16:44:36.936+0000] {dag.py:3504} INFO - Setting next_dagrun for example_xcom_args_with_operators to None, run_after=None
[2025-02-06T16:44:36.950+0000] {processor.py:179} INFO - Processing /home/vscode/.local/lib/python3.10/site-packages/airflow/example_dags/example_xcomargs.py took 0.266 seconds
[2025-02-06T16:45:29.287+0000] {processor.py:157} INFO - Started process (PID=8440) to work on /home/vscode/.local/lib/python3.10/site-packages/airflow/example_dags/example_xcomargs.py
[2025-02-06T16:45:29.287+0000] {processor.py:826} INFO - Processing file /home/vscode/.local/lib/python3.10/site-packages/airflow/example_dags/example_xcomargs.py for tasks to queue
[2025-02-06T16:45:29.288+0000] {logging_mixin.py:150} INFO - [2025-02-06T16:45:29.288+0000] {dagbag.py:541} INFO - Filling up the DagBag from /home/vscode/.local/lib/python3.10/site-packages/airflow/example_dags/example_xcomargs.py
[2025-02-06T16:45:29.295+0000] {processor.py:836} INFO - DAG(s) dict_keys(['example_xcom_args', 'example_xcom_args_with_operators']) retrieved from /home/vscode/.local/lib/python3.10/site-packages/airflow/example_dags/example_xcomargs.py
[2025-02-06T16:45:29.310+0000] {logging_mixin.py:150} INFO - [2025-02-06T16:45:29.310+0000] {dag.py:2742} INFO - Sync 2 DAGs
[2025-02-06T16:45:29.324+0000] {logging_mixin.py:150} INFO - [2025-02-06T16:45:29.324+0000] {dag.py:3504} INFO - Setting next_dagrun for example_xcom_args to None, run_after=None
[2025-02-06T16:45:29.326+0000] {logging_mixin.py:150} INFO - [2025-02-06T16:45:29.326+0000] {dag.py:3504} INFO - Setting next_dagrun for example_xcom_args_with_operators to None, run_after=None
[2025-02-06T16:45:29.339+0000] {processor.py:179} INFO - Processing /home/vscode/.local/lib/python3.10/site-packages/airflow/example_dags/example_xcomargs.py took 0.055 seconds
[2025-02-06T16:46:05.337+0000] {processor.py:157} INFO - Started process (PID=8696) to work on /home/vscode/.local/lib/python3.10/site-packages/airflow/example_dags/example_xcomargs.py
[2025-02-06T16:46:05.338+0000] {processor.py:826} INFO - Processing file /home/vscode/.local/lib/python3.10/site-packages/airflow/example_dags/example_xcomargs.py for tasks to queue
[2025-02-06T16:46:05.339+0000] {logging_mixin.py:150} INFO - [2025-02-06T16:46:05.338+0000] {dagbag.py:541} INFO - Filling up the DagBag from /home/vscode/.local/lib/python3.10/site-packages/airflow/example_dags/example_xcomargs.py
[2025-02-06T16:46:05.345+0000] {processor.py:836} INFO - DAG(s) dict_keys(['example_xcom_args', 'example_xcom_args_with_operators']) retrieved from /home/vscode/.local/lib/python3.10/site-packages/airflow/example_dags/example_xcomargs.py
[2025-02-06T16:46:05.360+0000] {logging_mixin.py:150} INFO - [2025-02-06T16:46:05.360+0000] {dag.py:2742} INFO - Sync 2 DAGs
[2025-02-06T16:46:05.375+0000] {logging_mixin.py:150} INFO - [2025-02-06T16:46:05.374+0000] {dag.py:3504} INFO - Setting next_dagrun for example_xcom_args to None, run_after=None
[2025-02-06T16:46:05.377+0000] {logging_mixin.py:150} INFO - [2025-02-06T16:46:05.377+0000] {dag.py:3504} INFO - Setting next_dagrun for example_xcom_args_with_operators to None, run_after=None
[2025-02-06T16:46:05.389+0000] {processor.py:179} INFO - Processing /home/vscode/.local/lib/python3.10/site-packages/airflow/example_dags/example_xcomargs.py took 0.055 seconds
[2025-02-06T16:46:47.005+0000] {processor.py:157} INFO - Started process (PID=8986) to work on /home/vscode/.local/lib/python3.10/site-packages/airflow/example_dags/example_xcomargs.py
[2025-02-06T16:46:47.006+0000] {processor.py:826} INFO - Processing file /home/vscode/.local/lib/python3.10/site-packages/airflow/example_dags/example_xcomargs.py for tasks to queue
[2025-02-06T16:46:47.006+0000] {logging_mixin.py:150} INFO - [2025-02-06T16:46:47.006+0000] {dagbag.py:541} INFO - Filling up the DagBag from /home/vscode/.local/lib/python3.10/site-packages/airflow/example_dags/example_xcomargs.py
[2025-02-06T16:46:47.013+0000] {processor.py:836} INFO - DAG(s) dict_keys(['example_xcom_args_with_operators', 'example_xcom_args']) retrieved from /home/vscode/.local/lib/python3.10/site-packages/airflow/example_dags/example_xcomargs.py
[2025-02-06T16:46:47.030+0000] {logging_mixin.py:150} INFO - [2025-02-06T16:46:47.030+0000] {dag.py:2742} INFO - Sync 2 DAGs
[2025-02-06T16:46:47.045+0000] {logging_mixin.py:150} INFO - [2025-02-06T16:46:47.045+0000] {dag.py:3504} INFO - Setting next_dagrun for example_xcom_args to None, run_after=None
[2025-02-06T16:46:47.048+0000] {logging_mixin.py:150} INFO - [2025-02-06T16:46:47.048+0000] {dag.py:3504} INFO - Setting next_dagrun for example_xcom_args_with_operators to None, run_after=None
[2025-02-06T16:46:47.061+0000] {processor.py:179} INFO - Processing /home/vscode/.local/lib/python3.10/site-packages/airflow/example_dags/example_xcomargs.py took 0.059 seconds
[2025-02-06T16:47:30.619+0000] {processor.py:157} INFO - Started process (PID=9281) to work on /home/vscode/.local/lib/python3.10/site-packages/airflow/example_dags/example_xcomargs.py
[2025-02-06T16:47:30.620+0000] {processor.py:826} INFO - Processing file /home/vscode/.local/lib/python3.10/site-packages/airflow/example_dags/example_xcomargs.py for tasks to queue
[2025-02-06T16:47:30.621+0000] {logging_mixin.py:150} INFO - [2025-02-06T16:47:30.620+0000] {dagbag.py:541} INFO - Filling up the DagBag from /home/vscode/.local/lib/python3.10/site-packages/airflow/example_dags/example_xcomargs.py
[2025-02-06T16:47:30.628+0000] {processor.py:836} INFO - DAG(s) dict_keys(['example_xcom_args_with_operators', 'example_xcom_args']) retrieved from /home/vscode/.local/lib/python3.10/site-packages/airflow/example_dags/example_xcomargs.py
[2025-02-06T16:47:30.644+0000] {logging_mixin.py:150} INFO - [2025-02-06T16:47:30.643+0000] {dag.py:2742} INFO - Sync 2 DAGs
[2025-02-06T16:47:30.659+0000] {logging_mixin.py:150} INFO - [2025-02-06T16:47:30.659+0000] {dag.py:3504} INFO - Setting next_dagrun for example_xcom_args to None, run_after=None
[2025-02-06T16:47:30.662+0000] {logging_mixin.py:150} INFO - [2025-02-06T16:47:30.662+0000] {dag.py:3504} INFO - Setting next_dagrun for example_xcom_args_with_operators to None, run_after=None
[2025-02-06T16:47:30.676+0000] {processor.py:179} INFO - Processing /home/vscode/.local/lib/python3.10/site-packages/airflow/example_dags/example_xcomargs.py took 0.059 seconds
[2025-02-06T16:48:14.837+0000] {processor.py:157} INFO - Started process (PID=9580) to work on /home/vscode/.local/lib/python3.10/site-packages/airflow/example_dags/example_xcomargs.py
[2025-02-06T16:48:14.838+0000] {processor.py:826} INFO - Processing file /home/vscode/.local/lib/python3.10/site-packages/airflow/example_dags/example_xcomargs.py for tasks to queue
[2025-02-06T16:48:14.839+0000] {logging_mixin.py:150} INFO - [2025-02-06T16:48:14.839+0000] {dagbag.py:541} INFO - Filling up the DagBag from /home/vscode/.local/lib/python3.10/site-packages/airflow/example_dags/example_xcomargs.py
[2025-02-06T16:48:14.845+0000] {processor.py:836} INFO - DAG(s) dict_keys(['example_xcom_args', 'example_xcom_args_with_operators']) retrieved from /home/vscode/.local/lib/python3.10/site-packages/airflow/example_dags/example_xcomargs.py
[2025-02-06T16:48:14.861+0000] {logging_mixin.py:150} INFO - [2025-02-06T16:48:14.861+0000] {dag.py:2742} INFO - Sync 2 DAGs
[2025-02-06T16:48:14.875+0000] {logging_mixin.py:150} INFO - [2025-02-06T16:48:14.875+0000] {dag.py:3504} INFO - Setting next_dagrun for example_xcom_args to None, run_after=None
[2025-02-06T16:48:14.877+0000] {logging_mixin.py:150} INFO - [2025-02-06T16:48:14.877+0000] {dag.py:3504} INFO - Setting next_dagrun for example_xcom_args_with_operators to None, run_after=None
[2025-02-06T16:48:14.890+0000] {processor.py:179} INFO - Processing /home/vscode/.local/lib/python3.10/site-packages/airflow/example_dags/example_xcomargs.py took 0.056 seconds
[2025-02-06T16:48:59.966+0000] {processor.py:157} INFO - Started process (PID=9879) to work on /home/vscode/.local/lib/python3.10/site-packages/airflow/example_dags/example_xcomargs.py
[2025-02-06T16:48:59.967+0000] {processor.py:826} INFO - Processing file /home/vscode/.local/lib/python3.10/site-packages/airflow/example_dags/example_xcomargs.py for tasks to queue
[2025-02-06T16:48:59.968+0000] {logging_mixin.py:150} INFO - [2025-02-06T16:48:59.968+0000] {dagbag.py:541} INFO - Filling up the DagBag from /home/vscode/.local/lib/python3.10/site-packages/airflow/example_dags/example_xcomargs.py
[2025-02-06T16:48:59.974+0000] {processor.py:836} INFO - DAG(s) dict_keys(['example_xcom_args', 'example_xcom_args_with_operators']) retrieved from /home/vscode/.local/lib/python3.10/site-packages/airflow/example_dags/example_xcomargs.py
[2025-02-06T16:48:59.990+0000] {logging_mixin.py:150} INFO - [2025-02-06T16:48:59.990+0000] {dag.py:2742} INFO - Sync 2 DAGs
[2025-02-06T16:49:00.004+0000] {logging_mixin.py:150} INFO - [2025-02-06T16:49:00.004+0000] {dag.py:3504} INFO - Setting next_dagrun for example_xcom_args to None, run_after=None
[2025-02-06T16:49:00.006+0000] {logging_mixin.py:150} INFO - [2025-02-06T16:49:00.006+0000] {dag.py:3504} INFO - Setting next_dagrun for example_xcom_args_with_operators to None, run_after=None
[2025-02-06T16:49:00.020+0000] {processor.py:179} INFO - Processing /home/vscode/.local/lib/python3.10/site-packages/airflow/example_dags/example_xcomargs.py took 0.056 seconds
[2025-02-06T16:49:43.221+0000] {processor.py:157} INFO - Started process (PID=10213) to work on /home/vscode/.local/lib/python3.10/site-packages/airflow/example_dags/example_xcomargs.py
[2025-02-06T16:49:43.222+0000] {processor.py:826} INFO - Processing file /home/vscode/.local/lib/python3.10/site-packages/airflow/example_dags/example_xcomargs.py for tasks to queue
[2025-02-06T16:49:43.223+0000] {logging_mixin.py:150} INFO - [2025-02-06T16:49:43.223+0000] {dagbag.py:541} INFO - Filling up the DagBag from /home/vscode/.local/lib/python3.10/site-packages/airflow/example_dags/example_xcomargs.py
[2025-02-06T16:49:43.230+0000] {processor.py:836} INFO - DAG(s) dict_keys(['example_xcom_args', 'example_xcom_args_with_operators']) retrieved from /home/vscode/.local/lib/python3.10/site-packages/airflow/example_dags/example_xcomargs.py
[2025-02-06T16:49:43.245+0000] {logging_mixin.py:150} INFO - [2025-02-06T16:49:43.245+0000] {dag.py:2742} INFO - Sync 2 DAGs
[2025-02-06T16:49:43.260+0000] {logging_mixin.py:150} INFO - [2025-02-06T16:49:43.260+0000] {dag.py:3504} INFO - Setting next_dagrun for example_xcom_args to None, run_after=None
[2025-02-06T16:49:43.262+0000] {logging_mixin.py:150} INFO - [2025-02-06T16:49:43.262+0000] {dag.py:3504} INFO - Setting next_dagrun for example_xcom_args_with_operators to None, run_after=None
[2025-02-06T16:49:43.279+0000] {processor.py:179} INFO - Processing /home/vscode/.local/lib/python3.10/site-packages/airflow/example_dags/example_xcomargs.py took 0.060 seconds
[2025-02-06T16:50:20.885+0000] {processor.py:157} INFO - Started process (PID=10501) to work on /home/vscode/.local/lib/python3.10/site-packages/airflow/example_dags/example_xcomargs.py
[2025-02-06T16:50:20.886+0000] {processor.py:826} INFO - Processing file /home/vscode/.local/lib/python3.10/site-packages/airflow/example_dags/example_xcomargs.py for tasks to queue
[2025-02-06T16:50:20.887+0000] {logging_mixin.py:150} INFO - [2025-02-06T16:50:20.886+0000] {dagbag.py:541} INFO - Filling up the DagBag from /home/vscode/.local/lib/python3.10/site-packages/airflow/example_dags/example_xcomargs.py
[2025-02-06T16:50:20.893+0000] {processor.py:836} INFO - DAG(s) dict_keys(['example_xcom_args_with_operators', 'example_xcom_args']) retrieved from /home/vscode/.local/lib/python3.10/site-packages/airflow/example_dags/example_xcomargs.py
[2025-02-06T16:50:20.909+0000] {logging_mixin.py:150} INFO - [2025-02-06T16:50:20.908+0000] {dag.py:2742} INFO - Sync 2 DAGs
[2025-02-06T16:50:20.923+0000] {logging_mixin.py:150} INFO - [2025-02-06T16:50:20.923+0000] {dag.py:3504} INFO - Setting next_dagrun for example_xcom_args to None, run_after=None
[2025-02-06T16:50:20.926+0000] {logging_mixin.py:150} INFO - [2025-02-06T16:50:20.926+0000] {dag.py:3504} INFO - Setting next_dagrun for example_xcom_args_with_operators to None, run_after=None
[2025-02-06T16:50:20.939+0000] {processor.py:179} INFO - Processing /home/vscode/.local/lib/python3.10/site-packages/airflow/example_dags/example_xcomargs.py took 0.057 seconds
[2025-02-06T16:51:05.995+0000] {processor.py:157} INFO - Started process (PID=10837) to work on /home/vscode/.local/lib/python3.10/site-packages/airflow/example_dags/example_xcomargs.py
[2025-02-06T16:51:05.996+0000] {processor.py:826} INFO - Processing file /home/vscode/.local/lib/python3.10/site-packages/airflow/example_dags/example_xcomargs.py for tasks to queue
[2025-02-06T16:51:05.997+0000] {logging_mixin.py:150} INFO - [2025-02-06T16:51:05.997+0000] {dagbag.py:541} INFO - Filling up the DagBag from /home/vscode/.local/lib/python3.10/site-packages/airflow/example_dags/example_xcomargs.py
[2025-02-06T16:51:06.004+0000] {processor.py:836} INFO - DAG(s) dict_keys(['example_xcom_args', 'example_xcom_args_with_operators']) retrieved from /home/vscode/.local/lib/python3.10/site-packages/airflow/example_dags/example_xcomargs.py
[2025-02-06T16:51:06.020+0000] {logging_mixin.py:150} INFO - [2025-02-06T16:51:06.019+0000] {dag.py:2742} INFO - Sync 2 DAGs
[2025-02-06T16:51:06.034+0000] {logging_mixin.py:150} INFO - [2025-02-06T16:51:06.034+0000] {dag.py:3504} INFO - Setting next_dagrun for example_xcom_args to None, run_after=None
[2025-02-06T16:51:06.037+0000] {logging_mixin.py:150} INFO - [2025-02-06T16:51:06.036+0000] {dag.py:3504} INFO - Setting next_dagrun for example_xcom_args_with_operators to None, run_after=None
[2025-02-06T16:51:06.050+0000] {processor.py:179} INFO - Processing /home/vscode/.local/lib/python3.10/site-packages/airflow/example_dags/example_xcomargs.py took 0.057 seconds
[2025-02-06T16:51:37.551+0000] {processor.py:157} INFO - Started process (PID=11061) to work on /home/vscode/.local/lib/python3.10/site-packages/airflow/example_dags/example_xcomargs.py
[2025-02-06T16:51:37.552+0000] {processor.py:826} INFO - Processing file /home/vscode/.local/lib/python3.10/site-packages/airflow/example_dags/example_xcomargs.py for tasks to queue
[2025-02-06T16:51:37.552+0000] {logging_mixin.py:150} INFO - [2025-02-06T16:51:37.552+0000] {dagbag.py:541} INFO - Filling up the DagBag from /home/vscode/.local/lib/python3.10/site-packages/airflow/example_dags/example_xcomargs.py
[2025-02-06T16:51:37.559+0000] {processor.py:836} INFO - DAG(s) dict_keys(['example_xcom_args_with_operators', 'example_xcom_args']) retrieved from /home/vscode/.local/lib/python3.10/site-packages/airflow/example_dags/example_xcomargs.py
[2025-02-06T16:51:37.574+0000] {logging_mixin.py:150} INFO - [2025-02-06T16:51:37.574+0000] {dag.py:2742} INFO - Sync 2 DAGs
[2025-02-06T16:51:37.588+0000] {logging_mixin.py:150} INFO - [2025-02-06T16:51:37.588+0000] {dag.py:3504} INFO - Setting next_dagrun for example_xcom_args to None, run_after=None
[2025-02-06T16:51:37.591+0000] {logging_mixin.py:150} INFO - [2025-02-06T16:51:37.591+0000] {dag.py:3504} INFO - Setting next_dagrun for example_xcom_args_with_operators to None, run_after=None
[2025-02-06T16:51:37.604+0000] {processor.py:179} INFO - Processing /home/vscode/.local/lib/python3.10/site-packages/airflow/example_dags/example_xcomargs.py took 0.056 seconds
[2025-02-06T16:52:18.930+0000] {processor.py:157} INFO - Started process (PID=11342) to work on /home/vscode/.local/lib/python3.10/site-packages/airflow/example_dags/example_xcomargs.py
[2025-02-06T16:52:18.931+0000] {processor.py:826} INFO - Processing file /home/vscode/.local/lib/python3.10/site-packages/airflow/example_dags/example_xcomargs.py for tasks to queue
[2025-02-06T16:52:18.932+0000] {logging_mixin.py:150} INFO - [2025-02-06T16:52:18.932+0000] {dagbag.py:541} INFO - Filling up the DagBag from /home/vscode/.local/lib/python3.10/site-packages/airflow/example_dags/example_xcomargs.py
[2025-02-06T16:52:18.939+0000] {processor.py:836} INFO - DAG(s) dict_keys(['example_xcom_args', 'example_xcom_args_with_operators']) retrieved from /home/vscode/.local/lib/python3.10/site-packages/airflow/example_dags/example_xcomargs.py
[2025-02-06T16:52:18.954+0000] {logging_mixin.py:150} INFO - [2025-02-06T16:52:18.954+0000] {dag.py:2742} INFO - Sync 2 DAGs
[2025-02-06T16:52:18.968+0000] {logging_mixin.py:150} INFO - [2025-02-06T16:52:18.968+0000] {dag.py:3504} INFO - Setting next_dagrun for example_xcom_args to None, run_after=None
[2025-02-06T16:52:18.971+0000] {logging_mixin.py:150} INFO - [2025-02-06T16:52:18.971+0000] {dag.py:3504} INFO - Setting next_dagrun for example_xcom_args_with_operators to None, run_after=None
[2025-02-06T16:52:18.984+0000] {processor.py:179} INFO - Processing /home/vscode/.local/lib/python3.10/site-packages/airflow/example_dags/example_xcomargs.py took 0.056 seconds
[2025-02-06T16:52:53.545+0000] {processor.py:157} INFO - Started process (PID=11575) to work on /home/vscode/.local/lib/python3.10/site-packages/airflow/example_dags/example_xcomargs.py
[2025-02-06T16:52:53.546+0000] {processor.py:826} INFO - Processing file /home/vscode/.local/lib/python3.10/site-packages/airflow/example_dags/example_xcomargs.py for tasks to queue
[2025-02-06T16:52:53.547+0000] {logging_mixin.py:150} INFO - [2025-02-06T16:52:53.546+0000] {dagbag.py:541} INFO - Filling up the DagBag from /home/vscode/.local/lib/python3.10/site-packages/airflow/example_dags/example_xcomargs.py
[2025-02-06T16:52:53.554+0000] {processor.py:836} INFO - DAG(s) dict_keys(['example_xcom_args_with_operators', 'example_xcom_args']) retrieved from /home/vscode/.local/lib/python3.10/site-packages/airflow/example_dags/example_xcomargs.py
[2025-02-06T16:52:53.568+0000] {logging_mixin.py:150} INFO - [2025-02-06T16:52:53.568+0000] {dag.py:2742} INFO - Sync 2 DAGs
[2025-02-06T16:52:53.583+0000] {logging_mixin.py:150} INFO - [2025-02-06T16:52:53.583+0000] {dag.py:3504} INFO - Setting next_dagrun for example_xcom_args to None, run_after=None
[2025-02-06T16:52:53.586+0000] {logging_mixin.py:150} INFO - [2025-02-06T16:52:53.586+0000] {dag.py:3504} INFO - Setting next_dagrun for example_xcom_args_with_operators to None, run_after=None
[2025-02-06T16:52:53.599+0000] {processor.py:179} INFO - Processing /home/vscode/.local/lib/python3.10/site-packages/airflow/example_dags/example_xcomargs.py took 0.056 seconds
[2025-02-06T16:53:35.961+0000] {processor.py:157} INFO - Started process (PID=11866) to work on /home/vscode/.local/lib/python3.10/site-packages/airflow/example_dags/example_xcomargs.py
[2025-02-06T16:53:35.962+0000] {processor.py:826} INFO - Processing file /home/vscode/.local/lib/python3.10/site-packages/airflow/example_dags/example_xcomargs.py for tasks to queue
[2025-02-06T16:53:35.963+0000] {logging_mixin.py:150} INFO - [2025-02-06T16:53:35.962+0000] {dagbag.py:541} INFO - Filling up the DagBag from /home/vscode/.local/lib/python3.10/site-packages/airflow/example_dags/example_xcomargs.py
[2025-02-06T16:53:35.969+0000] {processor.py:836} INFO - DAG(s) dict_keys(['example_xcom_args', 'example_xcom_args_with_operators']) retrieved from /home/vscode/.local/lib/python3.10/site-packages/airflow/example_dags/example_xcomargs.py
[2025-02-06T16:53:35.985+0000] {logging_mixin.py:150} INFO - [2025-02-06T16:53:35.984+0000] {dag.py:2742} INFO - Sync 2 DAGs
[2025-02-06T16:53:35.999+0000] {logging_mixin.py:150} INFO - [2025-02-06T16:53:35.999+0000] {dag.py:3504} INFO - Setting next_dagrun for example_xcom_args to None, run_after=None
[2025-02-06T16:53:36.002+0000] {logging_mixin.py:150} INFO - [2025-02-06T16:53:36.002+0000] {dag.py:3504} INFO - Setting next_dagrun for example_xcom_args_with_operators to None, run_after=None
[2025-02-06T16:53:36.015+0000] {processor.py:179} INFO - Processing /home/vscode/.local/lib/python3.10/site-packages/airflow/example_dags/example_xcomargs.py took 0.056 seconds
[2025-02-06T16:54:26.120+0000] {processor.py:157} INFO - Started process (PID=12263) to work on /home/vscode/.local/lib/python3.10/site-packages/airflow/example_dags/example_xcomargs.py
[2025-02-06T16:54:26.121+0000] {processor.py:826} INFO - Processing file /home/vscode/.local/lib/python3.10/site-packages/airflow/example_dags/example_xcomargs.py for tasks to queue
[2025-02-06T16:54:26.122+0000] {logging_mixin.py:150} INFO - [2025-02-06T16:54:26.122+0000] {dagbag.py:541} INFO - Filling up the DagBag from /home/vscode/.local/lib/python3.10/site-packages/airflow/example_dags/example_xcomargs.py
[2025-02-06T16:54:26.129+0000] {processor.py:836} INFO - DAG(s) dict_keys(['example_xcom_args_with_operators', 'example_xcom_args']) retrieved from /home/vscode/.local/lib/python3.10/site-packages/airflow/example_dags/example_xcomargs.py
[2025-02-06T16:54:26.147+0000] {logging_mixin.py:150} INFO - [2025-02-06T16:54:26.147+0000] {dag.py:2742} INFO - Sync 2 DAGs
[2025-02-06T16:54:26.161+0000] {logging_mixin.py:150} INFO - [2025-02-06T16:54:26.161+0000] {dag.py:3504} INFO - Setting next_dagrun for example_xcom_args to None, run_after=None
[2025-02-06T16:54:26.164+0000] {logging_mixin.py:150} INFO - [2025-02-06T16:54:26.163+0000] {dag.py:3504} INFO - Setting next_dagrun for example_xcom_args_with_operators to None, run_after=None
[2025-02-06T16:54:26.177+0000] {processor.py:179} INFO - Processing /home/vscode/.local/lib/python3.10/site-packages/airflow/example_dags/example_xcomargs.py took 0.059 seconds
[2025-02-06T16:55:13.666+0000] {processor.py:157} INFO - Started process (PID=12614) to work on /home/vscode/.local/lib/python3.10/site-packages/airflow/example_dags/example_xcomargs.py
[2025-02-06T16:55:13.667+0000] {processor.py:826} INFO - Processing file /home/vscode/.local/lib/python3.10/site-packages/airflow/example_dags/example_xcomargs.py for tasks to queue
[2025-02-06T16:55:13.668+0000] {logging_mixin.py:150} INFO - [2025-02-06T16:55:13.667+0000] {dagbag.py:541} INFO - Filling up the DagBag from /home/vscode/.local/lib/python3.10/site-packages/airflow/example_dags/example_xcomargs.py
[2025-02-06T16:55:13.675+0000] {processor.py:836} INFO - DAG(s) dict_keys(['example_xcom_args_with_operators', 'example_xcom_args']) retrieved from /home/vscode/.local/lib/python3.10/site-packages/airflow/example_dags/example_xcomargs.py
[2025-02-06T16:55:13.690+0000] {logging_mixin.py:150} INFO - [2025-02-06T16:55:13.690+0000] {dag.py:2742} INFO - Sync 2 DAGs
[2025-02-06T16:55:13.705+0000] {logging_mixin.py:150} INFO - [2025-02-06T16:55:13.705+0000] {dag.py:3504} INFO - Setting next_dagrun for example_xcom_args to None, run_after=None
[2025-02-06T16:55:13.707+0000] {logging_mixin.py:150} INFO - [2025-02-06T16:55:13.707+0000] {dag.py:3504} INFO - Setting next_dagrun for example_xcom_args_with_operators to None, run_after=None
[2025-02-06T16:55:13.720+0000] {processor.py:179} INFO - Processing /home/vscode/.local/lib/python3.10/site-packages/airflow/example_dags/example_xcomargs.py took 0.058 seconds
[2025-02-06T16:56:00.103+0000] {processor.py:157} INFO - Started process (PID=13080) to work on /home/vscode/.local/lib/python3.10/site-packages/airflow/example_dags/example_xcomargs.py
[2025-02-06T16:56:00.104+0000] {processor.py:826} INFO - Processing file /home/vscode/.local/lib/python3.10/site-packages/airflow/example_dags/example_xcomargs.py for tasks to queue
[2025-02-06T16:56:00.105+0000] {logging_mixin.py:150} INFO - [2025-02-06T16:56:00.105+0000] {dagbag.py:541} INFO - Filling up the DagBag from /home/vscode/.local/lib/python3.10/site-packages/airflow/example_dags/example_xcomargs.py
[2025-02-06T16:56:00.112+0000] {processor.py:836} INFO - DAG(s) dict_keys(['example_xcom_args_with_operators', 'example_xcom_args']) retrieved from /home/vscode/.local/lib/python3.10/site-packages/airflow/example_dags/example_xcomargs.py
[2025-02-06T16:56:00.127+0000] {logging_mixin.py:150} INFO - [2025-02-06T16:56:00.127+0000] {dag.py:2742} INFO - Sync 2 DAGs
[2025-02-06T16:56:00.143+0000] {logging_mixin.py:150} INFO - [2025-02-06T16:56:00.142+0000] {dag.py:3504} INFO - Setting next_dagrun for example_xcom_args to None, run_after=None
[2025-02-06T16:56:00.145+0000] {logging_mixin.py:150} INFO - [2025-02-06T16:56:00.145+0000] {dag.py:3504} INFO - Setting next_dagrun for example_xcom_args_with_operators to None, run_after=None
[2025-02-06T16:56:00.158+0000] {processor.py:179} INFO - Processing /home/vscode/.local/lib/python3.10/site-packages/airflow/example_dags/example_xcomargs.py took 0.057 seconds
[2025-02-06T16:56:44.466+0000] {processor.py:157} INFO - Started process (PID=13412) to work on /home/vscode/.local/lib/python3.10/site-packages/airflow/example_dags/example_xcomargs.py
[2025-02-06T16:56:44.467+0000] {processor.py:826} INFO - Processing file /home/vscode/.local/lib/python3.10/site-packages/airflow/example_dags/example_xcomargs.py for tasks to queue
[2025-02-06T16:56:44.467+0000] {logging_mixin.py:150} INFO - [2025-02-06T16:56:44.467+0000] {dagbag.py:541} INFO - Filling up the DagBag from /home/vscode/.local/lib/python3.10/site-packages/airflow/example_dags/example_xcomargs.py
[2025-02-06T16:56:44.474+0000] {processor.py:836} INFO - DAG(s) dict_keys(['example_xcom_args_with_operators', 'example_xcom_args']) retrieved from /home/vscode/.local/lib/python3.10/site-packages/airflow/example_dags/example_xcomargs.py
[2025-02-06T16:56:44.490+0000] {logging_mixin.py:150} INFO - [2025-02-06T16:56:44.489+0000] {dag.py:2742} INFO - Sync 2 DAGs
[2025-02-06T16:56:44.505+0000] {logging_mixin.py:150} INFO - [2025-02-06T16:56:44.505+0000] {dag.py:3504} INFO - Setting next_dagrun for example_xcom_args to None, run_after=None
[2025-02-06T16:56:44.508+0000] {logging_mixin.py:150} INFO - [2025-02-06T16:56:44.508+0000] {dag.py:3504} INFO - Setting next_dagrun for example_xcom_args_with_operators to None, run_after=None
[2025-02-06T16:56:44.528+0000] {processor.py:179} INFO - Processing /home/vscode/.local/lib/python3.10/site-packages/airflow/example_dags/example_xcomargs.py took 0.064 seconds
[2025-02-06T16:57:32.125+0000] {processor.py:157} INFO - Started process (PID=13771) to work on /home/vscode/.local/lib/python3.10/site-packages/airflow/example_dags/example_xcomargs.py
[2025-02-06T16:57:32.126+0000] {processor.py:826} INFO - Processing file /home/vscode/.local/lib/python3.10/site-packages/airflow/example_dags/example_xcomargs.py for tasks to queue
[2025-02-06T16:57:32.127+0000] {logging_mixin.py:150} INFO - [2025-02-06T16:57:32.127+0000] {dagbag.py:541} INFO - Filling up the DagBag from /home/vscode/.local/lib/python3.10/site-packages/airflow/example_dags/example_xcomargs.py
[2025-02-06T16:57:32.134+0000] {processor.py:836} INFO - DAG(s) dict_keys(['example_xcom_args', 'example_xcom_args_with_operators']) retrieved from /home/vscode/.local/lib/python3.10/site-packages/airflow/example_dags/example_xcomargs.py
[2025-02-06T16:57:32.149+0000] {logging_mixin.py:150} INFO - [2025-02-06T16:57:32.149+0000] {dag.py:2742} INFO - Sync 2 DAGs
[2025-02-06T16:57:32.163+0000] {logging_mixin.py:150} INFO - [2025-02-06T16:57:32.163+0000] {dag.py:3504} INFO - Setting next_dagrun for example_xcom_args to None, run_after=None
[2025-02-06T16:57:32.167+0000] {logging_mixin.py:150} INFO - [2025-02-06T16:57:32.167+0000] {dag.py:3504} INFO - Setting next_dagrun for example_xcom_args_with_operators to None, run_after=None
[2025-02-06T16:57:32.180+0000] {processor.py:179} INFO - Processing /home/vscode/.local/lib/python3.10/site-packages/airflow/example_dags/example_xcomargs.py took 0.057 seconds
[2025-02-06T16:58:16.993+0000] {processor.py:157} INFO - Started process (PID=14126) to work on /home/vscode/.local/lib/python3.10/site-packages/airflow/example_dags/example_xcomargs.py
[2025-02-06T16:58:16.994+0000] {processor.py:826} INFO - Processing file /home/vscode/.local/lib/python3.10/site-packages/airflow/example_dags/example_xcomargs.py for tasks to queue
[2025-02-06T16:58:16.995+0000] {logging_mixin.py:150} INFO - [2025-02-06T16:58:16.995+0000] {dagbag.py:541} INFO - Filling up the DagBag from /home/vscode/.local/lib/python3.10/site-packages/airflow/example_dags/example_xcomargs.py
[2025-02-06T16:58:17.002+0000] {processor.py:836} INFO - DAG(s) dict_keys(['example_xcom_args_with_operators', 'example_xcom_args']) retrieved from /home/vscode/.local/lib/python3.10/site-packages/airflow/example_dags/example_xcomargs.py
[2025-02-06T16:58:17.017+0000] {logging_mixin.py:150} INFO - [2025-02-06T16:58:17.017+0000] {dag.py:2742} INFO - Sync 2 DAGs
[2025-02-06T16:58:17.032+0000] {logging_mixin.py:150} INFO - [2025-02-06T16:58:17.032+0000] {dag.py:3504} INFO - Setting next_dagrun for example_xcom_args to None, run_after=None
[2025-02-06T16:58:17.035+0000] {logging_mixin.py:150} INFO - [2025-02-06T16:58:17.035+0000] {dag.py:3504} INFO - Setting next_dagrun for example_xcom_args_with_operators to None, run_after=None
[2025-02-06T16:58:17.049+0000] {processor.py:179} INFO - Processing /home/vscode/.local/lib/python3.10/site-packages/airflow/example_dags/example_xcomargs.py took 0.058 seconds
[2025-02-06T18:07:31.192+0000] {processor.py:157} INFO - Started process (PID=4775) to work on /home/vscode/.local/lib/python3.10/site-packages/airflow/example_dags/example_xcomargs.py
[2025-02-06T18:07:31.193+0000] {processor.py:826} INFO - Processing file /home/vscode/.local/lib/python3.10/site-packages/airflow/example_dags/example_xcomargs.py for tasks to queue
[2025-02-06T18:07:31.194+0000] {logging_mixin.py:150} INFO - [2025-02-06T18:07:31.194+0000] {dagbag.py:541} INFO - Filling up the DagBag from /home/vscode/.local/lib/python3.10/site-packages/airflow/example_dags/example_xcomargs.py
[2025-02-06T18:07:31.200+0000] {processor.py:836} INFO - DAG(s) dict_keys(['example_xcom_args', 'example_xcom_args_with_operators']) retrieved from /home/vscode/.local/lib/python3.10/site-packages/airflow/example_dags/example_xcomargs.py
[2025-02-06T18:07:31.330+0000] {logging_mixin.py:150} INFO - [2025-02-06T18:07:31.329+0000] {manager.py:504} INFO - Created Permission View: can read on DAG:example_xcom_args
[2025-02-06T18:07:31.340+0000] {logging_mixin.py:150} INFO - [2025-02-06T18:07:31.340+0000] {manager.py:504} INFO - Created Permission View: can delete on DAG:example_xcom_args
[2025-02-06T18:07:31.348+0000] {logging_mixin.py:150} INFO - [2025-02-06T18:07:31.348+0000] {manager.py:504} INFO - Created Permission View: can edit on DAG:example_xcom_args
[2025-02-06T18:07:31.371+0000] {logging_mixin.py:150} INFO - [2025-02-06T18:07:31.371+0000] {manager.py:504} INFO - Created Permission View: can read on DAG:example_xcom_args_with_operators
[2025-02-06T18:07:31.376+0000] {logging_mixin.py:150} INFO - [2025-02-06T18:07:31.376+0000] {manager.py:504} INFO - Created Permission View: can delete on DAG:example_xcom_args_with_operators
[2025-02-06T18:07:31.381+0000] {logging_mixin.py:150} INFO - [2025-02-06T18:07:31.381+0000] {manager.py:504} INFO - Created Permission View: can edit on DAG:example_xcom_args_with_operators
[2025-02-06T18:07:31.384+0000] {logging_mixin.py:150} INFO - [2025-02-06T18:07:31.384+0000] {dag.py:2742} INFO - Sync 2 DAGs
[2025-02-06T18:07:31.389+0000] {logging_mixin.py:150} INFO - [2025-02-06T18:07:31.389+0000] {dag.py:2763} INFO - Creating ORM DAG for example_xcom_args
[2025-02-06T18:07:31.390+0000] {logging_mixin.py:150} INFO - [2025-02-06T18:07:31.390+0000] {dag.py:2763} INFO - Creating ORM DAG for example_xcom_args_with_operators
[2025-02-06T18:07:31.395+0000] {logging_mixin.py:150} INFO - [2025-02-06T18:07:31.395+0000] {dag.py:3504} INFO - Setting next_dagrun for example_xcom_args to None, run_after=None
[2025-02-06T18:07:31.395+0000] {logging_mixin.py:150} INFO - [2025-02-06T18:07:31.395+0000] {dag.py:3504} INFO - Setting next_dagrun for example_xcom_args_with_operators to None, run_after=None
[2025-02-06T18:07:31.408+0000] {processor.py:179} INFO - Processing /home/vscode/.local/lib/python3.10/site-packages/airflow/example_dags/example_xcomargs.py took 0.218 seconds
[2025-02-06T18:08:20.209+0000] {processor.py:157} INFO - Started process (PID=5212) to work on /home/vscode/.local/lib/python3.10/site-packages/airflow/example_dags/example_xcomargs.py
[2025-02-06T18:08:20.210+0000] {processor.py:826} INFO - Processing file /home/vscode/.local/lib/python3.10/site-packages/airflow/example_dags/example_xcomargs.py for tasks to queue
[2025-02-06T18:08:20.211+0000] {logging_mixin.py:150} INFO - [2025-02-06T18:08:20.210+0000] {dagbag.py:541} INFO - Filling up the DagBag from /home/vscode/.local/lib/python3.10/site-packages/airflow/example_dags/example_xcomargs.py
[2025-02-06T18:08:20.216+0000] {processor.py:836} INFO - DAG(s) dict_keys(['example_xcom_args_with_operators', 'example_xcom_args']) retrieved from /home/vscode/.local/lib/python3.10/site-packages/airflow/example_dags/example_xcomargs.py
[2025-02-06T18:08:20.229+0000] {logging_mixin.py:150} INFO - [2025-02-06T18:08:20.229+0000] {dag.py:2742} INFO - Sync 2 DAGs
[2025-02-06T18:08:20.242+0000] {logging_mixin.py:150} INFO - [2025-02-06T18:08:20.241+0000] {dag.py:3504} INFO - Setting next_dagrun for example_xcom_args to None, run_after=None
[2025-02-06T18:08:20.243+0000] {logging_mixin.py:150} INFO - [2025-02-06T18:08:20.243+0000] {dag.py:3504} INFO - Setting next_dagrun for example_xcom_args_with_operators to None, run_after=None
[2025-02-06T18:08:20.255+0000] {processor.py:179} INFO - Processing /home/vscode/.local/lib/python3.10/site-packages/airflow/example_dags/example_xcomargs.py took 0.048 seconds
