[2025-02-06T16:45:08.467+0000] {processor.py:157} INFO - Started process (PID=8302) to work on /home/vscode/.local/lib/python3.10/site-packages/airflow/example_dags/example_sensor_decorator.py
[2025-02-06T16:45:08.468+0000] {processor.py:826} INFO - Processing file /home/vscode/.local/lib/python3.10/site-packages/airflow/example_dags/example_sensor_decorator.py for tasks to queue
[2025-02-06T16:45:08.469+0000] {logging_mixin.py:150} INFO - [2025-02-06T16:45:08.468+0000] {dagbag.py:541} INFO - Filling up the DagBag from /home/vscode/.local/lib/python3.10/site-packages/airflow/example_dags/example_sensor_decorator.py
[2025-02-06T16:45:08.567+0000] {processor.py:836} INFO - DAG(s) dict_keys(['example_sensor_decorator']) retrieved from /home/vscode/.local/lib/python3.10/site-packages/airflow/example_dags/example_sensor_decorator.py
[2025-02-06T16:45:08.631+0000] {logging_mixin.py:150} INFO - [2025-02-06T16:45:08.631+0000] {manager.py:504} INFO - Created Permission View: can read on DAG:example_sensor_decorator
[2025-02-06T16:45:08.638+0000] {logging_mixin.py:150} INFO - [2025-02-06T16:45:08.638+0000] {manager.py:504} INFO - Created Permission View: can delete on DAG:example_sensor_decorator
[2025-02-06T16:45:08.644+0000] {logging_mixin.py:150} INFO - [2025-02-06T16:45:08.644+0000] {manager.py:504} INFO - Created Permission View: can edit on DAG:example_sensor_decorator
[2025-02-06T16:45:08.652+0000] {logging_mixin.py:150} INFO - [2025-02-06T16:45:08.652+0000] {dag.py:2742} INFO - Sync 1 DAGs
[2025-02-06T16:45:08.659+0000] {logging_mixin.py:150} INFO - [2025-02-06T16:45:08.659+0000] {dag.py:2763} INFO - Creating ORM DAG for example_sensor_decorator
[2025-02-06T16:45:08.665+0000] {logging_mixin.py:150} INFO - [2025-02-06T16:45:08.665+0000] {dag.py:3504} INFO - Setting next_dagrun for example_sensor_decorator to None, run_after=None
[2025-02-06T16:45:08.680+0000] {processor.py:179} INFO - Processing /home/vscode/.local/lib/python3.10/site-packages/airflow/example_dags/example_sensor_decorator.py took 0.216 seconds
[2025-02-06T16:45:56.164+0000] {processor.py:157} INFO - Started process (PID=8630) to work on /home/vscode/.local/lib/python3.10/site-packages/airflow/example_dags/example_sensor_decorator.py
[2025-02-06T16:45:56.165+0000] {processor.py:826} INFO - Processing file /home/vscode/.local/lib/python3.10/site-packages/airflow/example_dags/example_sensor_decorator.py for tasks to queue
[2025-02-06T16:45:56.166+0000] {logging_mixin.py:150} INFO - [2025-02-06T16:45:56.165+0000] {dagbag.py:541} INFO - Filling up the DagBag from /home/vscode/.local/lib/python3.10/site-packages/airflow/example_dags/example_sensor_decorator.py
[2025-02-06T16:45:56.171+0000] {processor.py:836} INFO - DAG(s) dict_keys(['example_sensor_decorator']) retrieved from /home/vscode/.local/lib/python3.10/site-packages/airflow/example_dags/example_sensor_decorator.py
[2025-02-06T16:45:56.184+0000] {logging_mixin.py:150} INFO - [2025-02-06T16:45:56.184+0000] {dag.py:2742} INFO - Sync 1 DAGs
[2025-02-06T16:45:56.198+0000] {logging_mixin.py:150} INFO - [2025-02-06T16:45:56.198+0000] {dag.py:3504} INFO - Setting next_dagrun for example_sensor_decorator to None, run_after=None
[2025-02-06T16:45:56.213+0000] {processor.py:179} INFO - Processing /home/vscode/.local/lib/python3.10/site-packages/airflow/example_dags/example_sensor_decorator.py took 0.051 seconds
[2025-02-06T16:46:37.323+0000] {processor.py:157} INFO - Started process (PID=8918) to work on /home/vscode/.local/lib/python3.10/site-packages/airflow/example_dags/example_sensor_decorator.py
[2025-02-06T16:46:37.324+0000] {processor.py:826} INFO - Processing file /home/vscode/.local/lib/python3.10/site-packages/airflow/example_dags/example_sensor_decorator.py for tasks to queue
[2025-02-06T16:46:37.325+0000] {logging_mixin.py:150} INFO - [2025-02-06T16:46:37.324+0000] {dagbag.py:541} INFO - Filling up the DagBag from /home/vscode/.local/lib/python3.10/site-packages/airflow/example_dags/example_sensor_decorator.py
[2025-02-06T16:46:37.330+0000] {processor.py:836} INFO - DAG(s) dict_keys(['example_sensor_decorator']) retrieved from /home/vscode/.local/lib/python3.10/site-packages/airflow/example_dags/example_sensor_decorator.py
[2025-02-06T16:46:37.344+0000] {logging_mixin.py:150} INFO - [2025-02-06T16:46:37.344+0000] {dag.py:2742} INFO - Sync 1 DAGs
[2025-02-06T16:46:37.358+0000] {logging_mixin.py:150} INFO - [2025-02-06T16:46:37.358+0000] {dag.py:3504} INFO - Setting next_dagrun for example_sensor_decorator to None, run_after=None
[2025-02-06T16:46:37.374+0000] {processor.py:179} INFO - Processing /home/vscode/.local/lib/python3.10/site-packages/airflow/example_dags/example_sensor_decorator.py took 0.053 seconds
[2025-02-06T16:47:23.011+0000] {processor.py:157} INFO - Started process (PID=9223) to work on /home/vscode/.local/lib/python3.10/site-packages/airflow/example_dags/example_sensor_decorator.py
[2025-02-06T16:47:23.012+0000] {processor.py:826} INFO - Processing file /home/vscode/.local/lib/python3.10/site-packages/airflow/example_dags/example_sensor_decorator.py for tasks to queue
[2025-02-06T16:47:23.013+0000] {logging_mixin.py:150} INFO - [2025-02-06T16:47:23.012+0000] {dagbag.py:541} INFO - Filling up the DagBag from /home/vscode/.local/lib/python3.10/site-packages/airflow/example_dags/example_sensor_decorator.py
[2025-02-06T16:47:23.018+0000] {processor.py:836} INFO - DAG(s) dict_keys(['example_sensor_decorator']) retrieved from /home/vscode/.local/lib/python3.10/site-packages/airflow/example_dags/example_sensor_decorator.py
[2025-02-06T16:47:23.031+0000] {logging_mixin.py:150} INFO - [2025-02-06T16:47:23.031+0000] {dag.py:2742} INFO - Sync 1 DAGs
[2025-02-06T16:47:23.045+0000] {logging_mixin.py:150} INFO - [2025-02-06T16:47:23.045+0000] {dag.py:3504} INFO - Setting next_dagrun for example_sensor_decorator to None, run_after=None
[2025-02-06T16:47:23.059+0000] {processor.py:179} INFO - Processing /home/vscode/.local/lib/python3.10/site-packages/airflow/example_dags/example_sensor_decorator.py took 0.050 seconds
[2025-02-06T16:48:09.811+0000] {processor.py:157} INFO - Started process (PID=9538) to work on /home/vscode/.local/lib/python3.10/site-packages/airflow/example_dags/example_sensor_decorator.py
[2025-02-06T16:48:09.812+0000] {processor.py:826} INFO - Processing file /home/vscode/.local/lib/python3.10/site-packages/airflow/example_dags/example_sensor_decorator.py for tasks to queue
[2025-02-06T16:48:09.813+0000] {logging_mixin.py:150} INFO - [2025-02-06T16:48:09.813+0000] {dagbag.py:541} INFO - Filling up the DagBag from /home/vscode/.local/lib/python3.10/site-packages/airflow/example_dags/example_sensor_decorator.py
[2025-02-06T16:48:09.818+0000] {processor.py:836} INFO - DAG(s) dict_keys(['example_sensor_decorator']) retrieved from /home/vscode/.local/lib/python3.10/site-packages/airflow/example_dags/example_sensor_decorator.py
[2025-02-06T16:48:09.831+0000] {logging_mixin.py:150} INFO - [2025-02-06T16:48:09.831+0000] {dag.py:2742} INFO - Sync 1 DAGs
[2025-02-06T16:48:09.845+0000] {logging_mixin.py:150} INFO - [2025-02-06T16:48:09.845+0000] {dag.py:3504} INFO - Setting next_dagrun for example_sensor_decorator to None, run_after=None
[2025-02-06T16:48:09.859+0000] {processor.py:179} INFO - Processing /home/vscode/.local/lib/python3.10/site-packages/airflow/example_dags/example_sensor_decorator.py took 0.050 seconds
[2025-02-06T16:48:56.528+0000] {processor.py:157} INFO - Started process (PID=9861) to work on /home/vscode/.local/lib/python3.10/site-packages/airflow/example_dags/example_sensor_decorator.py
[2025-02-06T16:48:56.529+0000] {processor.py:826} INFO - Processing file /home/vscode/.local/lib/python3.10/site-packages/airflow/example_dags/example_sensor_decorator.py for tasks to queue
[2025-02-06T16:48:56.529+0000] {logging_mixin.py:150} INFO - [2025-02-06T16:48:56.529+0000] {dagbag.py:541} INFO - Filling up the DagBag from /home/vscode/.local/lib/python3.10/site-packages/airflow/example_dags/example_sensor_decorator.py
[2025-02-06T16:48:56.534+0000] {processor.py:836} INFO - DAG(s) dict_keys(['example_sensor_decorator']) retrieved from /home/vscode/.local/lib/python3.10/site-packages/airflow/example_dags/example_sensor_decorator.py
[2025-02-06T16:48:56.556+0000] {logging_mixin.py:150} INFO - [2025-02-06T16:48:56.556+0000] {dag.py:2742} INFO - Sync 1 DAGs
[2025-02-06T16:48:56.573+0000] {logging_mixin.py:150} INFO - [2025-02-06T16:48:56.573+0000] {dag.py:3504} INFO - Setting next_dagrun for example_sensor_decorator to None, run_after=None
[2025-02-06T16:48:56.588+0000] {processor.py:179} INFO - Processing /home/vscode/.local/lib/python3.10/site-packages/airflow/example_dags/example_sensor_decorator.py took 0.063 seconds
[2025-02-06T16:49:40.939+0000] {processor.py:157} INFO - Started process (PID=10193) to work on /home/vscode/.local/lib/python3.10/site-packages/airflow/example_dags/example_sensor_decorator.py
[2025-02-06T16:49:40.940+0000] {processor.py:826} INFO - Processing file /home/vscode/.local/lib/python3.10/site-packages/airflow/example_dags/example_sensor_decorator.py for tasks to queue
[2025-02-06T16:49:40.941+0000] {logging_mixin.py:150} INFO - [2025-02-06T16:49:40.941+0000] {dagbag.py:541} INFO - Filling up the DagBag from /home/vscode/.local/lib/python3.10/site-packages/airflow/example_dags/example_sensor_decorator.py
[2025-02-06T16:49:40.946+0000] {processor.py:836} INFO - DAG(s) dict_keys(['example_sensor_decorator']) retrieved from /home/vscode/.local/lib/python3.10/site-packages/airflow/example_dags/example_sensor_decorator.py
[2025-02-06T16:49:40.959+0000] {logging_mixin.py:150} INFO - [2025-02-06T16:49:40.959+0000] {dag.py:2742} INFO - Sync 1 DAGs
[2025-02-06T16:49:40.973+0000] {logging_mixin.py:150} INFO - [2025-02-06T16:49:40.973+0000] {dag.py:3504} INFO - Setting next_dagrun for example_sensor_decorator to None, run_after=None
[2025-02-06T16:49:40.988+0000] {processor.py:179} INFO - Processing /home/vscode/.local/lib/python3.10/site-packages/airflow/example_dags/example_sensor_decorator.py took 0.051 seconds
[2025-02-06T16:50:30.512+0000] {processor.py:157} INFO - Started process (PID=10569) to work on /home/vscode/.local/lib/python3.10/site-packages/airflow/example_dags/example_sensor_decorator.py
[2025-02-06T16:50:30.513+0000] {processor.py:826} INFO - Processing file /home/vscode/.local/lib/python3.10/site-packages/airflow/example_dags/example_sensor_decorator.py for tasks to queue
[2025-02-06T16:50:30.514+0000] {logging_mixin.py:150} INFO - [2025-02-06T16:50:30.513+0000] {dagbag.py:541} INFO - Filling up the DagBag from /home/vscode/.local/lib/python3.10/site-packages/airflow/example_dags/example_sensor_decorator.py
[2025-02-06T16:50:30.519+0000] {processor.py:836} INFO - DAG(s) dict_keys(['example_sensor_decorator']) retrieved from /home/vscode/.local/lib/python3.10/site-packages/airflow/example_dags/example_sensor_decorator.py
[2025-02-06T16:50:30.533+0000] {logging_mixin.py:150} INFO - [2025-02-06T16:50:30.533+0000] {dag.py:2742} INFO - Sync 1 DAGs
[2025-02-06T16:50:30.548+0000] {logging_mixin.py:150} INFO - [2025-02-06T16:50:30.548+0000] {dag.py:3504} INFO - Setting next_dagrun for example_sensor_decorator to None, run_after=None
[2025-02-06T16:50:30.564+0000] {processor.py:179} INFO - Processing /home/vscode/.local/lib/python3.10/site-packages/airflow/example_dags/example_sensor_decorator.py took 0.054 seconds
[2025-02-06T16:51:15.685+0000] {processor.py:157} INFO - Started process (PID=10910) to work on /home/vscode/.local/lib/python3.10/site-packages/airflow/example_dags/example_sensor_decorator.py
[2025-02-06T16:51:15.686+0000] {processor.py:826} INFO - Processing file /home/vscode/.local/lib/python3.10/site-packages/airflow/example_dags/example_sensor_decorator.py for tasks to queue
[2025-02-06T16:51:15.687+0000] {logging_mixin.py:150} INFO - [2025-02-06T16:51:15.687+0000] {dagbag.py:541} INFO - Filling up the DagBag from /home/vscode/.local/lib/python3.10/site-packages/airflow/example_dags/example_sensor_decorator.py
[2025-02-06T16:51:15.692+0000] {processor.py:836} INFO - DAG(s) dict_keys(['example_sensor_decorator']) retrieved from /home/vscode/.local/lib/python3.10/site-packages/airflow/example_dags/example_sensor_decorator.py
[2025-02-06T16:51:15.708+0000] {logging_mixin.py:150} INFO - [2025-02-06T16:51:15.708+0000] {dag.py:2742} INFO - Sync 1 DAGs
[2025-02-06T16:51:15.723+0000] {logging_mixin.py:150} INFO - [2025-02-06T16:51:15.722+0000] {dag.py:3504} INFO - Setting next_dagrun for example_sensor_decorator to None, run_after=None
[2025-02-06T16:51:15.738+0000] {processor.py:179} INFO - Processing /home/vscode/.local/lib/python3.10/site-packages/airflow/example_dags/example_sensor_decorator.py took 0.055 seconds
[2025-02-06T16:51:57.810+0000] {processor.py:157} INFO - Started process (PID=11203) to work on /home/vscode/.local/lib/python3.10/site-packages/airflow/example_dags/example_sensor_decorator.py
[2025-02-06T16:51:57.811+0000] {processor.py:826} INFO - Processing file /home/vscode/.local/lib/python3.10/site-packages/airflow/example_dags/example_sensor_decorator.py for tasks to queue
[2025-02-06T16:51:57.812+0000] {logging_mixin.py:150} INFO - [2025-02-06T16:51:57.812+0000] {dagbag.py:541} INFO - Filling up the DagBag from /home/vscode/.local/lib/python3.10/site-packages/airflow/example_dags/example_sensor_decorator.py
[2025-02-06T16:51:57.817+0000] {processor.py:836} INFO - DAG(s) dict_keys(['example_sensor_decorator']) retrieved from /home/vscode/.local/lib/python3.10/site-packages/airflow/example_dags/example_sensor_decorator.py
[2025-02-06T16:51:57.830+0000] {logging_mixin.py:150} INFO - [2025-02-06T16:51:57.830+0000] {dag.py:2742} INFO - Sync 1 DAGs
[2025-02-06T16:51:57.845+0000] {logging_mixin.py:150} INFO - [2025-02-06T16:51:57.845+0000] {dag.py:3504} INFO - Setting next_dagrun for example_sensor_decorator to None, run_after=None
[2025-02-06T16:51:57.863+0000] {processor.py:179} INFO - Processing /home/vscode/.local/lib/python3.10/site-packages/airflow/example_dags/example_sensor_decorator.py took 0.055 seconds
[2025-02-06T16:52:44.092+0000] {processor.py:157} INFO - Started process (PID=11508) to work on /home/vscode/.local/lib/python3.10/site-packages/airflow/example_dags/example_sensor_decorator.py
[2025-02-06T16:52:44.093+0000] {processor.py:826} INFO - Processing file /home/vscode/.local/lib/python3.10/site-packages/airflow/example_dags/example_sensor_decorator.py for tasks to queue
[2025-02-06T16:52:44.094+0000] {logging_mixin.py:150} INFO - [2025-02-06T16:52:44.094+0000] {dagbag.py:541} INFO - Filling up the DagBag from /home/vscode/.local/lib/python3.10/site-packages/airflow/example_dags/example_sensor_decorator.py
[2025-02-06T16:52:44.101+0000] {processor.py:836} INFO - DAG(s) dict_keys(['example_sensor_decorator']) retrieved from /home/vscode/.local/lib/python3.10/site-packages/airflow/example_dags/example_sensor_decorator.py
[2025-02-06T16:52:44.118+0000] {logging_mixin.py:150} INFO - [2025-02-06T16:52:44.118+0000] {dag.py:2742} INFO - Sync 1 DAGs
[2025-02-06T16:52:44.141+0000] {logging_mixin.py:150} INFO - [2025-02-06T16:52:44.141+0000] {dag.py:3504} INFO - Setting next_dagrun for example_sensor_decorator to None, run_after=None
[2025-02-06T16:52:44.161+0000] {processor.py:179} INFO - Processing /home/vscode/.local/lib/python3.10/site-packages/airflow/example_dags/example_sensor_decorator.py took 0.073 seconds
[2025-02-06T16:53:26.824+0000] {processor.py:157} INFO - Started process (PID=11805) to work on /home/vscode/.local/lib/python3.10/site-packages/airflow/example_dags/example_sensor_decorator.py
[2025-02-06T16:53:26.825+0000] {processor.py:826} INFO - Processing file /home/vscode/.local/lib/python3.10/site-packages/airflow/example_dags/example_sensor_decorator.py for tasks to queue
[2025-02-06T16:53:26.826+0000] {logging_mixin.py:150} INFO - [2025-02-06T16:53:26.825+0000] {dagbag.py:541} INFO - Filling up the DagBag from /home/vscode/.local/lib/python3.10/site-packages/airflow/example_dags/example_sensor_decorator.py
[2025-02-06T16:53:26.831+0000] {processor.py:836} INFO - DAG(s) dict_keys(['example_sensor_decorator']) retrieved from /home/vscode/.local/lib/python3.10/site-packages/airflow/example_dags/example_sensor_decorator.py
[2025-02-06T16:53:26.844+0000] {logging_mixin.py:150} INFO - [2025-02-06T16:53:26.844+0000] {dag.py:2742} INFO - Sync 1 DAGs
[2025-02-06T16:53:26.859+0000] {logging_mixin.py:150} INFO - [2025-02-06T16:53:26.859+0000] {dag.py:3504} INFO - Setting next_dagrun for example_sensor_decorator to None, run_after=None
[2025-02-06T16:53:26.874+0000] {processor.py:179} INFO - Processing /home/vscode/.local/lib/python3.10/site-packages/airflow/example_dags/example_sensor_decorator.py took 0.052 seconds
[2025-02-06T16:54:14.198+0000] {processor.py:157} INFO - Started process (PID=12147) to work on /home/vscode/.local/lib/python3.10/site-packages/airflow/example_dags/example_sensor_decorator.py
[2025-02-06T16:54:14.199+0000] {processor.py:826} INFO - Processing file /home/vscode/.local/lib/python3.10/site-packages/airflow/example_dags/example_sensor_decorator.py for tasks to queue
[2025-02-06T16:54:14.199+0000] {logging_mixin.py:150} INFO - [2025-02-06T16:54:14.199+0000] {dagbag.py:541} INFO - Filling up the DagBag from /home/vscode/.local/lib/python3.10/site-packages/airflow/example_dags/example_sensor_decorator.py
[2025-02-06T16:54:14.205+0000] {processor.py:836} INFO - DAG(s) dict_keys(['example_sensor_decorator']) retrieved from /home/vscode/.local/lib/python3.10/site-packages/airflow/example_dags/example_sensor_decorator.py
[2025-02-06T16:54:14.218+0000] {logging_mixin.py:150} INFO - [2025-02-06T16:54:14.218+0000] {dag.py:2742} INFO - Sync 1 DAGs
[2025-02-06T16:54:14.234+0000] {logging_mixin.py:150} INFO - [2025-02-06T16:54:14.234+0000] {dag.py:3504} INFO - Setting next_dagrun for example_sensor_decorator to None, run_after=None
[2025-02-06T16:54:14.251+0000] {processor.py:179} INFO - Processing /home/vscode/.local/lib/python3.10/site-packages/airflow/example_dags/example_sensor_decorator.py took 0.056 seconds
[2025-02-06T16:55:01.566+0000] {processor.py:157} INFO - Started process (PID=12527) to work on /home/vscode/.local/lib/python3.10/site-packages/airflow/example_dags/example_sensor_decorator.py
[2025-02-06T16:55:01.567+0000] {processor.py:826} INFO - Processing file /home/vscode/.local/lib/python3.10/site-packages/airflow/example_dags/example_sensor_decorator.py for tasks to queue
[2025-02-06T16:55:01.568+0000] {logging_mixin.py:150} INFO - [2025-02-06T16:55:01.567+0000] {dagbag.py:541} INFO - Filling up the DagBag from /home/vscode/.local/lib/python3.10/site-packages/airflow/example_dags/example_sensor_decorator.py
[2025-02-06T16:55:01.573+0000] {processor.py:836} INFO - DAG(s) dict_keys(['example_sensor_decorator']) retrieved from /home/vscode/.local/lib/python3.10/site-packages/airflow/example_dags/example_sensor_decorator.py
[2025-02-06T16:55:01.586+0000] {logging_mixin.py:150} INFO - [2025-02-06T16:55:01.586+0000] {dag.py:2742} INFO - Sync 1 DAGs
[2025-02-06T16:55:01.601+0000] {logging_mixin.py:150} INFO - [2025-02-06T16:55:01.601+0000] {dag.py:3504} INFO - Setting next_dagrun for example_sensor_decorator to None, run_after=None
[2025-02-06T16:55:01.616+0000] {processor.py:179} INFO - Processing /home/vscode/.local/lib/python3.10/site-packages/airflow/example_dags/example_sensor_decorator.py took 0.053 seconds
[2025-02-06T16:55:51.121+0000] {processor.py:157} INFO - Started process (PID=12971) to work on /home/vscode/.local/lib/python3.10/site-packages/airflow/example_dags/example_sensor_decorator.py
[2025-02-06T16:55:51.122+0000] {processor.py:826} INFO - Processing file /home/vscode/.local/lib/python3.10/site-packages/airflow/example_dags/example_sensor_decorator.py for tasks to queue
[2025-02-06T16:55:51.122+0000] {logging_mixin.py:150} INFO - [2025-02-06T16:55:51.122+0000] {dagbag.py:541} INFO - Filling up the DagBag from /home/vscode/.local/lib/python3.10/site-packages/airflow/example_dags/example_sensor_decorator.py
[2025-02-06T16:55:51.127+0000] {processor.py:836} INFO - DAG(s) dict_keys(['example_sensor_decorator']) retrieved from /home/vscode/.local/lib/python3.10/site-packages/airflow/example_dags/example_sensor_decorator.py
[2025-02-06T16:55:51.140+0000] {logging_mixin.py:150} INFO - [2025-02-06T16:55:51.140+0000] {dag.py:2742} INFO - Sync 1 DAGs
[2025-02-06T16:55:51.154+0000] {logging_mixin.py:150} INFO - [2025-02-06T16:55:51.154+0000] {dag.py:3504} INFO - Setting next_dagrun for example_sensor_decorator to None, run_after=None
[2025-02-06T16:55:51.168+0000] {processor.py:179} INFO - Processing /home/vscode/.local/lib/python3.10/site-packages/airflow/example_dags/example_sensor_decorator.py took 0.050 seconds
[2025-02-06T16:56:35.891+0000] {processor.py:157} INFO - Started process (PID=13355) to work on /home/vscode/.local/lib/python3.10/site-packages/airflow/example_dags/example_sensor_decorator.py
[2025-02-06T16:56:35.892+0000] {processor.py:826} INFO - Processing file /home/vscode/.local/lib/python3.10/site-packages/airflow/example_dags/example_sensor_decorator.py for tasks to queue
[2025-02-06T16:56:35.892+0000] {logging_mixin.py:150} INFO - [2025-02-06T16:56:35.892+0000] {dagbag.py:541} INFO - Filling up the DagBag from /home/vscode/.local/lib/python3.10/site-packages/airflow/example_dags/example_sensor_decorator.py
[2025-02-06T16:56:35.898+0000] {processor.py:836} INFO - DAG(s) dict_keys(['example_sensor_decorator']) retrieved from /home/vscode/.local/lib/python3.10/site-packages/airflow/example_dags/example_sensor_decorator.py
[2025-02-06T16:56:35.910+0000] {logging_mixin.py:150} INFO - [2025-02-06T16:56:35.910+0000] {dag.py:2742} INFO - Sync 1 DAGs
[2025-02-06T16:56:35.925+0000] {logging_mixin.py:150} INFO - [2025-02-06T16:56:35.925+0000] {dag.py:3504} INFO - Setting next_dagrun for example_sensor_decorator to None, run_after=None
[2025-02-06T16:56:35.940+0000] {processor.py:179} INFO - Processing /home/vscode/.local/lib/python3.10/site-packages/airflow/example_dags/example_sensor_decorator.py took 0.052 seconds
[2025-02-06T16:57:22.170+0000] {processor.py:157} INFO - Started process (PID=13692) to work on /home/vscode/.local/lib/python3.10/site-packages/airflow/example_dags/example_sensor_decorator.py
[2025-02-06T16:57:22.171+0000] {processor.py:826} INFO - Processing file /home/vscode/.local/lib/python3.10/site-packages/airflow/example_dags/example_sensor_decorator.py for tasks to queue
[2025-02-06T16:57:22.172+0000] {logging_mixin.py:150} INFO - [2025-02-06T16:57:22.172+0000] {dagbag.py:541} INFO - Filling up the DagBag from /home/vscode/.local/lib/python3.10/site-packages/airflow/example_dags/example_sensor_decorator.py
[2025-02-06T16:57:22.177+0000] {processor.py:836} INFO - DAG(s) dict_keys(['example_sensor_decorator']) retrieved from /home/vscode/.local/lib/python3.10/site-packages/airflow/example_dags/example_sensor_decorator.py
[2025-02-06T16:57:22.191+0000] {logging_mixin.py:150} INFO - [2025-02-06T16:57:22.191+0000] {dag.py:2742} INFO - Sync 1 DAGs
[2025-02-06T16:57:22.205+0000] {logging_mixin.py:150} INFO - [2025-02-06T16:57:22.205+0000] {dag.py:3504} INFO - Setting next_dagrun for example_sensor_decorator to None, run_after=None
[2025-02-06T16:57:22.221+0000] {processor.py:179} INFO - Processing /home/vscode/.local/lib/python3.10/site-packages/airflow/example_dags/example_sensor_decorator.py took 0.053 seconds
[2025-02-06T16:58:06.711+0000] {processor.py:157} INFO - Started process (PID=14035) to work on /home/vscode/.local/lib/python3.10/site-packages/airflow/example_dags/example_sensor_decorator.py
[2025-02-06T16:58:06.712+0000] {processor.py:826} INFO - Processing file /home/vscode/.local/lib/python3.10/site-packages/airflow/example_dags/example_sensor_decorator.py for tasks to queue
[2025-02-06T16:58:06.713+0000] {logging_mixin.py:150} INFO - [2025-02-06T16:58:06.712+0000] {dagbag.py:541} INFO - Filling up the DagBag from /home/vscode/.local/lib/python3.10/site-packages/airflow/example_dags/example_sensor_decorator.py
[2025-02-06T16:58:06.718+0000] {processor.py:836} INFO - DAG(s) dict_keys(['example_sensor_decorator']) retrieved from /home/vscode/.local/lib/python3.10/site-packages/airflow/example_dags/example_sensor_decorator.py
[2025-02-06T16:58:06.731+0000] {logging_mixin.py:150} INFO - [2025-02-06T16:58:06.731+0000] {dag.py:2742} INFO - Sync 1 DAGs
[2025-02-06T16:58:06.746+0000] {logging_mixin.py:150} INFO - [2025-02-06T16:58:06.746+0000] {dag.py:3504} INFO - Setting next_dagrun for example_sensor_decorator to None, run_after=None
[2025-02-06T16:58:06.761+0000] {processor.py:179} INFO - Processing /home/vscode/.local/lib/python3.10/site-packages/airflow/example_dags/example_sensor_decorator.py took 0.053 seconds
[2025-02-06T18:07:59.515+0000] {processor.py:157} INFO - Started process (PID=5046) to work on /home/vscode/.local/lib/python3.10/site-packages/airflow/example_dags/example_sensor_decorator.py
[2025-02-06T18:07:59.517+0000] {processor.py:826} INFO - Processing file /home/vscode/.local/lib/python3.10/site-packages/airflow/example_dags/example_sensor_decorator.py for tasks to queue
[2025-02-06T18:07:59.518+0000] {logging_mixin.py:150} INFO - [2025-02-06T18:07:59.517+0000] {dagbag.py:541} INFO - Filling up the DagBag from /home/vscode/.local/lib/python3.10/site-packages/airflow/example_dags/example_sensor_decorator.py
[2025-02-06T18:07:59.522+0000] {processor.py:836} INFO - DAG(s) dict_keys(['example_sensor_decorator']) retrieved from /home/vscode/.local/lib/python3.10/site-packages/airflow/example_dags/example_sensor_decorator.py
[2025-02-06T18:07:59.582+0000] {logging_mixin.py:150} INFO - [2025-02-06T18:07:59.582+0000] {manager.py:504} INFO - Created Permission View: can read on DAG:example_sensor_decorator
[2025-02-06T18:07:59.589+0000] {logging_mixin.py:150} INFO - [2025-02-06T18:07:59.589+0000] {manager.py:504} INFO - Created Permission View: can delete on DAG:example_sensor_decorator
[2025-02-06T18:07:59.593+0000] {logging_mixin.py:150} INFO - [2025-02-06T18:07:59.593+0000] {manager.py:504} INFO - Created Permission View: can edit on DAG:example_sensor_decorator
[2025-02-06T18:07:59.600+0000] {logging_mixin.py:150} INFO - [2025-02-06T18:07:59.600+0000] {dag.py:2742} INFO - Sync 1 DAGs
[2025-02-06T18:07:59.606+0000] {logging_mixin.py:150} INFO - [2025-02-06T18:07:59.606+0000] {dag.py:2763} INFO - Creating ORM DAG for example_sensor_decorator
[2025-02-06T18:07:59.612+0000] {logging_mixin.py:150} INFO - [2025-02-06T18:07:59.612+0000] {dag.py:3504} INFO - Setting next_dagrun for example_sensor_decorator to None, run_after=None
[2025-02-06T18:07:59.626+0000] {processor.py:179} INFO - Processing /home/vscode/.local/lib/python3.10/site-packages/airflow/example_dags/example_sensor_decorator.py took 0.113 seconds
