[2025-02-06T16:44:52.960+0000] {processor.py:157} INFO - Started process (PID=8208) to work on /home/vscode/.local/lib/python3.10/site-packages/airflow/example_dags/example_branch_operator.py
[2025-02-06T16:44:52.960+0000] {processor.py:826} INFO - Processing file /home/vscode/.local/lib/python3.10/site-packages/airflow/example_dags/example_branch_operator.py for tasks to queue
[2025-02-06T16:44:52.961+0000] {logging_mixin.py:150} INFO - [2025-02-06T16:44:52.961+0000] {dagbag.py:541} INFO - Filling up the DagBag from /home/vscode/.local/lib/python3.10/site-packages/airflow/example_dags/example_branch_operator.py
[2025-02-06T16:44:52.969+0000] {processor.py:836} INFO - DAG(s) dict_keys(['example_branch_operator']) retrieved from /home/vscode/.local/lib/python3.10/site-packages/airflow/example_dags/example_branch_operator.py
[2025-02-06T16:44:53.143+0000] {logging_mixin.py:150} INFO - [2025-02-06T16:44:53.143+0000] {manager.py:504} INFO - Created Permission View: can read on DAG:example_branch_operator
[2025-02-06T16:44:53.155+0000] {logging_mixin.py:150} INFO - [2025-02-06T16:44:53.155+0000] {manager.py:504} INFO - Created Permission View: can delete on DAG:example_branch_operator
[2025-02-06T16:44:53.163+0000] {logging_mixin.py:150} INFO - [2025-02-06T16:44:53.163+0000] {manager.py:504} INFO - Created Permission View: can edit on DAG:example_branch_operator
[2025-02-06T16:44:53.173+0000] {logging_mixin.py:150} INFO - [2025-02-06T16:44:53.173+0000] {dag.py:2742} INFO - Sync 1 DAGs
[2025-02-06T16:44:53.182+0000] {logging_mixin.py:150} INFO - [2025-02-06T16:44:53.182+0000] {dag.py:2763} INFO - Creating ORM DAG for example_branch_operator
[2025-02-06T16:44:53.189+0000] {logging_mixin.py:150} INFO - [2025-02-06T16:44:53.189+0000] {dag.py:3504} INFO - Setting next_dagrun for example_branch_operator to 2025-02-05T00:00:00+00:00, run_after=2025-02-06T00:00:00+00:00
[2025-02-06T16:44:53.203+0000] {processor.py:179} INFO - Processing /home/vscode/.local/lib/python3.10/site-packages/airflow/example_dags/example_branch_operator.py took 0.245 seconds
[2025-02-06T16:45:43.569+0000] {processor.py:157} INFO - Started process (PID=8544) to work on /home/vscode/.local/lib/python3.10/site-packages/airflow/example_dags/example_branch_operator.py
[2025-02-06T16:45:43.570+0000] {processor.py:826} INFO - Processing file /home/vscode/.local/lib/python3.10/site-packages/airflow/example_dags/example_branch_operator.py for tasks to queue
[2025-02-06T16:45:43.571+0000] {logging_mixin.py:150} INFO - [2025-02-06T16:45:43.571+0000] {dagbag.py:541} INFO - Filling up the DagBag from /home/vscode/.local/lib/python3.10/site-packages/airflow/example_dags/example_branch_operator.py
[2025-02-06T16:45:43.578+0000] {processor.py:836} INFO - DAG(s) dict_keys(['example_branch_operator']) retrieved from /home/vscode/.local/lib/python3.10/site-packages/airflow/example_dags/example_branch_operator.py
[2025-02-06T16:45:43.593+0000] {logging_mixin.py:150} INFO - [2025-02-06T16:45:43.593+0000] {dag.py:2742} INFO - Sync 1 DAGs
[2025-02-06T16:45:43.609+0000] {logging_mixin.py:150} INFO - [2025-02-06T16:45:43.609+0000] {dag.py:3504} INFO - Setting next_dagrun for example_branch_operator to 2025-02-05T00:00:00+00:00, run_after=2025-02-06T00:00:00+00:00
[2025-02-06T16:45:43.624+0000] {processor.py:179} INFO - Processing /home/vscode/.local/lib/python3.10/site-packages/airflow/example_dags/example_branch_operator.py took 0.057 seconds
[2025-02-06T16:46:28.175+0000] {processor.py:157} INFO - Started process (PID=8846) to work on /home/vscode/.local/lib/python3.10/site-packages/airflow/example_dags/example_branch_operator.py
[2025-02-06T16:46:28.176+0000] {processor.py:826} INFO - Processing file /home/vscode/.local/lib/python3.10/site-packages/airflow/example_dags/example_branch_operator.py for tasks to queue
[2025-02-06T16:46:28.177+0000] {logging_mixin.py:150} INFO - [2025-02-06T16:46:28.177+0000] {dagbag.py:541} INFO - Filling up the DagBag from /home/vscode/.local/lib/python3.10/site-packages/airflow/example_dags/example_branch_operator.py
[2025-02-06T16:46:28.185+0000] {processor.py:836} INFO - DAG(s) dict_keys(['example_branch_operator']) retrieved from /home/vscode/.local/lib/python3.10/site-packages/airflow/example_dags/example_branch_operator.py
[2025-02-06T16:46:28.200+0000] {logging_mixin.py:150} INFO - [2025-02-06T16:46:28.200+0000] {dag.py:2742} INFO - Sync 1 DAGs
[2025-02-06T16:46:28.216+0000] {logging_mixin.py:150} INFO - [2025-02-06T16:46:28.216+0000] {dag.py:3504} INFO - Setting next_dagrun for example_branch_operator to 2025-02-05T00:00:00+00:00, run_after=2025-02-06T00:00:00+00:00
[2025-02-06T16:46:28.230+0000] {processor.py:179} INFO - Processing /home/vscode/.local/lib/python3.10/site-packages/airflow/example_dags/example_branch_operator.py took 0.057 seconds
[2025-02-06T16:47:10.976+0000] {processor.py:157} INFO - Started process (PID=9145) to work on /home/vscode/.local/lib/python3.10/site-packages/airflow/example_dags/example_branch_operator.py
[2025-02-06T16:47:10.977+0000] {processor.py:826} INFO - Processing file /home/vscode/.local/lib/python3.10/site-packages/airflow/example_dags/example_branch_operator.py for tasks to queue
[2025-02-06T16:47:10.978+0000] {logging_mixin.py:150} INFO - [2025-02-06T16:47:10.978+0000] {dagbag.py:541} INFO - Filling up the DagBag from /home/vscode/.local/lib/python3.10/site-packages/airflow/example_dags/example_branch_operator.py
[2025-02-06T16:47:10.986+0000] {processor.py:836} INFO - DAG(s) dict_keys(['example_branch_operator']) retrieved from /home/vscode/.local/lib/python3.10/site-packages/airflow/example_dags/example_branch_operator.py
[2025-02-06T16:47:11.002+0000] {logging_mixin.py:150} INFO - [2025-02-06T16:47:11.001+0000] {dag.py:2742} INFO - Sync 1 DAGs
[2025-02-06T16:47:11.017+0000] {logging_mixin.py:150} INFO - [2025-02-06T16:47:11.017+0000] {dag.py:3504} INFO - Setting next_dagrun for example_branch_operator to 2025-02-05T00:00:00+00:00, run_after=2025-02-06T00:00:00+00:00
[2025-02-06T16:47:11.033+0000] {processor.py:179} INFO - Processing /home/vscode/.local/lib/python3.10/site-packages/airflow/example_dags/example_branch_operator.py took 0.059 seconds
[2025-02-06T16:47:53.236+0000] {processor.py:157} INFO - Started process (PID=9430) to work on /home/vscode/.local/lib/python3.10/site-packages/airflow/example_dags/example_branch_operator.py
[2025-02-06T16:47:53.237+0000] {processor.py:826} INFO - Processing file /home/vscode/.local/lib/python3.10/site-packages/airflow/example_dags/example_branch_operator.py for tasks to queue
[2025-02-06T16:47:53.238+0000] {logging_mixin.py:150} INFO - [2025-02-06T16:47:53.238+0000] {dagbag.py:541} INFO - Filling up the DagBag from /home/vscode/.local/lib/python3.10/site-packages/airflow/example_dags/example_branch_operator.py
[2025-02-06T16:47:53.245+0000] {processor.py:836} INFO - DAG(s) dict_keys(['example_branch_operator']) retrieved from /home/vscode/.local/lib/python3.10/site-packages/airflow/example_dags/example_branch_operator.py
[2025-02-06T16:47:53.260+0000] {logging_mixin.py:150} INFO - [2025-02-06T16:47:53.260+0000] {dag.py:2742} INFO - Sync 1 DAGs
[2025-02-06T16:47:53.275+0000] {logging_mixin.py:150} INFO - [2025-02-06T16:47:53.275+0000] {dag.py:3504} INFO - Setting next_dagrun for example_branch_operator to 2025-02-05T00:00:00+00:00, run_after=2025-02-06T00:00:00+00:00
[2025-02-06T16:47:53.290+0000] {processor.py:179} INFO - Processing /home/vscode/.local/lib/python3.10/site-packages/airflow/example_dags/example_branch_operator.py took 0.056 seconds
[2025-02-06T16:48:37.396+0000] {processor.py:157} INFO - Started process (PID=9731) to work on /home/vscode/.local/lib/python3.10/site-packages/airflow/example_dags/example_branch_operator.py
[2025-02-06T16:48:37.397+0000] {processor.py:826} INFO - Processing file /home/vscode/.local/lib/python3.10/site-packages/airflow/example_dags/example_branch_operator.py for tasks to queue
[2025-02-06T16:48:37.398+0000] {logging_mixin.py:150} INFO - [2025-02-06T16:48:37.398+0000] {dagbag.py:541} INFO - Filling up the DagBag from /home/vscode/.local/lib/python3.10/site-packages/airflow/example_dags/example_branch_operator.py
[2025-02-06T16:48:37.405+0000] {processor.py:836} INFO - DAG(s) dict_keys(['example_branch_operator']) retrieved from /home/vscode/.local/lib/python3.10/site-packages/airflow/example_dags/example_branch_operator.py
[2025-02-06T16:48:37.420+0000] {logging_mixin.py:150} INFO - [2025-02-06T16:48:37.420+0000] {dag.py:2742} INFO - Sync 1 DAGs
[2025-02-06T16:48:37.436+0000] {logging_mixin.py:150} INFO - [2025-02-06T16:48:37.436+0000] {dag.py:3504} INFO - Setting next_dagrun for example_branch_operator to 2025-02-05T00:00:00+00:00, run_after=2025-02-06T00:00:00+00:00
[2025-02-06T16:48:37.451+0000] {processor.py:179} INFO - Processing /home/vscode/.local/lib/python3.10/site-packages/airflow/example_dags/example_branch_operator.py took 0.057 seconds
[2025-02-06T16:49:24.480+0000] {processor.py:157} INFO - Started process (PID=10072) to work on /home/vscode/.local/lib/python3.10/site-packages/airflow/example_dags/example_branch_operator.py
[2025-02-06T16:49:24.481+0000] {processor.py:826} INFO - Processing file /home/vscode/.local/lib/python3.10/site-packages/airflow/example_dags/example_branch_operator.py for tasks to queue
[2025-02-06T16:49:24.482+0000] {logging_mixin.py:150} INFO - [2025-02-06T16:49:24.482+0000] {dagbag.py:541} INFO - Filling up the DagBag from /home/vscode/.local/lib/python3.10/site-packages/airflow/example_dags/example_branch_operator.py
[2025-02-06T16:49:24.491+0000] {processor.py:836} INFO - DAG(s) dict_keys(['example_branch_operator']) retrieved from /home/vscode/.local/lib/python3.10/site-packages/airflow/example_dags/example_branch_operator.py
[2025-02-06T16:49:24.506+0000] {logging_mixin.py:150} INFO - [2025-02-06T16:49:24.506+0000] {dag.py:2742} INFO - Sync 1 DAGs
[2025-02-06T16:49:24.522+0000] {logging_mixin.py:150} INFO - [2025-02-06T16:49:24.521+0000] {dag.py:3504} INFO - Setting next_dagrun for example_branch_operator to 2025-02-05T00:00:00+00:00, run_after=2025-02-06T00:00:00+00:00
[2025-02-06T16:49:24.536+0000] {processor.py:179} INFO - Processing /home/vscode/.local/lib/python3.10/site-packages/airflow/example_dags/example_branch_operator.py took 0.058 seconds
[2025-02-06T16:50:05.191+0000] {processor.py:157} INFO - Started process (PID=10379) to work on /home/vscode/.local/lib/python3.10/site-packages/airflow/example_dags/example_branch_operator.py
[2025-02-06T16:50:05.192+0000] {processor.py:826} INFO - Processing file /home/vscode/.local/lib/python3.10/site-packages/airflow/example_dags/example_branch_operator.py for tasks to queue
[2025-02-06T16:50:05.192+0000] {logging_mixin.py:150} INFO - [2025-02-06T16:50:05.192+0000] {dagbag.py:541} INFO - Filling up the DagBag from /home/vscode/.local/lib/python3.10/site-packages/airflow/example_dags/example_branch_operator.py
[2025-02-06T16:50:05.200+0000] {processor.py:836} INFO - DAG(s) dict_keys(['example_branch_operator']) retrieved from /home/vscode/.local/lib/python3.10/site-packages/airflow/example_dags/example_branch_operator.py
[2025-02-06T16:50:05.215+0000] {logging_mixin.py:150} INFO - [2025-02-06T16:50:05.214+0000] {dag.py:2742} INFO - Sync 1 DAGs
[2025-02-06T16:50:05.230+0000] {logging_mixin.py:150} INFO - [2025-02-06T16:50:05.230+0000] {dag.py:3504} INFO - Setting next_dagrun for example_branch_operator to 2025-02-05T00:00:00+00:00, run_after=2025-02-06T00:00:00+00:00
[2025-02-06T16:50:05.246+0000] {processor.py:179} INFO - Processing /home/vscode/.local/lib/python3.10/site-packages/airflow/example_dags/example_branch_operator.py took 0.058 seconds
[2025-02-06T16:50:51.686+0000] {processor.py:157} INFO - Started process (PID=10710) to work on /home/vscode/.local/lib/python3.10/site-packages/airflow/example_dags/example_branch_operator.py
[2025-02-06T16:50:51.687+0000] {processor.py:826} INFO - Processing file /home/vscode/.local/lib/python3.10/site-packages/airflow/example_dags/example_branch_operator.py for tasks to queue
[2025-02-06T16:50:51.688+0000] {logging_mixin.py:150} INFO - [2025-02-06T16:50:51.687+0000] {dagbag.py:541} INFO - Filling up the DagBag from /home/vscode/.local/lib/python3.10/site-packages/airflow/example_dags/example_branch_operator.py
[2025-02-06T16:50:51.695+0000] {processor.py:836} INFO - DAG(s) dict_keys(['example_branch_operator']) retrieved from /home/vscode/.local/lib/python3.10/site-packages/airflow/example_dags/example_branch_operator.py
[2025-02-06T16:50:51.711+0000] {logging_mixin.py:150} INFO - [2025-02-06T16:50:51.711+0000] {dag.py:2742} INFO - Sync 1 DAGs
[2025-02-06T16:50:51.727+0000] {logging_mixin.py:150} INFO - [2025-02-06T16:50:51.727+0000] {dag.py:3504} INFO - Setting next_dagrun for example_branch_operator to 2025-02-05T00:00:00+00:00, run_after=2025-02-06T00:00:00+00:00
[2025-02-06T16:50:51.745+0000] {processor.py:179} INFO - Processing /home/vscode/.local/lib/python3.10/site-packages/airflow/example_dags/example_branch_operator.py took 0.062 seconds
[2025-02-06T16:51:37.824+0000] {processor.py:157} INFO - Started process (PID=11063) to work on /home/vscode/.local/lib/python3.10/site-packages/airflow/example_dags/example_branch_operator.py
[2025-02-06T16:51:37.825+0000] {processor.py:826} INFO - Processing file /home/vscode/.local/lib/python3.10/site-packages/airflow/example_dags/example_branch_operator.py for tasks to queue
[2025-02-06T16:51:37.826+0000] {logging_mixin.py:150} INFO - [2025-02-06T16:51:37.826+0000] {dagbag.py:541} INFO - Filling up the DagBag from /home/vscode/.local/lib/python3.10/site-packages/airflow/example_dags/example_branch_operator.py
[2025-02-06T16:51:37.833+0000] {processor.py:836} INFO - DAG(s) dict_keys(['example_branch_operator']) retrieved from /home/vscode/.local/lib/python3.10/site-packages/airflow/example_dags/example_branch_operator.py
[2025-02-06T16:51:37.850+0000] {logging_mixin.py:150} INFO - [2025-02-06T16:51:37.850+0000] {dag.py:2742} INFO - Sync 1 DAGs
[2025-02-06T16:51:37.867+0000] {logging_mixin.py:150} INFO - [2025-02-06T16:51:37.867+0000] {dag.py:3504} INFO - Setting next_dagrun for example_branch_operator to 2025-02-05T00:00:00+00:00, run_after=2025-02-06T00:00:00+00:00
[2025-02-06T16:51:37.882+0000] {processor.py:179} INFO - Processing /home/vscode/.local/lib/python3.10/site-packages/airflow/example_dags/example_branch_operator.py took 0.060 seconds
[2025-02-06T16:52:19.831+0000] {processor.py:157} INFO - Started process (PID=11350) to work on /home/vscode/.local/lib/python3.10/site-packages/airflow/example_dags/example_branch_operator.py
[2025-02-06T16:52:19.832+0000] {processor.py:826} INFO - Processing file /home/vscode/.local/lib/python3.10/site-packages/airflow/example_dags/example_branch_operator.py for tasks to queue
[2025-02-06T16:52:19.833+0000] {logging_mixin.py:150} INFO - [2025-02-06T16:52:19.833+0000] {dagbag.py:541} INFO - Filling up the DagBag from /home/vscode/.local/lib/python3.10/site-packages/airflow/example_dags/example_branch_operator.py
[2025-02-06T16:52:19.840+0000] {processor.py:836} INFO - DAG(s) dict_keys(['example_branch_operator']) retrieved from /home/vscode/.local/lib/python3.10/site-packages/airflow/example_dags/example_branch_operator.py
[2025-02-06T16:52:19.855+0000] {logging_mixin.py:150} INFO - [2025-02-06T16:52:19.855+0000] {dag.py:2742} INFO - Sync 1 DAGs
[2025-02-06T16:52:19.871+0000] {logging_mixin.py:150} INFO - [2025-02-06T16:52:19.871+0000] {dag.py:3504} INFO - Setting next_dagrun for example_branch_operator to 2025-02-05T00:00:00+00:00, run_after=2025-02-06T00:00:00+00:00
[2025-02-06T16:52:19.886+0000] {processor.py:179} INFO - Processing /home/vscode/.local/lib/python3.10/site-packages/airflow/example_dags/example_branch_operator.py took 0.057 seconds
[2025-02-06T16:53:02.279+0000] {processor.py:157} INFO - Started process (PID=11630) to work on /home/vscode/.local/lib/python3.10/site-packages/airflow/example_dags/example_branch_operator.py
[2025-02-06T16:53:02.280+0000] {processor.py:826} INFO - Processing file /home/vscode/.local/lib/python3.10/site-packages/airflow/example_dags/example_branch_operator.py for tasks to queue
[2025-02-06T16:53:02.281+0000] {logging_mixin.py:150} INFO - [2025-02-06T16:53:02.280+0000] {dagbag.py:541} INFO - Filling up the DagBag from /home/vscode/.local/lib/python3.10/site-packages/airflow/example_dags/example_branch_operator.py
[2025-02-06T16:53:02.288+0000] {processor.py:836} INFO - DAG(s) dict_keys(['example_branch_operator']) retrieved from /home/vscode/.local/lib/python3.10/site-packages/airflow/example_dags/example_branch_operator.py
[2025-02-06T16:53:02.303+0000] {logging_mixin.py:150} INFO - [2025-02-06T16:53:02.303+0000] {dag.py:2742} INFO - Sync 1 DAGs
[2025-02-06T16:53:02.319+0000] {logging_mixin.py:150} INFO - [2025-02-06T16:53:02.319+0000] {dag.py:3504} INFO - Setting next_dagrun for example_branch_operator to 2025-02-05T00:00:00+00:00, run_after=2025-02-06T00:00:00+00:00
[2025-02-06T16:53:02.335+0000] {processor.py:179} INFO - Processing /home/vscode/.local/lib/python3.10/site-packages/airflow/example_dags/example_branch_operator.py took 0.058 seconds
[2025-02-06T16:53:46.237+0000] {processor.py:157} INFO - Started process (PID=11935) to work on /home/vscode/.local/lib/python3.10/site-packages/airflow/example_dags/example_branch_operator.py
[2025-02-06T16:53:46.237+0000] {processor.py:826} INFO - Processing file /home/vscode/.local/lib/python3.10/site-packages/airflow/example_dags/example_branch_operator.py for tasks to queue
[2025-02-06T16:53:46.238+0000] {logging_mixin.py:150} INFO - [2025-02-06T16:53:46.238+0000] {dagbag.py:541} INFO - Filling up the DagBag from /home/vscode/.local/lib/python3.10/site-packages/airflow/example_dags/example_branch_operator.py
[2025-02-06T16:53:46.246+0000] {processor.py:836} INFO - DAG(s) dict_keys(['example_branch_operator']) retrieved from /home/vscode/.local/lib/python3.10/site-packages/airflow/example_dags/example_branch_operator.py
[2025-02-06T16:53:46.261+0000] {logging_mixin.py:150} INFO - [2025-02-06T16:53:46.260+0000] {dag.py:2742} INFO - Sync 1 DAGs
[2025-02-06T16:53:46.276+0000] {logging_mixin.py:150} INFO - [2025-02-06T16:53:46.276+0000] {dag.py:3504} INFO - Setting next_dagrun for example_branch_operator to 2025-02-05T00:00:00+00:00, run_after=2025-02-06T00:00:00+00:00
[2025-02-06T16:53:46.291+0000] {processor.py:179} INFO - Processing /home/vscode/.local/lib/python3.10/site-packages/airflow/example_dags/example_branch_operator.py took 0.057 seconds
[2025-02-06T16:54:34.851+0000] {processor.py:157} INFO - Started process (PID=12329) to work on /home/vscode/.local/lib/python3.10/site-packages/airflow/example_dags/example_branch_operator.py
[2025-02-06T16:54:34.852+0000] {processor.py:826} INFO - Processing file /home/vscode/.local/lib/python3.10/site-packages/airflow/example_dags/example_branch_operator.py for tasks to queue
[2025-02-06T16:54:34.853+0000] {logging_mixin.py:150} INFO - [2025-02-06T16:54:34.852+0000] {dagbag.py:541} INFO - Filling up the DagBag from /home/vscode/.local/lib/python3.10/site-packages/airflow/example_dags/example_branch_operator.py
[2025-02-06T16:54:34.860+0000] {processor.py:836} INFO - DAG(s) dict_keys(['example_branch_operator']) retrieved from /home/vscode/.local/lib/python3.10/site-packages/airflow/example_dags/example_branch_operator.py
[2025-02-06T16:54:34.875+0000] {logging_mixin.py:150} INFO - [2025-02-06T16:54:34.875+0000] {dag.py:2742} INFO - Sync 1 DAGs
[2025-02-06T16:54:34.890+0000] {logging_mixin.py:150} INFO - [2025-02-06T16:54:34.890+0000] {dag.py:3504} INFO - Setting next_dagrun for example_branch_operator to 2025-02-05T00:00:00+00:00, run_after=2025-02-06T00:00:00+00:00
[2025-02-06T16:54:34.905+0000] {processor.py:179} INFO - Processing /home/vscode/.local/lib/python3.10/site-packages/airflow/example_dags/example_branch_operator.py took 0.056 seconds
[2025-02-06T16:55:23.958+0000] {processor.py:157} INFO - Started process (PID=12696) to work on /home/vscode/.local/lib/python3.10/site-packages/airflow/example_dags/example_branch_operator.py
[2025-02-06T16:55:23.959+0000] {processor.py:826} INFO - Processing file /home/vscode/.local/lib/python3.10/site-packages/airflow/example_dags/example_branch_operator.py for tasks to queue
[2025-02-06T16:55:23.960+0000] {logging_mixin.py:150} INFO - [2025-02-06T16:55:23.960+0000] {dagbag.py:541} INFO - Filling up the DagBag from /home/vscode/.local/lib/python3.10/site-packages/airflow/example_dags/example_branch_operator.py
[2025-02-06T16:55:23.971+0000] {processor.py:836} INFO - DAG(s) dict_keys(['example_branch_operator']) retrieved from /home/vscode/.local/lib/python3.10/site-packages/airflow/example_dags/example_branch_operator.py
[2025-02-06T16:55:23.986+0000] {logging_mixin.py:150} INFO - [2025-02-06T16:55:23.985+0000] {dag.py:2742} INFO - Sync 1 DAGs
[2025-02-06T16:55:24.001+0000] {logging_mixin.py:150} INFO - [2025-02-06T16:55:24.001+0000] {dag.py:3504} INFO - Setting next_dagrun for example_branch_operator to 2025-02-05T00:00:00+00:00, run_after=2025-02-06T00:00:00+00:00
[2025-02-06T16:55:24.015+0000] {processor.py:179} INFO - Processing /home/vscode/.local/lib/python3.10/site-packages/airflow/example_dags/example_branch_operator.py took 0.061 seconds
[2025-02-06T16:56:12.514+0000] {processor.py:157} INFO - Started process (PID=13166) to work on /home/vscode/.local/lib/python3.10/site-packages/airflow/example_dags/example_branch_operator.py
[2025-02-06T16:56:12.515+0000] {processor.py:826} INFO - Processing file /home/vscode/.local/lib/python3.10/site-packages/airflow/example_dags/example_branch_operator.py for tasks to queue
[2025-02-06T16:56:12.517+0000] {logging_mixin.py:150} INFO - [2025-02-06T16:56:12.516+0000] {dagbag.py:541} INFO - Filling up the DagBag from /home/vscode/.local/lib/python3.10/site-packages/airflow/example_dags/example_branch_operator.py
[2025-02-06T16:56:12.529+0000] {processor.py:836} INFO - DAG(s) dict_keys(['example_branch_operator']) retrieved from /home/vscode/.local/lib/python3.10/site-packages/airflow/example_dags/example_branch_operator.py
[2025-02-06T16:56:12.556+0000] {logging_mixin.py:150} INFO - [2025-02-06T16:56:12.556+0000] {dag.py:2742} INFO - Sync 1 DAGs
[2025-02-06T16:56:12.598+0000] {logging_mixin.py:150} INFO - [2025-02-06T16:56:12.598+0000] {dag.py:3504} INFO - Setting next_dagrun for example_branch_operator to 2025-02-05T00:00:00+00:00, run_after=2025-02-06T00:00:00+00:00
[2025-02-06T16:56:12.621+0000] {processor.py:179} INFO - Processing /home/vscode/.local/lib/python3.10/site-packages/airflow/example_dags/example_branch_operator.py took 0.110 seconds
[2025-02-06T16:56:56.440+0000] {processor.py:157} INFO - Started process (PID=13508) to work on /home/vscode/.local/lib/python3.10/site-packages/airflow/example_dags/example_branch_operator.py
[2025-02-06T16:56:56.441+0000] {processor.py:826} INFO - Processing file /home/vscode/.local/lib/python3.10/site-packages/airflow/example_dags/example_branch_operator.py for tasks to queue
[2025-02-06T16:56:56.442+0000] {logging_mixin.py:150} INFO - [2025-02-06T16:56:56.442+0000] {dagbag.py:541} INFO - Filling up the DagBag from /home/vscode/.local/lib/python3.10/site-packages/airflow/example_dags/example_branch_operator.py
[2025-02-06T16:56:56.450+0000] {processor.py:836} INFO - DAG(s) dict_keys(['example_branch_operator']) retrieved from /home/vscode/.local/lib/python3.10/site-packages/airflow/example_dags/example_branch_operator.py
[2025-02-06T16:56:56.464+0000] {logging_mixin.py:150} INFO - [2025-02-06T16:56:56.464+0000] {dag.py:2742} INFO - Sync 1 DAGs
[2025-02-06T16:56:56.479+0000] {logging_mixin.py:150} INFO - [2025-02-06T16:56:56.479+0000] {dag.py:3504} INFO - Setting next_dagrun for example_branch_operator to 2025-02-05T00:00:00+00:00, run_after=2025-02-06T00:00:00+00:00
[2025-02-06T16:56:56.493+0000] {processor.py:179} INFO - Processing /home/vscode/.local/lib/python3.10/site-packages/airflow/example_dags/example_branch_operator.py took 0.055 seconds
[2025-02-06T16:57:42.724+0000] {processor.py:157} INFO - Started process (PID=13858) to work on /home/vscode/.local/lib/python3.10/site-packages/airflow/example_dags/example_branch_operator.py
[2025-02-06T16:57:42.725+0000] {processor.py:826} INFO - Processing file /home/vscode/.local/lib/python3.10/site-packages/airflow/example_dags/example_branch_operator.py for tasks to queue
[2025-02-06T16:57:42.726+0000] {logging_mixin.py:150} INFO - [2025-02-06T16:57:42.726+0000] {dagbag.py:541} INFO - Filling up the DagBag from /home/vscode/.local/lib/python3.10/site-packages/airflow/example_dags/example_branch_operator.py
[2025-02-06T16:57:42.734+0000] {processor.py:836} INFO - DAG(s) dict_keys(['example_branch_operator']) retrieved from /home/vscode/.local/lib/python3.10/site-packages/airflow/example_dags/example_branch_operator.py
[2025-02-06T16:57:42.749+0000] {logging_mixin.py:150} INFO - [2025-02-06T16:57:42.749+0000] {dag.py:2742} INFO - Sync 1 DAGs
[2025-02-06T16:57:42.766+0000] {logging_mixin.py:150} INFO - [2025-02-06T16:57:42.765+0000] {dag.py:3504} INFO - Setting next_dagrun for example_branch_operator to 2025-02-05T00:00:00+00:00, run_after=2025-02-06T00:00:00+00:00
[2025-02-06T16:57:42.781+0000] {processor.py:179} INFO - Processing /home/vscode/.local/lib/python3.10/site-packages/airflow/example_dags/example_branch_operator.py took 0.060 seconds
[2025-02-06T18:07:43.802+0000] {processor.py:157} INFO - Started process (PID=4914) to work on /home/vscode/.local/lib/python3.10/site-packages/airflow/example_dags/example_branch_operator.py
[2025-02-06T18:07:43.804+0000] {processor.py:826} INFO - Processing file /home/vscode/.local/lib/python3.10/site-packages/airflow/example_dags/example_branch_operator.py for tasks to queue
[2025-02-06T18:07:43.804+0000] {logging_mixin.py:150} INFO - [2025-02-06T18:07:43.804+0000] {dagbag.py:541} INFO - Filling up the DagBag from /home/vscode/.local/lib/python3.10/site-packages/airflow/example_dags/example_branch_operator.py
[2025-02-06T18:07:43.812+0000] {processor.py:836} INFO - DAG(s) dict_keys(['example_branch_operator']) retrieved from /home/vscode/.local/lib/python3.10/site-packages/airflow/example_dags/example_branch_operator.py
[2025-02-06T18:07:43.937+0000] {logging_mixin.py:150} INFO - [2025-02-06T18:07:43.937+0000] {manager.py:504} INFO - Created Permission View: can read on DAG:example_branch_operator
[2025-02-06T18:07:43.945+0000] {logging_mixin.py:150} INFO - [2025-02-06T18:07:43.944+0000] {manager.py:504} INFO - Created Permission View: can delete on DAG:example_branch_operator
[2025-02-06T18:07:43.949+0000] {logging_mixin.py:150} INFO - [2025-02-06T18:07:43.949+0000] {manager.py:504} INFO - Created Permission View: can edit on DAG:example_branch_operator
[2025-02-06T18:07:43.956+0000] {logging_mixin.py:150} INFO - [2025-02-06T18:07:43.956+0000] {dag.py:2742} INFO - Sync 1 DAGs
[2025-02-06T18:07:43.961+0000] {logging_mixin.py:150} INFO - [2025-02-06T18:07:43.961+0000] {dag.py:2763} INFO - Creating ORM DAG for example_branch_operator
[2025-02-06T18:07:43.968+0000] {logging_mixin.py:150} INFO - [2025-02-06T18:07:43.967+0000] {dag.py:3504} INFO - Setting next_dagrun for example_branch_operator to 2025-02-05T00:00:00+00:00, run_after=2025-02-06T00:00:00+00:00
[2025-02-06T18:07:43.980+0000] {processor.py:179} INFO - Processing /home/vscode/.local/lib/python3.10/site-packages/airflow/example_dags/example_branch_operator.py took 0.180 seconds
[2025-02-06T18:08:30.610+0000] {processor.py:157} INFO - Started process (PID=5327) to work on /home/vscode/.local/lib/python3.10/site-packages/airflow/example_dags/example_branch_operator.py
[2025-02-06T18:08:30.611+0000] {processor.py:826} INFO - Processing file /home/vscode/.local/lib/python3.10/site-packages/airflow/example_dags/example_branch_operator.py for tasks to queue
[2025-02-06T18:08:30.612+0000] {logging_mixin.py:150} INFO - [2025-02-06T18:08:30.612+0000] {dagbag.py:541} INFO - Filling up the DagBag from /home/vscode/.local/lib/python3.10/site-packages/airflow/example_dags/example_branch_operator.py
[2025-02-06T18:08:30.618+0000] {processor.py:836} INFO - DAG(s) dict_keys(['example_branch_operator']) retrieved from /home/vscode/.local/lib/python3.10/site-packages/airflow/example_dags/example_branch_operator.py
[2025-02-06T18:08:30.634+0000] {logging_mixin.py:150} INFO - [2025-02-06T18:08:30.633+0000] {dag.py:2742} INFO - Sync 1 DAGs
[2025-02-06T18:08:30.647+0000] {logging_mixin.py:150} INFO - [2025-02-06T18:08:30.647+0000] {dag.py:3504} INFO - Setting next_dagrun for example_branch_operator to 2025-02-05T00:00:00+00:00, run_after=2025-02-06T00:00:00+00:00
[2025-02-06T18:08:30.661+0000] {processor.py:179} INFO - Processing /home/vscode/.local/lib/python3.10/site-packages/airflow/example_dags/example_branch_operator.py took 0.053 seconds
