[2025-02-06T16:45:01.954+0000] {processor.py:157} INFO - Started process (PID=8266) to work on /home/vscode/.local/lib/python3.10/site-packages/airflow/example_dags/example_dynamic_task_mapping.py
[2025-02-06T16:45:01.955+0000] {processor.py:826} INFO - Processing file /home/vscode/.local/lib/python3.10/site-packages/airflow/example_dags/example_dynamic_task_mapping.py for tasks to queue
[2025-02-06T16:45:01.956+0000] {logging_mixin.py:150} INFO - [2025-02-06T16:45:01.956+0000] {dagbag.py:541} INFO - Filling up the DagBag from /home/vscode/.local/lib/python3.10/site-packages/airflow/example_dags/example_dynamic_task_mapping.py
[2025-02-06T16:45:02.059+0000] {processor.py:836} INFO - DAG(s) dict_keys(['example_dynamic_task_mapping']) retrieved from /home/vscode/.local/lib/python3.10/site-packages/airflow/example_dags/example_dynamic_task_mapping.py
[2025-02-06T16:45:02.124+0000] {logging_mixin.py:150} INFO - [2025-02-06T16:45:02.123+0000] {manager.py:504} INFO - Created Permission View: can read on DAG:example_dynamic_task_mapping
[2025-02-06T16:45:02.131+0000] {logging_mixin.py:150} INFO - [2025-02-06T16:45:02.131+0000] {manager.py:504} INFO - Created Permission View: can delete on DAG:example_dynamic_task_mapping
[2025-02-06T16:45:02.136+0000] {logging_mixin.py:150} INFO - [2025-02-06T16:45:02.136+0000] {manager.py:504} INFO - Created Permission View: can edit on DAG:example_dynamic_task_mapping
[2025-02-06T16:45:02.143+0000] {logging_mixin.py:150} INFO - [2025-02-06T16:45:02.143+0000] {dag.py:2742} INFO - Sync 1 DAGs
[2025-02-06T16:45:02.149+0000] {logging_mixin.py:150} INFO - [2025-02-06T16:45:02.149+0000] {dag.py:2763} INFO - Creating ORM DAG for example_dynamic_task_mapping
[2025-02-06T16:45:02.155+0000] {logging_mixin.py:150} INFO - [2025-02-06T16:45:02.155+0000] {dag.py:3504} INFO - Setting next_dagrun for example_dynamic_task_mapping to 2022-03-04T00:00:00+00:00, run_after=2022-03-05T00:00:00+00:00
[2025-02-06T16:45:02.167+0000] {processor.py:179} INFO - Processing /home/vscode/.local/lib/python3.10/site-packages/airflow/example_dags/example_dynamic_task_mapping.py took 0.215 seconds
[2025-02-06T16:45:51.001+0000] {processor.py:157} INFO - Started process (PID=8594) to work on /home/vscode/.local/lib/python3.10/site-packages/airflow/example_dags/example_dynamic_task_mapping.py
[2025-02-06T16:45:51.001+0000] {processor.py:826} INFO - Processing file /home/vscode/.local/lib/python3.10/site-packages/airflow/example_dags/example_dynamic_task_mapping.py for tasks to queue
[2025-02-06T16:45:51.002+0000] {logging_mixin.py:150} INFO - [2025-02-06T16:45:51.002+0000] {dagbag.py:541} INFO - Filling up the DagBag from /home/vscode/.local/lib/python3.10/site-packages/airflow/example_dags/example_dynamic_task_mapping.py
[2025-02-06T16:45:51.008+0000] {processor.py:836} INFO - DAG(s) dict_keys(['example_dynamic_task_mapping']) retrieved from /home/vscode/.local/lib/python3.10/site-packages/airflow/example_dags/example_dynamic_task_mapping.py
[2025-02-06T16:45:51.020+0000] {logging_mixin.py:150} INFO - [2025-02-06T16:45:51.020+0000] {dag.py:2742} INFO - Sync 1 DAGs
[2025-02-06T16:45:51.035+0000] {logging_mixin.py:150} INFO - [2025-02-06T16:45:51.034+0000] {dag.py:3504} INFO - Setting next_dagrun for example_dynamic_task_mapping to 2022-03-04T00:00:00+00:00, run_after=2022-03-05T00:00:00+00:00
[2025-02-06T16:45:51.049+0000] {processor.py:179} INFO - Processing /home/vscode/.local/lib/python3.10/site-packages/airflow/example_dags/example_dynamic_task_mapping.py took 0.051 seconds
[2025-02-06T16:46:32.319+0000] {processor.py:157} INFO - Started process (PID=8882) to work on /home/vscode/.local/lib/python3.10/site-packages/airflow/example_dags/example_dynamic_task_mapping.py
[2025-02-06T16:46:32.320+0000] {processor.py:826} INFO - Processing file /home/vscode/.local/lib/python3.10/site-packages/airflow/example_dags/example_dynamic_task_mapping.py for tasks to queue
[2025-02-06T16:46:32.321+0000] {logging_mixin.py:150} INFO - [2025-02-06T16:46:32.321+0000] {dagbag.py:541} INFO - Filling up the DagBag from /home/vscode/.local/lib/python3.10/site-packages/airflow/example_dags/example_dynamic_task_mapping.py
[2025-02-06T16:46:32.328+0000] {processor.py:836} INFO - DAG(s) dict_keys(['example_dynamic_task_mapping']) retrieved from /home/vscode/.local/lib/python3.10/site-packages/airflow/example_dags/example_dynamic_task_mapping.py
[2025-02-06T16:46:32.340+0000] {logging_mixin.py:150} INFO - [2025-02-06T16:46:32.340+0000] {dag.py:2742} INFO - Sync 1 DAGs
[2025-02-06T16:46:32.354+0000] {logging_mixin.py:150} INFO - [2025-02-06T16:46:32.354+0000] {dag.py:3504} INFO - Setting next_dagrun for example_dynamic_task_mapping to 2022-03-04T00:00:00+00:00, run_after=2022-03-05T00:00:00+00:00
[2025-02-06T16:46:32.369+0000] {processor.py:179} INFO - Processing /home/vscode/.local/lib/python3.10/site-packages/airflow/example_dags/example_dynamic_task_mapping.py took 0.052 seconds
[2025-02-06T16:47:18.406+0000] {processor.py:157} INFO - Started process (PID=9190) to work on /home/vscode/.local/lib/python3.10/site-packages/airflow/example_dags/example_dynamic_task_mapping.py
[2025-02-06T16:47:18.407+0000] {processor.py:826} INFO - Processing file /home/vscode/.local/lib/python3.10/site-packages/airflow/example_dags/example_dynamic_task_mapping.py for tasks to queue
[2025-02-06T16:47:18.407+0000] {logging_mixin.py:150} INFO - [2025-02-06T16:47:18.407+0000] {dagbag.py:541} INFO - Filling up the DagBag from /home/vscode/.local/lib/python3.10/site-packages/airflow/example_dags/example_dynamic_task_mapping.py
[2025-02-06T16:47:18.414+0000] {processor.py:836} INFO - DAG(s) dict_keys(['example_dynamic_task_mapping']) retrieved from /home/vscode/.local/lib/python3.10/site-packages/airflow/example_dags/example_dynamic_task_mapping.py
[2025-02-06T16:47:18.426+0000] {logging_mixin.py:150} INFO - [2025-02-06T16:47:18.426+0000] {dag.py:2742} INFO - Sync 1 DAGs
[2025-02-06T16:47:18.440+0000] {logging_mixin.py:150} INFO - [2025-02-06T16:47:18.440+0000] {dag.py:3504} INFO - Setting next_dagrun for example_dynamic_task_mapping to 2022-03-04T00:00:00+00:00, run_after=2022-03-05T00:00:00+00:00
[2025-02-06T16:47:18.455+0000] {processor.py:179} INFO - Processing /home/vscode/.local/lib/python3.10/site-packages/airflow/example_dags/example_dynamic_task_mapping.py took 0.051 seconds
[2025-02-06T16:48:04.728+0000] {processor.py:157} INFO - Started process (PID=9510) to work on /home/vscode/.local/lib/python3.10/site-packages/airflow/example_dags/example_dynamic_task_mapping.py
[2025-02-06T16:48:04.729+0000] {processor.py:826} INFO - Processing file /home/vscode/.local/lib/python3.10/site-packages/airflow/example_dags/example_dynamic_task_mapping.py for tasks to queue
[2025-02-06T16:48:04.729+0000] {logging_mixin.py:150} INFO - [2025-02-06T16:48:04.729+0000] {dagbag.py:541} INFO - Filling up the DagBag from /home/vscode/.local/lib/python3.10/site-packages/airflow/example_dags/example_dynamic_task_mapping.py
[2025-02-06T16:48:04.736+0000] {processor.py:836} INFO - DAG(s) dict_keys(['example_dynamic_task_mapping']) retrieved from /home/vscode/.local/lib/python3.10/site-packages/airflow/example_dags/example_dynamic_task_mapping.py
[2025-02-06T16:48:04.748+0000] {logging_mixin.py:150} INFO - [2025-02-06T16:48:04.748+0000] {dag.py:2742} INFO - Sync 1 DAGs
[2025-02-06T16:48:04.763+0000] {logging_mixin.py:150} INFO - [2025-02-06T16:48:04.763+0000] {dag.py:3504} INFO - Setting next_dagrun for example_dynamic_task_mapping to 2022-03-04T00:00:00+00:00, run_after=2022-03-05T00:00:00+00:00
[2025-02-06T16:48:04.777+0000] {processor.py:179} INFO - Processing /home/vscode/.local/lib/python3.10/site-packages/airflow/example_dags/example_dynamic_task_mapping.py took 0.052 seconds
[2025-02-06T16:48:52.106+0000] {processor.py:157} INFO - Started process (PID=9832) to work on /home/vscode/.local/lib/python3.10/site-packages/airflow/example_dags/example_dynamic_task_mapping.py
[2025-02-06T16:48:52.107+0000] {processor.py:826} INFO - Processing file /home/vscode/.local/lib/python3.10/site-packages/airflow/example_dags/example_dynamic_task_mapping.py for tasks to queue
[2025-02-06T16:48:52.108+0000] {logging_mixin.py:150} INFO - [2025-02-06T16:48:52.108+0000] {dagbag.py:541} INFO - Filling up the DagBag from /home/vscode/.local/lib/python3.10/site-packages/airflow/example_dags/example_dynamic_task_mapping.py
[2025-02-06T16:48:52.114+0000] {processor.py:836} INFO - DAG(s) dict_keys(['example_dynamic_task_mapping']) retrieved from /home/vscode/.local/lib/python3.10/site-packages/airflow/example_dags/example_dynamic_task_mapping.py
[2025-02-06T16:48:52.127+0000] {logging_mixin.py:150} INFO - [2025-02-06T16:48:52.127+0000] {dag.py:2742} INFO - Sync 1 DAGs
[2025-02-06T16:48:52.142+0000] {logging_mixin.py:150} INFO - [2025-02-06T16:48:52.142+0000] {dag.py:3504} INFO - Setting next_dagrun for example_dynamic_task_mapping to 2022-03-04T00:00:00+00:00, run_after=2022-03-05T00:00:00+00:00
[2025-02-06T16:48:52.157+0000] {processor.py:179} INFO - Processing /home/vscode/.local/lib/python3.10/site-packages/airflow/example_dags/example_dynamic_task_mapping.py took 0.053 seconds
[2025-02-06T16:49:35.955+0000] {processor.py:157} INFO - Started process (PID=10160) to work on /home/vscode/.local/lib/python3.10/site-packages/airflow/example_dags/example_dynamic_task_mapping.py
[2025-02-06T16:49:35.956+0000] {processor.py:826} INFO - Processing file /home/vscode/.local/lib/python3.10/site-packages/airflow/example_dags/example_dynamic_task_mapping.py for tasks to queue
[2025-02-06T16:49:35.957+0000] {logging_mixin.py:150} INFO - [2025-02-06T16:49:35.957+0000] {dagbag.py:541} INFO - Filling up the DagBag from /home/vscode/.local/lib/python3.10/site-packages/airflow/example_dags/example_dynamic_task_mapping.py
[2025-02-06T16:49:35.963+0000] {processor.py:836} INFO - DAG(s) dict_keys(['example_dynamic_task_mapping']) retrieved from /home/vscode/.local/lib/python3.10/site-packages/airflow/example_dags/example_dynamic_task_mapping.py
[2025-02-06T16:49:35.976+0000] {logging_mixin.py:150} INFO - [2025-02-06T16:49:35.975+0000] {dag.py:2742} INFO - Sync 1 DAGs
[2025-02-06T16:49:35.990+0000] {logging_mixin.py:150} INFO - [2025-02-06T16:49:35.990+0000] {dag.py:3504} INFO - Setting next_dagrun for example_dynamic_task_mapping to 2022-03-04T00:00:00+00:00, run_after=2022-03-05T00:00:00+00:00
[2025-02-06T16:49:36.004+0000] {processor.py:179} INFO - Processing /home/vscode/.local/lib/python3.10/site-packages/airflow/example_dags/example_dynamic_task_mapping.py took 0.052 seconds
[2025-02-06T16:50:15.747+0000] {processor.py:157} INFO - Started process (PID=10461) to work on /home/vscode/.local/lib/python3.10/site-packages/airflow/example_dags/example_dynamic_task_mapping.py
[2025-02-06T16:50:15.748+0000] {processor.py:826} INFO - Processing file /home/vscode/.local/lib/python3.10/site-packages/airflow/example_dags/example_dynamic_task_mapping.py for tasks to queue
[2025-02-06T16:50:15.748+0000] {logging_mixin.py:150} INFO - [2025-02-06T16:50:15.748+0000] {dagbag.py:541} INFO - Filling up the DagBag from /home/vscode/.local/lib/python3.10/site-packages/airflow/example_dags/example_dynamic_task_mapping.py
[2025-02-06T16:50:15.755+0000] {processor.py:836} INFO - DAG(s) dict_keys(['example_dynamic_task_mapping']) retrieved from /home/vscode/.local/lib/python3.10/site-packages/airflow/example_dags/example_dynamic_task_mapping.py
[2025-02-06T16:50:15.768+0000] {logging_mixin.py:150} INFO - [2025-02-06T16:50:15.768+0000] {dag.py:2742} INFO - Sync 1 DAGs
[2025-02-06T16:50:15.783+0000] {logging_mixin.py:150} INFO - [2025-02-06T16:50:15.783+0000] {dag.py:3504} INFO - Setting next_dagrun for example_dynamic_task_mapping to 2022-03-04T00:00:00+00:00, run_after=2022-03-05T00:00:00+00:00
[2025-02-06T16:50:15.797+0000] {processor.py:179} INFO - Processing /home/vscode/.local/lib/python3.10/site-packages/airflow/example_dags/example_dynamic_task_mapping.py took 0.052 seconds
[2025-02-06T16:50:59.113+0000] {processor.py:157} INFO - Started process (PID=10766) to work on /home/vscode/.local/lib/python3.10/site-packages/airflow/example_dags/example_dynamic_task_mapping.py
[2025-02-06T16:50:59.113+0000] {processor.py:826} INFO - Processing file /home/vscode/.local/lib/python3.10/site-packages/airflow/example_dags/example_dynamic_task_mapping.py for tasks to queue
[2025-02-06T16:50:59.114+0000] {logging_mixin.py:150} INFO - [2025-02-06T16:50:59.114+0000] {dagbag.py:541} INFO - Filling up the DagBag from /home/vscode/.local/lib/python3.10/site-packages/airflow/example_dags/example_dynamic_task_mapping.py
[2025-02-06T16:50:59.120+0000] {processor.py:836} INFO - DAG(s) dict_keys(['example_dynamic_task_mapping']) retrieved from /home/vscode/.local/lib/python3.10/site-packages/airflow/example_dags/example_dynamic_task_mapping.py
[2025-02-06T16:50:59.133+0000] {logging_mixin.py:150} INFO - [2025-02-06T16:50:59.133+0000] {dag.py:2742} INFO - Sync 1 DAGs
[2025-02-06T16:50:59.148+0000] {logging_mixin.py:150} INFO - [2025-02-06T16:50:59.147+0000] {dag.py:3504} INFO - Setting next_dagrun for example_dynamic_task_mapping to 2022-03-04T00:00:00+00:00, run_after=2022-03-05T00:00:00+00:00
[2025-02-06T16:50:59.163+0000] {processor.py:179} INFO - Processing /home/vscode/.local/lib/python3.10/site-packages/airflow/example_dags/example_dynamic_task_mapping.py took 0.053 seconds
[2025-02-06T16:51:45.251+0000] {processor.py:157} INFO - Started process (PID=11114) to work on /home/vscode/.local/lib/python3.10/site-packages/airflow/example_dags/example_dynamic_task_mapping.py
[2025-02-06T16:51:45.252+0000] {processor.py:826} INFO - Processing file /home/vscode/.local/lib/python3.10/site-packages/airflow/example_dags/example_dynamic_task_mapping.py for tasks to queue
[2025-02-06T16:51:45.253+0000] {logging_mixin.py:150} INFO - [2025-02-06T16:51:45.252+0000] {dagbag.py:541} INFO - Filling up the DagBag from /home/vscode/.local/lib/python3.10/site-packages/airflow/example_dags/example_dynamic_task_mapping.py
[2025-02-06T16:51:45.259+0000] {processor.py:836} INFO - DAG(s) dict_keys(['example_dynamic_task_mapping']) retrieved from /home/vscode/.local/lib/python3.10/site-packages/airflow/example_dags/example_dynamic_task_mapping.py
[2025-02-06T16:51:45.271+0000] {logging_mixin.py:150} INFO - [2025-02-06T16:51:45.271+0000] {dag.py:2742} INFO - Sync 1 DAGs
[2025-02-06T16:51:45.292+0000] {logging_mixin.py:150} INFO - [2025-02-06T16:51:45.292+0000] {dag.py:3504} INFO - Setting next_dagrun for example_dynamic_task_mapping to 2022-03-04T00:00:00+00:00, run_after=2022-03-05T00:00:00+00:00
[2025-02-06T16:51:45.310+0000] {processor.py:179} INFO - Processing /home/vscode/.local/lib/python3.10/site-packages/airflow/example_dags/example_dynamic_task_mapping.py took 0.061 seconds
[2025-02-06T16:52:27.124+0000] {processor.py:157} INFO - Started process (PID=11395) to work on /home/vscode/.local/lib/python3.10/site-packages/airflow/example_dags/example_dynamic_task_mapping.py
[2025-02-06T16:52:27.125+0000] {processor.py:826} INFO - Processing file /home/vscode/.local/lib/python3.10/site-packages/airflow/example_dags/example_dynamic_task_mapping.py for tasks to queue
[2025-02-06T16:52:27.125+0000] {logging_mixin.py:150} INFO - [2025-02-06T16:52:27.125+0000] {dagbag.py:541} INFO - Filling up the DagBag from /home/vscode/.local/lib/python3.10/site-packages/airflow/example_dags/example_dynamic_task_mapping.py
[2025-02-06T16:52:27.132+0000] {processor.py:836} INFO - DAG(s) dict_keys(['example_dynamic_task_mapping']) retrieved from /home/vscode/.local/lib/python3.10/site-packages/airflow/example_dags/example_dynamic_task_mapping.py
[2025-02-06T16:52:27.144+0000] {logging_mixin.py:150} INFO - [2025-02-06T16:52:27.144+0000] {dag.py:2742} INFO - Sync 1 DAGs
[2025-02-06T16:52:27.158+0000] {logging_mixin.py:150} INFO - [2025-02-06T16:52:27.158+0000] {dag.py:3504} INFO - Setting next_dagrun for example_dynamic_task_mapping to 2022-03-04T00:00:00+00:00, run_after=2022-03-05T00:00:00+00:00
[2025-02-06T16:52:27.175+0000] {processor.py:179} INFO - Processing /home/vscode/.local/lib/python3.10/site-packages/airflow/example_dags/example_dynamic_task_mapping.py took 0.054 seconds
[2025-02-06T16:53:13.689+0000] {processor.py:157} INFO - Started process (PID=11715) to work on /home/vscode/.local/lib/python3.10/site-packages/airflow/example_dags/example_dynamic_task_mapping.py
[2025-02-06T16:53:13.690+0000] {processor.py:826} INFO - Processing file /home/vscode/.local/lib/python3.10/site-packages/airflow/example_dags/example_dynamic_task_mapping.py for tasks to queue
[2025-02-06T16:53:13.691+0000] {logging_mixin.py:150} INFO - [2025-02-06T16:53:13.691+0000] {dagbag.py:541} INFO - Filling up the DagBag from /home/vscode/.local/lib/python3.10/site-packages/airflow/example_dags/example_dynamic_task_mapping.py
[2025-02-06T16:53:13.697+0000] {processor.py:836} INFO - DAG(s) dict_keys(['example_dynamic_task_mapping']) retrieved from /home/vscode/.local/lib/python3.10/site-packages/airflow/example_dags/example_dynamic_task_mapping.py
[2025-02-06T16:53:13.709+0000] {logging_mixin.py:150} INFO - [2025-02-06T16:53:13.709+0000] {dag.py:2742} INFO - Sync 1 DAGs
[2025-02-06T16:53:13.724+0000] {logging_mixin.py:150} INFO - [2025-02-06T16:53:13.724+0000] {dag.py:3504} INFO - Setting next_dagrun for example_dynamic_task_mapping to 2022-03-04T00:00:00+00:00, run_after=2022-03-05T00:00:00+00:00
[2025-02-06T16:53:13.738+0000] {processor.py:179} INFO - Processing /home/vscode/.local/lib/python3.10/site-packages/airflow/example_dags/example_dynamic_task_mapping.py took 0.051 seconds
[2025-02-06T16:53:57.670+0000] {processor.py:157} INFO - Started process (PID=12017) to work on /home/vscode/.local/lib/python3.10/site-packages/airflow/example_dags/example_dynamic_task_mapping.py
[2025-02-06T16:53:57.671+0000] {processor.py:826} INFO - Processing file /home/vscode/.local/lib/python3.10/site-packages/airflow/example_dags/example_dynamic_task_mapping.py for tasks to queue
[2025-02-06T16:53:57.671+0000] {logging_mixin.py:150} INFO - [2025-02-06T16:53:57.671+0000] {dagbag.py:541} INFO - Filling up the DagBag from /home/vscode/.local/lib/python3.10/site-packages/airflow/example_dags/example_dynamic_task_mapping.py
[2025-02-06T16:53:57.677+0000] {processor.py:836} INFO - DAG(s) dict_keys(['example_dynamic_task_mapping']) retrieved from /home/vscode/.local/lib/python3.10/site-packages/airflow/example_dags/example_dynamic_task_mapping.py
[2025-02-06T16:53:57.690+0000] {logging_mixin.py:150} INFO - [2025-02-06T16:53:57.690+0000] {dag.py:2742} INFO - Sync 1 DAGs
[2025-02-06T16:53:57.704+0000] {logging_mixin.py:150} INFO - [2025-02-06T16:53:57.704+0000] {dag.py:3504} INFO - Setting next_dagrun for example_dynamic_task_mapping to 2022-03-04T00:00:00+00:00, run_after=2022-03-05T00:00:00+00:00
[2025-02-06T16:53:57.719+0000] {processor.py:179} INFO - Processing /home/vscode/.local/lib/python3.10/site-packages/airflow/example_dags/example_dynamic_task_mapping.py took 0.051 seconds
[2025-02-06T16:54:46.284+0000] {processor.py:157} INFO - Started process (PID=12415) to work on /home/vscode/.local/lib/python3.10/site-packages/airflow/example_dags/example_dynamic_task_mapping.py
[2025-02-06T16:54:46.285+0000] {processor.py:826} INFO - Processing file /home/vscode/.local/lib/python3.10/site-packages/airflow/example_dags/example_dynamic_task_mapping.py for tasks to queue
[2025-02-06T16:54:46.286+0000] {logging_mixin.py:150} INFO - [2025-02-06T16:54:46.285+0000] {dagbag.py:541} INFO - Filling up the DagBag from /home/vscode/.local/lib/python3.10/site-packages/airflow/example_dags/example_dynamic_task_mapping.py
[2025-02-06T16:54:46.293+0000] {processor.py:836} INFO - DAG(s) dict_keys(['example_dynamic_task_mapping']) retrieved from /home/vscode/.local/lib/python3.10/site-packages/airflow/example_dags/example_dynamic_task_mapping.py
[2025-02-06T16:54:46.304+0000] {logging_mixin.py:150} INFO - [2025-02-06T16:54:46.304+0000] {dag.py:2742} INFO - Sync 1 DAGs
[2025-02-06T16:54:46.319+0000] {logging_mixin.py:150} INFO - [2025-02-06T16:54:46.319+0000] {dag.py:3504} INFO - Setting next_dagrun for example_dynamic_task_mapping to 2022-03-04T00:00:00+00:00, run_after=2022-03-05T00:00:00+00:00
[2025-02-06T16:54:46.333+0000] {processor.py:179} INFO - Processing /home/vscode/.local/lib/python3.10/site-packages/airflow/example_dags/example_dynamic_task_mapping.py took 0.052 seconds
[2025-02-06T16:55:36.516+0000] {processor.py:157} INFO - Started process (PID=12797) to work on /home/vscode/.local/lib/python3.10/site-packages/airflow/example_dags/example_dynamic_task_mapping.py
[2025-02-06T16:55:36.516+0000] {processor.py:826} INFO - Processing file /home/vscode/.local/lib/python3.10/site-packages/airflow/example_dags/example_dynamic_task_mapping.py for tasks to queue
[2025-02-06T16:55:36.517+0000] {logging_mixin.py:150} INFO - [2025-02-06T16:55:36.517+0000] {dagbag.py:541} INFO - Filling up the DagBag from /home/vscode/.local/lib/python3.10/site-packages/airflow/example_dags/example_dynamic_task_mapping.py
[2025-02-06T16:55:36.524+0000] {processor.py:836} INFO - DAG(s) dict_keys(['example_dynamic_task_mapping']) retrieved from /home/vscode/.local/lib/python3.10/site-packages/airflow/example_dags/example_dynamic_task_mapping.py
[2025-02-06T16:55:36.536+0000] {logging_mixin.py:150} INFO - [2025-02-06T16:55:36.535+0000] {dag.py:2742} INFO - Sync 1 DAGs
[2025-02-06T16:55:36.550+0000] {logging_mixin.py:150} INFO - [2025-02-06T16:55:36.550+0000] {dag.py:3504} INFO - Setting next_dagrun for example_dynamic_task_mapping to 2022-03-04T00:00:00+00:00, run_after=2022-03-05T00:00:00+00:00
[2025-02-06T16:55:36.565+0000] {processor.py:179} INFO - Processing /home/vscode/.local/lib/python3.10/site-packages/airflow/example_dags/example_dynamic_task_mapping.py took 0.052 seconds
[2025-02-06T16:56:23.055+0000] {processor.py:157} INFO - Started process (PID=13246) to work on /home/vscode/.local/lib/python3.10/site-packages/airflow/example_dags/example_dynamic_task_mapping.py
[2025-02-06T16:56:23.056+0000] {processor.py:826} INFO - Processing file /home/vscode/.local/lib/python3.10/site-packages/airflow/example_dags/example_dynamic_task_mapping.py for tasks to queue
[2025-02-06T16:56:23.057+0000] {logging_mixin.py:150} INFO - [2025-02-06T16:56:23.057+0000] {dagbag.py:541} INFO - Filling up the DagBag from /home/vscode/.local/lib/python3.10/site-packages/airflow/example_dags/example_dynamic_task_mapping.py
[2025-02-06T16:56:23.063+0000] {processor.py:836} INFO - DAG(s) dict_keys(['example_dynamic_task_mapping']) retrieved from /home/vscode/.local/lib/python3.10/site-packages/airflow/example_dags/example_dynamic_task_mapping.py
[2025-02-06T16:56:23.076+0000] {logging_mixin.py:150} INFO - [2025-02-06T16:56:23.076+0000] {dag.py:2742} INFO - Sync 1 DAGs
[2025-02-06T16:56:23.092+0000] {logging_mixin.py:150} INFO - [2025-02-06T16:56:23.092+0000] {dag.py:3504} INFO - Setting next_dagrun for example_dynamic_task_mapping to 2022-03-04T00:00:00+00:00, run_after=2022-03-05T00:00:00+00:00
[2025-02-06T16:56:23.107+0000] {processor.py:179} INFO - Processing /home/vscode/.local/lib/python3.10/site-packages/airflow/example_dags/example_dynamic_task_mapping.py took 0.054 seconds
[2025-02-06T16:57:07.363+0000] {processor.py:157} INFO - Started process (PID=13588) to work on /home/vscode/.local/lib/python3.10/site-packages/airflow/example_dags/example_dynamic_task_mapping.py
[2025-02-06T16:57:07.364+0000] {processor.py:826} INFO - Processing file /home/vscode/.local/lib/python3.10/site-packages/airflow/example_dags/example_dynamic_task_mapping.py for tasks to queue
[2025-02-06T16:57:07.365+0000] {logging_mixin.py:150} INFO - [2025-02-06T16:57:07.364+0000] {dagbag.py:541} INFO - Filling up the DagBag from /home/vscode/.local/lib/python3.10/site-packages/airflow/example_dags/example_dynamic_task_mapping.py
[2025-02-06T16:57:07.371+0000] {processor.py:836} INFO - DAG(s) dict_keys(['example_dynamic_task_mapping']) retrieved from /home/vscode/.local/lib/python3.10/site-packages/airflow/example_dags/example_dynamic_task_mapping.py
[2025-02-06T16:57:07.383+0000] {logging_mixin.py:150} INFO - [2025-02-06T16:57:07.383+0000] {dag.py:2742} INFO - Sync 1 DAGs
[2025-02-06T16:57:07.399+0000] {logging_mixin.py:150} INFO - [2025-02-06T16:57:07.398+0000] {dag.py:3504} INFO - Setting next_dagrun for example_dynamic_task_mapping to 2022-03-04T00:00:00+00:00, run_after=2022-03-05T00:00:00+00:00
[2025-02-06T16:57:07.413+0000] {processor.py:179} INFO - Processing /home/vscode/.local/lib/python3.10/site-packages/airflow/example_dags/example_dynamic_task_mapping.py took 0.053 seconds
[2025-02-06T16:57:52.679+0000] {processor.py:157} INFO - Started process (PID=13922) to work on /home/vscode/.local/lib/python3.10/site-packages/airflow/example_dags/example_dynamic_task_mapping.py
[2025-02-06T16:57:52.680+0000] {processor.py:826} INFO - Processing file /home/vscode/.local/lib/python3.10/site-packages/airflow/example_dags/example_dynamic_task_mapping.py for tasks to queue
[2025-02-06T16:57:52.681+0000] {logging_mixin.py:150} INFO - [2025-02-06T16:57:52.681+0000] {dagbag.py:541} INFO - Filling up the DagBag from /home/vscode/.local/lib/python3.10/site-packages/airflow/example_dags/example_dynamic_task_mapping.py
[2025-02-06T16:57:52.690+0000] {processor.py:836} INFO - DAG(s) dict_keys(['example_dynamic_task_mapping']) retrieved from /home/vscode/.local/lib/python3.10/site-packages/airflow/example_dags/example_dynamic_task_mapping.py
[2025-02-06T16:57:52.704+0000] {logging_mixin.py:150} INFO - [2025-02-06T16:57:52.703+0000] {dag.py:2742} INFO - Sync 1 DAGs
[2025-02-06T16:57:52.719+0000] {logging_mixin.py:150} INFO - [2025-02-06T16:57:52.719+0000] {dag.py:3504} INFO - Setting next_dagrun for example_dynamic_task_mapping to 2022-03-04T00:00:00+00:00, run_after=2022-03-05T00:00:00+00:00
[2025-02-06T16:57:52.734+0000] {processor.py:179} INFO - Processing /home/vscode/.local/lib/python3.10/site-packages/airflow/example_dags/example_dynamic_task_mapping.py took 0.058 seconds
[2025-02-06T18:07:53.041+0000] {processor.py:157} INFO - Started process (PID=5003) to work on /home/vscode/.local/lib/python3.10/site-packages/airflow/example_dags/example_dynamic_task_mapping.py
[2025-02-06T18:07:53.042+0000] {processor.py:826} INFO - Processing file /home/vscode/.local/lib/python3.10/site-packages/airflow/example_dags/example_dynamic_task_mapping.py for tasks to queue
[2025-02-06T18:07:53.043+0000] {logging_mixin.py:150} INFO - [2025-02-06T18:07:53.043+0000] {dagbag.py:541} INFO - Filling up the DagBag from /home/vscode/.local/lib/python3.10/site-packages/airflow/example_dags/example_dynamic_task_mapping.py
[2025-02-06T18:07:53.116+0000] {processor.py:836} INFO - DAG(s) dict_keys(['example_dynamic_task_mapping']) retrieved from /home/vscode/.local/lib/python3.10/site-packages/airflow/example_dags/example_dynamic_task_mapping.py
[2025-02-06T18:07:53.172+0000] {logging_mixin.py:150} INFO - [2025-02-06T18:07:53.172+0000] {manager.py:504} INFO - Created Permission View: can read on DAG:example_dynamic_task_mapping
[2025-02-06T18:07:53.179+0000] {logging_mixin.py:150} INFO - [2025-02-06T18:07:53.179+0000] {manager.py:504} INFO - Created Permission View: can delete on DAG:example_dynamic_task_mapping
[2025-02-06T18:07:53.183+0000] {logging_mixin.py:150} INFO - [2025-02-06T18:07:53.183+0000] {manager.py:504} INFO - Created Permission View: can edit on DAG:example_dynamic_task_mapping
[2025-02-06T18:07:53.190+0000] {logging_mixin.py:150} INFO - [2025-02-06T18:07:53.190+0000] {dag.py:2742} INFO - Sync 1 DAGs
[2025-02-06T18:07:53.196+0000] {logging_mixin.py:150} INFO - [2025-02-06T18:07:53.196+0000] {dag.py:2763} INFO - Creating ORM DAG for example_dynamic_task_mapping
[2025-02-06T18:07:53.202+0000] {logging_mixin.py:150} INFO - [2025-02-06T18:07:53.201+0000] {dag.py:3504} INFO - Setting next_dagrun for example_dynamic_task_mapping to 2022-03-04T00:00:00+00:00, run_after=2022-03-05T00:00:00+00:00
[2025-02-06T18:07:53.213+0000] {processor.py:179} INFO - Processing /home/vscode/.local/lib/python3.10/site-packages/airflow/example_dags/example_dynamic_task_mapping.py took 0.174 seconds
