[2025-02-06T16:45:12.339+0000] {processor.py:157} INFO - Started process (PID=8333) to work on /home/vscode/.local/lib/python3.10/site-packages/airflow/example_dags/example_dag_decorator.py
[2025-02-06T16:45:12.341+0000] {processor.py:826} INFO - Processing file /home/vscode/.local/lib/python3.10/site-packages/airflow/example_dags/example_dag_decorator.py for tasks to queue
[2025-02-06T16:45:12.342+0000] {logging_mixin.py:150} INFO - [2025-02-06T16:45:12.341+0000] {dagbag.py:541} INFO - Filling up the DagBag from /home/vscode/.local/lib/python3.10/site-packages/airflow/example_dags/example_dag_decorator.py
[2025-02-06T16:45:12.355+0000] {processor.py:836} INFO - DAG(s) dict_keys(['example_dag_decorator']) retrieved from /home/vscode/.local/lib/python3.10/site-packages/airflow/example_dags/example_dag_decorator.py
[2025-02-06T16:45:12.500+0000] {logging_mixin.py:150} INFO - [2025-02-06T16:45:12.499+0000] {manager.py:504} INFO - Created Permission View: can read on DAG:example_dag_decorator
[2025-02-06T16:45:12.507+0000] {logging_mixin.py:150} INFO - [2025-02-06T16:45:12.507+0000] {manager.py:504} INFO - Created Permission View: can delete on DAG:example_dag_decorator
[2025-02-06T16:45:12.512+0000] {logging_mixin.py:150} INFO - [2025-02-06T16:45:12.512+0000] {manager.py:504} INFO - Created Permission View: can edit on DAG:example_dag_decorator
[2025-02-06T16:45:12.519+0000] {logging_mixin.py:150} INFO - [2025-02-06T16:45:12.519+0000] {dag.py:2742} INFO - Sync 1 DAGs
[2025-02-06T16:45:12.527+0000] {logging_mixin.py:150} INFO - [2025-02-06T16:45:12.527+0000] {dag.py:2763} INFO - Creating ORM DAG for example_dag_decorator
[2025-02-06T16:45:12.534+0000] {logging_mixin.py:150} INFO - [2025-02-06T16:45:12.534+0000] {dag.py:3504} INFO - Setting next_dagrun for example_dag_decorator to None, run_after=None
[2025-02-06T16:45:12.547+0000] {processor.py:179} INFO - Processing /home/vscode/.local/lib/python3.10/site-packages/airflow/example_dags/example_dag_decorator.py took 0.212 seconds
[2025-02-06T16:45:59.008+0000] {processor.py:157} INFO - Started process (PID=8647) to work on /home/vscode/.local/lib/python3.10/site-packages/airflow/example_dags/example_dag_decorator.py
[2025-02-06T16:45:59.009+0000] {processor.py:826} INFO - Processing file /home/vscode/.local/lib/python3.10/site-packages/airflow/example_dags/example_dag_decorator.py for tasks to queue
[2025-02-06T16:45:59.009+0000] {logging_mixin.py:150} INFO - [2025-02-06T16:45:59.009+0000] {dagbag.py:541} INFO - Filling up the DagBag from /home/vscode/.local/lib/python3.10/site-packages/airflow/example_dags/example_dag_decorator.py
[2025-02-06T16:45:59.019+0000] {processor.py:836} INFO - DAG(s) dict_keys(['example_dag_decorator']) retrieved from /home/vscode/.local/lib/python3.10/site-packages/airflow/example_dags/example_dag_decorator.py
[2025-02-06T16:45:59.091+0000] {logging_mixin.py:150} INFO - [2025-02-06T16:45:59.091+0000] {dag.py:2742} INFO - Sync 1 DAGs
[2025-02-06T16:45:59.103+0000] {logging_mixin.py:150} INFO - [2025-02-06T16:45:59.103+0000] {dag.py:3504} INFO - Setting next_dagrun for example_dag_decorator to None, run_after=None
[2025-02-06T16:45:59.118+0000] {processor.py:179} INFO - Processing /home/vscode/.local/lib/python3.10/site-packages/airflow/example_dags/example_dag_decorator.py took 0.113 seconds
[2025-02-06T16:46:40.173+0000] {processor.py:157} INFO - Started process (PID=8935) to work on /home/vscode/.local/lib/python3.10/site-packages/airflow/example_dags/example_dag_decorator.py
[2025-02-06T16:46:40.173+0000] {processor.py:826} INFO - Processing file /home/vscode/.local/lib/python3.10/site-packages/airflow/example_dags/example_dag_decorator.py for tasks to queue
[2025-02-06T16:46:40.174+0000] {logging_mixin.py:150} INFO - [2025-02-06T16:46:40.174+0000] {dagbag.py:541} INFO - Filling up the DagBag from /home/vscode/.local/lib/python3.10/site-packages/airflow/example_dags/example_dag_decorator.py
[2025-02-06T16:46:40.184+0000] {processor.py:836} INFO - DAG(s) dict_keys(['example_dag_decorator']) retrieved from /home/vscode/.local/lib/python3.10/site-packages/airflow/example_dags/example_dag_decorator.py
[2025-02-06T16:46:40.256+0000] {logging_mixin.py:150} INFO - [2025-02-06T16:46:40.256+0000] {dag.py:2742} INFO - Sync 1 DAGs
[2025-02-06T16:46:40.270+0000] {logging_mixin.py:150} INFO - [2025-02-06T16:46:40.269+0000] {dag.py:3504} INFO - Setting next_dagrun for example_dag_decorator to None, run_after=None
[2025-02-06T16:46:40.284+0000] {processor.py:179} INFO - Processing /home/vscode/.local/lib/python3.10/site-packages/airflow/example_dags/example_dag_decorator.py took 0.114 seconds
[2025-02-06T16:47:34.284+0000] {processor.py:157} INFO - Started process (PID=9300) to work on /home/vscode/.local/lib/python3.10/site-packages/airflow/example_dags/example_dag_decorator.py
[2025-02-06T16:47:34.285+0000] {processor.py:826} INFO - Processing file /home/vscode/.local/lib/python3.10/site-packages/airflow/example_dags/example_dag_decorator.py for tasks to queue
[2025-02-06T16:47:34.287+0000] {logging_mixin.py:150} INFO - [2025-02-06T16:47:34.286+0000] {dagbag.py:541} INFO - Filling up the DagBag from /home/vscode/.local/lib/python3.10/site-packages/airflow/example_dags/example_dag_decorator.py
[2025-02-06T16:47:34.301+0000] {processor.py:836} INFO - DAG(s) dict_keys(['example_dag_decorator']) retrieved from /home/vscode/.local/lib/python3.10/site-packages/airflow/example_dags/example_dag_decorator.py
[2025-02-06T16:47:34.397+0000] {logging_mixin.py:150} INFO - [2025-02-06T16:47:34.397+0000] {dag.py:2742} INFO - Sync 1 DAGs
[2025-02-06T16:47:34.410+0000] {logging_mixin.py:150} INFO - [2025-02-06T16:47:34.410+0000] {dag.py:3504} INFO - Setting next_dagrun for example_dag_decorator to None, run_after=None
[2025-02-06T16:47:34.424+0000] {processor.py:179} INFO - Processing /home/vscode/.local/lib/python3.10/site-packages/airflow/example_dags/example_dag_decorator.py took 0.144 seconds
[2025-02-06T16:48:20.091+0000] {processor.py:157} INFO - Started process (PID=9609) to work on /home/vscode/.local/lib/python3.10/site-packages/airflow/example_dags/example_dag_decorator.py
[2025-02-06T16:48:20.092+0000] {processor.py:826} INFO - Processing file /home/vscode/.local/lib/python3.10/site-packages/airflow/example_dags/example_dag_decorator.py for tasks to queue
[2025-02-06T16:48:20.092+0000] {logging_mixin.py:150} INFO - [2025-02-06T16:48:20.092+0000] {dagbag.py:541} INFO - Filling up the DagBag from /home/vscode/.local/lib/python3.10/site-packages/airflow/example_dags/example_dag_decorator.py
[2025-02-06T16:48:20.103+0000] {processor.py:836} INFO - DAG(s) dict_keys(['example_dag_decorator']) retrieved from /home/vscode/.local/lib/python3.10/site-packages/airflow/example_dags/example_dag_decorator.py
[2025-02-06T16:48:20.176+0000] {logging_mixin.py:150} INFO - [2025-02-06T16:48:20.176+0000] {dag.py:2742} INFO - Sync 1 DAGs
[2025-02-06T16:48:20.189+0000] {logging_mixin.py:150} INFO - [2025-02-06T16:48:20.189+0000] {dag.py:3504} INFO - Setting next_dagrun for example_dag_decorator to None, run_after=None
[2025-02-06T16:48:20.205+0000] {processor.py:179} INFO - Processing /home/vscode/.local/lib/python3.10/site-packages/airflow/example_dags/example_dag_decorator.py took 0.117 seconds
[2025-02-06T16:49:06.679+0000] {processor.py:157} INFO - Started process (PID=9928) to work on /home/vscode/.local/lib/python3.10/site-packages/airflow/example_dags/example_dag_decorator.py
[2025-02-06T16:49:06.680+0000] {processor.py:826} INFO - Processing file /home/vscode/.local/lib/python3.10/site-packages/airflow/example_dags/example_dag_decorator.py for tasks to queue
[2025-02-06T16:49:06.681+0000] {logging_mixin.py:150} INFO - [2025-02-06T16:49:06.681+0000] {dagbag.py:541} INFO - Filling up the DagBag from /home/vscode/.local/lib/python3.10/site-packages/airflow/example_dags/example_dag_decorator.py
[2025-02-06T16:49:06.691+0000] {processor.py:836} INFO - DAG(s) dict_keys(['example_dag_decorator']) retrieved from /home/vscode/.local/lib/python3.10/site-packages/airflow/example_dags/example_dag_decorator.py
[2025-02-06T16:49:06.765+0000] {logging_mixin.py:150} INFO - [2025-02-06T16:49:06.764+0000] {dag.py:2742} INFO - Sync 1 DAGs
[2025-02-06T16:49:06.777+0000] {logging_mixin.py:150} INFO - [2025-02-06T16:49:06.777+0000] {dag.py:3504} INFO - Setting next_dagrun for example_dag_decorator to None, run_after=None
[2025-02-06T16:49:06.792+0000] {processor.py:179} INFO - Processing /home/vscode/.local/lib/python3.10/site-packages/airflow/example_dags/example_dag_decorator.py took 0.115 seconds
[2025-02-06T16:49:49.772+0000] {processor.py:157} INFO - Started process (PID=10261) to work on /home/vscode/.local/lib/python3.10/site-packages/airflow/example_dags/example_dag_decorator.py
[2025-02-06T16:49:49.773+0000] {processor.py:826} INFO - Processing file /home/vscode/.local/lib/python3.10/site-packages/airflow/example_dags/example_dag_decorator.py for tasks to queue
[2025-02-06T16:49:49.774+0000] {logging_mixin.py:150} INFO - [2025-02-06T16:49:49.773+0000] {dagbag.py:541} INFO - Filling up the DagBag from /home/vscode/.local/lib/python3.10/site-packages/airflow/example_dags/example_dag_decorator.py
[2025-02-06T16:49:49.783+0000] {processor.py:836} INFO - DAG(s) dict_keys(['example_dag_decorator']) retrieved from /home/vscode/.local/lib/python3.10/site-packages/airflow/example_dags/example_dag_decorator.py
[2025-02-06T16:49:49.855+0000] {logging_mixin.py:150} INFO - [2025-02-06T16:49:49.855+0000] {dag.py:2742} INFO - Sync 1 DAGs
[2025-02-06T16:49:49.869+0000] {logging_mixin.py:150} INFO - [2025-02-06T16:49:49.868+0000] {dag.py:3504} INFO - Setting next_dagrun for example_dag_decorator to None, run_after=None
[2025-02-06T16:49:49.883+0000] {processor.py:179} INFO - Processing /home/vscode/.local/lib/python3.10/site-packages/airflow/example_dags/example_dag_decorator.py took 0.113 seconds
[2025-02-06T16:50:33.425+0000] {processor.py:157} INFO - Started process (PID=10587) to work on /home/vscode/.local/lib/python3.10/site-packages/airflow/example_dags/example_dag_decorator.py
[2025-02-06T16:50:33.426+0000] {processor.py:826} INFO - Processing file /home/vscode/.local/lib/python3.10/site-packages/airflow/example_dags/example_dag_decorator.py for tasks to queue
[2025-02-06T16:50:33.427+0000] {logging_mixin.py:150} INFO - [2025-02-06T16:50:33.427+0000] {dagbag.py:541} INFO - Filling up the DagBag from /home/vscode/.local/lib/python3.10/site-packages/airflow/example_dags/example_dag_decorator.py
[2025-02-06T16:50:33.437+0000] {processor.py:836} INFO - DAG(s) dict_keys(['example_dag_decorator']) retrieved from /home/vscode/.local/lib/python3.10/site-packages/airflow/example_dags/example_dag_decorator.py
[2025-02-06T16:50:33.512+0000] {logging_mixin.py:150} INFO - [2025-02-06T16:50:33.512+0000] {dag.py:2742} INFO - Sync 1 DAGs
[2025-02-06T16:50:33.525+0000] {logging_mixin.py:150} INFO - [2025-02-06T16:50:33.525+0000] {dag.py:3504} INFO - Setting next_dagrun for example_dag_decorator to None, run_after=None
[2025-02-06T16:50:33.541+0000] {processor.py:179} INFO - Processing /home/vscode/.local/lib/python3.10/site-packages/airflow/example_dags/example_dag_decorator.py took 0.120 seconds
[2025-02-06T16:51:18.426+0000] {processor.py:157} INFO - Started process (PID=10928) to work on /home/vscode/.local/lib/python3.10/site-packages/airflow/example_dags/example_dag_decorator.py
[2025-02-06T16:51:18.427+0000] {processor.py:826} INFO - Processing file /home/vscode/.local/lib/python3.10/site-packages/airflow/example_dags/example_dag_decorator.py for tasks to queue
[2025-02-06T16:51:18.428+0000] {logging_mixin.py:150} INFO - [2025-02-06T16:51:18.428+0000] {dagbag.py:541} INFO - Filling up the DagBag from /home/vscode/.local/lib/python3.10/site-packages/airflow/example_dags/example_dag_decorator.py
[2025-02-06T16:51:18.437+0000] {processor.py:836} INFO - DAG(s) dict_keys(['example_dag_decorator']) retrieved from /home/vscode/.local/lib/python3.10/site-packages/airflow/example_dags/example_dag_decorator.py
[2025-02-06T16:51:18.512+0000] {logging_mixin.py:150} INFO - [2025-02-06T16:51:18.512+0000] {dag.py:2742} INFO - Sync 1 DAGs
[2025-02-06T16:51:18.525+0000] {logging_mixin.py:150} INFO - [2025-02-06T16:51:18.524+0000] {dag.py:3504} INFO - Setting next_dagrun for example_dag_decorator to None, run_after=None
[2025-02-06T16:51:18.539+0000] {processor.py:179} INFO - Processing /home/vscode/.local/lib/python3.10/site-packages/airflow/example_dags/example_dag_decorator.py took 0.116 seconds
[2025-02-06T16:52:00.670+0000] {processor.py:157} INFO - Started process (PID=11215) to work on /home/vscode/.local/lib/python3.10/site-packages/airflow/example_dags/example_dag_decorator.py
[2025-02-06T16:52:00.671+0000] {processor.py:826} INFO - Processing file /home/vscode/.local/lib/python3.10/site-packages/airflow/example_dags/example_dag_decorator.py for tasks to queue
[2025-02-06T16:52:00.671+0000] {logging_mixin.py:150} INFO - [2025-02-06T16:52:00.671+0000] {dagbag.py:541} INFO - Filling up the DagBag from /home/vscode/.local/lib/python3.10/site-packages/airflow/example_dags/example_dag_decorator.py
[2025-02-06T16:52:00.682+0000] {processor.py:836} INFO - DAG(s) dict_keys(['example_dag_decorator']) retrieved from /home/vscode/.local/lib/python3.10/site-packages/airflow/example_dags/example_dag_decorator.py
[2025-02-06T16:52:00.783+0000] {logging_mixin.py:150} INFO - [2025-02-06T16:52:00.783+0000] {dag.py:2742} INFO - Sync 1 DAGs
[2025-02-06T16:52:00.797+0000] {logging_mixin.py:150} INFO - [2025-02-06T16:52:00.797+0000] {dag.py:3504} INFO - Setting next_dagrun for example_dag_decorator to None, run_after=None
[2025-02-06T16:52:00.812+0000] {processor.py:179} INFO - Processing /home/vscode/.local/lib/python3.10/site-packages/airflow/example_dags/example_dag_decorator.py took 0.145 seconds
[2025-02-06T16:52:46.937+0000] {processor.py:157} INFO - Started process (PID=11532) to work on /home/vscode/.local/lib/python3.10/site-packages/airflow/example_dags/example_dag_decorator.py
[2025-02-06T16:52:46.938+0000] {processor.py:826} INFO - Processing file /home/vscode/.local/lib/python3.10/site-packages/airflow/example_dags/example_dag_decorator.py for tasks to queue
[2025-02-06T16:52:46.939+0000] {logging_mixin.py:150} INFO - [2025-02-06T16:52:46.938+0000] {dagbag.py:541} INFO - Filling up the DagBag from /home/vscode/.local/lib/python3.10/site-packages/airflow/example_dags/example_dag_decorator.py
[2025-02-06T16:52:46.948+0000] {processor.py:836} INFO - DAG(s) dict_keys(['example_dag_decorator']) retrieved from /home/vscode/.local/lib/python3.10/site-packages/airflow/example_dags/example_dag_decorator.py
[2025-02-06T16:52:47.021+0000] {logging_mixin.py:150} INFO - [2025-02-06T16:52:47.020+0000] {dag.py:2742} INFO - Sync 1 DAGs
[2025-02-06T16:52:47.033+0000] {logging_mixin.py:150} INFO - [2025-02-06T16:52:47.033+0000] {dag.py:3504} INFO - Setting next_dagrun for example_dag_decorator to None, run_after=None
[2025-02-06T16:52:47.049+0000] {processor.py:179} INFO - Processing /home/vscode/.local/lib/python3.10/site-packages/airflow/example_dags/example_dag_decorator.py took 0.115 seconds
[2025-02-06T16:53:30.273+0000] {processor.py:157} INFO - Started process (PID=11823) to work on /home/vscode/.local/lib/python3.10/site-packages/airflow/example_dags/example_dag_decorator.py
[2025-02-06T16:53:30.274+0000] {processor.py:826} INFO - Processing file /home/vscode/.local/lib/python3.10/site-packages/airflow/example_dags/example_dag_decorator.py for tasks to queue
[2025-02-06T16:53:30.275+0000] {logging_mixin.py:150} INFO - [2025-02-06T16:53:30.274+0000] {dagbag.py:541} INFO - Filling up the DagBag from /home/vscode/.local/lib/python3.10/site-packages/airflow/example_dags/example_dag_decorator.py
[2025-02-06T16:53:30.284+0000] {processor.py:836} INFO - DAG(s) dict_keys(['example_dag_decorator']) retrieved from /home/vscode/.local/lib/python3.10/site-packages/airflow/example_dags/example_dag_decorator.py
[2025-02-06T16:53:30.357+0000] {logging_mixin.py:150} INFO - [2025-02-06T16:53:30.357+0000] {dag.py:2742} INFO - Sync 1 DAGs
[2025-02-06T16:53:30.370+0000] {logging_mixin.py:150} INFO - [2025-02-06T16:53:30.370+0000] {dag.py:3504} INFO - Setting next_dagrun for example_dag_decorator to None, run_after=None
[2025-02-06T16:53:30.385+0000] {processor.py:179} INFO - Processing /home/vscode/.local/lib/python3.10/site-packages/airflow/example_dags/example_dag_decorator.py took 0.114 seconds
[2025-02-06T16:54:17.047+0000] {processor.py:157} INFO - Started process (PID=12170) to work on /home/vscode/.local/lib/python3.10/site-packages/airflow/example_dags/example_dag_decorator.py
[2025-02-06T16:54:17.047+0000] {processor.py:826} INFO - Processing file /home/vscode/.local/lib/python3.10/site-packages/airflow/example_dags/example_dag_decorator.py for tasks to queue
[2025-02-06T16:54:17.048+0000] {logging_mixin.py:150} INFO - [2025-02-06T16:54:17.048+0000] {dagbag.py:541} INFO - Filling up the DagBag from /home/vscode/.local/lib/python3.10/site-packages/airflow/example_dags/example_dag_decorator.py
[2025-02-06T16:54:17.058+0000] {processor.py:836} INFO - DAG(s) dict_keys(['example_dag_decorator']) retrieved from /home/vscode/.local/lib/python3.10/site-packages/airflow/example_dags/example_dag_decorator.py
[2025-02-06T16:54:17.131+0000] {logging_mixin.py:150} INFO - [2025-02-06T16:54:17.131+0000] {dag.py:2742} INFO - Sync 1 DAGs
[2025-02-06T16:54:17.145+0000] {logging_mixin.py:150} INFO - [2025-02-06T16:54:17.145+0000] {dag.py:3504} INFO - Setting next_dagrun for example_dag_decorator to None, run_after=None
[2025-02-06T16:54:17.160+0000] {processor.py:179} INFO - Processing /home/vscode/.local/lib/python3.10/site-packages/airflow/example_dags/example_dag_decorator.py took 0.116 seconds
[2025-02-06T16:55:04.593+0000] {processor.py:157} INFO - Started process (PID=12555) to work on /home/vscode/.local/lib/python3.10/site-packages/airflow/example_dags/example_dag_decorator.py
[2025-02-06T16:55:04.594+0000] {processor.py:826} INFO - Processing file /home/vscode/.local/lib/python3.10/site-packages/airflow/example_dags/example_dag_decorator.py for tasks to queue
[2025-02-06T16:55:04.594+0000] {logging_mixin.py:150} INFO - [2025-02-06T16:55:04.594+0000] {dagbag.py:541} INFO - Filling up the DagBag from /home/vscode/.local/lib/python3.10/site-packages/airflow/example_dags/example_dag_decorator.py
[2025-02-06T16:55:04.604+0000] {processor.py:836} INFO - DAG(s) dict_keys(['example_dag_decorator']) retrieved from /home/vscode/.local/lib/python3.10/site-packages/airflow/example_dags/example_dag_decorator.py
[2025-02-06T16:55:04.677+0000] {logging_mixin.py:150} INFO - [2025-02-06T16:55:04.677+0000] {dag.py:2742} INFO - Sync 1 DAGs
[2025-02-06T16:55:04.692+0000] {logging_mixin.py:150} INFO - [2025-02-06T16:55:04.692+0000] {dag.py:3504} INFO - Setting next_dagrun for example_dag_decorator to None, run_after=None
[2025-02-06T16:55:04.707+0000] {processor.py:179} INFO - Processing /home/vscode/.local/lib/python3.10/site-packages/airflow/example_dags/example_dag_decorator.py took 0.116 seconds
[2025-02-06T16:55:53.954+0000] {processor.py:157} INFO - Started process (PID=12990) to work on /home/vscode/.local/lib/python3.10/site-packages/airflow/example_dags/example_dag_decorator.py
[2025-02-06T16:55:53.955+0000] {processor.py:826} INFO - Processing file /home/vscode/.local/lib/python3.10/site-packages/airflow/example_dags/example_dag_decorator.py for tasks to queue
[2025-02-06T16:55:53.956+0000] {logging_mixin.py:150} INFO - [2025-02-06T16:55:53.956+0000] {dagbag.py:541} INFO - Filling up the DagBag from /home/vscode/.local/lib/python3.10/site-packages/airflow/example_dags/example_dag_decorator.py
[2025-02-06T16:55:53.969+0000] {processor.py:836} INFO - DAG(s) dict_keys(['example_dag_decorator']) retrieved from /home/vscode/.local/lib/python3.10/site-packages/airflow/example_dags/example_dag_decorator.py
[2025-02-06T16:55:54.072+0000] {logging_mixin.py:150} INFO - [2025-02-06T16:55:54.072+0000] {dag.py:2742} INFO - Sync 1 DAGs
[2025-02-06T16:55:54.091+0000] {logging_mixin.py:150} INFO - [2025-02-06T16:55:54.091+0000] {dag.py:3504} INFO - Setting next_dagrun for example_dag_decorator to None, run_after=None
[2025-02-06T16:55:54.113+0000] {processor.py:179} INFO - Processing /home/vscode/.local/lib/python3.10/site-packages/airflow/example_dags/example_dag_decorator.py took 0.162 seconds
[2025-02-06T16:56:39.343+0000] {processor.py:157} INFO - Started process (PID=13374) to work on /home/vscode/.local/lib/python3.10/site-packages/airflow/example_dags/example_dag_decorator.py
[2025-02-06T16:56:39.344+0000] {processor.py:826} INFO - Processing file /home/vscode/.local/lib/python3.10/site-packages/airflow/example_dags/example_dag_decorator.py for tasks to queue
[2025-02-06T16:56:39.345+0000] {logging_mixin.py:150} INFO - [2025-02-06T16:56:39.345+0000] {dagbag.py:541} INFO - Filling up the DagBag from /home/vscode/.local/lib/python3.10/site-packages/airflow/example_dags/example_dag_decorator.py
[2025-02-06T16:56:39.355+0000] {processor.py:836} INFO - DAG(s) dict_keys(['example_dag_decorator']) retrieved from /home/vscode/.local/lib/python3.10/site-packages/airflow/example_dags/example_dag_decorator.py
[2025-02-06T16:56:39.427+0000] {logging_mixin.py:150} INFO - [2025-02-06T16:56:39.427+0000] {dag.py:2742} INFO - Sync 1 DAGs
[2025-02-06T16:56:39.439+0000] {logging_mixin.py:150} INFO - [2025-02-06T16:56:39.439+0000] {dag.py:3504} INFO - Setting next_dagrun for example_dag_decorator to None, run_after=None
[2025-02-06T16:56:39.455+0000] {processor.py:179} INFO - Processing /home/vscode/.local/lib/python3.10/site-packages/airflow/example_dags/example_dag_decorator.py took 0.114 seconds
[2025-02-06T16:57:24.789+0000] {processor.py:157} INFO - Started process (PID=13713) to work on /home/vscode/.local/lib/python3.10/site-packages/airflow/example_dags/example_dag_decorator.py
[2025-02-06T16:57:24.789+0000] {processor.py:826} INFO - Processing file /home/vscode/.local/lib/python3.10/site-packages/airflow/example_dags/example_dag_decorator.py for tasks to queue
[2025-02-06T16:57:24.790+0000] {logging_mixin.py:150} INFO - [2025-02-06T16:57:24.790+0000] {dagbag.py:541} INFO - Filling up the DagBag from /home/vscode/.local/lib/python3.10/site-packages/airflow/example_dags/example_dag_decorator.py
[2025-02-06T16:57:24.800+0000] {processor.py:836} INFO - DAG(s) dict_keys(['example_dag_decorator']) retrieved from /home/vscode/.local/lib/python3.10/site-packages/airflow/example_dags/example_dag_decorator.py
[2025-02-06T16:57:24.901+0000] {logging_mixin.py:150} INFO - [2025-02-06T16:57:24.901+0000] {dag.py:2742} INFO - Sync 1 DAGs
[2025-02-06T16:57:24.918+0000] {logging_mixin.py:150} INFO - [2025-02-06T16:57:24.918+0000] {dag.py:3504} INFO - Setting next_dagrun for example_dag_decorator to None, run_after=None
[2025-02-06T16:57:24.935+0000] {processor.py:179} INFO - Processing /home/vscode/.local/lib/python3.10/site-packages/airflow/example_dags/example_dag_decorator.py took 0.149 seconds
[2025-02-06T16:58:09.566+0000] {processor.py:157} INFO - Started process (PID=14060) to work on /home/vscode/.local/lib/python3.10/site-packages/airflow/example_dags/example_dag_decorator.py
[2025-02-06T16:58:09.567+0000] {processor.py:826} INFO - Processing file /home/vscode/.local/lib/python3.10/site-packages/airflow/example_dags/example_dag_decorator.py for tasks to queue
[2025-02-06T16:58:09.568+0000] {logging_mixin.py:150} INFO - [2025-02-06T16:58:09.567+0000] {dagbag.py:541} INFO - Filling up the DagBag from /home/vscode/.local/lib/python3.10/site-packages/airflow/example_dags/example_dag_decorator.py
[2025-02-06T16:58:09.577+0000] {processor.py:836} INFO - DAG(s) dict_keys(['example_dag_decorator']) retrieved from /home/vscode/.local/lib/python3.10/site-packages/airflow/example_dags/example_dag_decorator.py
[2025-02-06T16:58:09.667+0000] {logging_mixin.py:150} INFO - [2025-02-06T16:58:09.667+0000] {dag.py:2742} INFO - Sync 1 DAGs
[2025-02-06T16:58:09.687+0000] {logging_mixin.py:150} INFO - [2025-02-06T16:58:09.687+0000] {dag.py:3504} INFO - Setting next_dagrun for example_dag_decorator to None, run_after=None
[2025-02-06T16:58:09.704+0000] {processor.py:179} INFO - Processing /home/vscode/.local/lib/python3.10/site-packages/airflow/example_dags/example_dag_decorator.py took 0.140 seconds
[2025-02-06T18:08:03.343+0000] {processor.py:157} INFO - Started process (PID=5083) to work on /home/vscode/.local/lib/python3.10/site-packages/airflow/example_dags/example_dag_decorator.py
[2025-02-06T18:08:03.349+0000] {processor.py:826} INFO - Processing file /home/vscode/.local/lib/python3.10/site-packages/airflow/example_dags/example_dag_decorator.py for tasks to queue
[2025-02-06T18:08:03.350+0000] {logging_mixin.py:150} INFO - [2025-02-06T18:08:03.349+0000] {dagbag.py:541} INFO - Filling up the DagBag from /home/vscode/.local/lib/python3.10/site-packages/airflow/example_dags/example_dag_decorator.py
[2025-02-06T18:08:03.358+0000] {processor.py:836} INFO - DAG(s) dict_keys(['example_dag_decorator']) retrieved from /home/vscode/.local/lib/python3.10/site-packages/airflow/example_dags/example_dag_decorator.py
[2025-02-06T18:08:03.420+0000] {logging_mixin.py:150} INFO - [2025-02-06T18:08:03.420+0000] {manager.py:504} INFO - Created Permission View: can read on DAG:example_dag_decorator
[2025-02-06T18:08:03.427+0000] {logging_mixin.py:150} INFO - [2025-02-06T18:08:03.427+0000] {manager.py:504} INFO - Created Permission View: can delete on DAG:example_dag_decorator
[2025-02-06T18:08:03.432+0000] {logging_mixin.py:150} INFO - [2025-02-06T18:08:03.432+0000] {manager.py:504} INFO - Created Permission View: can edit on DAG:example_dag_decorator
[2025-02-06T18:08:03.439+0000] {logging_mixin.py:150} INFO - [2025-02-06T18:08:03.439+0000] {dag.py:2742} INFO - Sync 1 DAGs
[2025-02-06T18:08:03.445+0000] {logging_mixin.py:150} INFO - [2025-02-06T18:08:03.445+0000] {dag.py:2763} INFO - Creating ORM DAG for example_dag_decorator
[2025-02-06T18:08:03.451+0000] {logging_mixin.py:150} INFO - [2025-02-06T18:08:03.451+0000] {dag.py:3504} INFO - Setting next_dagrun for example_dag_decorator to None, run_after=None
[2025-02-06T18:08:03.464+0000] {processor.py:179} INFO - Processing /home/vscode/.local/lib/python3.10/site-packages/airflow/example_dags/example_dag_decorator.py took 0.122 seconds
