[2025-02-06T16:45:14.927+0000] {processor.py:157} INFO - Started process (PID=8349) to work on /home/vscode/.local/lib/python3.10/site-packages/airflow/example_dags/example_sensors.py
[2025-02-06T16:45:14.927+0000] {processor.py:826} INFO - Processing file /home/vscode/.local/lib/python3.10/site-packages/airflow/example_dags/example_sensors.py for tasks to queue
[2025-02-06T16:45:14.928+0000] {logging_mixin.py:150} INFO - [2025-02-06T16:45:14.928+0000] {dagbag.py:541} INFO - Filling up the DagBag from /home/vscode/.local/lib/python3.10/site-packages/airflow/example_dags/example_sensors.py
[2025-02-06T16:45:14.936+0000] {processor.py:836} INFO - DAG(s) dict_keys(['example_sensors']) retrieved from /home/vscode/.local/lib/python3.10/site-packages/airflow/example_dags/example_sensors.py
[2025-02-06T16:45:15.009+0000] {logging_mixin.py:150} INFO - [2025-02-06T16:45:15.009+0000] {manager.py:504} INFO - Created Permission View: can read on DAG:example_sensors
[2025-02-06T16:45:15.016+0000] {logging_mixin.py:150} INFO - [2025-02-06T16:45:15.016+0000] {manager.py:504} INFO - Created Permission View: can delete on DAG:example_sensors
[2025-02-06T16:45:15.021+0000] {logging_mixin.py:150} INFO - [2025-02-06T16:45:15.021+0000] {manager.py:504} INFO - Created Permission View: can edit on DAG:example_sensors
[2025-02-06T16:45:15.029+0000] {logging_mixin.py:150} INFO - [2025-02-06T16:45:15.028+0000] {dag.py:2742} INFO - Sync 1 DAGs
[2025-02-06T16:45:15.036+0000] {logging_mixin.py:150} INFO - [2025-02-06T16:45:15.036+0000] {dag.py:2763} INFO - Creating ORM DAG for example_sensors
[2025-02-06T16:45:15.042+0000] {logging_mixin.py:150} INFO - [2025-02-06T16:45:15.042+0000] {dag.py:3504} INFO - Setting next_dagrun for example_sensors to None, run_after=None
[2025-02-06T16:45:15.057+0000] {processor.py:179} INFO - Processing /home/vscode/.local/lib/python3.10/site-packages/airflow/example_dags/example_sensors.py took 0.133 seconds
[2025-02-06T16:46:08.768+0000] {processor.py:157} INFO - Started process (PID=8721) to work on /home/vscode/.local/lib/python3.10/site-packages/airflow/example_dags/example_sensors.py
[2025-02-06T16:46:08.769+0000] {processor.py:826} INFO - Processing file /home/vscode/.local/lib/python3.10/site-packages/airflow/example_dags/example_sensors.py for tasks to queue
[2025-02-06T16:46:08.770+0000] {logging_mixin.py:150} INFO - [2025-02-06T16:46:08.769+0000] {dagbag.py:541} INFO - Filling up the DagBag from /home/vscode/.local/lib/python3.10/site-packages/airflow/example_dags/example_sensors.py
[2025-02-06T16:46:08.778+0000] {processor.py:836} INFO - DAG(s) dict_keys(['example_sensors']) retrieved from /home/vscode/.local/lib/python3.10/site-packages/airflow/example_dags/example_sensors.py
[2025-02-06T16:46:08.793+0000] {logging_mixin.py:150} INFO - [2025-02-06T16:46:08.793+0000] {dag.py:2742} INFO - Sync 1 DAGs
[2025-02-06T16:46:08.808+0000] {logging_mixin.py:150} INFO - [2025-02-06T16:46:08.808+0000] {dag.py:3504} INFO - Setting next_dagrun for example_sensors to None, run_after=None
[2025-02-06T16:46:08.823+0000] {processor.py:179} INFO - Processing /home/vscode/.local/lib/python3.10/site-packages/airflow/example_dags/example_sensors.py took 0.058 seconds
[2025-02-06T16:46:50.421+0000] {processor.py:157} INFO - Started process (PID=9006) to work on /home/vscode/.local/lib/python3.10/site-packages/airflow/example_dags/example_sensors.py
[2025-02-06T16:46:50.422+0000] {processor.py:826} INFO - Processing file /home/vscode/.local/lib/python3.10/site-packages/airflow/example_dags/example_sensors.py for tasks to queue
[2025-02-06T16:46:50.423+0000] {logging_mixin.py:150} INFO - [2025-02-06T16:46:50.422+0000] {dagbag.py:541} INFO - Filling up the DagBag from /home/vscode/.local/lib/python3.10/site-packages/airflow/example_dags/example_sensors.py
[2025-02-06T16:46:50.431+0000] {processor.py:836} INFO - DAG(s) dict_keys(['example_sensors']) retrieved from /home/vscode/.local/lib/python3.10/site-packages/airflow/example_dags/example_sensors.py
[2025-02-06T16:46:50.446+0000] {logging_mixin.py:150} INFO - [2025-02-06T16:46:50.446+0000] {dag.py:2742} INFO - Sync 1 DAGs
[2025-02-06T16:46:50.461+0000] {logging_mixin.py:150} INFO - [2025-02-06T16:46:50.460+0000] {dag.py:3504} INFO - Setting next_dagrun for example_sensors to None, run_after=None
[2025-02-06T16:46:50.475+0000] {processor.py:179} INFO - Processing /home/vscode/.local/lib/python3.10/site-packages/airflow/example_dags/example_sensors.py took 0.057 seconds
[2025-02-06T16:47:36.666+0000] {processor.py:157} INFO - Started process (PID=9318) to work on /home/vscode/.local/lib/python3.10/site-packages/airflow/example_dags/example_sensors.py
[2025-02-06T16:47:36.667+0000] {processor.py:826} INFO - Processing file /home/vscode/.local/lib/python3.10/site-packages/airflow/example_dags/example_sensors.py for tasks to queue
[2025-02-06T16:47:36.668+0000] {logging_mixin.py:150} INFO - [2025-02-06T16:47:36.667+0000] {dagbag.py:541} INFO - Filling up the DagBag from /home/vscode/.local/lib/python3.10/site-packages/airflow/example_dags/example_sensors.py
[2025-02-06T16:47:36.676+0000] {processor.py:836} INFO - DAG(s) dict_keys(['example_sensors']) retrieved from /home/vscode/.local/lib/python3.10/site-packages/airflow/example_dags/example_sensors.py
[2025-02-06T16:47:36.692+0000] {logging_mixin.py:150} INFO - [2025-02-06T16:47:36.692+0000] {dag.py:2742} INFO - Sync 1 DAGs
[2025-02-06T16:47:36.707+0000] {logging_mixin.py:150} INFO - [2025-02-06T16:47:36.706+0000] {dag.py:3504} INFO - Setting next_dagrun for example_sensors to None, run_after=None
[2025-02-06T16:47:36.721+0000] {processor.py:179} INFO - Processing /home/vscode/.local/lib/python3.10/site-packages/airflow/example_dags/example_sensors.py took 0.057 seconds
[2025-02-06T16:48:22.473+0000] {processor.py:157} INFO - Started process (PID=9633) to work on /home/vscode/.local/lib/python3.10/site-packages/airflow/example_dags/example_sensors.py
[2025-02-06T16:48:22.474+0000] {processor.py:826} INFO - Processing file /home/vscode/.local/lib/python3.10/site-packages/airflow/example_dags/example_sensors.py for tasks to queue
[2025-02-06T16:48:22.475+0000] {logging_mixin.py:150} INFO - [2025-02-06T16:48:22.475+0000] {dagbag.py:541} INFO - Filling up the DagBag from /home/vscode/.local/lib/python3.10/site-packages/airflow/example_dags/example_sensors.py
[2025-02-06T16:48:22.483+0000] {processor.py:836} INFO - DAG(s) dict_keys(['example_sensors']) retrieved from /home/vscode/.local/lib/python3.10/site-packages/airflow/example_dags/example_sensors.py
[2025-02-06T16:48:22.498+0000] {logging_mixin.py:150} INFO - [2025-02-06T16:48:22.498+0000] {dag.py:2742} INFO - Sync 1 DAGs
[2025-02-06T16:48:22.512+0000] {logging_mixin.py:150} INFO - [2025-02-06T16:48:22.512+0000] {dag.py:3504} INFO - Setting next_dagrun for example_sensors to None, run_after=None
[2025-02-06T16:48:22.528+0000] {processor.py:179} INFO - Processing /home/vscode/.local/lib/python3.10/site-packages/airflow/example_dags/example_sensors.py took 0.057 seconds
[2025-02-06T16:49:09.065+0000] {processor.py:157} INFO - Started process (PID=9954) to work on /home/vscode/.local/lib/python3.10/site-packages/airflow/example_dags/example_sensors.py
[2025-02-06T16:49:09.066+0000] {processor.py:826} INFO - Processing file /home/vscode/.local/lib/python3.10/site-packages/airflow/example_dags/example_sensors.py for tasks to queue
[2025-02-06T16:49:09.067+0000] {logging_mixin.py:150} INFO - [2025-02-06T16:49:09.067+0000] {dagbag.py:541} INFO - Filling up the DagBag from /home/vscode/.local/lib/python3.10/site-packages/airflow/example_dags/example_sensors.py
[2025-02-06T16:49:09.075+0000] {processor.py:836} INFO - DAG(s) dict_keys(['example_sensors']) retrieved from /home/vscode/.local/lib/python3.10/site-packages/airflow/example_dags/example_sensors.py
[2025-02-06T16:49:09.091+0000] {logging_mixin.py:150} INFO - [2025-02-06T16:49:09.091+0000] {dag.py:2742} INFO - Sync 1 DAGs
[2025-02-06T16:49:09.105+0000] {logging_mixin.py:150} INFO - [2025-02-06T16:49:09.105+0000] {dag.py:3504} INFO - Setting next_dagrun for example_sensors to None, run_after=None
[2025-02-06T16:49:09.120+0000] {processor.py:179} INFO - Processing /home/vscode/.local/lib/python3.10/site-packages/airflow/example_dags/example_sensors.py took 0.057 seconds
[2025-02-06T16:49:51.212+0000] {processor.py:157} INFO - Started process (PID=10270) to work on /home/vscode/.local/lib/python3.10/site-packages/airflow/example_dags/example_sensors.py
[2025-02-06T16:49:51.213+0000] {processor.py:826} INFO - Processing file /home/vscode/.local/lib/python3.10/site-packages/airflow/example_dags/example_sensors.py for tasks to queue
[2025-02-06T16:49:51.214+0000] {logging_mixin.py:150} INFO - [2025-02-06T16:49:51.214+0000] {dagbag.py:541} INFO - Filling up the DagBag from /home/vscode/.local/lib/python3.10/site-packages/airflow/example_dags/example_sensors.py
[2025-02-06T16:49:51.222+0000] {processor.py:836} INFO - DAG(s) dict_keys(['example_sensors']) retrieved from /home/vscode/.local/lib/python3.10/site-packages/airflow/example_dags/example_sensors.py
[2025-02-06T16:49:51.238+0000] {logging_mixin.py:150} INFO - [2025-02-06T16:49:51.238+0000] {dag.py:2742} INFO - Sync 1 DAGs
[2025-02-06T16:49:51.253+0000] {logging_mixin.py:150} INFO - [2025-02-06T16:49:51.252+0000] {dag.py:3504} INFO - Setting next_dagrun for example_sensors to None, run_after=None
[2025-02-06T16:49:51.268+0000] {processor.py:179} INFO - Processing /home/vscode/.local/lib/python3.10/site-packages/airflow/example_dags/example_sensors.py took 0.058 seconds
[2025-02-06T16:50:45.727+0000] {processor.py:157} INFO - Started process (PID=10673) to work on /home/vscode/.local/lib/python3.10/site-packages/airflow/example_dags/example_sensors.py
[2025-02-06T16:50:45.727+0000] {processor.py:826} INFO - Processing file /home/vscode/.local/lib/python3.10/site-packages/airflow/example_dags/example_sensors.py for tasks to queue
[2025-02-06T16:50:45.728+0000] {logging_mixin.py:150} INFO - [2025-02-06T16:50:45.728+0000] {dagbag.py:541} INFO - Filling up the DagBag from /home/vscode/.local/lib/python3.10/site-packages/airflow/example_dags/example_sensors.py
[2025-02-06T16:50:45.736+0000] {processor.py:836} INFO - DAG(s) dict_keys(['example_sensors']) retrieved from /home/vscode/.local/lib/python3.10/site-packages/airflow/example_dags/example_sensors.py
[2025-02-06T16:50:45.752+0000] {logging_mixin.py:150} INFO - [2025-02-06T16:50:45.752+0000] {dag.py:2742} INFO - Sync 1 DAGs
[2025-02-06T16:50:45.767+0000] {logging_mixin.py:150} INFO - [2025-02-06T16:50:45.766+0000] {dag.py:3504} INFO - Setting next_dagrun for example_sensors to None, run_after=None
[2025-02-06T16:50:45.782+0000] {processor.py:179} INFO - Processing /home/vscode/.local/lib/python3.10/site-packages/airflow/example_dags/example_sensors.py took 0.058 seconds
[2025-02-06T16:51:32.684+0000] {processor.py:157} INFO - Started process (PID=11028) to work on /home/vscode/.local/lib/python3.10/site-packages/airflow/example_dags/example_sensors.py
[2025-02-06T16:51:32.685+0000] {processor.py:826} INFO - Processing file /home/vscode/.local/lib/python3.10/site-packages/airflow/example_dags/example_sensors.py for tasks to queue
[2025-02-06T16:51:32.686+0000] {logging_mixin.py:150} INFO - [2025-02-06T16:51:32.686+0000] {dagbag.py:541} INFO - Filling up the DagBag from /home/vscode/.local/lib/python3.10/site-packages/airflow/example_dags/example_sensors.py
[2025-02-06T16:51:32.694+0000] {processor.py:836} INFO - DAG(s) dict_keys(['example_sensors']) retrieved from /home/vscode/.local/lib/python3.10/site-packages/airflow/example_dags/example_sensors.py
[2025-02-06T16:51:32.709+0000] {logging_mixin.py:150} INFO - [2025-02-06T16:51:32.709+0000] {dag.py:2742} INFO - Sync 1 DAGs
[2025-02-06T16:51:32.724+0000] {logging_mixin.py:150} INFO - [2025-02-06T16:51:32.723+0000] {dag.py:3504} INFO - Setting next_dagrun for example_sensors to None, run_after=None
[2025-02-06T16:51:32.740+0000] {processor.py:179} INFO - Processing /home/vscode/.local/lib/python3.10/site-packages/airflow/example_dags/example_sensors.py took 0.058 seconds
[2025-02-06T16:52:16.080+0000] {processor.py:157} INFO - Started process (PID=11324) to work on /home/vscode/.local/lib/python3.10/site-packages/airflow/example_dags/example_sensors.py
[2025-02-06T16:52:16.081+0000] {processor.py:826} INFO - Processing file /home/vscode/.local/lib/python3.10/site-packages/airflow/example_dags/example_sensors.py for tasks to queue
[2025-02-06T16:52:16.082+0000] {logging_mixin.py:150} INFO - [2025-02-06T16:52:16.082+0000] {dagbag.py:541} INFO - Filling up the DagBag from /home/vscode/.local/lib/python3.10/site-packages/airflow/example_dags/example_sensors.py
[2025-02-06T16:52:16.090+0000] {processor.py:836} INFO - DAG(s) dict_keys(['example_sensors']) retrieved from /home/vscode/.local/lib/python3.10/site-packages/airflow/example_dags/example_sensors.py
[2025-02-06T16:52:16.108+0000] {logging_mixin.py:150} INFO - [2025-02-06T16:52:16.108+0000] {dag.py:2742} INFO - Sync 1 DAGs
[2025-02-06T16:52:16.123+0000] {logging_mixin.py:150} INFO - [2025-02-06T16:52:16.123+0000] {dag.py:3504} INFO - Setting next_dagrun for example_sensors to None, run_after=None
[2025-02-06T16:52:16.138+0000] {processor.py:179} INFO - Processing /home/vscode/.local/lib/python3.10/site-packages/airflow/example_dags/example_sensors.py took 0.060 seconds
[2025-02-06T16:53:03.415+0000] {processor.py:157} INFO - Started process (PID=11644) to work on /home/vscode/.local/lib/python3.10/site-packages/airflow/example_dags/example_sensors.py
[2025-02-06T16:53:03.416+0000] {processor.py:826} INFO - Processing file /home/vscode/.local/lib/python3.10/site-packages/airflow/example_dags/example_sensors.py for tasks to queue
[2025-02-06T16:53:03.417+0000] {logging_mixin.py:150} INFO - [2025-02-06T16:53:03.416+0000] {dagbag.py:541} INFO - Filling up the DagBag from /home/vscode/.local/lib/python3.10/site-packages/airflow/example_dags/example_sensors.py
[2025-02-06T16:53:03.425+0000] {processor.py:836} INFO - DAG(s) dict_keys(['example_sensors']) retrieved from /home/vscode/.local/lib/python3.10/site-packages/airflow/example_dags/example_sensors.py
[2025-02-06T16:53:03.442+0000] {logging_mixin.py:150} INFO - [2025-02-06T16:53:03.442+0000] {dag.py:2742} INFO - Sync 1 DAGs
[2025-02-06T16:53:03.456+0000] {logging_mixin.py:150} INFO - [2025-02-06T16:53:03.456+0000] {dag.py:3504} INFO - Setting next_dagrun for example_sensors to None, run_after=None
[2025-02-06T16:53:03.471+0000] {processor.py:179} INFO - Processing /home/vscode/.local/lib/python3.10/site-packages/airflow/example_dags/example_sensors.py took 0.058 seconds
[2025-02-06T16:53:47.393+0000] {processor.py:157} INFO - Started process (PID=11943) to work on /home/vscode/.local/lib/python3.10/site-packages/airflow/example_dags/example_sensors.py
[2025-02-06T16:53:47.394+0000] {processor.py:826} INFO - Processing file /home/vscode/.local/lib/python3.10/site-packages/airflow/example_dags/example_sensors.py for tasks to queue
[2025-02-06T16:53:47.395+0000] {logging_mixin.py:150} INFO - [2025-02-06T16:53:47.395+0000] {dagbag.py:541} INFO - Filling up the DagBag from /home/vscode/.local/lib/python3.10/site-packages/airflow/example_dags/example_sensors.py
[2025-02-06T16:53:47.403+0000] {processor.py:836} INFO - DAG(s) dict_keys(['example_sensors']) retrieved from /home/vscode/.local/lib/python3.10/site-packages/airflow/example_dags/example_sensors.py
[2025-02-06T16:53:47.419+0000] {logging_mixin.py:150} INFO - [2025-02-06T16:53:47.419+0000] {dag.py:2742} INFO - Sync 1 DAGs
[2025-02-06T16:53:47.434+0000] {logging_mixin.py:150} INFO - [2025-02-06T16:53:47.434+0000] {dag.py:3504} INFO - Setting next_dagrun for example_sensors to None, run_after=None
[2025-02-06T16:53:47.449+0000] {processor.py:179} INFO - Processing /home/vscode/.local/lib/python3.10/site-packages/airflow/example_dags/example_sensors.py took 0.058 seconds
[2025-02-06T16:54:37.081+0000] {processor.py:157} INFO - Started process (PID=12340) to work on /home/vscode/.local/lib/python3.10/site-packages/airflow/example_dags/example_sensors.py
[2025-02-06T16:54:37.082+0000] {processor.py:826} INFO - Processing file /home/vscode/.local/lib/python3.10/site-packages/airflow/example_dags/example_sensors.py for tasks to queue
[2025-02-06T16:54:37.083+0000] {logging_mixin.py:150} INFO - [2025-02-06T16:54:37.082+0000] {dagbag.py:541} INFO - Filling up the DagBag from /home/vscode/.local/lib/python3.10/site-packages/airflow/example_dags/example_sensors.py
[2025-02-06T16:54:37.091+0000] {processor.py:836} INFO - DAG(s) dict_keys(['example_sensors']) retrieved from /home/vscode/.local/lib/python3.10/site-packages/airflow/example_dags/example_sensors.py
[2025-02-06T16:54:37.107+0000] {logging_mixin.py:150} INFO - [2025-02-06T16:54:37.107+0000] {dag.py:2742} INFO - Sync 1 DAGs
[2025-02-06T16:54:37.122+0000] {logging_mixin.py:150} INFO - [2025-02-06T16:54:37.122+0000] {dag.py:3504} INFO - Setting next_dagrun for example_sensors to None, run_after=None
[2025-02-06T16:54:37.136+0000] {processor.py:179} INFO - Processing /home/vscode/.local/lib/python3.10/site-packages/airflow/example_dags/example_sensors.py took 0.059 seconds
[2025-02-06T16:55:26.251+0000] {processor.py:157} INFO - Started process (PID=12710) to work on /home/vscode/.local/lib/python3.10/site-packages/airflow/example_dags/example_sensors.py
[2025-02-06T16:55:26.251+0000] {processor.py:826} INFO - Processing file /home/vscode/.local/lib/python3.10/site-packages/airflow/example_dags/example_sensors.py for tasks to queue
[2025-02-06T16:55:26.252+0000] {logging_mixin.py:150} INFO - [2025-02-06T16:55:26.252+0000] {dagbag.py:541} INFO - Filling up the DagBag from /home/vscode/.local/lib/python3.10/site-packages/airflow/example_dags/example_sensors.py
[2025-02-06T16:55:26.261+0000] {processor.py:836} INFO - DAG(s) dict_keys(['example_sensors']) retrieved from /home/vscode/.local/lib/python3.10/site-packages/airflow/example_dags/example_sensors.py
[2025-02-06T16:55:26.277+0000] {logging_mixin.py:150} INFO - [2025-02-06T16:55:26.277+0000] {dag.py:2742} INFO - Sync 1 DAGs
[2025-02-06T16:55:26.295+0000] {logging_mixin.py:150} INFO - [2025-02-06T16:55:26.294+0000] {dag.py:3504} INFO - Setting next_dagrun for example_sensors to None, run_after=None
[2025-02-06T16:55:26.311+0000] {processor.py:179} INFO - Processing /home/vscode/.local/lib/python3.10/site-packages/airflow/example_dags/example_sensors.py took 0.063 seconds
[2025-02-06T16:56:15.065+0000] {processor.py:157} INFO - Started process (PID=13187) to work on /home/vscode/.local/lib/python3.10/site-packages/airflow/example_dags/example_sensors.py
[2025-02-06T16:56:15.066+0000] {processor.py:826} INFO - Processing file /home/vscode/.local/lib/python3.10/site-packages/airflow/example_dags/example_sensors.py for tasks to queue
[2025-02-06T16:56:15.067+0000] {logging_mixin.py:150} INFO - [2025-02-06T16:56:15.067+0000] {dagbag.py:541} INFO - Filling up the DagBag from /home/vscode/.local/lib/python3.10/site-packages/airflow/example_dags/example_sensors.py
[2025-02-06T16:56:15.075+0000] {processor.py:836} INFO - DAG(s) dict_keys(['example_sensors']) retrieved from /home/vscode/.local/lib/python3.10/site-packages/airflow/example_dags/example_sensors.py
[2025-02-06T16:56:15.091+0000] {logging_mixin.py:150} INFO - [2025-02-06T16:56:15.090+0000] {dag.py:2742} INFO - Sync 1 DAGs
[2025-02-06T16:56:15.105+0000] {logging_mixin.py:150} INFO - [2025-02-06T16:56:15.105+0000] {dag.py:3504} INFO - Setting next_dagrun for example_sensors to None, run_after=None
[2025-02-06T16:56:15.121+0000] {processor.py:179} INFO - Processing /home/vscode/.local/lib/python3.10/site-packages/airflow/example_dags/example_sensors.py took 0.058 seconds
[2025-02-06T16:57:09.665+0000] {processor.py:157} INFO - Started process (PID=13598) to work on /home/vscode/.local/lib/python3.10/site-packages/airflow/example_dags/example_sensors.py
[2025-02-06T16:57:09.666+0000] {processor.py:826} INFO - Processing file /home/vscode/.local/lib/python3.10/site-packages/airflow/example_dags/example_sensors.py for tasks to queue
[2025-02-06T16:57:09.667+0000] {logging_mixin.py:150} INFO - [2025-02-06T16:57:09.667+0000] {dagbag.py:541} INFO - Filling up the DagBag from /home/vscode/.local/lib/python3.10/site-packages/airflow/example_dags/example_sensors.py
[2025-02-06T16:57:09.675+0000] {processor.py:836} INFO - DAG(s) dict_keys(['example_sensors']) retrieved from /home/vscode/.local/lib/python3.10/site-packages/airflow/example_dags/example_sensors.py
[2025-02-06T16:57:09.698+0000] {logging_mixin.py:150} INFO - [2025-02-06T16:57:09.697+0000] {dag.py:2742} INFO - Sync 1 DAGs
[2025-02-06T16:57:09.716+0000] {logging_mixin.py:150} INFO - [2025-02-06T16:57:09.716+0000] {dag.py:3504} INFO - Setting next_dagrun for example_sensors to None, run_after=None
[2025-02-06T16:57:09.731+0000] {processor.py:179} INFO - Processing /home/vscode/.local/lib/python3.10/site-packages/airflow/example_dags/example_sensors.py took 0.069 seconds
[2025-02-06T16:57:54.155+0000] {processor.py:157} INFO - Started process (PID=13937) to work on /home/vscode/.local/lib/python3.10/site-packages/airflow/example_dags/example_sensors.py
[2025-02-06T16:57:54.156+0000] {processor.py:826} INFO - Processing file /home/vscode/.local/lib/python3.10/site-packages/airflow/example_dags/example_sensors.py for tasks to queue
[2025-02-06T16:57:54.157+0000] {logging_mixin.py:150} INFO - [2025-02-06T16:57:54.157+0000] {dagbag.py:541} INFO - Filling up the DagBag from /home/vscode/.local/lib/python3.10/site-packages/airflow/example_dags/example_sensors.py
[2025-02-06T16:57:54.165+0000] {processor.py:836} INFO - DAG(s) dict_keys(['example_sensors']) retrieved from /home/vscode/.local/lib/python3.10/site-packages/airflow/example_dags/example_sensors.py
[2025-02-06T16:57:54.182+0000] {logging_mixin.py:150} INFO - [2025-02-06T16:57:54.181+0000] {dag.py:2742} INFO - Sync 1 DAGs
[2025-02-06T16:57:54.197+0000] {logging_mixin.py:150} INFO - [2025-02-06T16:57:54.196+0000] {dag.py:3504} INFO - Setting next_dagrun for example_sensors to None, run_after=None
[2025-02-06T16:57:54.212+0000] {processor.py:179} INFO - Processing /home/vscode/.local/lib/python3.10/site-packages/airflow/example_dags/example_sensors.py took 0.059 seconds
[2025-02-06T18:08:05.833+0000] {processor.py:157} INFO - Started process (PID=5095) to work on /home/vscode/.local/lib/python3.10/site-packages/airflow/example_dags/example_sensors.py
[2025-02-06T18:08:05.835+0000] {processor.py:826} INFO - Processing file /home/vscode/.local/lib/python3.10/site-packages/airflow/example_dags/example_sensors.py for tasks to queue
[2025-02-06T18:08:05.835+0000] {logging_mixin.py:150} INFO - [2025-02-06T18:08:05.835+0000] {dagbag.py:541} INFO - Filling up the DagBag from /home/vscode/.local/lib/python3.10/site-packages/airflow/example_dags/example_sensors.py
[2025-02-06T18:08:05.847+0000] {processor.py:836} INFO - DAG(s) dict_keys(['example_sensors']) retrieved from /home/vscode/.local/lib/python3.10/site-packages/airflow/example_dags/example_sensors.py
[2025-02-06T18:08:05.922+0000] {logging_mixin.py:150} INFO - [2025-02-06T18:08:05.922+0000] {manager.py:504} INFO - Created Permission View: can read on DAG:example_sensors
[2025-02-06T18:08:05.931+0000] {logging_mixin.py:150} INFO - [2025-02-06T18:08:05.931+0000] {manager.py:504} INFO - Created Permission View: can delete on DAG:example_sensors
[2025-02-06T18:08:05.937+0000] {logging_mixin.py:150} INFO - [2025-02-06T18:08:05.937+0000] {manager.py:504} INFO - Created Permission View: can edit on DAG:example_sensors
[2025-02-06T18:08:05.947+0000] {logging_mixin.py:150} INFO - [2025-02-06T18:08:05.947+0000] {dag.py:2742} INFO - Sync 1 DAGs
[2025-02-06T18:08:05.957+0000] {logging_mixin.py:150} INFO - [2025-02-06T18:08:05.957+0000] {dag.py:2763} INFO - Creating ORM DAG for example_sensors
[2025-02-06T18:08:05.965+0000] {logging_mixin.py:150} INFO - [2025-02-06T18:08:05.965+0000] {dag.py:3504} INFO - Setting next_dagrun for example_sensors to None, run_after=None
[2025-02-06T18:08:05.982+0000] {processor.py:179} INFO - Processing /home/vscode/.local/lib/python3.10/site-packages/airflow/example_dags/example_sensors.py took 0.152 seconds
