[2025-02-06T16:44:30.368+0000] {processor.py:157} INFO - Started process (PID=8033) to work on /home/vscode/.local/lib/python3.10/site-packages/airflow/example_dags/example_subdag_operator.py
[2025-02-06T16:44:30.368+0000] {processor.py:826} INFO - Processing file /home/vscode/.local/lib/python3.10/site-packages/airflow/example_dags/example_subdag_operator.py for tasks to queue
[2025-02-06T16:44:30.369+0000] {logging_mixin.py:150} INFO - [2025-02-06T16:44:30.369+0000] {dagbag.py:541} INFO - Filling up the DagBag from /home/vscode/.local/lib/python3.10/site-packages/airflow/example_dags/example_subdag_operator.py
[2025-02-06T16:44:30.385+0000] {processor.py:836} INFO - DAG(s) dict_keys(['example_subdag_operator.section-1', 'example_subdag_operator.section-2', 'example_subdag_operator']) retrieved from /home/vscode/.local/lib/python3.10/site-packages/airflow/example_dags/example_subdag_operator.py
[2025-02-06T16:44:30.596+0000] {logging_mixin.py:150} INFO - [2025-02-06T16:44:30.596+0000] {manager.py:504} INFO - Created Permission View: can read on DAG:example_subdag_operator
[2025-02-06T16:44:30.605+0000] {logging_mixin.py:150} INFO - [2025-02-06T16:44:30.604+0000] {manager.py:504} INFO - Created Permission View: can delete on DAG:example_subdag_operator
[2025-02-06T16:44:30.610+0000] {logging_mixin.py:150} INFO - [2025-02-06T16:44:30.610+0000] {manager.py:504} INFO - Created Permission View: can edit on DAG:example_subdag_operator
[2025-02-06T16:44:30.618+0000] {logging_mixin.py:150} INFO - [2025-02-06T16:44:30.618+0000] {dag.py:2742} INFO - Sync 3 DAGs
[2025-02-06T16:44:30.624+0000] {logging_mixin.py:150} INFO - [2025-02-06T16:44:30.624+0000] {dag.py:2763} INFO - Creating ORM DAG for example_subdag_operator.section-2
[2025-02-06T16:44:30.625+0000] {logging_mixin.py:150} INFO - [2025-02-06T16:44:30.625+0000] {dag.py:2763} INFO - Creating ORM DAG for example_subdag_operator.section-1
[2025-02-06T16:44:30.625+0000] {logging_mixin.py:150} INFO - [2025-02-06T16:44:30.625+0000] {dag.py:2763} INFO - Creating ORM DAG for example_subdag_operator
[2025-02-06T16:44:30.632+0000] {logging_mixin.py:150} INFO - [2025-02-06T16:44:30.631+0000] {dag.py:3504} INFO - Setting next_dagrun for example_subdag_operator to 2022-01-01T00:00:00+00:00, run_after=2022-01-01T00:00:00+00:00
[2025-02-06T16:44:30.632+0000] {logging_mixin.py:150} INFO - [2025-02-06T16:44:30.632+0000] {dag.py:3504} INFO - Setting next_dagrun for example_subdag_operator.section-1 to None, run_after=None
[2025-02-06T16:44:30.632+0000] {logging_mixin.py:150} INFO - [2025-02-06T16:44:30.632+0000] {dag.py:3504} INFO - Setting next_dagrun for example_subdag_operator.section-2 to None, run_after=None
[2025-02-06T16:44:30.638+0000] {logging_mixin.py:150} INFO - [2025-02-06T16:44:30.638+0000] {dag.py:2742} INFO - Sync 2 DAGs
[2025-02-06T16:44:30.642+0000] {logging_mixin.py:150} INFO - [2025-02-06T16:44:30.642+0000] {dag.py:3504} INFO - Setting next_dagrun for example_subdag_operator.section-1 to None, run_after=None
[2025-02-06T16:44:30.643+0000] {logging_mixin.py:150} INFO - [2025-02-06T16:44:30.643+0000] {dag.py:3504} INFO - Setting next_dagrun for example_subdag_operator.section-2 to None, run_after=None
[2025-02-06T16:44:30.655+0000] {processor.py:179} INFO - Processing /home/vscode/.local/lib/python3.10/site-packages/airflow/example_dags/example_subdag_operator.py took 0.291 seconds
[2025-02-06T16:45:24.149+0000] {processor.py:157} INFO - Started process (PID=8411) to work on /home/vscode/.local/lib/python3.10/site-packages/airflow/example_dags/example_subdag_operator.py
[2025-02-06T16:45:24.150+0000] {processor.py:826} INFO - Processing file /home/vscode/.local/lib/python3.10/site-packages/airflow/example_dags/example_subdag_operator.py for tasks to queue
[2025-02-06T16:45:24.151+0000] {logging_mixin.py:150} INFO - [2025-02-06T16:45:24.151+0000] {dagbag.py:541} INFO - Filling up the DagBag from /home/vscode/.local/lib/python3.10/site-packages/airflow/example_dags/example_subdag_operator.py
[2025-02-06T16:45:24.167+0000] {processor.py:836} INFO - DAG(s) dict_keys(['example_subdag_operator.section-1', 'example_subdag_operator.section-2', 'example_subdag_operator']) retrieved from /home/vscode/.local/lib/python3.10/site-packages/airflow/example_dags/example_subdag_operator.py
[2025-02-06T16:45:24.179+0000] {logging_mixin.py:150} INFO - [2025-02-06T16:45:24.179+0000] {dag.py:2742} INFO - Sync 3 DAGs
[2025-02-06T16:45:24.193+0000] {logging_mixin.py:150} INFO - [2025-02-06T16:45:24.193+0000] {dag.py:3504} INFO - Setting next_dagrun for example_subdag_operator to 2022-01-01T00:00:00+00:00, run_after=2022-01-01T00:00:00+00:00
[2025-02-06T16:45:24.195+0000] {logging_mixin.py:150} INFO - [2025-02-06T16:45:24.195+0000] {dag.py:3504} INFO - Setting next_dagrun for example_subdag_operator.section-1 to None, run_after=None
[2025-02-06T16:45:24.196+0000] {logging_mixin.py:150} INFO - [2025-02-06T16:45:24.196+0000] {dag.py:3504} INFO - Setting next_dagrun for example_subdag_operator.section-2 to None, run_after=None
[2025-02-06T16:45:24.200+0000] {logging_mixin.py:150} INFO - [2025-02-06T16:45:24.200+0000] {dag.py:2742} INFO - Sync 2 DAGs
[2025-02-06T16:45:24.203+0000] {logging_mixin.py:150} INFO - [2025-02-06T16:45:24.203+0000] {dag.py:3504} INFO - Setting next_dagrun for example_subdag_operator.section-1 to None, run_after=None
[2025-02-06T16:45:24.204+0000] {logging_mixin.py:150} INFO - [2025-02-06T16:45:24.204+0000] {dag.py:3504} INFO - Setting next_dagrun for example_subdag_operator.section-2 to None, run_after=None
[2025-02-06T16:45:24.213+0000] {processor.py:179} INFO - Processing /home/vscode/.local/lib/python3.10/site-packages/airflow/example_dags/example_subdag_operator.py took 0.066 seconds
[2025-02-06T16:46:01.398+0000] {processor.py:157} INFO - Started process (PID=8669) to work on /home/vscode/.local/lib/python3.10/site-packages/airflow/example_dags/example_subdag_operator.py
[2025-02-06T16:46:01.399+0000] {processor.py:826} INFO - Processing file /home/vscode/.local/lib/python3.10/site-packages/airflow/example_dags/example_subdag_operator.py for tasks to queue
[2025-02-06T16:46:01.400+0000] {logging_mixin.py:150} INFO - [2025-02-06T16:46:01.399+0000] {dagbag.py:541} INFO - Filling up the DagBag from /home/vscode/.local/lib/python3.10/site-packages/airflow/example_dags/example_subdag_operator.py
[2025-02-06T16:46:01.416+0000] {processor.py:836} INFO - DAG(s) dict_keys(['example_subdag_operator.section-1', 'example_subdag_operator.section-2', 'example_subdag_operator']) retrieved from /home/vscode/.local/lib/python3.10/site-packages/airflow/example_dags/example_subdag_operator.py
[2025-02-06T16:46:01.429+0000] {logging_mixin.py:150} INFO - [2025-02-06T16:46:01.429+0000] {dag.py:2742} INFO - Sync 3 DAGs
[2025-02-06T16:46:01.444+0000] {logging_mixin.py:150} INFO - [2025-02-06T16:46:01.444+0000] {dag.py:3504} INFO - Setting next_dagrun for example_subdag_operator to 2022-01-01T00:00:00+00:00, run_after=2022-01-01T00:00:00+00:00
[2025-02-06T16:46:01.446+0000] {logging_mixin.py:150} INFO - [2025-02-06T16:46:01.446+0000] {dag.py:3504} INFO - Setting next_dagrun for example_subdag_operator.section-1 to None, run_after=None
[2025-02-06T16:46:01.447+0000] {logging_mixin.py:150} INFO - [2025-02-06T16:46:01.447+0000] {dag.py:3504} INFO - Setting next_dagrun for example_subdag_operator.section-2 to None, run_after=None
[2025-02-06T16:46:01.452+0000] {logging_mixin.py:150} INFO - [2025-02-06T16:46:01.452+0000] {dag.py:2742} INFO - Sync 2 DAGs
[2025-02-06T16:46:01.456+0000] {logging_mixin.py:150} INFO - [2025-02-06T16:46:01.456+0000] {dag.py:3504} INFO - Setting next_dagrun for example_subdag_operator.section-1 to None, run_after=None
[2025-02-06T16:46:01.456+0000] {logging_mixin.py:150} INFO - [2025-02-06T16:46:01.456+0000] {dag.py:3504} INFO - Setting next_dagrun for example_subdag_operator.section-2 to None, run_after=None
[2025-02-06T16:46:01.466+0000] {processor.py:179} INFO - Processing /home/vscode/.local/lib/python3.10/site-packages/airflow/example_dags/example_subdag_operator.py took 0.071 seconds
[2025-02-06T16:46:42.471+0000] {processor.py:157} INFO - Started process (PID=8952) to work on /home/vscode/.local/lib/python3.10/site-packages/airflow/example_dags/example_subdag_operator.py
[2025-02-06T16:46:42.472+0000] {processor.py:826} INFO - Processing file /home/vscode/.local/lib/python3.10/site-packages/airflow/example_dags/example_subdag_operator.py for tasks to queue
[2025-02-06T16:46:42.473+0000] {logging_mixin.py:150} INFO - [2025-02-06T16:46:42.472+0000] {dagbag.py:541} INFO - Filling up the DagBag from /home/vscode/.local/lib/python3.10/site-packages/airflow/example_dags/example_subdag_operator.py
[2025-02-06T16:46:42.489+0000] {processor.py:836} INFO - DAG(s) dict_keys(['example_subdag_operator.section-1', 'example_subdag_operator.section-2', 'example_subdag_operator']) retrieved from /home/vscode/.local/lib/python3.10/site-packages/airflow/example_dags/example_subdag_operator.py
[2025-02-06T16:46:42.501+0000] {logging_mixin.py:150} INFO - [2025-02-06T16:46:42.501+0000] {dag.py:2742} INFO - Sync 3 DAGs
[2025-02-06T16:46:42.516+0000] {logging_mixin.py:150} INFO - [2025-02-06T16:46:42.516+0000] {dag.py:3504} INFO - Setting next_dagrun for example_subdag_operator to 2022-01-01T00:00:00+00:00, run_after=2022-01-01T00:00:00+00:00
[2025-02-06T16:46:42.518+0000] {logging_mixin.py:150} INFO - [2025-02-06T16:46:42.518+0000] {dag.py:3504} INFO - Setting next_dagrun for example_subdag_operator.section-1 to None, run_after=None
[2025-02-06T16:46:42.519+0000] {logging_mixin.py:150} INFO - [2025-02-06T16:46:42.519+0000] {dag.py:3504} INFO - Setting next_dagrun for example_subdag_operator.section-2 to None, run_after=None
[2025-02-06T16:46:42.524+0000] {logging_mixin.py:150} INFO - [2025-02-06T16:46:42.524+0000] {dag.py:2742} INFO - Sync 2 DAGs
[2025-02-06T16:46:42.527+0000] {logging_mixin.py:150} INFO - [2025-02-06T16:46:42.527+0000] {dag.py:3504} INFO - Setting next_dagrun for example_subdag_operator.section-1 to None, run_after=None
[2025-02-06T16:46:42.527+0000] {logging_mixin.py:150} INFO - [2025-02-06T16:46:42.527+0000] {dag.py:3504} INFO - Setting next_dagrun for example_subdag_operator.section-2 to None, run_after=None
[2025-02-06T16:46:42.537+0000] {processor.py:179} INFO - Processing /home/vscode/.local/lib/python3.10/site-packages/airflow/example_dags/example_subdag_operator.py took 0.069 seconds
[2025-02-06T16:47:25.301+0000] {processor.py:157} INFO - Started process (PID=9240) to work on /home/vscode/.local/lib/python3.10/site-packages/airflow/example_dags/example_subdag_operator.py
[2025-02-06T16:47:25.302+0000] {processor.py:826} INFO - Processing file /home/vscode/.local/lib/python3.10/site-packages/airflow/example_dags/example_subdag_operator.py for tasks to queue
[2025-02-06T16:47:25.303+0000] {logging_mixin.py:150} INFO - [2025-02-06T16:47:25.303+0000] {dagbag.py:541} INFO - Filling up the DagBag from /home/vscode/.local/lib/python3.10/site-packages/airflow/example_dags/example_subdag_operator.py
[2025-02-06T16:47:25.319+0000] {processor.py:836} INFO - DAG(s) dict_keys(['example_subdag_operator.section-1', 'example_subdag_operator.section-2', 'example_subdag_operator']) retrieved from /home/vscode/.local/lib/python3.10/site-packages/airflow/example_dags/example_subdag_operator.py
[2025-02-06T16:47:25.330+0000] {logging_mixin.py:150} INFO - [2025-02-06T16:47:25.330+0000] {dag.py:2742} INFO - Sync 3 DAGs
[2025-02-06T16:47:25.344+0000] {logging_mixin.py:150} INFO - [2025-02-06T16:47:25.344+0000] {dag.py:3504} INFO - Setting next_dagrun for example_subdag_operator to 2022-01-01T00:00:00+00:00, run_after=2022-01-01T00:00:00+00:00
[2025-02-06T16:47:25.346+0000] {logging_mixin.py:150} INFO - [2025-02-06T16:47:25.346+0000] {dag.py:3504} INFO - Setting next_dagrun for example_subdag_operator.section-1 to None, run_after=None
[2025-02-06T16:47:25.347+0000] {logging_mixin.py:150} INFO - [2025-02-06T16:47:25.347+0000] {dag.py:3504} INFO - Setting next_dagrun for example_subdag_operator.section-2 to None, run_after=None
[2025-02-06T16:47:25.352+0000] {logging_mixin.py:150} INFO - [2025-02-06T16:47:25.352+0000] {dag.py:2742} INFO - Sync 2 DAGs
[2025-02-06T16:47:25.355+0000] {logging_mixin.py:150} INFO - [2025-02-06T16:47:25.355+0000] {dag.py:3504} INFO - Setting next_dagrun for example_subdag_operator.section-1 to None, run_after=None
[2025-02-06T16:47:25.355+0000] {logging_mixin.py:150} INFO - [2025-02-06T16:47:25.355+0000] {dag.py:3504} INFO - Setting next_dagrun for example_subdag_operator.section-2 to None, run_after=None
[2025-02-06T16:47:25.366+0000] {processor.py:179} INFO - Processing /home/vscode/.local/lib/python3.10/site-packages/airflow/example_dags/example_subdag_operator.py took 0.067 seconds
[2025-02-06T16:47:57.236+0000] {processor.py:157} INFO - Started process (PID=9458) to work on /home/vscode/.local/lib/python3.10/site-packages/airflow/example_dags/example_subdag_operator.py
[2025-02-06T16:47:57.237+0000] {processor.py:826} INFO - Processing file /home/vscode/.local/lib/python3.10/site-packages/airflow/example_dags/example_subdag_operator.py for tasks to queue
[2025-02-06T16:47:57.238+0000] {logging_mixin.py:150} INFO - [2025-02-06T16:47:57.237+0000] {dagbag.py:541} INFO - Filling up the DagBag from /home/vscode/.local/lib/python3.10/site-packages/airflow/example_dags/example_subdag_operator.py
[2025-02-06T16:47:57.254+0000] {processor.py:836} INFO - DAG(s) dict_keys(['example_subdag_operator.section-1', 'example_subdag_operator.section-2', 'example_subdag_operator']) retrieved from /home/vscode/.local/lib/python3.10/site-packages/airflow/example_dags/example_subdag_operator.py
[2025-02-06T16:47:57.267+0000] {logging_mixin.py:150} INFO - [2025-02-06T16:47:57.267+0000] {dag.py:2742} INFO - Sync 3 DAGs
[2025-02-06T16:47:57.281+0000] {logging_mixin.py:150} INFO - [2025-02-06T16:47:57.281+0000] {dag.py:3504} INFO - Setting next_dagrun for example_subdag_operator to 2022-01-01T00:00:00+00:00, run_after=2022-01-01T00:00:00+00:00
[2025-02-06T16:47:57.284+0000] {logging_mixin.py:150} INFO - [2025-02-06T16:47:57.284+0000] {dag.py:3504} INFO - Setting next_dagrun for example_subdag_operator.section-1 to None, run_after=None
[2025-02-06T16:47:57.285+0000] {logging_mixin.py:150} INFO - [2025-02-06T16:47:57.285+0000] {dag.py:3504} INFO - Setting next_dagrun for example_subdag_operator.section-2 to None, run_after=None
[2025-02-06T16:47:57.289+0000] {logging_mixin.py:150} INFO - [2025-02-06T16:47:57.289+0000] {dag.py:2742} INFO - Sync 2 DAGs
[2025-02-06T16:47:57.293+0000] {logging_mixin.py:150} INFO - [2025-02-06T16:47:57.292+0000] {dag.py:3504} INFO - Setting next_dagrun for example_subdag_operator.section-1 to None, run_after=None
[2025-02-06T16:47:57.293+0000] {logging_mixin.py:150} INFO - [2025-02-06T16:47:57.293+0000] {dag.py:3504} INFO - Setting next_dagrun for example_subdag_operator.section-2 to None, run_after=None
[2025-02-06T16:47:57.302+0000] {processor.py:179} INFO - Processing /home/vscode/.local/lib/python3.10/site-packages/airflow/example_dags/example_subdag_operator.py took 0.069 seconds
[2025-02-06T16:48:42.927+0000] {processor.py:157} INFO - Started process (PID=9771) to work on /home/vscode/.local/lib/python3.10/site-packages/airflow/example_dags/example_subdag_operator.py
[2025-02-06T16:48:42.928+0000] {processor.py:826} INFO - Processing file /home/vscode/.local/lib/python3.10/site-packages/airflow/example_dags/example_subdag_operator.py for tasks to queue
[2025-02-06T16:48:42.929+0000] {logging_mixin.py:150} INFO - [2025-02-06T16:48:42.928+0000] {dagbag.py:541} INFO - Filling up the DagBag from /home/vscode/.local/lib/python3.10/site-packages/airflow/example_dags/example_subdag_operator.py
[2025-02-06T16:48:42.945+0000] {processor.py:836} INFO - DAG(s) dict_keys(['example_subdag_operator.section-1', 'example_subdag_operator.section-2', 'example_subdag_operator']) retrieved from /home/vscode/.local/lib/python3.10/site-packages/airflow/example_dags/example_subdag_operator.py
[2025-02-06T16:48:42.957+0000] {logging_mixin.py:150} INFO - [2025-02-06T16:48:42.956+0000] {dag.py:2742} INFO - Sync 3 DAGs
[2025-02-06T16:48:42.971+0000] {logging_mixin.py:150} INFO - [2025-02-06T16:48:42.971+0000] {dag.py:3504} INFO - Setting next_dagrun for example_subdag_operator to 2022-01-01T00:00:00+00:00, run_after=2022-01-01T00:00:00+00:00
[2025-02-06T16:48:42.973+0000] {logging_mixin.py:150} INFO - [2025-02-06T16:48:42.973+0000] {dag.py:3504} INFO - Setting next_dagrun for example_subdag_operator.section-1 to None, run_after=None
[2025-02-06T16:48:42.974+0000] {logging_mixin.py:150} INFO - [2025-02-06T16:48:42.974+0000] {dag.py:3504} INFO - Setting next_dagrun for example_subdag_operator.section-2 to None, run_after=None
[2025-02-06T16:48:42.978+0000] {logging_mixin.py:150} INFO - [2025-02-06T16:48:42.978+0000] {dag.py:2742} INFO - Sync 2 DAGs
[2025-02-06T16:48:42.982+0000] {logging_mixin.py:150} INFO - [2025-02-06T16:48:42.981+0000] {dag.py:3504} INFO - Setting next_dagrun for example_subdag_operator.section-1 to None, run_after=None
[2025-02-06T16:48:42.982+0000] {logging_mixin.py:150} INFO - [2025-02-06T16:48:42.982+0000] {dag.py:3504} INFO - Setting next_dagrun for example_subdag_operator.section-2 to None, run_after=None
[2025-02-06T16:48:42.991+0000] {processor.py:179} INFO - Processing /home/vscode/.local/lib/python3.10/site-packages/airflow/example_dags/example_subdag_operator.py took 0.067 seconds
[2025-02-06T16:49:14.204+0000] {processor.py:157} INFO - Started process (PID=9994) to work on /home/vscode/.local/lib/python3.10/site-packages/airflow/example_dags/example_subdag_operator.py
[2025-02-06T16:49:14.205+0000] {processor.py:826} INFO - Processing file /home/vscode/.local/lib/python3.10/site-packages/airflow/example_dags/example_subdag_operator.py for tasks to queue
[2025-02-06T16:49:14.206+0000] {logging_mixin.py:150} INFO - [2025-02-06T16:49:14.205+0000] {dagbag.py:541} INFO - Filling up the DagBag from /home/vscode/.local/lib/python3.10/site-packages/airflow/example_dags/example_subdag_operator.py
[2025-02-06T16:49:14.222+0000] {processor.py:836} INFO - DAG(s) dict_keys(['example_subdag_operator.section-1', 'example_subdag_operator.section-2', 'example_subdag_operator']) retrieved from /home/vscode/.local/lib/python3.10/site-packages/airflow/example_dags/example_subdag_operator.py
[2025-02-06T16:49:14.235+0000] {logging_mixin.py:150} INFO - [2025-02-06T16:49:14.235+0000] {dag.py:2742} INFO - Sync 3 DAGs
[2025-02-06T16:49:14.250+0000] {logging_mixin.py:150} INFO - [2025-02-06T16:49:14.250+0000] {dag.py:3504} INFO - Setting next_dagrun for example_subdag_operator to 2022-01-01T00:00:00+00:00, run_after=2022-01-01T00:00:00+00:00
[2025-02-06T16:49:14.253+0000] {logging_mixin.py:150} INFO - [2025-02-06T16:49:14.253+0000] {dag.py:3504} INFO - Setting next_dagrun for example_subdag_operator.section-1 to None, run_after=None
[2025-02-06T16:49:14.253+0000] {logging_mixin.py:150} INFO - [2025-02-06T16:49:14.253+0000] {dag.py:3504} INFO - Setting next_dagrun for example_subdag_operator.section-2 to None, run_after=None
[2025-02-06T16:49:14.259+0000] {logging_mixin.py:150} INFO - [2025-02-06T16:49:14.258+0000] {dag.py:2742} INFO - Sync 2 DAGs
[2025-02-06T16:49:14.262+0000] {logging_mixin.py:150} INFO - [2025-02-06T16:49:14.262+0000] {dag.py:3504} INFO - Setting next_dagrun for example_subdag_operator.section-1 to None, run_after=None
[2025-02-06T16:49:14.262+0000] {logging_mixin.py:150} INFO - [2025-02-06T16:49:14.262+0000] {dag.py:3504} INFO - Setting next_dagrun for example_subdag_operator.section-2 to None, run_after=None
[2025-02-06T16:49:14.272+0000] {processor.py:179} INFO - Processing /home/vscode/.local/lib/python3.10/site-packages/airflow/example_dags/example_subdag_operator.py took 0.071 seconds
[2025-02-06T16:49:55.060+0000] {processor.py:157} INFO - Started process (PID=10300) to work on /home/vscode/.local/lib/python3.10/site-packages/airflow/example_dags/example_subdag_operator.py
[2025-02-06T16:49:55.061+0000] {processor.py:826} INFO - Processing file /home/vscode/.local/lib/python3.10/site-packages/airflow/example_dags/example_subdag_operator.py for tasks to queue
[2025-02-06T16:49:55.063+0000] {logging_mixin.py:150} INFO - [2025-02-06T16:49:55.062+0000] {dagbag.py:541} INFO - Filling up the DagBag from /home/vscode/.local/lib/python3.10/site-packages/airflow/example_dags/example_subdag_operator.py
[2025-02-06T16:49:55.081+0000] {processor.py:836} INFO - DAG(s) dict_keys(['example_subdag_operator.section-1', 'example_subdag_operator.section-2', 'example_subdag_operator']) retrieved from /home/vscode/.local/lib/python3.10/site-packages/airflow/example_dags/example_subdag_operator.py
[2025-02-06T16:49:55.094+0000] {logging_mixin.py:150} INFO - [2025-02-06T16:49:55.094+0000] {dag.py:2742} INFO - Sync 3 DAGs
[2025-02-06T16:49:55.109+0000] {logging_mixin.py:150} INFO - [2025-02-06T16:49:55.109+0000] {dag.py:3504} INFO - Setting next_dagrun for example_subdag_operator to 2022-01-01T00:00:00+00:00, run_after=2022-01-01T00:00:00+00:00
[2025-02-06T16:49:55.112+0000] {logging_mixin.py:150} INFO - [2025-02-06T16:49:55.111+0000] {dag.py:3504} INFO - Setting next_dagrun for example_subdag_operator.section-1 to None, run_after=None
[2025-02-06T16:49:55.112+0000] {logging_mixin.py:150} INFO - [2025-02-06T16:49:55.112+0000] {dag.py:3504} INFO - Setting next_dagrun for example_subdag_operator.section-2 to None, run_after=None
[2025-02-06T16:49:55.117+0000] {logging_mixin.py:150} INFO - [2025-02-06T16:49:55.117+0000] {dag.py:2742} INFO - Sync 2 DAGs
[2025-02-06T16:49:55.121+0000] {logging_mixin.py:150} INFO - [2025-02-06T16:49:55.120+0000] {dag.py:3504} INFO - Setting next_dagrun for example_subdag_operator.section-1 to None, run_after=None
[2025-02-06T16:49:55.121+0000] {logging_mixin.py:150} INFO - [2025-02-06T16:49:55.121+0000] {dag.py:3504} INFO - Setting next_dagrun for example_subdag_operator.section-2 to None, run_after=None
[2025-02-06T16:49:55.131+0000] {processor.py:179} INFO - Processing /home/vscode/.local/lib/python3.10/site-packages/airflow/example_dags/example_subdag_operator.py took 0.074 seconds
[2025-02-06T16:50:35.248+0000] {processor.py:157} INFO - Started process (PID=10603) to work on /home/vscode/.local/lib/python3.10/site-packages/airflow/example_dags/example_subdag_operator.py
[2025-02-06T16:50:35.249+0000] {processor.py:826} INFO - Processing file /home/vscode/.local/lib/python3.10/site-packages/airflow/example_dags/example_subdag_operator.py for tasks to queue
[2025-02-06T16:50:35.250+0000] {logging_mixin.py:150} INFO - [2025-02-06T16:50:35.249+0000] {dagbag.py:541} INFO - Filling up the DagBag from /home/vscode/.local/lib/python3.10/site-packages/airflow/example_dags/example_subdag_operator.py
[2025-02-06T16:50:35.266+0000] {processor.py:836} INFO - DAG(s) dict_keys(['example_subdag_operator.section-1', 'example_subdag_operator.section-2', 'example_subdag_operator']) retrieved from /home/vscode/.local/lib/python3.10/site-packages/airflow/example_dags/example_subdag_operator.py
[2025-02-06T16:50:35.278+0000] {logging_mixin.py:150} INFO - [2025-02-06T16:50:35.278+0000] {dag.py:2742} INFO - Sync 3 DAGs
[2025-02-06T16:50:35.293+0000] {logging_mixin.py:150} INFO - [2025-02-06T16:50:35.292+0000] {dag.py:3504} INFO - Setting next_dagrun for example_subdag_operator to 2022-01-01T00:00:00+00:00, run_after=2022-01-01T00:00:00+00:00
[2025-02-06T16:50:35.296+0000] {logging_mixin.py:150} INFO - [2025-02-06T16:50:35.296+0000] {dag.py:3504} INFO - Setting next_dagrun for example_subdag_operator.section-1 to None, run_after=None
[2025-02-06T16:50:35.297+0000] {logging_mixin.py:150} INFO - [2025-02-06T16:50:35.297+0000] {dag.py:3504} INFO - Setting next_dagrun for example_subdag_operator.section-2 to None, run_after=None
[2025-02-06T16:50:35.303+0000] {logging_mixin.py:150} INFO - [2025-02-06T16:50:35.303+0000] {dag.py:2742} INFO - Sync 2 DAGs
[2025-02-06T16:50:35.307+0000] {logging_mixin.py:150} INFO - [2025-02-06T16:50:35.307+0000] {dag.py:3504} INFO - Setting next_dagrun for example_subdag_operator.section-1 to None, run_after=None
[2025-02-06T16:50:35.307+0000] {logging_mixin.py:150} INFO - [2025-02-06T16:50:35.307+0000] {dag.py:3504} INFO - Setting next_dagrun for example_subdag_operator.section-2 to None, run_after=None
[2025-02-06T16:50:35.324+0000] {processor.py:179} INFO - Processing /home/vscode/.local/lib/python3.10/site-packages/airflow/example_dags/example_subdag_operator.py took 0.079 seconds
[2025-02-06T16:51:05.415+0000] {processor.py:157} INFO - Started process (PID=10835) to work on /home/vscode/.local/lib/python3.10/site-packages/airflow/example_dags/example_subdag_operator.py
[2025-02-06T16:51:05.416+0000] {processor.py:826} INFO - Processing file /home/vscode/.local/lib/python3.10/site-packages/airflow/example_dags/example_subdag_operator.py for tasks to queue
[2025-02-06T16:51:05.417+0000] {logging_mixin.py:150} INFO - [2025-02-06T16:51:05.416+0000] {dagbag.py:541} INFO - Filling up the DagBag from /home/vscode/.local/lib/python3.10/site-packages/airflow/example_dags/example_subdag_operator.py
[2025-02-06T16:51:05.433+0000] {processor.py:836} INFO - DAG(s) dict_keys(['example_subdag_operator.section-1', 'example_subdag_operator.section-2', 'example_subdag_operator']) retrieved from /home/vscode/.local/lib/python3.10/site-packages/airflow/example_dags/example_subdag_operator.py
[2025-02-06T16:51:05.445+0000] {logging_mixin.py:150} INFO - [2025-02-06T16:51:05.445+0000] {dag.py:2742} INFO - Sync 3 DAGs
[2025-02-06T16:51:05.459+0000] {logging_mixin.py:150} INFO - [2025-02-06T16:51:05.459+0000] {dag.py:3504} INFO - Setting next_dagrun for example_subdag_operator to 2022-01-01T00:00:00+00:00, run_after=2022-01-01T00:00:00+00:00
[2025-02-06T16:51:05.462+0000] {logging_mixin.py:150} INFO - [2025-02-06T16:51:05.461+0000] {dag.py:3504} INFO - Setting next_dagrun for example_subdag_operator.section-1 to None, run_after=None
[2025-02-06T16:51:05.463+0000] {logging_mixin.py:150} INFO - [2025-02-06T16:51:05.462+0000] {dag.py:3504} INFO - Setting next_dagrun for example_subdag_operator.section-2 to None, run_after=None
[2025-02-06T16:51:05.468+0000] {logging_mixin.py:150} INFO - [2025-02-06T16:51:05.468+0000] {dag.py:2742} INFO - Sync 2 DAGs
[2025-02-06T16:51:05.471+0000] {logging_mixin.py:150} INFO - [2025-02-06T16:51:05.470+0000] {dag.py:3504} INFO - Setting next_dagrun for example_subdag_operator.section-1 to None, run_after=None
[2025-02-06T16:51:05.471+0000] {logging_mixin.py:150} INFO - [2025-02-06T16:51:05.471+0000] {dag.py:3504} INFO - Setting next_dagrun for example_subdag_operator.section-2 to None, run_after=None
[2025-02-06T16:51:05.509+0000] {processor.py:179} INFO - Processing /home/vscode/.local/lib/python3.10/site-packages/airflow/example_dags/example_subdag_operator.py took 0.097 seconds
[2025-02-06T16:51:36.416+0000] {processor.py:157} INFO - Started process (PID=11053) to work on /home/vscode/.local/lib/python3.10/site-packages/airflow/example_dags/example_subdag_operator.py
[2025-02-06T16:51:36.417+0000] {processor.py:826} INFO - Processing file /home/vscode/.local/lib/python3.10/site-packages/airflow/example_dags/example_subdag_operator.py for tasks to queue
[2025-02-06T16:51:36.418+0000] {logging_mixin.py:150} INFO - [2025-02-06T16:51:36.418+0000] {dagbag.py:541} INFO - Filling up the DagBag from /home/vscode/.local/lib/python3.10/site-packages/airflow/example_dags/example_subdag_operator.py
[2025-02-06T16:51:36.434+0000] {processor.py:836} INFO - DAG(s) dict_keys(['example_subdag_operator.section-1', 'example_subdag_operator.section-2', 'example_subdag_operator']) retrieved from /home/vscode/.local/lib/python3.10/site-packages/airflow/example_dags/example_subdag_operator.py
[2025-02-06T16:51:36.445+0000] {logging_mixin.py:150} INFO - [2025-02-06T16:51:36.445+0000] {dag.py:2742} INFO - Sync 3 DAGs
[2025-02-06T16:51:36.460+0000] {logging_mixin.py:150} INFO - [2025-02-06T16:51:36.460+0000] {dag.py:3504} INFO - Setting next_dagrun for example_subdag_operator to 2022-01-01T00:00:00+00:00, run_after=2022-01-01T00:00:00+00:00
[2025-02-06T16:51:36.462+0000] {logging_mixin.py:150} INFO - [2025-02-06T16:51:36.462+0000] {dag.py:3504} INFO - Setting next_dagrun for example_subdag_operator.section-1 to None, run_after=None
[2025-02-06T16:51:36.463+0000] {logging_mixin.py:150} INFO - [2025-02-06T16:51:36.463+0000] {dag.py:3504} INFO - Setting next_dagrun for example_subdag_operator.section-2 to None, run_after=None
[2025-02-06T16:51:36.468+0000] {logging_mixin.py:150} INFO - [2025-02-06T16:51:36.468+0000] {dag.py:2742} INFO - Sync 2 DAGs
[2025-02-06T16:51:36.471+0000] {logging_mixin.py:150} INFO - [2025-02-06T16:51:36.471+0000] {dag.py:3504} INFO - Setting next_dagrun for example_subdag_operator.section-1 to None, run_after=None
[2025-02-06T16:51:36.472+0000] {logging_mixin.py:150} INFO - [2025-02-06T16:51:36.472+0000] {dag.py:3504} INFO - Setting next_dagrun for example_subdag_operator.section-2 to None, run_after=None
[2025-02-06T16:51:36.481+0000] {processor.py:179} INFO - Processing /home/vscode/.local/lib/python3.10/site-packages/airflow/example_dags/example_subdag_operator.py took 0.067 seconds
[2025-02-06T16:52:18.124+0000] {processor.py:157} INFO - Started process (PID=11340) to work on /home/vscode/.local/lib/python3.10/site-packages/airflow/example_dags/example_subdag_operator.py
[2025-02-06T16:52:18.125+0000] {processor.py:826} INFO - Processing file /home/vscode/.local/lib/python3.10/site-packages/airflow/example_dags/example_subdag_operator.py for tasks to queue
[2025-02-06T16:52:18.126+0000] {logging_mixin.py:150} INFO - [2025-02-06T16:52:18.125+0000] {dagbag.py:541} INFO - Filling up the DagBag from /home/vscode/.local/lib/python3.10/site-packages/airflow/example_dags/example_subdag_operator.py
[2025-02-06T16:52:18.144+0000] {processor.py:836} INFO - DAG(s) dict_keys(['example_subdag_operator.section-1', 'example_subdag_operator.section-2', 'example_subdag_operator']) retrieved from /home/vscode/.local/lib/python3.10/site-packages/airflow/example_dags/example_subdag_operator.py
[2025-02-06T16:52:18.156+0000] {logging_mixin.py:150} INFO - [2025-02-06T16:52:18.156+0000] {dag.py:2742} INFO - Sync 3 DAGs
[2025-02-06T16:52:18.170+0000] {logging_mixin.py:150} INFO - [2025-02-06T16:52:18.170+0000] {dag.py:3504} INFO - Setting next_dagrun for example_subdag_operator to 2022-01-01T00:00:00+00:00, run_after=2022-01-01T00:00:00+00:00
[2025-02-06T16:52:18.172+0000] {logging_mixin.py:150} INFO - [2025-02-06T16:52:18.172+0000] {dag.py:3504} INFO - Setting next_dagrun for example_subdag_operator.section-1 to None, run_after=None
[2025-02-06T16:52:18.173+0000] {logging_mixin.py:150} INFO - [2025-02-06T16:52:18.173+0000] {dag.py:3504} INFO - Setting next_dagrun for example_subdag_operator.section-2 to None, run_after=None
[2025-02-06T16:52:18.177+0000] {logging_mixin.py:150} INFO - [2025-02-06T16:52:18.177+0000] {dag.py:2742} INFO - Sync 2 DAGs
[2025-02-06T16:52:18.181+0000] {logging_mixin.py:150} INFO - [2025-02-06T16:52:18.180+0000] {dag.py:3504} INFO - Setting next_dagrun for example_subdag_operator.section-1 to None, run_after=None
[2025-02-06T16:52:18.181+0000] {logging_mixin.py:150} INFO - [2025-02-06T16:52:18.181+0000] {dag.py:3504} INFO - Setting next_dagrun for example_subdag_operator.section-2 to None, run_after=None
[2025-02-06T16:52:18.191+0000] {processor.py:179} INFO - Processing /home/vscode/.local/lib/python3.10/site-packages/airflow/example_dags/example_subdag_operator.py took 0.069 seconds
[2025-02-06T16:52:50.127+0000] {processor.py:157} INFO - Started process (PID=11551) to work on /home/vscode/.local/lib/python3.10/site-packages/airflow/example_dags/example_subdag_operator.py
[2025-02-06T16:52:50.127+0000] {processor.py:826} INFO - Processing file /home/vscode/.local/lib/python3.10/site-packages/airflow/example_dags/example_subdag_operator.py for tasks to queue
[2025-02-06T16:52:50.128+0000] {logging_mixin.py:150} INFO - [2025-02-06T16:52:50.128+0000] {dagbag.py:541} INFO - Filling up the DagBag from /home/vscode/.local/lib/python3.10/site-packages/airflow/example_dags/example_subdag_operator.py
[2025-02-06T16:52:50.144+0000] {processor.py:836} INFO - DAG(s) dict_keys(['example_subdag_operator.section-1', 'example_subdag_operator.section-2', 'example_subdag_operator']) retrieved from /home/vscode/.local/lib/python3.10/site-packages/airflow/example_dags/example_subdag_operator.py
[2025-02-06T16:52:50.156+0000] {logging_mixin.py:150} INFO - [2025-02-06T16:52:50.156+0000] {dag.py:2742} INFO - Sync 3 DAGs
[2025-02-06T16:52:50.170+0000] {logging_mixin.py:150} INFO - [2025-02-06T16:52:50.170+0000] {dag.py:3504} INFO - Setting next_dagrun for example_subdag_operator to 2022-01-01T00:00:00+00:00, run_after=2022-01-01T00:00:00+00:00
[2025-02-06T16:52:50.172+0000] {logging_mixin.py:150} INFO - [2025-02-06T16:52:50.172+0000] {dag.py:3504} INFO - Setting next_dagrun for example_subdag_operator.section-1 to None, run_after=None
[2025-02-06T16:52:50.173+0000] {logging_mixin.py:150} INFO - [2025-02-06T16:52:50.173+0000] {dag.py:3504} INFO - Setting next_dagrun for example_subdag_operator.section-2 to None, run_after=None
[2025-02-06T16:52:50.178+0000] {logging_mixin.py:150} INFO - [2025-02-06T16:52:50.178+0000] {dag.py:2742} INFO - Sync 2 DAGs
[2025-02-06T16:52:50.181+0000] {logging_mixin.py:150} INFO - [2025-02-06T16:52:50.181+0000] {dag.py:3504} INFO - Setting next_dagrun for example_subdag_operator.section-1 to None, run_after=None
[2025-02-06T16:52:50.181+0000] {logging_mixin.py:150} INFO - [2025-02-06T16:52:50.181+0000] {dag.py:3504} INFO - Setting next_dagrun for example_subdag_operator.section-2 to None, run_after=None
[2025-02-06T16:52:50.191+0000] {processor.py:179} INFO - Processing /home/vscode/.local/lib/python3.10/site-packages/airflow/example_dags/example_subdag_operator.py took 0.067 seconds
[2025-02-06T16:53:33.833+0000] {processor.py:157} INFO - Started process (PID=11855) to work on /home/vscode/.local/lib/python3.10/site-packages/airflow/example_dags/example_subdag_operator.py
[2025-02-06T16:53:33.834+0000] {processor.py:826} INFO - Processing file /home/vscode/.local/lib/python3.10/site-packages/airflow/example_dags/example_subdag_operator.py for tasks to queue
[2025-02-06T16:53:33.835+0000] {logging_mixin.py:150} INFO - [2025-02-06T16:53:33.834+0000] {dagbag.py:541} INFO - Filling up the DagBag from /home/vscode/.local/lib/python3.10/site-packages/airflow/example_dags/example_subdag_operator.py
[2025-02-06T16:53:33.852+0000] {processor.py:836} INFO - DAG(s) dict_keys(['example_subdag_operator.section-1', 'example_subdag_operator.section-2', 'example_subdag_operator']) retrieved from /home/vscode/.local/lib/python3.10/site-packages/airflow/example_dags/example_subdag_operator.py
[2025-02-06T16:53:33.864+0000] {logging_mixin.py:150} INFO - [2025-02-06T16:53:33.864+0000] {dag.py:2742} INFO - Sync 3 DAGs
[2025-02-06T16:53:33.879+0000] {logging_mixin.py:150} INFO - [2025-02-06T16:53:33.879+0000] {dag.py:3504} INFO - Setting next_dagrun for example_subdag_operator to 2022-01-01T00:00:00+00:00, run_after=2022-01-01T00:00:00+00:00
[2025-02-06T16:53:33.881+0000] {logging_mixin.py:150} INFO - [2025-02-06T16:53:33.881+0000] {dag.py:3504} INFO - Setting next_dagrun for example_subdag_operator.section-1 to None, run_after=None
[2025-02-06T16:53:33.882+0000] {logging_mixin.py:150} INFO - [2025-02-06T16:53:33.882+0000] {dag.py:3504} INFO - Setting next_dagrun for example_subdag_operator.section-2 to None, run_after=None
[2025-02-06T16:53:33.886+0000] {logging_mixin.py:150} INFO - [2025-02-06T16:53:33.886+0000] {dag.py:2742} INFO - Sync 2 DAGs
[2025-02-06T16:53:33.889+0000] {logging_mixin.py:150} INFO - [2025-02-06T16:53:33.889+0000] {dag.py:3504} INFO - Setting next_dagrun for example_subdag_operator.section-1 to None, run_after=None
[2025-02-06T16:53:33.890+0000] {logging_mixin.py:150} INFO - [2025-02-06T16:53:33.889+0000] {dag.py:3504} INFO - Setting next_dagrun for example_subdag_operator.section-2 to None, run_after=None
[2025-02-06T16:53:33.900+0000] {processor.py:179} INFO - Processing /home/vscode/.local/lib/python3.10/site-packages/airflow/example_dags/example_subdag_operator.py took 0.069 seconds
[2025-02-06T16:54:05.103+0000] {processor.py:157} INFO - Started process (PID=12068) to work on /home/vscode/.local/lib/python3.10/site-packages/airflow/example_dags/example_subdag_operator.py
[2025-02-06T16:54:05.104+0000] {processor.py:826} INFO - Processing file /home/vscode/.local/lib/python3.10/site-packages/airflow/example_dags/example_subdag_operator.py for tasks to queue
[2025-02-06T16:54:05.105+0000] {logging_mixin.py:150} INFO - [2025-02-06T16:54:05.104+0000] {dagbag.py:541} INFO - Filling up the DagBag from /home/vscode/.local/lib/python3.10/site-packages/airflow/example_dags/example_subdag_operator.py
[2025-02-06T16:54:05.121+0000] {processor.py:836} INFO - DAG(s) dict_keys(['example_subdag_operator.section-1', 'example_subdag_operator.section-2', 'example_subdag_operator']) retrieved from /home/vscode/.local/lib/python3.10/site-packages/airflow/example_dags/example_subdag_operator.py
[2025-02-06T16:54:05.132+0000] {logging_mixin.py:150} INFO - [2025-02-06T16:54:05.132+0000] {dag.py:2742} INFO - Sync 3 DAGs
[2025-02-06T16:54:05.146+0000] {logging_mixin.py:150} INFO - [2025-02-06T16:54:05.146+0000] {dag.py:3504} INFO - Setting next_dagrun for example_subdag_operator to 2022-01-01T00:00:00+00:00, run_after=2022-01-01T00:00:00+00:00
[2025-02-06T16:54:05.149+0000] {logging_mixin.py:150} INFO - [2025-02-06T16:54:05.148+0000] {dag.py:3504} INFO - Setting next_dagrun for example_subdag_operator.section-1 to None, run_after=None
[2025-02-06T16:54:05.149+0000] {logging_mixin.py:150} INFO - [2025-02-06T16:54:05.149+0000] {dag.py:3504} INFO - Setting next_dagrun for example_subdag_operator.section-2 to None, run_after=None
[2025-02-06T16:54:05.154+0000] {logging_mixin.py:150} INFO - [2025-02-06T16:54:05.154+0000] {dag.py:2742} INFO - Sync 2 DAGs
[2025-02-06T16:54:05.157+0000] {logging_mixin.py:150} INFO - [2025-02-06T16:54:05.157+0000] {dag.py:3504} INFO - Setting next_dagrun for example_subdag_operator.section-1 to None, run_after=None
[2025-02-06T16:54:05.157+0000] {logging_mixin.py:150} INFO - [2025-02-06T16:54:05.157+0000] {dag.py:3504} INFO - Setting next_dagrun for example_subdag_operator.section-2 to None, run_after=None
[2025-02-06T16:54:05.167+0000] {processor.py:179} INFO - Processing /home/vscode/.local/lib/python3.10/site-packages/airflow/example_dags/example_subdag_operator.py took 0.066 seconds
[2025-02-06T16:54:37.699+0000] {processor.py:157} INFO - Started process (PID=12345) to work on /home/vscode/.local/lib/python3.10/site-packages/airflow/example_dags/example_subdag_operator.py
[2025-02-06T16:54:37.700+0000] {processor.py:826} INFO - Processing file /home/vscode/.local/lib/python3.10/site-packages/airflow/example_dags/example_subdag_operator.py for tasks to queue
[2025-02-06T16:54:37.701+0000] {logging_mixin.py:150} INFO - [2025-02-06T16:54:37.701+0000] {dagbag.py:541} INFO - Filling up the DagBag from /home/vscode/.local/lib/python3.10/site-packages/airflow/example_dags/example_subdag_operator.py
[2025-02-06T16:54:37.717+0000] {processor.py:836} INFO - DAG(s) dict_keys(['example_subdag_operator.section-1', 'example_subdag_operator.section-2', 'example_subdag_operator']) retrieved from /home/vscode/.local/lib/python3.10/site-packages/airflow/example_dags/example_subdag_operator.py
[2025-02-06T16:54:37.729+0000] {logging_mixin.py:150} INFO - [2025-02-06T16:54:37.729+0000] {dag.py:2742} INFO - Sync 3 DAGs
[2025-02-06T16:54:37.744+0000] {logging_mixin.py:150} INFO - [2025-02-06T16:54:37.743+0000] {dag.py:3504} INFO - Setting next_dagrun for example_subdag_operator to 2022-01-01T00:00:00+00:00, run_after=2022-01-01T00:00:00+00:00
[2025-02-06T16:54:37.746+0000] {logging_mixin.py:150} INFO - [2025-02-06T16:54:37.746+0000] {dag.py:3504} INFO - Setting next_dagrun for example_subdag_operator.section-1 to None, run_after=None
[2025-02-06T16:54:37.747+0000] {logging_mixin.py:150} INFO - [2025-02-06T16:54:37.746+0000] {dag.py:3504} INFO - Setting next_dagrun for example_subdag_operator.section-2 to None, run_after=None
[2025-02-06T16:54:37.751+0000] {logging_mixin.py:150} INFO - [2025-02-06T16:54:37.751+0000] {dag.py:2742} INFO - Sync 2 DAGs
[2025-02-06T16:54:37.754+0000] {logging_mixin.py:150} INFO - [2025-02-06T16:54:37.754+0000] {dag.py:3504} INFO - Setting next_dagrun for example_subdag_operator.section-1 to None, run_after=None
[2025-02-06T16:54:37.754+0000] {logging_mixin.py:150} INFO - [2025-02-06T16:54:37.754+0000] {dag.py:3504} INFO - Setting next_dagrun for example_subdag_operator.section-2 to None, run_after=None
[2025-02-06T16:54:37.764+0000] {processor.py:179} INFO - Processing /home/vscode/.local/lib/python3.10/site-packages/airflow/example_dags/example_subdag_operator.py took 0.067 seconds
[2025-02-06T16:55:10.566+0000] {processor.py:157} INFO - Started process (PID=12602) to work on /home/vscode/.local/lib/python3.10/site-packages/airflow/example_dags/example_subdag_operator.py
[2025-02-06T16:55:10.567+0000] {processor.py:826} INFO - Processing file /home/vscode/.local/lib/python3.10/site-packages/airflow/example_dags/example_subdag_operator.py for tasks to queue
[2025-02-06T16:55:10.568+0000] {logging_mixin.py:150} INFO - [2025-02-06T16:55:10.568+0000] {dagbag.py:541} INFO - Filling up the DagBag from /home/vscode/.local/lib/python3.10/site-packages/airflow/example_dags/example_subdag_operator.py
[2025-02-06T16:55:10.584+0000] {processor.py:836} INFO - DAG(s) dict_keys(['example_subdag_operator.section-1', 'example_subdag_operator.section-2', 'example_subdag_operator']) retrieved from /home/vscode/.local/lib/python3.10/site-packages/airflow/example_dags/example_subdag_operator.py
[2025-02-06T16:55:10.595+0000] {logging_mixin.py:150} INFO - [2025-02-06T16:55:10.595+0000] {dag.py:2742} INFO - Sync 3 DAGs
[2025-02-06T16:55:10.610+0000] {logging_mixin.py:150} INFO - [2025-02-06T16:55:10.609+0000] {dag.py:3504} INFO - Setting next_dagrun for example_subdag_operator to 2022-01-01T00:00:00+00:00, run_after=2022-01-01T00:00:00+00:00
[2025-02-06T16:55:10.612+0000] {logging_mixin.py:150} INFO - [2025-02-06T16:55:10.612+0000] {dag.py:3504} INFO - Setting next_dagrun for example_subdag_operator.section-1 to None, run_after=None
[2025-02-06T16:55:10.613+0000] {logging_mixin.py:150} INFO - [2025-02-06T16:55:10.612+0000] {dag.py:3504} INFO - Setting next_dagrun for example_subdag_operator.section-2 to None, run_after=None
[2025-02-06T16:55:10.617+0000] {logging_mixin.py:150} INFO - [2025-02-06T16:55:10.617+0000] {dag.py:2742} INFO - Sync 2 DAGs
[2025-02-06T16:55:10.620+0000] {logging_mixin.py:150} INFO - [2025-02-06T16:55:10.620+0000] {dag.py:3504} INFO - Setting next_dagrun for example_subdag_operator.section-1 to None, run_after=None
[2025-02-06T16:55:10.620+0000] {logging_mixin.py:150} INFO - [2025-02-06T16:55:10.620+0000] {dag.py:3504} INFO - Setting next_dagrun for example_subdag_operator.section-2 to None, run_after=None
[2025-02-06T16:55:10.630+0000] {processor.py:179} INFO - Processing /home/vscode/.local/lib/python3.10/site-packages/airflow/example_dags/example_subdag_operator.py took 0.067 seconds
[2025-02-06T16:55:44.421+0000] {processor.py:157} INFO - Started process (PID=12907) to work on /home/vscode/.local/lib/python3.10/site-packages/airflow/example_dags/example_subdag_operator.py
[2025-02-06T16:55:44.422+0000] {processor.py:826} INFO - Processing file /home/vscode/.local/lib/python3.10/site-packages/airflow/example_dags/example_subdag_operator.py for tasks to queue
[2025-02-06T16:55:44.422+0000] {logging_mixin.py:150} INFO - [2025-02-06T16:55:44.422+0000] {dagbag.py:541} INFO - Filling up the DagBag from /home/vscode/.local/lib/python3.10/site-packages/airflow/example_dags/example_subdag_operator.py
[2025-02-06T16:55:44.439+0000] {processor.py:836} INFO - DAG(s) dict_keys(['example_subdag_operator.section-1', 'example_subdag_operator.section-2', 'example_subdag_operator']) retrieved from /home/vscode/.local/lib/python3.10/site-packages/airflow/example_dags/example_subdag_operator.py
[2025-02-06T16:55:44.450+0000] {logging_mixin.py:150} INFO - [2025-02-06T16:55:44.450+0000] {dag.py:2742} INFO - Sync 3 DAGs
[2025-02-06T16:55:44.469+0000] {logging_mixin.py:150} INFO - [2025-02-06T16:55:44.469+0000] {dag.py:3504} INFO - Setting next_dagrun for example_subdag_operator to 2022-01-01T00:00:00+00:00, run_after=2022-01-01T00:00:00+00:00
[2025-02-06T16:55:44.473+0000] {logging_mixin.py:150} INFO - [2025-02-06T16:55:44.472+0000] {dag.py:3504} INFO - Setting next_dagrun for example_subdag_operator.section-1 to None, run_after=None
[2025-02-06T16:55:44.474+0000] {logging_mixin.py:150} INFO - [2025-02-06T16:55:44.474+0000] {dag.py:3504} INFO - Setting next_dagrun for example_subdag_operator.section-2 to None, run_after=None
[2025-02-06T16:55:44.481+0000] {logging_mixin.py:150} INFO - [2025-02-06T16:55:44.481+0000] {dag.py:2742} INFO - Sync 2 DAGs
[2025-02-06T16:55:44.486+0000] {logging_mixin.py:150} INFO - [2025-02-06T16:55:44.486+0000] {dag.py:3504} INFO - Setting next_dagrun for example_subdag_operator.section-1 to None, run_after=None
[2025-02-06T16:55:44.487+0000] {logging_mixin.py:150} INFO - [2025-02-06T16:55:44.487+0000] {dag.py:3504} INFO - Setting next_dagrun for example_subdag_operator.section-2 to None, run_after=None
[2025-02-06T16:55:44.500+0000] {processor.py:179} INFO - Processing /home/vscode/.local/lib/python3.10/site-packages/airflow/example_dags/example_subdag_operator.py took 0.082 seconds
[2025-02-06T16:56:16.498+0000] {processor.py:157} INFO - Started process (PID=13203) to work on /home/vscode/.local/lib/python3.10/site-packages/airflow/example_dags/example_subdag_operator.py
[2025-02-06T16:56:16.499+0000] {processor.py:826} INFO - Processing file /home/vscode/.local/lib/python3.10/site-packages/airflow/example_dags/example_subdag_operator.py for tasks to queue
[2025-02-06T16:56:16.500+0000] {logging_mixin.py:150} INFO - [2025-02-06T16:56:16.500+0000] {dagbag.py:541} INFO - Filling up the DagBag from /home/vscode/.local/lib/python3.10/site-packages/airflow/example_dags/example_subdag_operator.py
[2025-02-06T16:56:16.517+0000] {processor.py:836} INFO - DAG(s) dict_keys(['example_subdag_operator.section-1', 'example_subdag_operator.section-2', 'example_subdag_operator']) retrieved from /home/vscode/.local/lib/python3.10/site-packages/airflow/example_dags/example_subdag_operator.py
[2025-02-06T16:56:16.535+0000] {logging_mixin.py:150} INFO - [2025-02-06T16:56:16.535+0000] {dag.py:2742} INFO - Sync 3 DAGs
[2025-02-06T16:56:16.557+0000] {logging_mixin.py:150} INFO - [2025-02-06T16:56:16.557+0000] {dag.py:3504} INFO - Setting next_dagrun for example_subdag_operator to 2022-01-01T00:00:00+00:00, run_after=2022-01-01T00:00:00+00:00
[2025-02-06T16:56:16.560+0000] {logging_mixin.py:150} INFO - [2025-02-06T16:56:16.560+0000] {dag.py:3504} INFO - Setting next_dagrun for example_subdag_operator.section-1 to None, run_after=None
[2025-02-06T16:56:16.561+0000] {logging_mixin.py:150} INFO - [2025-02-06T16:56:16.561+0000] {dag.py:3504} INFO - Setting next_dagrun for example_subdag_operator.section-2 to None, run_after=None
[2025-02-06T16:56:16.567+0000] {logging_mixin.py:150} INFO - [2025-02-06T16:56:16.567+0000] {dag.py:2742} INFO - Sync 2 DAGs
[2025-02-06T16:56:16.570+0000] {logging_mixin.py:150} INFO - [2025-02-06T16:56:16.570+0000] {dag.py:3504} INFO - Setting next_dagrun for example_subdag_operator.section-1 to None, run_after=None
[2025-02-06T16:56:16.570+0000] {logging_mixin.py:150} INFO - [2025-02-06T16:56:16.570+0000] {dag.py:3504} INFO - Setting next_dagrun for example_subdag_operator.section-2 to None, run_after=None
[2025-02-06T16:56:16.580+0000] {processor.py:179} INFO - Processing /home/vscode/.local/lib/python3.10/site-packages/airflow/example_dags/example_subdag_operator.py took 0.084 seconds
[2025-02-06T16:56:59.879+0000] {processor.py:157} INFO - Started process (PID=13526) to work on /home/vscode/.local/lib/python3.10/site-packages/airflow/example_dags/example_subdag_operator.py
[2025-02-06T16:56:59.880+0000] {processor.py:826} INFO - Processing file /home/vscode/.local/lib/python3.10/site-packages/airflow/example_dags/example_subdag_operator.py for tasks to queue
[2025-02-06T16:56:59.881+0000] {logging_mixin.py:150} INFO - [2025-02-06T16:56:59.881+0000] {dagbag.py:541} INFO - Filling up the DagBag from /home/vscode/.local/lib/python3.10/site-packages/airflow/example_dags/example_subdag_operator.py
[2025-02-06T16:56:59.897+0000] {processor.py:836} INFO - DAG(s) dict_keys(['example_subdag_operator.section-1', 'example_subdag_operator.section-2', 'example_subdag_operator']) retrieved from /home/vscode/.local/lib/python3.10/site-packages/airflow/example_dags/example_subdag_operator.py
[2025-02-06T16:56:59.908+0000] {logging_mixin.py:150} INFO - [2025-02-06T16:56:59.908+0000] {dag.py:2742} INFO - Sync 3 DAGs
[2025-02-06T16:56:59.923+0000] {logging_mixin.py:150} INFO - [2025-02-06T16:56:59.923+0000] {dag.py:3504} INFO - Setting next_dagrun for example_subdag_operator to 2022-01-01T00:00:00+00:00, run_after=2022-01-01T00:00:00+00:00
[2025-02-06T16:56:59.925+0000] {logging_mixin.py:150} INFO - [2025-02-06T16:56:59.925+0000] {dag.py:3504} INFO - Setting next_dagrun for example_subdag_operator.section-1 to None, run_after=None
[2025-02-06T16:56:59.926+0000] {logging_mixin.py:150} INFO - [2025-02-06T16:56:59.925+0000] {dag.py:3504} INFO - Setting next_dagrun for example_subdag_operator.section-2 to None, run_after=None
[2025-02-06T16:56:59.930+0000] {logging_mixin.py:150} INFO - [2025-02-06T16:56:59.930+0000] {dag.py:2742} INFO - Sync 2 DAGs
[2025-02-06T16:56:59.933+0000] {logging_mixin.py:150} INFO - [2025-02-06T16:56:59.933+0000] {dag.py:3504} INFO - Setting next_dagrun for example_subdag_operator.section-1 to None, run_after=None
[2025-02-06T16:56:59.933+0000] {logging_mixin.py:150} INFO - [2025-02-06T16:56:59.933+0000] {dag.py:3504} INFO - Setting next_dagrun for example_subdag_operator.section-2 to None, run_after=None
[2025-02-06T16:56:59.943+0000] {processor.py:179} INFO - Processing /home/vscode/.local/lib/python3.10/site-packages/airflow/example_dags/example_subdag_operator.py took 0.066 seconds
[2025-02-06T16:57:31.245+0000] {processor.py:157} INFO - Started process (PID=13763) to work on /home/vscode/.local/lib/python3.10/site-packages/airflow/example_dags/example_subdag_operator.py
[2025-02-06T16:57:31.246+0000] {processor.py:826} INFO - Processing file /home/vscode/.local/lib/python3.10/site-packages/airflow/example_dags/example_subdag_operator.py for tasks to queue
[2025-02-06T16:57:31.246+0000] {logging_mixin.py:150} INFO - [2025-02-06T16:57:31.246+0000] {dagbag.py:541} INFO - Filling up the DagBag from /home/vscode/.local/lib/python3.10/site-packages/airflow/example_dags/example_subdag_operator.py
[2025-02-06T16:57:31.263+0000] {processor.py:836} INFO - DAG(s) dict_keys(['example_subdag_operator.section-1', 'example_subdag_operator.section-2', 'example_subdag_operator']) retrieved from /home/vscode/.local/lib/python3.10/site-packages/airflow/example_dags/example_subdag_operator.py
[2025-02-06T16:57:31.275+0000] {logging_mixin.py:150} INFO - [2025-02-06T16:57:31.275+0000] {dag.py:2742} INFO - Sync 3 DAGs
[2025-02-06T16:57:31.290+0000] {logging_mixin.py:150} INFO - [2025-02-06T16:57:31.289+0000] {dag.py:3504} INFO - Setting next_dagrun for example_subdag_operator to 2022-01-01T00:00:00+00:00, run_after=2022-01-01T00:00:00+00:00
[2025-02-06T16:57:31.292+0000] {logging_mixin.py:150} INFO - [2025-02-06T16:57:31.292+0000] {dag.py:3504} INFO - Setting next_dagrun for example_subdag_operator.section-1 to None, run_after=None
[2025-02-06T16:57:31.293+0000] {logging_mixin.py:150} INFO - [2025-02-06T16:57:31.293+0000] {dag.py:3504} INFO - Setting next_dagrun for example_subdag_operator.section-2 to None, run_after=None
[2025-02-06T16:57:31.297+0000] {logging_mixin.py:150} INFO - [2025-02-06T16:57:31.297+0000] {dag.py:2742} INFO - Sync 2 DAGs
[2025-02-06T16:57:31.301+0000] {logging_mixin.py:150} INFO - [2025-02-06T16:57:31.300+0000] {dag.py:3504} INFO - Setting next_dagrun for example_subdag_operator.section-1 to None, run_after=None
[2025-02-06T16:57:31.301+0000] {logging_mixin.py:150} INFO - [2025-02-06T16:57:31.301+0000] {dag.py:3504} INFO - Setting next_dagrun for example_subdag_operator.section-2 to None, run_after=None
[2025-02-06T16:57:31.311+0000] {processor.py:179} INFO - Processing /home/vscode/.local/lib/python3.10/site-packages/airflow/example_dags/example_subdag_operator.py took 0.068 seconds
[2025-02-06T16:58:15.861+0000] {processor.py:157} INFO - Started process (PID=14120) to work on /home/vscode/.local/lib/python3.10/site-packages/airflow/example_dags/example_subdag_operator.py
[2025-02-06T16:58:15.861+0000] {processor.py:826} INFO - Processing file /home/vscode/.local/lib/python3.10/site-packages/airflow/example_dags/example_subdag_operator.py for tasks to queue
[2025-02-06T16:58:15.862+0000] {logging_mixin.py:150} INFO - [2025-02-06T16:58:15.862+0000] {dagbag.py:541} INFO - Filling up the DagBag from /home/vscode/.local/lib/python3.10/site-packages/airflow/example_dags/example_subdag_operator.py
[2025-02-06T16:58:15.878+0000] {processor.py:836} INFO - DAG(s) dict_keys(['example_subdag_operator.section-1', 'example_subdag_operator.section-2', 'example_subdag_operator']) retrieved from /home/vscode/.local/lib/python3.10/site-packages/airflow/example_dags/example_subdag_operator.py
[2025-02-06T16:58:15.894+0000] {logging_mixin.py:150} INFO - [2025-02-06T16:58:15.894+0000] {dag.py:2742} INFO - Sync 3 DAGs
[2025-02-06T16:58:15.915+0000] {logging_mixin.py:150} INFO - [2025-02-06T16:58:15.915+0000] {dag.py:3504} INFO - Setting next_dagrun for example_subdag_operator to 2022-01-01T00:00:00+00:00, run_after=2022-01-01T00:00:00+00:00
[2025-02-06T16:58:15.917+0000] {logging_mixin.py:150} INFO - [2025-02-06T16:58:15.917+0000] {dag.py:3504} INFO - Setting next_dagrun for example_subdag_operator.section-1 to None, run_after=None
[2025-02-06T16:58:15.918+0000] {logging_mixin.py:150} INFO - [2025-02-06T16:58:15.918+0000] {dag.py:3504} INFO - Setting next_dagrun for example_subdag_operator.section-2 to None, run_after=None
[2025-02-06T16:58:15.922+0000] {logging_mixin.py:150} INFO - [2025-02-06T16:58:15.922+0000] {dag.py:2742} INFO - Sync 2 DAGs
[2025-02-06T16:58:15.925+0000] {logging_mixin.py:150} INFO - [2025-02-06T16:58:15.925+0000] {dag.py:3504} INFO - Setting next_dagrun for example_subdag_operator.section-1 to None, run_after=None
[2025-02-06T16:58:15.925+0000] {logging_mixin.py:150} INFO - [2025-02-06T16:58:15.925+0000] {dag.py:3504} INFO - Setting next_dagrun for example_subdag_operator.section-2 to None, run_after=None
[2025-02-06T16:58:15.936+0000] {processor.py:179} INFO - Processing /home/vscode/.local/lib/python3.10/site-packages/airflow/example_dags/example_subdag_operator.py took 0.078 seconds
[2025-02-06T18:07:47.802+0000] {processor.py:157} INFO - Started process (PID=4958) to work on /home/vscode/.local/lib/python3.10/site-packages/airflow/example_dags/example_subdag_operator.py
[2025-02-06T18:07:47.807+0000] {processor.py:826} INFO - Processing file /home/vscode/.local/lib/python3.10/site-packages/airflow/example_dags/example_subdag_operator.py for tasks to queue
[2025-02-06T18:07:47.807+0000] {logging_mixin.py:150} INFO - [2025-02-06T18:07:47.807+0000] {dagbag.py:541} INFO - Filling up the DagBag from /home/vscode/.local/lib/python3.10/site-packages/airflow/example_dags/example_subdag_operator.py
[2025-02-06T18:07:47.821+0000] {processor.py:836} INFO - DAG(s) dict_keys(['example_subdag_operator.section-1', 'example_subdag_operator.section-2', 'example_subdag_operator']) retrieved from /home/vscode/.local/lib/python3.10/site-packages/airflow/example_dags/example_subdag_operator.py
[2025-02-06T18:07:47.948+0000] {logging_mixin.py:150} INFO - [2025-02-06T18:07:47.948+0000] {manager.py:504} INFO - Created Permission View: can read on DAG:example_subdag_operator
[2025-02-06T18:07:47.955+0000] {logging_mixin.py:150} INFO - [2025-02-06T18:07:47.955+0000] {manager.py:504} INFO - Created Permission View: can delete on DAG:example_subdag_operator
[2025-02-06T18:07:47.960+0000] {logging_mixin.py:150} INFO - [2025-02-06T18:07:47.960+0000] {manager.py:504} INFO - Created Permission View: can edit on DAG:example_subdag_operator
[2025-02-06T18:07:47.967+0000] {logging_mixin.py:150} INFO - [2025-02-06T18:07:47.967+0000] {dag.py:2742} INFO - Sync 3 DAGs
[2025-02-06T18:07:47.973+0000] {logging_mixin.py:150} INFO - [2025-02-06T18:07:47.973+0000] {dag.py:2763} INFO - Creating ORM DAG for example_subdag_operator.section-2
[2025-02-06T18:07:47.973+0000] {logging_mixin.py:150} INFO - [2025-02-06T18:07:47.973+0000] {dag.py:2763} INFO - Creating ORM DAG for example_subdag_operator.section-1
[2025-02-06T18:07:47.974+0000] {logging_mixin.py:150} INFO - [2025-02-06T18:07:47.974+0000] {dag.py:2763} INFO - Creating ORM DAG for example_subdag_operator
[2025-02-06T18:07:47.979+0000] {logging_mixin.py:150} INFO - [2025-02-06T18:07:47.979+0000] {dag.py:3504} INFO - Setting next_dagrun for example_subdag_operator to 2022-01-01T00:00:00+00:00, run_after=2022-01-01T00:00:00+00:00
[2025-02-06T18:07:47.979+0000] {logging_mixin.py:150} INFO - [2025-02-06T18:07:47.979+0000] {dag.py:3504} INFO - Setting next_dagrun for example_subdag_operator.section-1 to None, run_after=None
[2025-02-06T18:07:47.980+0000] {logging_mixin.py:150} INFO - [2025-02-06T18:07:47.980+0000] {dag.py:3504} INFO - Setting next_dagrun for example_subdag_operator.section-2 to None, run_after=None
[2025-02-06T18:07:47.984+0000] {logging_mixin.py:150} INFO - [2025-02-06T18:07:47.984+0000] {dag.py:2742} INFO - Sync 2 DAGs
[2025-02-06T18:07:47.987+0000] {logging_mixin.py:150} INFO - [2025-02-06T18:07:47.987+0000] {dag.py:3504} INFO - Setting next_dagrun for example_subdag_operator.section-1 to None, run_after=None
[2025-02-06T18:07:47.989+0000] {logging_mixin.py:150} INFO - [2025-02-06T18:07:47.988+0000] {dag.py:3504} INFO - Setting next_dagrun for example_subdag_operator.section-2 to None, run_after=None
[2025-02-06T18:07:47.998+0000] {processor.py:179} INFO - Processing /home/vscode/.local/lib/python3.10/site-packages/airflow/example_dags/example_subdag_operator.py took 0.198 seconds
