[2025-02-06T16:44:35.339+0000] {processor.py:157} INFO - Started process (PID=8081) to work on /home/vscode/.local/lib/python3.10/site-packages/airflow/example_dags/example_trigger_controller_dag.py
[2025-02-06T16:44:35.339+0000] {processor.py:826} INFO - Processing file /home/vscode/.local/lib/python3.10/site-packages/airflow/example_dags/example_trigger_controller_dag.py for tasks to queue
[2025-02-06T16:44:35.340+0000] {logging_mixin.py:150} INFO - [2025-02-06T16:44:35.340+0000] {dagbag.py:541} INFO - Filling up the DagBag from /home/vscode/.local/lib/python3.10/site-packages/airflow/example_dags/example_trigger_controller_dag.py
[2025-02-06T16:44:35.344+0000] {processor.py:836} INFO - DAG(s) dict_keys(['example_trigger_controller_dag']) retrieved from /home/vscode/.local/lib/python3.10/site-packages/airflow/example_dags/example_trigger_controller_dag.py
[2025-02-06T16:44:35.517+0000] {logging_mixin.py:150} INFO - [2025-02-06T16:44:35.517+0000] {manager.py:504} INFO - Created Permission View: can read on DAG:example_trigger_controller_dag
[2025-02-06T16:44:35.528+0000] {logging_mixin.py:150} INFO - [2025-02-06T16:44:35.527+0000] {manager.py:504} INFO - Created Permission View: can delete on DAG:example_trigger_controller_dag
[2025-02-06T16:44:35.533+0000] {logging_mixin.py:150} INFO - [2025-02-06T16:44:35.532+0000] {manager.py:504} INFO - Created Permission View: can edit on DAG:example_trigger_controller_dag
[2025-02-06T16:44:35.540+0000] {logging_mixin.py:150} INFO - [2025-02-06T16:44:35.540+0000] {dag.py:2742} INFO - Sync 1 DAGs
[2025-02-06T16:44:35.547+0000] {logging_mixin.py:150} INFO - [2025-02-06T16:44:35.547+0000] {dag.py:2763} INFO - Creating ORM DAG for example_trigger_controller_dag
[2025-02-06T16:44:35.553+0000] {logging_mixin.py:150} INFO - [2025-02-06T16:44:35.553+0000] {dag.py:3504} INFO - Setting next_dagrun for example_trigger_controller_dag to 2021-01-01T00:00:00+00:00, run_after=2021-01-01T00:00:00+00:00
[2025-02-06T16:44:35.567+0000] {processor.py:179} INFO - Processing /home/vscode/.local/lib/python3.10/site-packages/airflow/example_dags/example_trigger_controller_dag.py took 0.231 seconds
[2025-02-06T16:45:28.149+0000] {processor.py:157} INFO - Started process (PID=8438) to work on /home/vscode/.local/lib/python3.10/site-packages/airflow/example_dags/example_trigger_controller_dag.py
[2025-02-06T16:45:28.150+0000] {processor.py:826} INFO - Processing file /home/vscode/.local/lib/python3.10/site-packages/airflow/example_dags/example_trigger_controller_dag.py for tasks to queue
[2025-02-06T16:45:28.151+0000] {logging_mixin.py:150} INFO - [2025-02-06T16:45:28.150+0000] {dagbag.py:541} INFO - Filling up the DagBag from /home/vscode/.local/lib/python3.10/site-packages/airflow/example_dags/example_trigger_controller_dag.py
[2025-02-06T16:45:28.154+0000] {processor.py:836} INFO - DAG(s) dict_keys(['example_trigger_controller_dag']) retrieved from /home/vscode/.local/lib/python3.10/site-packages/airflow/example_dags/example_trigger_controller_dag.py
[2025-02-06T16:45:28.168+0000] {logging_mixin.py:150} INFO - [2025-02-06T16:45:28.168+0000] {dag.py:2742} INFO - Sync 1 DAGs
[2025-02-06T16:45:28.182+0000] {logging_mixin.py:150} INFO - [2025-02-06T16:45:28.182+0000] {dag.py:3504} INFO - Setting next_dagrun for example_trigger_controller_dag to 2021-01-01T00:00:00+00:00, run_after=2021-01-01T00:00:00+00:00
[2025-02-06T16:45:28.196+0000] {processor.py:179} INFO - Processing /home/vscode/.local/lib/python3.10/site-packages/airflow/example_dags/example_trigger_controller_dag.py took 0.050 seconds
[2025-02-06T16:46:04.199+0000] {processor.py:157} INFO - Started process (PID=8688) to work on /home/vscode/.local/lib/python3.10/site-packages/airflow/example_dags/example_trigger_controller_dag.py
[2025-02-06T16:46:04.200+0000] {processor.py:826} INFO - Processing file /home/vscode/.local/lib/python3.10/site-packages/airflow/example_dags/example_trigger_controller_dag.py for tasks to queue
[2025-02-06T16:46:04.200+0000] {logging_mixin.py:150} INFO - [2025-02-06T16:46:04.200+0000] {dagbag.py:541} INFO - Filling up the DagBag from /home/vscode/.local/lib/python3.10/site-packages/airflow/example_dags/example_trigger_controller_dag.py
[2025-02-06T16:46:04.204+0000] {processor.py:836} INFO - DAG(s) dict_keys(['example_trigger_controller_dag']) retrieved from /home/vscode/.local/lib/python3.10/site-packages/airflow/example_dags/example_trigger_controller_dag.py
[2025-02-06T16:46:04.218+0000] {logging_mixin.py:150} INFO - [2025-02-06T16:46:04.218+0000] {dag.py:2742} INFO - Sync 1 DAGs
[2025-02-06T16:46:04.232+0000] {logging_mixin.py:150} INFO - [2025-02-06T16:46:04.232+0000] {dag.py:3504} INFO - Setting next_dagrun for example_trigger_controller_dag to 2021-01-01T00:00:00+00:00, run_after=2021-01-01T00:00:00+00:00
[2025-02-06T16:46:04.250+0000] {processor.py:179} INFO - Processing /home/vscode/.local/lib/python3.10/site-packages/airflow/example_dags/example_trigger_controller_dag.py took 0.053 seconds
[2025-02-06T16:46:46.549+0000] {processor.py:157} INFO - Started process (PID=8979) to work on /home/vscode/.local/lib/python3.10/site-packages/airflow/example_dags/example_trigger_controller_dag.py
[2025-02-06T16:46:46.550+0000] {processor.py:826} INFO - Processing file /home/vscode/.local/lib/python3.10/site-packages/airflow/example_dags/example_trigger_controller_dag.py for tasks to queue
[2025-02-06T16:46:46.551+0000] {logging_mixin.py:150} INFO - [2025-02-06T16:46:46.550+0000] {dagbag.py:541} INFO - Filling up the DagBag from /home/vscode/.local/lib/python3.10/site-packages/airflow/example_dags/example_trigger_controller_dag.py
[2025-02-06T16:46:46.554+0000] {processor.py:836} INFO - DAG(s) dict_keys(['example_trigger_controller_dag']) retrieved from /home/vscode/.local/lib/python3.10/site-packages/airflow/example_dags/example_trigger_controller_dag.py
[2025-02-06T16:46:46.568+0000] {logging_mixin.py:150} INFO - [2025-02-06T16:46:46.568+0000] {dag.py:2742} INFO - Sync 1 DAGs
[2025-02-06T16:46:46.583+0000] {logging_mixin.py:150} INFO - [2025-02-06T16:46:46.582+0000] {dag.py:3504} INFO - Setting next_dagrun for example_trigger_controller_dag to 2021-01-01T00:00:00+00:00, run_after=2021-01-01T00:00:00+00:00
[2025-02-06T16:46:46.598+0000] {processor.py:179} INFO - Processing /home/vscode/.local/lib/python3.10/site-packages/airflow/example_dags/example_trigger_controller_dag.py took 0.052 seconds
[2025-02-06T16:47:29.828+0000] {processor.py:157} INFO - Started process (PID=9272) to work on /home/vscode/.local/lib/python3.10/site-packages/airflow/example_dags/example_trigger_controller_dag.py
[2025-02-06T16:47:29.829+0000] {processor.py:826} INFO - Processing file /home/vscode/.local/lib/python3.10/site-packages/airflow/example_dags/example_trigger_controller_dag.py for tasks to queue
[2025-02-06T16:47:29.829+0000] {logging_mixin.py:150} INFO - [2025-02-06T16:47:29.829+0000] {dagbag.py:541} INFO - Filling up the DagBag from /home/vscode/.local/lib/python3.10/site-packages/airflow/example_dags/example_trigger_controller_dag.py
[2025-02-06T16:47:29.833+0000] {processor.py:836} INFO - DAG(s) dict_keys(['example_trigger_controller_dag']) retrieved from /home/vscode/.local/lib/python3.10/site-packages/airflow/example_dags/example_trigger_controller_dag.py
[2025-02-06T16:47:29.846+0000] {logging_mixin.py:150} INFO - [2025-02-06T16:47:29.846+0000] {dag.py:2742} INFO - Sync 1 DAGs
[2025-02-06T16:47:29.861+0000] {logging_mixin.py:150} INFO - [2025-02-06T16:47:29.861+0000] {dag.py:3504} INFO - Setting next_dagrun for example_trigger_controller_dag to 2021-01-01T00:00:00+00:00, run_after=2021-01-01T00:00:00+00:00
[2025-02-06T16:47:29.888+0000] {processor.py:179} INFO - Processing /home/vscode/.local/lib/python3.10/site-packages/airflow/example_dags/example_trigger_controller_dag.py took 0.063 seconds
[2025-02-06T16:48:13.685+0000] {processor.py:157} INFO - Started process (PID=9572) to work on /home/vscode/.local/lib/python3.10/site-packages/airflow/example_dags/example_trigger_controller_dag.py
[2025-02-06T16:48:13.686+0000] {processor.py:826} INFO - Processing file /home/vscode/.local/lib/python3.10/site-packages/airflow/example_dags/example_trigger_controller_dag.py for tasks to queue
[2025-02-06T16:48:13.687+0000] {logging_mixin.py:150} INFO - [2025-02-06T16:48:13.686+0000] {dagbag.py:541} INFO - Filling up the DagBag from /home/vscode/.local/lib/python3.10/site-packages/airflow/example_dags/example_trigger_controller_dag.py
[2025-02-06T16:48:13.691+0000] {processor.py:836} INFO - DAG(s) dict_keys(['example_trigger_controller_dag']) retrieved from /home/vscode/.local/lib/python3.10/site-packages/airflow/example_dags/example_trigger_controller_dag.py
[2025-02-06T16:48:13.704+0000] {logging_mixin.py:150} INFO - [2025-02-06T16:48:13.704+0000] {dag.py:2742} INFO - Sync 1 DAGs
[2025-02-06T16:48:13.718+0000] {logging_mixin.py:150} INFO - [2025-02-06T16:48:13.718+0000] {dag.py:3504} INFO - Setting next_dagrun for example_trigger_controller_dag to 2021-01-01T00:00:00+00:00, run_after=2021-01-01T00:00:00+00:00
[2025-02-06T16:48:13.733+0000] {processor.py:179} INFO - Processing /home/vscode/.local/lib/python3.10/site-packages/airflow/example_dags/example_trigger_controller_dag.py took 0.050 seconds
[2025-02-06T16:48:58.811+0000] {processor.py:157} INFO - Started process (PID=9877) to work on /home/vscode/.local/lib/python3.10/site-packages/airflow/example_dags/example_trigger_controller_dag.py
[2025-02-06T16:48:58.812+0000] {processor.py:826} INFO - Processing file /home/vscode/.local/lib/python3.10/site-packages/airflow/example_dags/example_trigger_controller_dag.py for tasks to queue
[2025-02-06T16:48:58.813+0000] {logging_mixin.py:150} INFO - [2025-02-06T16:48:58.813+0000] {dagbag.py:541} INFO - Filling up the DagBag from /home/vscode/.local/lib/python3.10/site-packages/airflow/example_dags/example_trigger_controller_dag.py
[2025-02-06T16:48:58.817+0000] {processor.py:836} INFO - DAG(s) dict_keys(['example_trigger_controller_dag']) retrieved from /home/vscode/.local/lib/python3.10/site-packages/airflow/example_dags/example_trigger_controller_dag.py
[2025-02-06T16:48:58.833+0000] {logging_mixin.py:150} INFO - [2025-02-06T16:48:58.832+0000] {dag.py:2742} INFO - Sync 1 DAGs
[2025-02-06T16:48:58.847+0000] {logging_mixin.py:150} INFO - [2025-02-06T16:48:58.847+0000] {dag.py:3504} INFO - Setting next_dagrun for example_trigger_controller_dag to 2021-01-01T00:00:00+00:00, run_after=2021-01-01T00:00:00+00:00
[2025-02-06T16:48:58.861+0000] {processor.py:179} INFO - Processing /home/vscode/.local/lib/python3.10/site-packages/airflow/example_dags/example_trigger_controller_dag.py took 0.053 seconds
[2025-02-06T16:49:30.335+0000] {processor.py:157} INFO - Started process (PID=10112) to work on /home/vscode/.local/lib/python3.10/site-packages/airflow/example_dags/example_trigger_controller_dag.py
[2025-02-06T16:49:30.336+0000] {processor.py:826} INFO - Processing file /home/vscode/.local/lib/python3.10/site-packages/airflow/example_dags/example_trigger_controller_dag.py for tasks to queue
[2025-02-06T16:49:30.337+0000] {logging_mixin.py:150} INFO - [2025-02-06T16:49:30.336+0000] {dagbag.py:541} INFO - Filling up the DagBag from /home/vscode/.local/lib/python3.10/site-packages/airflow/example_dags/example_trigger_controller_dag.py
[2025-02-06T16:49:30.340+0000] {processor.py:836} INFO - DAG(s) dict_keys(['example_trigger_controller_dag']) retrieved from /home/vscode/.local/lib/python3.10/site-packages/airflow/example_dags/example_trigger_controller_dag.py
[2025-02-06T16:49:30.354+0000] {logging_mixin.py:150} INFO - [2025-02-06T16:49:30.354+0000] {dag.py:2742} INFO - Sync 1 DAGs
[2025-02-06T16:49:30.368+0000] {logging_mixin.py:150} INFO - [2025-02-06T16:49:30.368+0000] {dag.py:3504} INFO - Setting next_dagrun for example_trigger_controller_dag to 2021-01-01T00:00:00+00:00, run_after=2021-01-01T00:00:00+00:00
[2025-02-06T16:49:30.383+0000] {processor.py:179} INFO - Processing /home/vscode/.local/lib/python3.10/site-packages/airflow/example_dags/example_trigger_controller_dag.py took 0.051 seconds
[2025-02-06T16:50:10.045+0000] {processor.py:157} INFO - Started process (PID=10418) to work on /home/vscode/.local/lib/python3.10/site-packages/airflow/example_dags/example_trigger_controller_dag.py
[2025-02-06T16:50:10.046+0000] {processor.py:826} INFO - Processing file /home/vscode/.local/lib/python3.10/site-packages/airflow/example_dags/example_trigger_controller_dag.py for tasks to queue
[2025-02-06T16:50:10.047+0000] {logging_mixin.py:150} INFO - [2025-02-06T16:50:10.047+0000] {dagbag.py:541} INFO - Filling up the DagBag from /home/vscode/.local/lib/python3.10/site-packages/airflow/example_dags/example_trigger_controller_dag.py
[2025-02-06T16:50:10.051+0000] {processor.py:836} INFO - DAG(s) dict_keys(['example_trigger_controller_dag']) retrieved from /home/vscode/.local/lib/python3.10/site-packages/airflow/example_dags/example_trigger_controller_dag.py
[2025-02-06T16:50:10.064+0000] {logging_mixin.py:150} INFO - [2025-02-06T16:50:10.064+0000] {dag.py:2742} INFO - Sync 1 DAGs
[2025-02-06T16:50:10.079+0000] {logging_mixin.py:150} INFO - [2025-02-06T16:50:10.078+0000] {dag.py:3504} INFO - Setting next_dagrun for example_trigger_controller_dag to 2021-01-01T00:00:00+00:00, run_after=2021-01-01T00:00:00+00:00
[2025-02-06T16:50:10.094+0000] {processor.py:179} INFO - Processing /home/vscode/.local/lib/python3.10/site-packages/airflow/example_dags/example_trigger_controller_dag.py took 0.051 seconds
[2025-02-06T16:50:51.523+0000] {processor.py:157} INFO - Started process (PID=10708) to work on /home/vscode/.local/lib/python3.10/site-packages/airflow/example_dags/example_trigger_controller_dag.py
[2025-02-06T16:50:51.524+0000] {processor.py:826} INFO - Processing file /home/vscode/.local/lib/python3.10/site-packages/airflow/example_dags/example_trigger_controller_dag.py for tasks to queue
[2025-02-06T16:50:51.525+0000] {logging_mixin.py:150} INFO - [2025-02-06T16:50:51.525+0000] {dagbag.py:541} INFO - Filling up the DagBag from /home/vscode/.local/lib/python3.10/site-packages/airflow/example_dags/example_trigger_controller_dag.py
[2025-02-06T16:50:51.529+0000] {processor.py:836} INFO - DAG(s) dict_keys(['example_trigger_controller_dag']) retrieved from /home/vscode/.local/lib/python3.10/site-packages/airflow/example_dags/example_trigger_controller_dag.py
[2025-02-06T16:50:51.544+0000] {logging_mixin.py:150} INFO - [2025-02-06T16:50:51.544+0000] {dag.py:2742} INFO - Sync 1 DAGs
[2025-02-06T16:50:51.561+0000] {logging_mixin.py:150} INFO - [2025-02-06T16:50:51.560+0000] {dag.py:3504} INFO - Setting next_dagrun for example_trigger_controller_dag to 2021-01-01T00:00:00+00:00, run_after=2021-01-01T00:00:00+00:00
[2025-02-06T16:50:51.576+0000] {processor.py:179} INFO - Processing /home/vscode/.local/lib/python3.10/site-packages/airflow/example_dags/example_trigger_controller_dag.py took 0.055 seconds
[2025-02-06T16:51:24.699+0000] {processor.py:157} INFO - Started process (PID=10972) to work on /home/vscode/.local/lib/python3.10/site-packages/airflow/example_dags/example_trigger_controller_dag.py
[2025-02-06T16:51:24.699+0000] {processor.py:826} INFO - Processing file /home/vscode/.local/lib/python3.10/site-packages/airflow/example_dags/example_trigger_controller_dag.py for tasks to queue
[2025-02-06T16:51:24.700+0000] {logging_mixin.py:150} INFO - [2025-02-06T16:51:24.700+0000] {dagbag.py:541} INFO - Filling up the DagBag from /home/vscode/.local/lib/python3.10/site-packages/airflow/example_dags/example_trigger_controller_dag.py
[2025-02-06T16:51:24.704+0000] {processor.py:836} INFO - DAG(s) dict_keys(['example_trigger_controller_dag']) retrieved from /home/vscode/.local/lib/python3.10/site-packages/airflow/example_dags/example_trigger_controller_dag.py
[2025-02-06T16:51:24.718+0000] {logging_mixin.py:150} INFO - [2025-02-06T16:51:24.717+0000] {dag.py:2742} INFO - Sync 1 DAGs
[2025-02-06T16:51:24.732+0000] {logging_mixin.py:150} INFO - [2025-02-06T16:51:24.732+0000] {dag.py:3504} INFO - Setting next_dagrun for example_trigger_controller_dag to 2021-01-01T00:00:00+00:00, run_after=2021-01-01T00:00:00+00:00
[2025-02-06T16:51:24.750+0000] {processor.py:179} INFO - Processing /home/vscode/.local/lib/python3.10/site-packages/airflow/example_dags/example_trigger_controller_dag.py took 0.054 seconds
[2025-02-06T16:52:05.808+0000] {processor.py:157} INFO - Started process (PID=11256) to work on /home/vscode/.local/lib/python3.10/site-packages/airflow/example_dags/example_trigger_controller_dag.py
[2025-02-06T16:52:05.809+0000] {processor.py:826} INFO - Processing file /home/vscode/.local/lib/python3.10/site-packages/airflow/example_dags/example_trigger_controller_dag.py for tasks to queue
[2025-02-06T16:52:05.809+0000] {logging_mixin.py:150} INFO - [2025-02-06T16:52:05.809+0000] {dagbag.py:541} INFO - Filling up the DagBag from /home/vscode/.local/lib/python3.10/site-packages/airflow/example_dags/example_trigger_controller_dag.py
[2025-02-06T16:52:05.813+0000] {processor.py:836} INFO - DAG(s) dict_keys(['example_trigger_controller_dag']) retrieved from /home/vscode/.local/lib/python3.10/site-packages/airflow/example_dags/example_trigger_controller_dag.py
[2025-02-06T16:52:05.827+0000] {logging_mixin.py:150} INFO - [2025-02-06T16:52:05.827+0000] {dag.py:2742} INFO - Sync 1 DAGs
[2025-02-06T16:52:05.842+0000] {logging_mixin.py:150} INFO - [2025-02-06T16:52:05.842+0000] {dag.py:3504} INFO - Setting next_dagrun for example_trigger_controller_dag to 2021-01-01T00:00:00+00:00, run_after=2021-01-01T00:00:00+00:00
[2025-02-06T16:52:05.857+0000] {processor.py:179} INFO - Processing /home/vscode/.local/lib/python3.10/site-packages/airflow/example_dags/example_trigger_controller_dag.py took 0.052 seconds
[2025-02-06T16:52:52.412+0000] {processor.py:157} INFO - Started process (PID=11567) to work on /home/vscode/.local/lib/python3.10/site-packages/airflow/example_dags/example_trigger_controller_dag.py
[2025-02-06T16:52:52.413+0000] {processor.py:826} INFO - Processing file /home/vscode/.local/lib/python3.10/site-packages/airflow/example_dags/example_trigger_controller_dag.py for tasks to queue
[2025-02-06T16:52:52.414+0000] {logging_mixin.py:150} INFO - [2025-02-06T16:52:52.414+0000] {dagbag.py:541} INFO - Filling up the DagBag from /home/vscode/.local/lib/python3.10/site-packages/airflow/example_dags/example_trigger_controller_dag.py
[2025-02-06T16:52:52.418+0000] {processor.py:836} INFO - DAG(s) dict_keys(['example_trigger_controller_dag']) retrieved from /home/vscode/.local/lib/python3.10/site-packages/airflow/example_dags/example_trigger_controller_dag.py
[2025-02-06T16:52:52.435+0000] {logging_mixin.py:150} INFO - [2025-02-06T16:52:52.435+0000] {dag.py:2742} INFO - Sync 1 DAGs
[2025-02-06T16:52:52.450+0000] {logging_mixin.py:150} INFO - [2025-02-06T16:52:52.449+0000] {dag.py:3504} INFO - Setting next_dagrun for example_trigger_controller_dag to 2021-01-01T00:00:00+00:00, run_after=2021-01-01T00:00:00+00:00
[2025-02-06T16:52:52.466+0000] {processor.py:179} INFO - Processing /home/vscode/.local/lib/python3.10/site-packages/airflow/example_dags/example_trigger_controller_dag.py took 0.056 seconds
[2025-02-06T16:53:35.346+0000] {processor.py:157} INFO - Started process (PID=11864) to work on /home/vscode/.local/lib/python3.10/site-packages/airflow/example_dags/example_trigger_controller_dag.py
[2025-02-06T16:53:35.347+0000] {processor.py:826} INFO - Processing file /home/vscode/.local/lib/python3.10/site-packages/airflow/example_dags/example_trigger_controller_dag.py for tasks to queue
[2025-02-06T16:53:35.347+0000] {logging_mixin.py:150} INFO - [2025-02-06T16:53:35.347+0000] {dagbag.py:541} INFO - Filling up the DagBag from /home/vscode/.local/lib/python3.10/site-packages/airflow/example_dags/example_trigger_controller_dag.py
[2025-02-06T16:53:35.351+0000] {processor.py:836} INFO - DAG(s) dict_keys(['example_trigger_controller_dag']) retrieved from /home/vscode/.local/lib/python3.10/site-packages/airflow/example_dags/example_trigger_controller_dag.py
[2025-02-06T16:53:35.365+0000] {logging_mixin.py:150} INFO - [2025-02-06T16:53:35.365+0000] {dag.py:2742} INFO - Sync 1 DAGs
[2025-02-06T16:53:35.380+0000] {logging_mixin.py:150} INFO - [2025-02-06T16:53:35.379+0000] {dag.py:3504} INFO - Setting next_dagrun for example_trigger_controller_dag to 2021-01-01T00:00:00+00:00, run_after=2021-01-01T00:00:00+00:00
[2025-02-06T16:53:35.395+0000] {processor.py:179} INFO - Processing /home/vscode/.local/lib/python3.10/site-packages/airflow/example_dags/example_trigger_controller_dag.py took 0.052 seconds
[2025-02-06T16:54:24.957+0000] {processor.py:157} INFO - Started process (PID=12251) to work on /home/vscode/.local/lib/python3.10/site-packages/airflow/example_dags/example_trigger_controller_dag.py
[2025-02-06T16:54:24.958+0000] {processor.py:826} INFO - Processing file /home/vscode/.local/lib/python3.10/site-packages/airflow/example_dags/example_trigger_controller_dag.py for tasks to queue
[2025-02-06T16:54:24.959+0000] {logging_mixin.py:150} INFO - [2025-02-06T16:54:24.959+0000] {dagbag.py:541} INFO - Filling up the DagBag from /home/vscode/.local/lib/python3.10/site-packages/airflow/example_dags/example_trigger_controller_dag.py
[2025-02-06T16:54:24.964+0000] {processor.py:836} INFO - DAG(s) dict_keys(['example_trigger_controller_dag']) retrieved from /home/vscode/.local/lib/python3.10/site-packages/airflow/example_dags/example_trigger_controller_dag.py
[2025-02-06T16:54:24.982+0000] {logging_mixin.py:150} INFO - [2025-02-06T16:54:24.982+0000] {dag.py:2742} INFO - Sync 1 DAGs
[2025-02-06T16:54:25.013+0000] {logging_mixin.py:150} INFO - [2025-02-06T16:54:25.012+0000] {dag.py:3504} INFO - Setting next_dagrun for example_trigger_controller_dag to 2021-01-01T00:00:00+00:00, run_after=2021-01-01T00:00:00+00:00
[2025-02-06T16:54:25.042+0000] {processor.py:179} INFO - Processing /home/vscode/.local/lib/python3.10/site-packages/airflow/example_dags/example_trigger_controller_dag.py took 0.089 seconds
[2025-02-06T16:55:12.849+0000] {processor.py:157} INFO - Started process (PID=12612) to work on /home/vscode/.local/lib/python3.10/site-packages/airflow/example_dags/example_trigger_controller_dag.py
[2025-02-06T16:55:12.850+0000] {processor.py:826} INFO - Processing file /home/vscode/.local/lib/python3.10/site-packages/airflow/example_dags/example_trigger_controller_dag.py for tasks to queue
[2025-02-06T16:55:12.851+0000] {logging_mixin.py:150} INFO - [2025-02-06T16:55:12.850+0000] {dagbag.py:541} INFO - Filling up the DagBag from /home/vscode/.local/lib/python3.10/site-packages/airflow/example_dags/example_trigger_controller_dag.py
[2025-02-06T16:55:12.854+0000] {processor.py:836} INFO - DAG(s) dict_keys(['example_trigger_controller_dag']) retrieved from /home/vscode/.local/lib/python3.10/site-packages/airflow/example_dags/example_trigger_controller_dag.py
[2025-02-06T16:55:12.868+0000] {logging_mixin.py:150} INFO - [2025-02-06T16:55:12.868+0000] {dag.py:2742} INFO - Sync 1 DAGs
[2025-02-06T16:55:12.882+0000] {logging_mixin.py:150} INFO - [2025-02-06T16:55:12.882+0000] {dag.py:3504} INFO - Setting next_dagrun for example_trigger_controller_dag to 2021-01-01T00:00:00+00:00, run_after=2021-01-01T00:00:00+00:00
[2025-02-06T16:55:12.896+0000] {processor.py:179} INFO - Processing /home/vscode/.local/lib/python3.10/site-packages/airflow/example_dags/example_trigger_controller_dag.py took 0.050 seconds
[2025-02-06T16:55:46.715+0000] {processor.py:157} INFO - Started process (PID=12930) to work on /home/vscode/.local/lib/python3.10/site-packages/airflow/example_dags/example_trigger_controller_dag.py
[2025-02-06T16:55:46.716+0000] {processor.py:826} INFO - Processing file /home/vscode/.local/lib/python3.10/site-packages/airflow/example_dags/example_trigger_controller_dag.py for tasks to queue
[2025-02-06T16:55:46.716+0000] {logging_mixin.py:150} INFO - [2025-02-06T16:55:46.716+0000] {dagbag.py:541} INFO - Filling up the DagBag from /home/vscode/.local/lib/python3.10/site-packages/airflow/example_dags/example_trigger_controller_dag.py
[2025-02-06T16:55:46.720+0000] {processor.py:836} INFO - DAG(s) dict_keys(['example_trigger_controller_dag']) retrieved from /home/vscode/.local/lib/python3.10/site-packages/airflow/example_dags/example_trigger_controller_dag.py
[2025-02-06T16:55:46.733+0000] {logging_mixin.py:150} INFO - [2025-02-06T16:55:46.733+0000] {dag.py:2742} INFO - Sync 1 DAGs
[2025-02-06T16:55:46.747+0000] {logging_mixin.py:150} INFO - [2025-02-06T16:55:46.747+0000] {dag.py:3504} INFO - Setting next_dagrun for example_trigger_controller_dag to 2021-01-01T00:00:00+00:00, run_after=2021-01-01T00:00:00+00:00
[2025-02-06T16:55:46.762+0000] {processor.py:179} INFO - Processing /home/vscode/.local/lib/python3.10/site-packages/airflow/example_dags/example_trigger_controller_dag.py took 0.050 seconds
[2025-02-06T16:56:30.932+0000] {processor.py:157} INFO - Started process (PID=13309) to work on /home/vscode/.local/lib/python3.10/site-packages/airflow/example_dags/example_trigger_controller_dag.py
[2025-02-06T16:56:30.933+0000] {processor.py:826} INFO - Processing file /home/vscode/.local/lib/python3.10/site-packages/airflow/example_dags/example_trigger_controller_dag.py for tasks to queue
[2025-02-06T16:56:30.934+0000] {logging_mixin.py:150} INFO - [2025-02-06T16:56:30.933+0000] {dagbag.py:541} INFO - Filling up the DagBag from /home/vscode/.local/lib/python3.10/site-packages/airflow/example_dags/example_trigger_controller_dag.py
[2025-02-06T16:56:30.938+0000] {processor.py:836} INFO - DAG(s) dict_keys(['example_trigger_controller_dag']) retrieved from /home/vscode/.local/lib/python3.10/site-packages/airflow/example_dags/example_trigger_controller_dag.py
[2025-02-06T16:56:30.952+0000] {logging_mixin.py:150} INFO - [2025-02-06T16:56:30.952+0000] {dag.py:2742} INFO - Sync 1 DAGs
[2025-02-06T16:56:30.968+0000] {logging_mixin.py:150} INFO - [2025-02-06T16:56:30.967+0000] {dag.py:3504} INFO - Setting next_dagrun for example_trigger_controller_dag to 2021-01-01T00:00:00+00:00, run_after=2021-01-01T00:00:00+00:00
[2025-02-06T16:56:30.983+0000] {processor.py:179} INFO - Processing /home/vscode/.local/lib/python3.10/site-packages/airflow/example_dags/example_trigger_controller_dag.py took 0.053 seconds
[2025-02-06T16:57:17.009+0000] {processor.py:157} INFO - Started process (PID=13660) to work on /home/vscode/.local/lib/python3.10/site-packages/airflow/example_dags/example_trigger_controller_dag.py
[2025-02-06T16:57:17.010+0000] {processor.py:826} INFO - Processing file /home/vscode/.local/lib/python3.10/site-packages/airflow/example_dags/example_trigger_controller_dag.py for tasks to queue
[2025-02-06T16:57:17.010+0000] {logging_mixin.py:150} INFO - [2025-02-06T16:57:17.010+0000] {dagbag.py:541} INFO - Filling up the DagBag from /home/vscode/.local/lib/python3.10/site-packages/airflow/example_dags/example_trigger_controller_dag.py
[2025-02-06T16:57:17.014+0000] {processor.py:836} INFO - DAG(s) dict_keys(['example_trigger_controller_dag']) retrieved from /home/vscode/.local/lib/python3.10/site-packages/airflow/example_dags/example_trigger_controller_dag.py
[2025-02-06T16:57:17.028+0000] {logging_mixin.py:150} INFO - [2025-02-06T16:57:17.028+0000] {dag.py:2742} INFO - Sync 1 DAGs
[2025-02-06T16:57:17.043+0000] {logging_mixin.py:150} INFO - [2025-02-06T16:57:17.043+0000] {dag.py:3504} INFO - Setting next_dagrun for example_trigger_controller_dag to 2021-01-01T00:00:00+00:00, run_after=2021-01-01T00:00:00+00:00
[2025-02-06T16:57:17.058+0000] {processor.py:179} INFO - Processing /home/vscode/.local/lib/python3.10/site-packages/airflow/example_dags/example_trigger_controller_dag.py took 0.051 seconds
[2025-02-06T16:58:01.577+0000] {processor.py:157} INFO - Started process (PID=13997) to work on /home/vscode/.local/lib/python3.10/site-packages/airflow/example_dags/example_trigger_controller_dag.py
[2025-02-06T16:58:01.578+0000] {processor.py:826} INFO - Processing file /home/vscode/.local/lib/python3.10/site-packages/airflow/example_dags/example_trigger_controller_dag.py for tasks to queue
[2025-02-06T16:58:01.579+0000] {logging_mixin.py:150} INFO - [2025-02-06T16:58:01.578+0000] {dagbag.py:541} INFO - Filling up the DagBag from /home/vscode/.local/lib/python3.10/site-packages/airflow/example_dags/example_trigger_controller_dag.py
[2025-02-06T16:58:01.582+0000] {processor.py:836} INFO - DAG(s) dict_keys(['example_trigger_controller_dag']) retrieved from /home/vscode/.local/lib/python3.10/site-packages/airflow/example_dags/example_trigger_controller_dag.py
[2025-02-06T16:58:01.597+0000] {logging_mixin.py:150} INFO - [2025-02-06T16:58:01.596+0000] {dag.py:2742} INFO - Sync 1 DAGs
[2025-02-06T16:58:01.612+0000] {logging_mixin.py:150} INFO - [2025-02-06T16:58:01.612+0000] {dag.py:3504} INFO - Setting next_dagrun for example_trigger_controller_dag to 2021-01-01T00:00:00+00:00, run_after=2021-01-01T00:00:00+00:00
[2025-02-06T16:58:01.628+0000] {processor.py:179} INFO - Processing /home/vscode/.local/lib/python3.10/site-packages/airflow/example_dags/example_trigger_controller_dag.py took 0.054 seconds
[2025-02-06T18:07:29.852+0000] {processor.py:157} INFO - Started process (PID=4746) to work on /home/vscode/.local/lib/python3.10/site-packages/airflow/example_dags/example_trigger_controller_dag.py
[2025-02-06T18:07:29.856+0000] {processor.py:826} INFO - Processing file /home/vscode/.local/lib/python3.10/site-packages/airflow/example_dags/example_trigger_controller_dag.py for tasks to queue
[2025-02-06T18:07:29.857+0000] {logging_mixin.py:150} INFO - [2025-02-06T18:07:29.857+0000] {dagbag.py:541} INFO - Filling up the DagBag from /home/vscode/.local/lib/python3.10/site-packages/airflow/example_dags/example_trigger_controller_dag.py
[2025-02-06T18:07:29.862+0000] {processor.py:836} INFO - DAG(s) dict_keys(['example_trigger_controller_dag']) retrieved from /home/vscode/.local/lib/python3.10/site-packages/airflow/example_dags/example_trigger_controller_dag.py
[2025-02-06T18:07:30.041+0000] {logging_mixin.py:150} INFO - [2025-02-06T18:07:30.041+0000] {manager.py:504} INFO - Created Permission View: can read on DAG:example_trigger_controller_dag
[2025-02-06T18:07:30.049+0000] {logging_mixin.py:150} INFO - [2025-02-06T18:07:30.048+0000] {manager.py:504} INFO - Created Permission View: can delete on DAG:example_trigger_controller_dag
[2025-02-06T18:07:30.055+0000] {logging_mixin.py:150} INFO - [2025-02-06T18:07:30.055+0000] {manager.py:504} INFO - Created Permission View: can edit on DAG:example_trigger_controller_dag
[2025-02-06T18:07:30.065+0000] {logging_mixin.py:150} INFO - [2025-02-06T18:07:30.065+0000] {dag.py:2742} INFO - Sync 1 DAGs
[2025-02-06T18:07:30.077+0000] {logging_mixin.py:150} INFO - [2025-02-06T18:07:30.076+0000] {dag.py:2763} INFO - Creating ORM DAG for example_trigger_controller_dag
[2025-02-06T18:07:30.082+0000] {logging_mixin.py:150} INFO - [2025-02-06T18:07:30.082+0000] {dag.py:3504} INFO - Setting next_dagrun for example_trigger_controller_dag to 2021-01-01T00:00:00+00:00, run_after=2021-01-01T00:00:00+00:00
[2025-02-06T18:07:30.094+0000] {processor.py:179} INFO - Processing /home/vscode/.local/lib/python3.10/site-packages/airflow/example_dags/example_trigger_controller_dag.py took 0.243 seconds
[2025-02-06T18:08:19.071+0000] {processor.py:157} INFO - Started process (PID=5196) to work on /home/vscode/.local/lib/python3.10/site-packages/airflow/example_dags/example_trigger_controller_dag.py
[2025-02-06T18:08:19.072+0000] {processor.py:826} INFO - Processing file /home/vscode/.local/lib/python3.10/site-packages/airflow/example_dags/example_trigger_controller_dag.py for tasks to queue
[2025-02-06T18:08:19.072+0000] {logging_mixin.py:150} INFO - [2025-02-06T18:08:19.072+0000] {dagbag.py:541} INFO - Filling up the DagBag from /home/vscode/.local/lib/python3.10/site-packages/airflow/example_dags/example_trigger_controller_dag.py
[2025-02-06T18:08:19.075+0000] {processor.py:836} INFO - DAG(s) dict_keys(['example_trigger_controller_dag']) retrieved from /home/vscode/.local/lib/python3.10/site-packages/airflow/example_dags/example_trigger_controller_dag.py
[2025-02-06T18:08:19.086+0000] {logging_mixin.py:150} INFO - [2025-02-06T18:08:19.086+0000] {dag.py:2742} INFO - Sync 1 DAGs
[2025-02-06T18:08:19.099+0000] {logging_mixin.py:150} INFO - [2025-02-06T18:08:19.099+0000] {dag.py:3504} INFO - Setting next_dagrun for example_trigger_controller_dag to 2021-01-01T00:00:00+00:00, run_after=2021-01-01T00:00:00+00:00
[2025-02-06T18:08:19.112+0000] {processor.py:179} INFO - Processing /home/vscode/.local/lib/python3.10/site-packages/airflow/example_dags/example_trigger_controller_dag.py took 0.043 seconds
