[2025-02-06T16:45:15.935+0000] {processor.py:157} INFO - Started process (PID=8357) to work on /home/vscode/.local/lib/python3.10/site-packages/airflow/example_dags/example_branch_datetime_operator.py
[2025-02-06T16:45:15.936+0000] {processor.py:826} INFO - Processing file /home/vscode/.local/lib/python3.10/site-packages/airflow/example_dags/example_branch_datetime_operator.py for tasks to queue
[2025-02-06T16:45:15.937+0000] {logging_mixin.py:150} INFO - [2025-02-06T16:45:15.936+0000] {dagbag.py:541} INFO - Filling up the DagBag from /home/vscode/.local/lib/python3.10/site-packages/airflow/example_dags/example_branch_datetime_operator.py
[2025-02-06T16:45:15.944+0000] {processor.py:836} INFO - DAG(s) dict_keys(['example_branch_datetime_operator_3', 'example_branch_datetime_operator_2', 'example_branch_datetime_operator']) retrieved from /home/vscode/.local/lib/python3.10/site-packages/airflow/example_dags/example_branch_datetime_operator.py
[2025-02-06T16:45:16.014+0000] {logging_mixin.py:150} INFO - [2025-02-06T16:45:16.014+0000] {manager.py:504} INFO - Created Permission View: can read on DAG:example_branch_datetime_operator_3
[2025-02-06T16:45:16.021+0000] {logging_mixin.py:150} INFO - [2025-02-06T16:45:16.021+0000] {manager.py:504} INFO - Created Permission View: can delete on DAG:example_branch_datetime_operator_3
[2025-02-06T16:45:16.026+0000] {logging_mixin.py:150} INFO - [2025-02-06T16:45:16.026+0000] {manager.py:504} INFO - Created Permission View: can edit on DAG:example_branch_datetime_operator_3
[2025-02-06T16:45:16.045+0000] {logging_mixin.py:150} INFO - [2025-02-06T16:45:16.045+0000] {manager.py:504} INFO - Created Permission View: can read on DAG:example_branch_datetime_operator_2
[2025-02-06T16:45:16.051+0000] {logging_mixin.py:150} INFO - [2025-02-06T16:45:16.050+0000] {manager.py:504} INFO - Created Permission View: can delete on DAG:example_branch_datetime_operator_2
[2025-02-06T16:45:16.056+0000] {logging_mixin.py:150} INFO - [2025-02-06T16:45:16.056+0000] {manager.py:504} INFO - Created Permission View: can edit on DAG:example_branch_datetime_operator_2
[2025-02-06T16:45:16.070+0000] {logging_mixin.py:150} INFO - [2025-02-06T16:45:16.070+0000] {manager.py:504} INFO - Created Permission View: can read on DAG:example_branch_datetime_operator
[2025-02-06T16:45:16.075+0000] {logging_mixin.py:150} INFO - [2025-02-06T16:45:16.075+0000] {manager.py:504} INFO - Created Permission View: can delete on DAG:example_branch_datetime_operator
[2025-02-06T16:45:16.080+0000] {logging_mixin.py:150} INFO - [2025-02-06T16:45:16.080+0000] {manager.py:504} INFO - Created Permission View: can edit on DAG:example_branch_datetime_operator
[2025-02-06T16:45:16.084+0000] {logging_mixin.py:150} INFO - [2025-02-06T16:45:16.083+0000] {dag.py:2742} INFO - Sync 3 DAGs
[2025-02-06T16:45:16.092+0000] {logging_mixin.py:150} INFO - [2025-02-06T16:45:16.092+0000] {dag.py:2763} INFO - Creating ORM DAG for example_branch_datetime_operator_3
[2025-02-06T16:45:16.093+0000] {logging_mixin.py:150} INFO - [2025-02-06T16:45:16.092+0000] {dag.py:2763} INFO - Creating ORM DAG for example_branch_datetime_operator
[2025-02-06T16:45:16.093+0000] {logging_mixin.py:150} INFO - [2025-02-06T16:45:16.093+0000] {dag.py:2763} INFO - Creating ORM DAG for example_branch_datetime_operator_2
[2025-02-06T16:45:16.100+0000] {logging_mixin.py:150} INFO - [2025-02-06T16:45:16.100+0000] {dag.py:3504} INFO - Setting next_dagrun for example_branch_datetime_operator to 2025-02-05T00:00:00+00:00, run_after=2025-02-06T00:00:00+00:00
[2025-02-06T16:45:16.102+0000] {logging_mixin.py:150} INFO - [2025-02-06T16:45:16.102+0000] {dag.py:3504} INFO - Setting next_dagrun for example_branch_datetime_operator_2 to 2025-02-05T00:00:00+00:00, run_after=2025-02-06T00:00:00+00:00
[2025-02-06T16:45:16.103+0000] {logging_mixin.py:150} INFO - [2025-02-06T16:45:16.103+0000] {dag.py:3504} INFO - Setting next_dagrun for example_branch_datetime_operator_3 to 2025-02-05T00:00:00+00:00, run_after=2025-02-06T00:00:00+00:00
[2025-02-06T16:45:16.118+0000] {processor.py:179} INFO - Processing /home/vscode/.local/lib/python3.10/site-packages/airflow/example_dags/example_branch_datetime_operator.py took 0.185 seconds
[2025-02-06T16:46:09.336+0000] {processor.py:157} INFO - Started process (PID=8723) to work on /home/vscode/.local/lib/python3.10/site-packages/airflow/example_dags/example_branch_datetime_operator.py
[2025-02-06T16:46:09.337+0000] {processor.py:826} INFO - Processing file /home/vscode/.local/lib/python3.10/site-packages/airflow/example_dags/example_branch_datetime_operator.py for tasks to queue
[2025-02-06T16:46:09.338+0000] {logging_mixin.py:150} INFO - [2025-02-06T16:46:09.337+0000] {dagbag.py:541} INFO - Filling up the DagBag from /home/vscode/.local/lib/python3.10/site-packages/airflow/example_dags/example_branch_datetime_operator.py
[2025-02-06T16:46:09.345+0000] {processor.py:836} INFO - DAG(s) dict_keys(['example_branch_datetime_operator_2', 'example_branch_datetime_operator_3', 'example_branch_datetime_operator']) retrieved from /home/vscode/.local/lib/python3.10/site-packages/airflow/example_dags/example_branch_datetime_operator.py
[2025-02-06T16:46:09.363+0000] {logging_mixin.py:150} INFO - [2025-02-06T16:46:09.363+0000] {dag.py:2742} INFO - Sync 3 DAGs
[2025-02-06T16:46:09.378+0000] {logging_mixin.py:150} INFO - [2025-02-06T16:46:09.378+0000] {dag.py:3504} INFO - Setting next_dagrun for example_branch_datetime_operator to 2025-02-05T00:00:00+00:00, run_after=2025-02-06T00:00:00+00:00
[2025-02-06T16:46:09.381+0000] {logging_mixin.py:150} INFO - [2025-02-06T16:46:09.381+0000] {dag.py:3504} INFO - Setting next_dagrun for example_branch_datetime_operator_2 to 2025-02-05T00:00:00+00:00, run_after=2025-02-06T00:00:00+00:00
[2025-02-06T16:46:09.383+0000] {logging_mixin.py:150} INFO - [2025-02-06T16:46:09.383+0000] {dag.py:3504} INFO - Setting next_dagrun for example_branch_datetime_operator_3 to 2025-02-05T00:00:00+00:00, run_after=2025-02-06T00:00:00+00:00
[2025-02-06T16:46:09.397+0000] {processor.py:179} INFO - Processing /home/vscode/.local/lib/python3.10/site-packages/airflow/example_dags/example_branch_datetime_operator.py took 0.063 seconds
[2025-02-06T16:46:51.578+0000] {processor.py:157} INFO - Started process (PID=9014) to work on /home/vscode/.local/lib/python3.10/site-packages/airflow/example_dags/example_branch_datetime_operator.py
[2025-02-06T16:46:51.579+0000] {processor.py:826} INFO - Processing file /home/vscode/.local/lib/python3.10/site-packages/airflow/example_dags/example_branch_datetime_operator.py for tasks to queue
[2025-02-06T16:46:51.580+0000] {logging_mixin.py:150} INFO - [2025-02-06T16:46:51.579+0000] {dagbag.py:541} INFO - Filling up the DagBag from /home/vscode/.local/lib/python3.10/site-packages/airflow/example_dags/example_branch_datetime_operator.py
[2025-02-06T16:46:51.587+0000] {processor.py:836} INFO - DAG(s) dict_keys(['example_branch_datetime_operator_3', 'example_branch_datetime_operator_2', 'example_branch_datetime_operator']) retrieved from /home/vscode/.local/lib/python3.10/site-packages/airflow/example_dags/example_branch_datetime_operator.py
[2025-02-06T16:46:51.606+0000] {logging_mixin.py:150} INFO - [2025-02-06T16:46:51.605+0000] {dag.py:2742} INFO - Sync 3 DAGs
[2025-02-06T16:46:51.622+0000] {logging_mixin.py:150} INFO - [2025-02-06T16:46:51.621+0000] {dag.py:3504} INFO - Setting next_dagrun for example_branch_datetime_operator to 2025-02-05T00:00:00+00:00, run_after=2025-02-06T00:00:00+00:00
[2025-02-06T16:46:51.625+0000] {logging_mixin.py:150} INFO - [2025-02-06T16:46:51.625+0000] {dag.py:3504} INFO - Setting next_dagrun for example_branch_datetime_operator_2 to 2025-02-05T00:00:00+00:00, run_after=2025-02-06T00:00:00+00:00
[2025-02-06T16:46:51.627+0000] {logging_mixin.py:150} INFO - [2025-02-06T16:46:51.626+0000] {dag.py:3504} INFO - Setting next_dagrun for example_branch_datetime_operator_3 to 2025-02-05T00:00:00+00:00, run_after=2025-02-06T00:00:00+00:00
[2025-02-06T16:46:51.640+0000] {processor.py:179} INFO - Processing /home/vscode/.local/lib/python3.10/site-packages/airflow/example_dags/example_branch_datetime_operator.py took 0.064 seconds
[2025-02-06T16:47:37.822+0000] {processor.py:157} INFO - Started process (PID=9326) to work on /home/vscode/.local/lib/python3.10/site-packages/airflow/example_dags/example_branch_datetime_operator.py
[2025-02-06T16:47:37.823+0000] {processor.py:826} INFO - Processing file /home/vscode/.local/lib/python3.10/site-packages/airflow/example_dags/example_branch_datetime_operator.py for tasks to queue
[2025-02-06T16:47:37.824+0000] {logging_mixin.py:150} INFO - [2025-02-06T16:47:37.823+0000] {dagbag.py:541} INFO - Filling up the DagBag from /home/vscode/.local/lib/python3.10/site-packages/airflow/example_dags/example_branch_datetime_operator.py
[2025-02-06T16:47:37.831+0000] {processor.py:836} INFO - DAG(s) dict_keys(['example_branch_datetime_operator_2', 'example_branch_datetime_operator_3', 'example_branch_datetime_operator']) retrieved from /home/vscode/.local/lib/python3.10/site-packages/airflow/example_dags/example_branch_datetime_operator.py
[2025-02-06T16:47:37.849+0000] {logging_mixin.py:150} INFO - [2025-02-06T16:47:37.849+0000] {dag.py:2742} INFO - Sync 3 DAGs
[2025-02-06T16:47:37.865+0000] {logging_mixin.py:150} INFO - [2025-02-06T16:47:37.865+0000] {dag.py:3504} INFO - Setting next_dagrun for example_branch_datetime_operator to 2025-02-05T00:00:00+00:00, run_after=2025-02-06T00:00:00+00:00
[2025-02-06T16:47:37.868+0000] {logging_mixin.py:150} INFO - [2025-02-06T16:47:37.868+0000] {dag.py:3504} INFO - Setting next_dagrun for example_branch_datetime_operator_2 to 2025-02-05T00:00:00+00:00, run_after=2025-02-06T00:00:00+00:00
[2025-02-06T16:47:37.870+0000] {logging_mixin.py:150} INFO - [2025-02-06T16:47:37.869+0000] {dag.py:3504} INFO - Setting next_dagrun for example_branch_datetime_operator_3 to 2025-02-05T00:00:00+00:00, run_after=2025-02-06T00:00:00+00:00
[2025-02-06T16:47:37.883+0000] {processor.py:179} INFO - Processing /home/vscode/.local/lib/python3.10/site-packages/airflow/example_dags/example_branch_datetime_operator.py took 0.063 seconds
[2025-02-06T16:48:22.938+0000] {processor.py:157} INFO - Started process (PID=9634) to work on /home/vscode/.local/lib/python3.10/site-packages/airflow/example_dags/example_branch_datetime_operator.py
[2025-02-06T16:48:22.939+0000] {processor.py:826} INFO - Processing file /home/vscode/.local/lib/python3.10/site-packages/airflow/example_dags/example_branch_datetime_operator.py for tasks to queue
[2025-02-06T16:48:22.940+0000] {logging_mixin.py:150} INFO - [2025-02-06T16:48:22.939+0000] {dagbag.py:541} INFO - Filling up the DagBag from /home/vscode/.local/lib/python3.10/site-packages/airflow/example_dags/example_branch_datetime_operator.py
[2025-02-06T16:48:22.947+0000] {processor.py:836} INFO - DAG(s) dict_keys(['example_branch_datetime_operator', 'example_branch_datetime_operator_3', 'example_branch_datetime_operator_2']) retrieved from /home/vscode/.local/lib/python3.10/site-packages/airflow/example_dags/example_branch_datetime_operator.py
[2025-02-06T16:48:22.965+0000] {logging_mixin.py:150} INFO - [2025-02-06T16:48:22.965+0000] {dag.py:2742} INFO - Sync 3 DAGs
[2025-02-06T16:48:22.980+0000] {logging_mixin.py:150} INFO - [2025-02-06T16:48:22.980+0000] {dag.py:3504} INFO - Setting next_dagrun for example_branch_datetime_operator to 2025-02-05T00:00:00+00:00, run_after=2025-02-06T00:00:00+00:00
[2025-02-06T16:48:22.984+0000] {logging_mixin.py:150} INFO - [2025-02-06T16:48:22.983+0000] {dag.py:3504} INFO - Setting next_dagrun for example_branch_datetime_operator_2 to 2025-02-05T00:00:00+00:00, run_after=2025-02-06T00:00:00+00:00
[2025-02-06T16:48:22.985+0000] {logging_mixin.py:150} INFO - [2025-02-06T16:48:22.985+0000] {dag.py:3504} INFO - Setting next_dagrun for example_branch_datetime_operator_3 to 2025-02-05T00:00:00+00:00, run_after=2025-02-06T00:00:00+00:00
[2025-02-06T16:48:22.998+0000] {processor.py:179} INFO - Processing /home/vscode/.local/lib/python3.10/site-packages/airflow/example_dags/example_branch_datetime_operator.py took 0.063 seconds
[2025-02-06T16:49:10.204+0000] {processor.py:157} INFO - Started process (PID=9956) to work on /home/vscode/.local/lib/python3.10/site-packages/airflow/example_dags/example_branch_datetime_operator.py
[2025-02-06T16:49:10.205+0000] {processor.py:826} INFO - Processing file /home/vscode/.local/lib/python3.10/site-packages/airflow/example_dags/example_branch_datetime_operator.py for tasks to queue
[2025-02-06T16:49:10.205+0000] {logging_mixin.py:150} INFO - [2025-02-06T16:49:10.205+0000] {dagbag.py:541} INFO - Filling up the DagBag from /home/vscode/.local/lib/python3.10/site-packages/airflow/example_dags/example_branch_datetime_operator.py
[2025-02-06T16:49:10.213+0000] {processor.py:836} INFO - DAG(s) dict_keys(['example_branch_datetime_operator_2', 'example_branch_datetime_operator', 'example_branch_datetime_operator_3']) retrieved from /home/vscode/.local/lib/python3.10/site-packages/airflow/example_dags/example_branch_datetime_operator.py
[2025-02-06T16:49:10.231+0000] {logging_mixin.py:150} INFO - [2025-02-06T16:49:10.231+0000] {dag.py:2742} INFO - Sync 3 DAGs
[2025-02-06T16:49:10.247+0000] {logging_mixin.py:150} INFO - [2025-02-06T16:49:10.247+0000] {dag.py:3504} INFO - Setting next_dagrun for example_branch_datetime_operator to 2025-02-05T00:00:00+00:00, run_after=2025-02-06T00:00:00+00:00
[2025-02-06T16:49:10.250+0000] {logging_mixin.py:150} INFO - [2025-02-06T16:49:10.250+0000] {dag.py:3504} INFO - Setting next_dagrun for example_branch_datetime_operator_2 to 2025-02-05T00:00:00+00:00, run_after=2025-02-06T00:00:00+00:00
[2025-02-06T16:49:10.252+0000] {logging_mixin.py:150} INFO - [2025-02-06T16:49:10.252+0000] {dag.py:3504} INFO - Setting next_dagrun for example_branch_datetime_operator_3 to 2025-02-05T00:00:00+00:00, run_after=2025-02-06T00:00:00+00:00
[2025-02-06T16:49:10.265+0000] {processor.py:179} INFO - Processing /home/vscode/.local/lib/python3.10/site-packages/airflow/example_dags/example_branch_datetime_operator.py took 0.064 seconds
[2025-02-06T16:49:52.345+0000] {processor.py:157} INFO - Started process (PID=10284) to work on /home/vscode/.local/lib/python3.10/site-packages/airflow/example_dags/example_branch_datetime_operator.py
[2025-02-06T16:49:52.345+0000] {processor.py:826} INFO - Processing file /home/vscode/.local/lib/python3.10/site-packages/airflow/example_dags/example_branch_datetime_operator.py for tasks to queue
[2025-02-06T16:49:52.346+0000] {logging_mixin.py:150} INFO - [2025-02-06T16:49:52.346+0000] {dagbag.py:541} INFO - Filling up the DagBag from /home/vscode/.local/lib/python3.10/site-packages/airflow/example_dags/example_branch_datetime_operator.py
[2025-02-06T16:49:52.354+0000] {processor.py:836} INFO - DAG(s) dict_keys(['example_branch_datetime_operator_2', 'example_branch_datetime_operator_3', 'example_branch_datetime_operator']) retrieved from /home/vscode/.local/lib/python3.10/site-packages/airflow/example_dags/example_branch_datetime_operator.py
[2025-02-06T16:49:52.372+0000] {logging_mixin.py:150} INFO - [2025-02-06T16:49:52.372+0000] {dag.py:2742} INFO - Sync 3 DAGs
[2025-02-06T16:49:52.388+0000] {logging_mixin.py:150} INFO - [2025-02-06T16:49:52.388+0000] {dag.py:3504} INFO - Setting next_dagrun for example_branch_datetime_operator to 2025-02-05T00:00:00+00:00, run_after=2025-02-06T00:00:00+00:00
[2025-02-06T16:49:52.391+0000] {logging_mixin.py:150} INFO - [2025-02-06T16:49:52.391+0000] {dag.py:3504} INFO - Setting next_dagrun for example_branch_datetime_operator_2 to 2025-02-05T00:00:00+00:00, run_after=2025-02-06T00:00:00+00:00
[2025-02-06T16:49:52.393+0000] {logging_mixin.py:150} INFO - [2025-02-06T16:49:52.392+0000] {dag.py:3504} INFO - Setting next_dagrun for example_branch_datetime_operator_3 to 2025-02-05T00:00:00+00:00, run_after=2025-02-06T00:00:00+00:00
[2025-02-06T16:49:52.405+0000] {processor.py:179} INFO - Processing /home/vscode/.local/lib/python3.10/site-packages/airflow/example_dags/example_branch_datetime_operator.py took 0.063 seconds
[2025-02-06T16:50:46.549+0000] {processor.py:157} INFO - Started process (PID=10680) to work on /home/vscode/.local/lib/python3.10/site-packages/airflow/example_dags/example_branch_datetime_operator.py
[2025-02-06T16:50:46.550+0000] {processor.py:826} INFO - Processing file /home/vscode/.local/lib/python3.10/site-packages/airflow/example_dags/example_branch_datetime_operator.py for tasks to queue
[2025-02-06T16:50:46.551+0000] {logging_mixin.py:150} INFO - [2025-02-06T16:50:46.550+0000] {dagbag.py:541} INFO - Filling up the DagBag from /home/vscode/.local/lib/python3.10/site-packages/airflow/example_dags/example_branch_datetime_operator.py
[2025-02-06T16:50:46.558+0000] {processor.py:836} INFO - DAG(s) dict_keys(['example_branch_datetime_operator', 'example_branch_datetime_operator_2', 'example_branch_datetime_operator_3']) retrieved from /home/vscode/.local/lib/python3.10/site-packages/airflow/example_dags/example_branch_datetime_operator.py
[2025-02-06T16:50:46.576+0000] {logging_mixin.py:150} INFO - [2025-02-06T16:50:46.576+0000] {dag.py:2742} INFO - Sync 3 DAGs
[2025-02-06T16:50:46.592+0000] {logging_mixin.py:150} INFO - [2025-02-06T16:50:46.592+0000] {dag.py:3504} INFO - Setting next_dagrun for example_branch_datetime_operator to 2025-02-05T00:00:00+00:00, run_after=2025-02-06T00:00:00+00:00
[2025-02-06T16:50:46.595+0000] {logging_mixin.py:150} INFO - [2025-02-06T16:50:46.595+0000] {dag.py:3504} INFO - Setting next_dagrun for example_branch_datetime_operator_2 to 2025-02-05T00:00:00+00:00, run_after=2025-02-06T00:00:00+00:00
[2025-02-06T16:50:46.597+0000] {logging_mixin.py:150} INFO - [2025-02-06T16:50:46.597+0000] {dag.py:3504} INFO - Setting next_dagrun for example_branch_datetime_operator_3 to 2025-02-05T00:00:00+00:00, run_after=2025-02-06T00:00:00+00:00
[2025-02-06T16:50:46.611+0000] {processor.py:179} INFO - Processing /home/vscode/.local/lib/python3.10/site-packages/airflow/example_dags/example_branch_datetime_operator.py took 0.064 seconds
[2025-02-06T16:51:33.858+0000] {processor.py:157} INFO - Started process (PID=11042) to work on /home/vscode/.local/lib/python3.10/site-packages/airflow/example_dags/example_branch_datetime_operator.py
[2025-02-06T16:51:33.859+0000] {processor.py:826} INFO - Processing file /home/vscode/.local/lib/python3.10/site-packages/airflow/example_dags/example_branch_datetime_operator.py for tasks to queue
[2025-02-06T16:51:33.859+0000] {logging_mixin.py:150} INFO - [2025-02-06T16:51:33.859+0000] {dagbag.py:541} INFO - Filling up the DagBag from /home/vscode/.local/lib/python3.10/site-packages/airflow/example_dags/example_branch_datetime_operator.py
[2025-02-06T16:51:33.867+0000] {processor.py:836} INFO - DAG(s) dict_keys(['example_branch_datetime_operator', 'example_branch_datetime_operator_3', 'example_branch_datetime_operator_2']) retrieved from /home/vscode/.local/lib/python3.10/site-packages/airflow/example_dags/example_branch_datetime_operator.py
[2025-02-06T16:51:33.885+0000] {logging_mixin.py:150} INFO - [2025-02-06T16:51:33.885+0000] {dag.py:2742} INFO - Sync 3 DAGs
[2025-02-06T16:51:33.902+0000] {logging_mixin.py:150} INFO - [2025-02-06T16:51:33.901+0000] {dag.py:3504} INFO - Setting next_dagrun for example_branch_datetime_operator to 2025-02-05T00:00:00+00:00, run_after=2025-02-06T00:00:00+00:00
[2025-02-06T16:51:33.905+0000] {logging_mixin.py:150} INFO - [2025-02-06T16:51:33.905+0000] {dag.py:3504} INFO - Setting next_dagrun for example_branch_datetime_operator_2 to 2025-02-05T00:00:00+00:00, run_after=2025-02-06T00:00:00+00:00
[2025-02-06T16:51:33.907+0000] {logging_mixin.py:150} INFO - [2025-02-06T16:51:33.906+0000] {dag.py:3504} INFO - Setting next_dagrun for example_branch_datetime_operator_3 to 2025-02-05T00:00:00+00:00, run_after=2025-02-06T00:00:00+00:00
[2025-02-06T16:51:33.922+0000] {processor.py:179} INFO - Processing /home/vscode/.local/lib/python3.10/site-packages/airflow/example_dags/example_branch_datetime_operator.py took 0.066 seconds
[2025-02-06T16:52:29.207+0000] {processor.py:157} INFO - Started process (PID=11412) to work on /home/vscode/.local/lib/python3.10/site-packages/airflow/example_dags/example_branch_datetime_operator.py
[2025-02-06T16:52:29.208+0000] {processor.py:826} INFO - Processing file /home/vscode/.local/lib/python3.10/site-packages/airflow/example_dags/example_branch_datetime_operator.py for tasks to queue
[2025-02-06T16:52:29.209+0000] {logging_mixin.py:150} INFO - [2025-02-06T16:52:29.208+0000] {dagbag.py:541} INFO - Filling up the DagBag from /home/vscode/.local/lib/python3.10/site-packages/airflow/example_dags/example_branch_datetime_operator.py
[2025-02-06T16:52:29.216+0000] {processor.py:836} INFO - DAG(s) dict_keys(['example_branch_datetime_operator_2', 'example_branch_datetime_operator_3', 'example_branch_datetime_operator']) retrieved from /home/vscode/.local/lib/python3.10/site-packages/airflow/example_dags/example_branch_datetime_operator.py
[2025-02-06T16:52:29.234+0000] {logging_mixin.py:150} INFO - [2025-02-06T16:52:29.234+0000] {dag.py:2742} INFO - Sync 3 DAGs
[2025-02-06T16:52:29.250+0000] {logging_mixin.py:150} INFO - [2025-02-06T16:52:29.249+0000] {dag.py:3504} INFO - Setting next_dagrun for example_branch_datetime_operator to 2025-02-05T00:00:00+00:00, run_after=2025-02-06T00:00:00+00:00
[2025-02-06T16:52:29.253+0000] {logging_mixin.py:150} INFO - [2025-02-06T16:52:29.253+0000] {dag.py:3504} INFO - Setting next_dagrun for example_branch_datetime_operator_2 to 2025-02-05T00:00:00+00:00, run_after=2025-02-06T00:00:00+00:00
[2025-02-06T16:52:29.254+0000] {logging_mixin.py:150} INFO - [2025-02-06T16:52:29.254+0000] {dag.py:3504} INFO - Setting next_dagrun for example_branch_datetime_operator_3 to 2025-02-05T00:00:00+00:00, run_after=2025-02-06T00:00:00+00:00
[2025-02-06T16:52:29.268+0000] {processor.py:179} INFO - Processing /home/vscode/.local/lib/python3.10/site-packages/airflow/example_dags/example_branch_datetime_operator.py took 0.064 seconds
[2025-02-06T16:53:15.408+0000] {processor.py:157} INFO - Started process (PID=11725) to work on /home/vscode/.local/lib/python3.10/site-packages/airflow/example_dags/example_branch_datetime_operator.py
[2025-02-06T16:53:15.409+0000] {processor.py:826} INFO - Processing file /home/vscode/.local/lib/python3.10/site-packages/airflow/example_dags/example_branch_datetime_operator.py for tasks to queue
[2025-02-06T16:53:15.409+0000] {logging_mixin.py:150} INFO - [2025-02-06T16:53:15.409+0000] {dagbag.py:541} INFO - Filling up the DagBag from /home/vscode/.local/lib/python3.10/site-packages/airflow/example_dags/example_branch_datetime_operator.py
[2025-02-06T16:53:15.417+0000] {processor.py:836} INFO - DAG(s) dict_keys(['example_branch_datetime_operator_2', 'example_branch_datetime_operator', 'example_branch_datetime_operator_3']) retrieved from /home/vscode/.local/lib/python3.10/site-packages/airflow/example_dags/example_branch_datetime_operator.py
[2025-02-06T16:53:15.435+0000] {logging_mixin.py:150} INFO - [2025-02-06T16:53:15.435+0000] {dag.py:2742} INFO - Sync 3 DAGs
[2025-02-06T16:53:15.450+0000] {logging_mixin.py:150} INFO - [2025-02-06T16:53:15.450+0000] {dag.py:3504} INFO - Setting next_dagrun for example_branch_datetime_operator to 2025-02-05T00:00:00+00:00, run_after=2025-02-06T00:00:00+00:00
[2025-02-06T16:53:15.454+0000] {logging_mixin.py:150} INFO - [2025-02-06T16:53:15.453+0000] {dag.py:3504} INFO - Setting next_dagrun for example_branch_datetime_operator_2 to 2025-02-05T00:00:00+00:00, run_after=2025-02-06T00:00:00+00:00
[2025-02-06T16:53:15.455+0000] {logging_mixin.py:150} INFO - [2025-02-06T16:53:15.455+0000] {dag.py:3504} INFO - Setting next_dagrun for example_branch_datetime_operator_3 to 2025-02-05T00:00:00+00:00, run_after=2025-02-06T00:00:00+00:00
[2025-02-06T16:53:15.469+0000] {processor.py:179} INFO - Processing /home/vscode/.local/lib/python3.10/site-packages/airflow/example_dags/example_branch_datetime_operator.py took 0.063 seconds
[2025-02-06T16:53:59.538+0000] {processor.py:157} INFO - Started process (PID=12027) to work on /home/vscode/.local/lib/python3.10/site-packages/airflow/example_dags/example_branch_datetime_operator.py
[2025-02-06T16:53:59.539+0000] {processor.py:826} INFO - Processing file /home/vscode/.local/lib/python3.10/site-packages/airflow/example_dags/example_branch_datetime_operator.py for tasks to queue
[2025-02-06T16:53:59.540+0000] {logging_mixin.py:150} INFO - [2025-02-06T16:53:59.540+0000] {dagbag.py:541} INFO - Filling up the DagBag from /home/vscode/.local/lib/python3.10/site-packages/airflow/example_dags/example_branch_datetime_operator.py
[2025-02-06T16:53:59.548+0000] {processor.py:836} INFO - DAG(s) dict_keys(['example_branch_datetime_operator_3', 'example_branch_datetime_operator_2', 'example_branch_datetime_operator']) retrieved from /home/vscode/.local/lib/python3.10/site-packages/airflow/example_dags/example_branch_datetime_operator.py
[2025-02-06T16:53:59.566+0000] {logging_mixin.py:150} INFO - [2025-02-06T16:53:59.566+0000] {dag.py:2742} INFO - Sync 3 DAGs
[2025-02-06T16:53:59.582+0000] {logging_mixin.py:150} INFO - [2025-02-06T16:53:59.582+0000] {dag.py:3504} INFO - Setting next_dagrun for example_branch_datetime_operator to 2025-02-05T00:00:00+00:00, run_after=2025-02-06T00:00:00+00:00
[2025-02-06T16:53:59.586+0000] {logging_mixin.py:150} INFO - [2025-02-06T16:53:59.585+0000] {dag.py:3504} INFO - Setting next_dagrun for example_branch_datetime_operator_2 to 2025-02-05T00:00:00+00:00, run_after=2025-02-06T00:00:00+00:00
[2025-02-06T16:53:59.587+0000] {logging_mixin.py:150} INFO - [2025-02-06T16:53:59.587+0000] {dag.py:3504} INFO - Setting next_dagrun for example_branch_datetime_operator_3 to 2025-02-05T00:00:00+00:00, run_after=2025-02-06T00:00:00+00:00
[2025-02-06T16:53:59.601+0000] {processor.py:179} INFO - Processing /home/vscode/.local/lib/python3.10/site-packages/airflow/example_dags/example_branch_datetime_operator.py took 0.065 seconds
[2025-02-06T16:54:47.978+0000] {processor.py:157} INFO - Started process (PID=12423) to work on /home/vscode/.local/lib/python3.10/site-packages/airflow/example_dags/example_branch_datetime_operator.py
[2025-02-06T16:54:47.979+0000] {processor.py:826} INFO - Processing file /home/vscode/.local/lib/python3.10/site-packages/airflow/example_dags/example_branch_datetime_operator.py for tasks to queue
[2025-02-06T16:54:47.980+0000] {logging_mixin.py:150} INFO - [2025-02-06T16:54:47.980+0000] {dagbag.py:541} INFO - Filling up the DagBag from /home/vscode/.local/lib/python3.10/site-packages/airflow/example_dags/example_branch_datetime_operator.py
[2025-02-06T16:54:47.988+0000] {processor.py:836} INFO - DAG(s) dict_keys(['example_branch_datetime_operator_3', 'example_branch_datetime_operator_2', 'example_branch_datetime_operator']) retrieved from /home/vscode/.local/lib/python3.10/site-packages/airflow/example_dags/example_branch_datetime_operator.py
[2025-02-06T16:54:48.006+0000] {logging_mixin.py:150} INFO - [2025-02-06T16:54:48.006+0000] {dag.py:2742} INFO - Sync 3 DAGs
[2025-02-06T16:54:48.022+0000] {logging_mixin.py:150} INFO - [2025-02-06T16:54:48.021+0000] {dag.py:3504} INFO - Setting next_dagrun for example_branch_datetime_operator to 2025-02-05T00:00:00+00:00, run_after=2025-02-06T00:00:00+00:00
[2025-02-06T16:54:48.025+0000] {logging_mixin.py:150} INFO - [2025-02-06T16:54:48.025+0000] {dag.py:3504} INFO - Setting next_dagrun for example_branch_datetime_operator_2 to 2025-02-05T00:00:00+00:00, run_after=2025-02-06T00:00:00+00:00
[2025-02-06T16:54:48.026+0000] {logging_mixin.py:150} INFO - [2025-02-06T16:54:48.026+0000] {dag.py:3504} INFO - Setting next_dagrun for example_branch_datetime_operator_3 to 2025-02-05T00:00:00+00:00, run_after=2025-02-06T00:00:00+00:00
[2025-02-06T16:54:48.041+0000] {processor.py:179} INFO - Processing /home/vscode/.local/lib/python3.10/site-packages/airflow/example_dags/example_branch_datetime_operator.py took 0.066 seconds
[2025-02-06T16:55:38.802+0000] {processor.py:157} INFO - Started process (PID=12828) to work on /home/vscode/.local/lib/python3.10/site-packages/airflow/example_dags/example_branch_datetime_operator.py
[2025-02-06T16:55:38.802+0000] {processor.py:826} INFO - Processing file /home/vscode/.local/lib/python3.10/site-packages/airflow/example_dags/example_branch_datetime_operator.py for tasks to queue
[2025-02-06T16:55:38.803+0000] {logging_mixin.py:150} INFO - [2025-02-06T16:55:38.803+0000] {dagbag.py:541} INFO - Filling up the DagBag from /home/vscode/.local/lib/python3.10/site-packages/airflow/example_dags/example_branch_datetime_operator.py
[2025-02-06T16:55:38.811+0000] {processor.py:836} INFO - DAG(s) dict_keys(['example_branch_datetime_operator_2', 'example_branch_datetime_operator', 'example_branch_datetime_operator_3']) retrieved from /home/vscode/.local/lib/python3.10/site-packages/airflow/example_dags/example_branch_datetime_operator.py
[2025-02-06T16:55:38.829+0000] {logging_mixin.py:150} INFO - [2025-02-06T16:55:38.829+0000] {dag.py:2742} INFO - Sync 3 DAGs
[2025-02-06T16:55:38.849+0000] {logging_mixin.py:150} INFO - [2025-02-06T16:55:38.849+0000] {dag.py:3504} INFO - Setting next_dagrun for example_branch_datetime_operator to 2025-02-05T00:00:00+00:00, run_after=2025-02-06T00:00:00+00:00
[2025-02-06T16:55:38.854+0000] {logging_mixin.py:150} INFO - [2025-02-06T16:55:38.854+0000] {dag.py:3504} INFO - Setting next_dagrun for example_branch_datetime_operator_2 to 2025-02-05T00:00:00+00:00, run_after=2025-02-06T00:00:00+00:00
[2025-02-06T16:55:38.857+0000] {logging_mixin.py:150} INFO - [2025-02-06T16:55:38.857+0000] {dag.py:3504} INFO - Setting next_dagrun for example_branch_datetime_operator_3 to 2025-02-05T00:00:00+00:00, run_after=2025-02-06T00:00:00+00:00
[2025-02-06T16:55:38.874+0000] {processor.py:179} INFO - Processing /home/vscode/.local/lib/python3.10/site-packages/airflow/example_dags/example_branch_datetime_operator.py took 0.075 seconds
[2025-02-06T16:56:25.336+0000] {processor.py:157} INFO - Started process (PID=13267) to work on /home/vscode/.local/lib/python3.10/site-packages/airflow/example_dags/example_branch_datetime_operator.py
[2025-02-06T16:56:25.337+0000] {processor.py:826} INFO - Processing file /home/vscode/.local/lib/python3.10/site-packages/airflow/example_dags/example_branch_datetime_operator.py for tasks to queue
[2025-02-06T16:56:25.338+0000] {logging_mixin.py:150} INFO - [2025-02-06T16:56:25.338+0000] {dagbag.py:541} INFO - Filling up the DagBag from /home/vscode/.local/lib/python3.10/site-packages/airflow/example_dags/example_branch_datetime_operator.py
[2025-02-06T16:56:25.345+0000] {processor.py:836} INFO - DAG(s) dict_keys(['example_branch_datetime_operator', 'example_branch_datetime_operator_2', 'example_branch_datetime_operator_3']) retrieved from /home/vscode/.local/lib/python3.10/site-packages/airflow/example_dags/example_branch_datetime_operator.py
[2025-02-06T16:56:25.363+0000] {logging_mixin.py:150} INFO - [2025-02-06T16:56:25.363+0000] {dag.py:2742} INFO - Sync 3 DAGs
[2025-02-06T16:56:25.379+0000] {logging_mixin.py:150} INFO - [2025-02-06T16:56:25.379+0000] {dag.py:3504} INFO - Setting next_dagrun for example_branch_datetime_operator to 2025-02-05T00:00:00+00:00, run_after=2025-02-06T00:00:00+00:00
[2025-02-06T16:56:25.383+0000] {logging_mixin.py:150} INFO - [2025-02-06T16:56:25.382+0000] {dag.py:3504} INFO - Setting next_dagrun for example_branch_datetime_operator_2 to 2025-02-05T00:00:00+00:00, run_after=2025-02-06T00:00:00+00:00
[2025-02-06T16:56:25.384+0000] {logging_mixin.py:150} INFO - [2025-02-06T16:56:25.384+0000] {dag.py:3504} INFO - Setting next_dagrun for example_branch_datetime_operator_3 to 2025-02-05T00:00:00+00:00, run_after=2025-02-06T00:00:00+00:00
[2025-02-06T16:56:25.398+0000] {processor.py:179} INFO - Processing /home/vscode/.local/lib/python3.10/site-packages/airflow/example_dags/example_branch_datetime_operator.py took 0.064 seconds
[2025-02-06T16:57:10.794+0000] {processor.py:157} INFO - Started process (PID=13612) to work on /home/vscode/.local/lib/python3.10/site-packages/airflow/example_dags/example_branch_datetime_operator.py
[2025-02-06T16:57:10.795+0000] {processor.py:826} INFO - Processing file /home/vscode/.local/lib/python3.10/site-packages/airflow/example_dags/example_branch_datetime_operator.py for tasks to queue
[2025-02-06T16:57:10.796+0000] {logging_mixin.py:150} INFO - [2025-02-06T16:57:10.795+0000] {dagbag.py:541} INFO - Filling up the DagBag from /home/vscode/.local/lib/python3.10/site-packages/airflow/example_dags/example_branch_datetime_operator.py
[2025-02-06T16:57:10.803+0000] {processor.py:836} INFO - DAG(s) dict_keys(['example_branch_datetime_operator_2', 'example_branch_datetime_operator_3', 'example_branch_datetime_operator']) retrieved from /home/vscode/.local/lib/python3.10/site-packages/airflow/example_dags/example_branch_datetime_operator.py
[2025-02-06T16:57:10.821+0000] {logging_mixin.py:150} INFO - [2025-02-06T16:57:10.821+0000] {dag.py:2742} INFO - Sync 3 DAGs
[2025-02-06T16:57:10.837+0000] {logging_mixin.py:150} INFO - [2025-02-06T16:57:10.837+0000] {dag.py:3504} INFO - Setting next_dagrun for example_branch_datetime_operator to 2025-02-05T00:00:00+00:00, run_after=2025-02-06T00:00:00+00:00
[2025-02-06T16:57:10.840+0000] {logging_mixin.py:150} INFO - [2025-02-06T16:57:10.840+0000] {dag.py:3504} INFO - Setting next_dagrun for example_branch_datetime_operator_2 to 2025-02-05T00:00:00+00:00, run_after=2025-02-06T00:00:00+00:00
[2025-02-06T16:57:10.842+0000] {logging_mixin.py:150} INFO - [2025-02-06T16:57:10.842+0000] {dag.py:3504} INFO - Setting next_dagrun for example_branch_datetime_operator_3 to 2025-02-05T00:00:00+00:00, run_after=2025-02-06T00:00:00+00:00
[2025-02-06T16:57:10.855+0000] {processor.py:179} INFO - Processing /home/vscode/.local/lib/python3.10/site-packages/airflow/example_dags/example_branch_datetime_operator.py took 0.063 seconds
[2025-02-06T16:57:55.305+0000] {processor.py:157} INFO - Started process (PID=13956) to work on /home/vscode/.local/lib/python3.10/site-packages/airflow/example_dags/example_branch_datetime_operator.py
[2025-02-06T16:57:55.305+0000] {processor.py:826} INFO - Processing file /home/vscode/.local/lib/python3.10/site-packages/airflow/example_dags/example_branch_datetime_operator.py for tasks to queue
[2025-02-06T16:57:55.306+0000] {logging_mixin.py:150} INFO - [2025-02-06T16:57:55.306+0000] {dagbag.py:541} INFO - Filling up the DagBag from /home/vscode/.local/lib/python3.10/site-packages/airflow/example_dags/example_branch_datetime_operator.py
[2025-02-06T16:57:55.314+0000] {processor.py:836} INFO - DAG(s) dict_keys(['example_branch_datetime_operator_2', 'example_branch_datetime_operator', 'example_branch_datetime_operator_3']) retrieved from /home/vscode/.local/lib/python3.10/site-packages/airflow/example_dags/example_branch_datetime_operator.py
[2025-02-06T16:57:55.333+0000] {logging_mixin.py:150} INFO - [2025-02-06T16:57:55.333+0000] {dag.py:2742} INFO - Sync 3 DAGs
[2025-02-06T16:57:55.349+0000] {logging_mixin.py:150} INFO - [2025-02-06T16:57:55.349+0000] {dag.py:3504} INFO - Setting next_dagrun for example_branch_datetime_operator to 2025-02-05T00:00:00+00:00, run_after=2025-02-06T00:00:00+00:00
[2025-02-06T16:57:55.352+0000] {logging_mixin.py:150} INFO - [2025-02-06T16:57:55.352+0000] {dag.py:3504} INFO - Setting next_dagrun for example_branch_datetime_operator_2 to 2025-02-05T00:00:00+00:00, run_after=2025-02-06T00:00:00+00:00
[2025-02-06T16:57:55.354+0000] {logging_mixin.py:150} INFO - [2025-02-06T16:57:55.354+0000] {dag.py:3504} INFO - Setting next_dagrun for example_branch_datetime_operator_3 to 2025-02-05T00:00:00+00:00, run_after=2025-02-06T00:00:00+00:00
[2025-02-06T16:57:55.369+0000] {processor.py:179} INFO - Processing /home/vscode/.local/lib/python3.10/site-packages/airflow/example_dags/example_branch_datetime_operator.py took 0.067 seconds
[2025-02-06T18:08:07.067+0000] {processor.py:157} INFO - Started process (PID=5107) to work on /home/vscode/.local/lib/python3.10/site-packages/airflow/example_dags/example_branch_datetime_operator.py
[2025-02-06T18:08:07.074+0000] {processor.py:826} INFO - Processing file /home/vscode/.local/lib/python3.10/site-packages/airflow/example_dags/example_branch_datetime_operator.py for tasks to queue
[2025-02-06T18:08:07.075+0000] {logging_mixin.py:150} INFO - [2025-02-06T18:08:07.075+0000] {dagbag.py:541} INFO - Filling up the DagBag from /home/vscode/.local/lib/python3.10/site-packages/airflow/example_dags/example_branch_datetime_operator.py
[2025-02-06T18:08:07.082+0000] {processor.py:836} INFO - DAG(s) dict_keys(['example_branch_datetime_operator', 'example_branch_datetime_operator_2', 'example_branch_datetime_operator_3']) retrieved from /home/vscode/.local/lib/python3.10/site-packages/airflow/example_dags/example_branch_datetime_operator.py
[2025-02-06T18:08:07.153+0000] {logging_mixin.py:150} INFO - [2025-02-06T18:08:07.153+0000] {manager.py:504} INFO - Created Permission View: can read on DAG:example_branch_datetime_operator
[2025-02-06T18:08:07.163+0000] {logging_mixin.py:150} INFO - [2025-02-06T18:08:07.163+0000] {manager.py:504} INFO - Created Permission View: can delete on DAG:example_branch_datetime_operator
[2025-02-06T18:08:07.170+0000] {logging_mixin.py:150} INFO - [2025-02-06T18:08:07.170+0000] {manager.py:504} INFO - Created Permission View: can edit on DAG:example_branch_datetime_operator
[2025-02-06T18:08:07.211+0000] {logging_mixin.py:150} INFO - [2025-02-06T18:08:07.211+0000] {manager.py:504} INFO - Created Permission View: can read on DAG:example_branch_datetime_operator_2
[2025-02-06T18:08:07.215+0000] {logging_mixin.py:150} INFO - [2025-02-06T18:08:07.215+0000] {manager.py:504} INFO - Created Permission View: can delete on DAG:example_branch_datetime_operator_2
[2025-02-06T18:08:07.220+0000] {logging_mixin.py:150} INFO - [2025-02-06T18:08:07.220+0000] {manager.py:504} INFO - Created Permission View: can edit on DAG:example_branch_datetime_operator_2
[2025-02-06T18:08:07.231+0000] {logging_mixin.py:150} INFO - [2025-02-06T18:08:07.231+0000] {manager.py:504} INFO - Created Permission View: can read on DAG:example_branch_datetime_operator_3
[2025-02-06T18:08:07.236+0000] {logging_mixin.py:150} INFO - [2025-02-06T18:08:07.236+0000] {manager.py:504} INFO - Created Permission View: can delete on DAG:example_branch_datetime_operator_3
[2025-02-06T18:08:07.241+0000] {logging_mixin.py:150} INFO - [2025-02-06T18:08:07.240+0000] {manager.py:504} INFO - Created Permission View: can edit on DAG:example_branch_datetime_operator_3
[2025-02-06T18:08:07.244+0000] {logging_mixin.py:150} INFO - [2025-02-06T18:08:07.243+0000] {dag.py:2742} INFO - Sync 3 DAGs
[2025-02-06T18:08:07.251+0000] {logging_mixin.py:150} INFO - [2025-02-06T18:08:07.250+0000] {dag.py:2763} INFO - Creating ORM DAG for example_branch_datetime_operator_2
[2025-02-06T18:08:07.251+0000] {logging_mixin.py:150} INFO - [2025-02-06T18:08:07.251+0000] {dag.py:2763} INFO - Creating ORM DAG for example_branch_datetime_operator
[2025-02-06T18:08:07.251+0000] {logging_mixin.py:150} INFO - [2025-02-06T18:08:07.251+0000] {dag.py:2763} INFO - Creating ORM DAG for example_branch_datetime_operator_3
[2025-02-06T18:08:07.258+0000] {logging_mixin.py:150} INFO - [2025-02-06T18:08:07.258+0000] {dag.py:3504} INFO - Setting next_dagrun for example_branch_datetime_operator to 2025-02-05T00:00:00+00:00, run_after=2025-02-06T00:00:00+00:00
[2025-02-06T18:08:07.259+0000] {logging_mixin.py:150} INFO - [2025-02-06T18:08:07.259+0000] {dag.py:3504} INFO - Setting next_dagrun for example_branch_datetime_operator_2 to 2025-02-05T00:00:00+00:00, run_after=2025-02-06T00:00:00+00:00
[2025-02-06T18:08:07.260+0000] {logging_mixin.py:150} INFO - [2025-02-06T18:08:07.260+0000] {dag.py:3504} INFO - Setting next_dagrun for example_branch_datetime_operator_3 to 2025-02-05T00:00:00+00:00, run_after=2025-02-06T00:00:00+00:00
[2025-02-06T18:08:07.273+0000] {processor.py:179} INFO - Processing /home/vscode/.local/lib/python3.10/site-packages/airflow/example_dags/example_branch_datetime_operator.py took 0.208 seconds
