[2025-02-06T16:44:43.396+0000] {processor.py:157} INFO - Started process (PID=8147) to work on /home/vscode/.local/lib/python3.10/site-packages/airflow/example_dags/example_short_circuit_decorator.py
[2025-02-06T16:44:43.397+0000] {processor.py:826} INFO - Processing file /home/vscode/.local/lib/python3.10/site-packages/airflow/example_dags/example_short_circuit_decorator.py for tasks to queue
[2025-02-06T16:44:43.398+0000] {logging_mixin.py:150} INFO - [2025-02-06T16:44:43.397+0000] {dagbag.py:541} INFO - Filling up the DagBag from /home/vscode/.local/lib/python3.10/site-packages/airflow/example_dags/example_short_circuit_decorator.py
[2025-02-06T16:44:43.406+0000] {processor.py:836} INFO - DAG(s) dict_keys(['example_short_circuit_decorator']) retrieved from /home/vscode/.local/lib/python3.10/site-packages/airflow/example_dags/example_short_circuit_decorator.py
[2025-02-06T16:44:43.566+0000] {logging_mixin.py:150} INFO - [2025-02-06T16:44:43.565+0000] {manager.py:504} INFO - Created Permission View: can read on DAG:example_short_circuit_decorator
[2025-02-06T16:44:43.573+0000] {logging_mixin.py:150} INFO - [2025-02-06T16:44:43.573+0000] {manager.py:504} INFO - Created Permission View: can delete on DAG:example_short_circuit_decorator
[2025-02-06T16:44:43.578+0000] {logging_mixin.py:150} INFO - [2025-02-06T16:44:43.578+0000] {manager.py:504} INFO - Created Permission View: can edit on DAG:example_short_circuit_decorator
[2025-02-06T16:44:43.587+0000] {logging_mixin.py:150} INFO - [2025-02-06T16:44:43.587+0000] {dag.py:2742} INFO - Sync 1 DAGs
[2025-02-06T16:44:43.593+0000] {logging_mixin.py:150} INFO - [2025-02-06T16:44:43.592+0000] {dag.py:2763} INFO - Creating ORM DAG for example_short_circuit_decorator
[2025-02-06T16:44:43.599+0000] {logging_mixin.py:150} INFO - [2025-02-06T16:44:43.598+0000] {dag.py:3504} INFO - Setting next_dagrun for example_short_circuit_decorator to 2025-02-05T16:44:43.598754+00:00, run_after=2025-02-06T16:44:43.598754+00:00
[2025-02-06T16:44:43.612+0000] {processor.py:179} INFO - Processing /home/vscode/.local/lib/python3.10/site-packages/airflow/example_dags/example_short_circuit_decorator.py took 0.218 seconds
[2025-02-06T16:45:34.431+0000] {processor.py:157} INFO - Started process (PID=8483) to work on /home/vscode/.local/lib/python3.10/site-packages/airflow/example_dags/example_short_circuit_decorator.py
[2025-02-06T16:45:34.431+0000] {processor.py:826} INFO - Processing file /home/vscode/.local/lib/python3.10/site-packages/airflow/example_dags/example_short_circuit_decorator.py for tasks to queue
[2025-02-06T16:45:34.432+0000] {logging_mixin.py:150} INFO - [2025-02-06T16:45:34.432+0000] {dagbag.py:541} INFO - Filling up the DagBag from /home/vscode/.local/lib/python3.10/site-packages/airflow/example_dags/example_short_circuit_decorator.py
[2025-02-06T16:45:34.440+0000] {processor.py:836} INFO - DAG(s) dict_keys(['example_short_circuit_decorator']) retrieved from /home/vscode/.local/lib/python3.10/site-packages/airflow/example_dags/example_short_circuit_decorator.py
[2025-02-06T16:45:34.453+0000] {logging_mixin.py:150} INFO - [2025-02-06T16:45:34.453+0000] {dag.py:2742} INFO - Sync 1 DAGs
[2025-02-06T16:45:34.468+0000] {logging_mixin.py:150} INFO - [2025-02-06T16:45:34.468+0000] {dag.py:3504} INFO - Setting next_dagrun for example_short_circuit_decorator to 2025-02-05T16:45:34.468103+00:00, run_after=2025-02-06T16:45:34.468103+00:00
[2025-02-06T16:45:34.482+0000] {processor.py:179} INFO - Processing /home/vscode/.local/lib/python3.10/site-packages/airflow/example_dags/example_short_circuit_decorator.py took 0.054 seconds
[2025-02-06T16:46:19.612+0000] {processor.py:157} INFO - Started process (PID=8793) to work on /home/vscode/.local/lib/python3.10/site-packages/airflow/example_dags/example_short_circuit_decorator.py
[2025-02-06T16:46:19.613+0000] {processor.py:826} INFO - Processing file /home/vscode/.local/lib/python3.10/site-packages/airflow/example_dags/example_short_circuit_decorator.py for tasks to queue
[2025-02-06T16:46:19.613+0000] {logging_mixin.py:150} INFO - [2025-02-06T16:46:19.613+0000] {dagbag.py:541} INFO - Filling up the DagBag from /home/vscode/.local/lib/python3.10/site-packages/airflow/example_dags/example_short_circuit_decorator.py
[2025-02-06T16:46:19.621+0000] {processor.py:836} INFO - DAG(s) dict_keys(['example_short_circuit_decorator']) retrieved from /home/vscode/.local/lib/python3.10/site-packages/airflow/example_dags/example_short_circuit_decorator.py
[2025-02-06T16:46:19.636+0000] {logging_mixin.py:150} INFO - [2025-02-06T16:46:19.636+0000] {dag.py:2742} INFO - Sync 1 DAGs
[2025-02-06T16:46:19.651+0000] {logging_mixin.py:150} INFO - [2025-02-06T16:46:19.651+0000] {dag.py:3504} INFO - Setting next_dagrun for example_short_circuit_decorator to 2025-02-05T16:46:19.651472+00:00, run_after=2025-02-06T16:46:19.651472+00:00
[2025-02-06T16:46:19.666+0000] {processor.py:179} INFO - Processing /home/vscode/.local/lib/python3.10/site-packages/airflow/example_dags/example_short_circuit_decorator.py took 0.057 seconds
[2025-02-06T16:46:58.998+0000] {processor.py:157} INFO - Started process (PID=9059) to work on /home/vscode/.local/lib/python3.10/site-packages/airflow/example_dags/example_short_circuit_decorator.py
[2025-02-06T16:46:58.998+0000] {processor.py:826} INFO - Processing file /home/vscode/.local/lib/python3.10/site-packages/airflow/example_dags/example_short_circuit_decorator.py for tasks to queue
[2025-02-06T16:46:58.999+0000] {logging_mixin.py:150} INFO - [2025-02-06T16:46:58.999+0000] {dagbag.py:541} INFO - Filling up the DagBag from /home/vscode/.local/lib/python3.10/site-packages/airflow/example_dags/example_short_circuit_decorator.py
[2025-02-06T16:46:59.007+0000] {processor.py:836} INFO - DAG(s) dict_keys(['example_short_circuit_decorator']) retrieved from /home/vscode/.local/lib/python3.10/site-packages/airflow/example_dags/example_short_circuit_decorator.py
[2025-02-06T16:46:59.021+0000] {logging_mixin.py:150} INFO - [2025-02-06T16:46:59.021+0000] {dag.py:2742} INFO - Sync 1 DAGs
[2025-02-06T16:46:59.038+0000] {logging_mixin.py:150} INFO - [2025-02-06T16:46:59.038+0000] {dag.py:3504} INFO - Setting next_dagrun for example_short_circuit_decorator to 2025-02-05T16:46:59.037949+00:00, run_after=2025-02-06T16:46:59.037949+00:00
[2025-02-06T16:46:59.053+0000] {processor.py:179} INFO - Processing /home/vscode/.local/lib/python3.10/site-packages/airflow/example_dags/example_short_circuit_decorator.py took 0.058 seconds
[2025-02-06T16:47:44.418+0000] {processor.py:157} INFO - Started process (PID=9370) to work on /home/vscode/.local/lib/python3.10/site-packages/airflow/example_dags/example_short_circuit_decorator.py
[2025-02-06T16:47:44.420+0000] {processor.py:826} INFO - Processing file /home/vscode/.local/lib/python3.10/site-packages/airflow/example_dags/example_short_circuit_decorator.py for tasks to queue
[2025-02-06T16:47:44.421+0000] {logging_mixin.py:150} INFO - [2025-02-06T16:47:44.420+0000] {dagbag.py:541} INFO - Filling up the DagBag from /home/vscode/.local/lib/python3.10/site-packages/airflow/example_dags/example_short_circuit_decorator.py
[2025-02-06T16:47:44.431+0000] {processor.py:836} INFO - DAG(s) dict_keys(['example_short_circuit_decorator']) retrieved from /home/vscode/.local/lib/python3.10/site-packages/airflow/example_dags/example_short_circuit_decorator.py
[2025-02-06T16:47:44.452+0000] {logging_mixin.py:150} INFO - [2025-02-06T16:47:44.452+0000] {dag.py:2742} INFO - Sync 1 DAGs
[2025-02-06T16:47:44.474+0000] {logging_mixin.py:150} INFO - [2025-02-06T16:47:44.474+0000] {dag.py:3504} INFO - Setting next_dagrun for example_short_circuit_decorator to 2025-02-05T16:47:44.473970+00:00, run_after=2025-02-06T16:47:44.473970+00:00
[2025-02-06T16:47:44.500+0000] {processor.py:179} INFO - Processing /home/vscode/.local/lib/python3.10/site-packages/airflow/example_dags/example_short_circuit_decorator.py took 0.085 seconds
[2025-02-06T16:48:29.214+0000] {processor.py:157} INFO - Started process (PID=9670) to work on /home/vscode/.local/lib/python3.10/site-packages/airflow/example_dags/example_short_circuit_decorator.py
[2025-02-06T16:48:29.214+0000] {processor.py:826} INFO - Processing file /home/vscode/.local/lib/python3.10/site-packages/airflow/example_dags/example_short_circuit_decorator.py for tasks to queue
[2025-02-06T16:48:29.215+0000] {logging_mixin.py:150} INFO - [2025-02-06T16:48:29.215+0000] {dagbag.py:541} INFO - Filling up the DagBag from /home/vscode/.local/lib/python3.10/site-packages/airflow/example_dags/example_short_circuit_decorator.py
[2025-02-06T16:48:29.223+0000] {processor.py:836} INFO - DAG(s) dict_keys(['example_short_circuit_decorator']) retrieved from /home/vscode/.local/lib/python3.10/site-packages/airflow/example_dags/example_short_circuit_decorator.py
[2025-02-06T16:48:29.237+0000] {logging_mixin.py:150} INFO - [2025-02-06T16:48:29.237+0000] {dag.py:2742} INFO - Sync 1 DAGs
[2025-02-06T16:48:29.257+0000] {logging_mixin.py:150} INFO - [2025-02-06T16:48:29.256+0000] {dag.py:3504} INFO - Setting next_dagrun for example_short_circuit_decorator to 2025-02-05T16:48:29.256718+00:00, run_after=2025-02-06T16:48:29.256718+00:00
[2025-02-06T16:48:29.278+0000] {processor.py:179} INFO - Processing /home/vscode/.local/lib/python3.10/site-packages/airflow/example_dags/example_short_circuit_decorator.py took 0.067 seconds
[2025-02-06T16:49:15.682+0000] {processor.py:157} INFO - Started process (PID=10004) to work on /home/vscode/.local/lib/python3.10/site-packages/airflow/example_dags/example_short_circuit_decorator.py
[2025-02-06T16:49:15.683+0000] {processor.py:826} INFO - Processing file /home/vscode/.local/lib/python3.10/site-packages/airflow/example_dags/example_short_circuit_decorator.py for tasks to queue
[2025-02-06T16:49:15.684+0000] {logging_mixin.py:150} INFO - [2025-02-06T16:49:15.684+0000] {dagbag.py:541} INFO - Filling up the DagBag from /home/vscode/.local/lib/python3.10/site-packages/airflow/example_dags/example_short_circuit_decorator.py
[2025-02-06T16:49:15.692+0000] {processor.py:836} INFO - DAG(s) dict_keys(['example_short_circuit_decorator']) retrieved from /home/vscode/.local/lib/python3.10/site-packages/airflow/example_dags/example_short_circuit_decorator.py
[2025-02-06T16:49:15.706+0000] {logging_mixin.py:150} INFO - [2025-02-06T16:49:15.706+0000] {dag.py:2742} INFO - Sync 1 DAGs
[2025-02-06T16:49:15.721+0000] {logging_mixin.py:150} INFO - [2025-02-06T16:49:15.720+0000] {dag.py:3504} INFO - Setting next_dagrun for example_short_circuit_decorator to 2025-02-05T16:49:15.720769+00:00, run_after=2025-02-06T16:49:15.720769+00:00
[2025-02-06T16:49:15.736+0000] {processor.py:179} INFO - Processing /home/vscode/.local/lib/python3.10/site-packages/airflow/example_dags/example_short_circuit_decorator.py took 0.057 seconds
[2025-02-06T16:49:56.350+0000] {processor.py:157} INFO - Started process (PID=10316) to work on /home/vscode/.local/lib/python3.10/site-packages/airflow/example_dags/example_short_circuit_decorator.py
[2025-02-06T16:49:56.351+0000] {processor.py:826} INFO - Processing file /home/vscode/.local/lib/python3.10/site-packages/airflow/example_dags/example_short_circuit_decorator.py for tasks to queue
[2025-02-06T16:49:56.352+0000] {logging_mixin.py:150} INFO - [2025-02-06T16:49:56.352+0000] {dagbag.py:541} INFO - Filling up the DagBag from /home/vscode/.local/lib/python3.10/site-packages/airflow/example_dags/example_short_circuit_decorator.py
[2025-02-06T16:49:56.359+0000] {processor.py:836} INFO - DAG(s) dict_keys(['example_short_circuit_decorator']) retrieved from /home/vscode/.local/lib/python3.10/site-packages/airflow/example_dags/example_short_circuit_decorator.py
[2025-02-06T16:49:56.375+0000] {logging_mixin.py:150} INFO - [2025-02-06T16:49:56.375+0000] {dag.py:2742} INFO - Sync 1 DAGs
[2025-02-06T16:49:56.396+0000] {logging_mixin.py:150} INFO - [2025-02-06T16:49:56.396+0000] {dag.py:3504} INFO - Setting next_dagrun for example_short_circuit_decorator to 2025-02-05T16:49:56.396250+00:00, run_after=2025-02-06T16:49:56.396250+00:00
[2025-02-06T16:49:56.425+0000] {processor.py:179} INFO - Processing /home/vscode/.local/lib/python3.10/site-packages/airflow/example_dags/example_short_circuit_decorator.py took 0.077 seconds
[2025-02-06T16:50:36.275+0000] {processor.py:157} INFO - Started process (PID=10612) to work on /home/vscode/.local/lib/python3.10/site-packages/airflow/example_dags/example_short_circuit_decorator.py
[2025-02-06T16:50:36.276+0000] {processor.py:826} INFO - Processing file /home/vscode/.local/lib/python3.10/site-packages/airflow/example_dags/example_short_circuit_decorator.py for tasks to queue
[2025-02-06T16:50:36.277+0000] {logging_mixin.py:150} INFO - [2025-02-06T16:50:36.277+0000] {dagbag.py:541} INFO - Filling up the DagBag from /home/vscode/.local/lib/python3.10/site-packages/airflow/example_dags/example_short_circuit_decorator.py
[2025-02-06T16:50:36.285+0000] {processor.py:836} INFO - DAG(s) dict_keys(['example_short_circuit_decorator']) retrieved from /home/vscode/.local/lib/python3.10/site-packages/airflow/example_dags/example_short_circuit_decorator.py
[2025-02-06T16:50:36.300+0000] {logging_mixin.py:150} INFO - [2025-02-06T16:50:36.299+0000] {dag.py:2742} INFO - Sync 1 DAGs
[2025-02-06T16:50:36.314+0000] {logging_mixin.py:150} INFO - [2025-02-06T16:50:36.314+0000] {dag.py:3504} INFO - Setting next_dagrun for example_short_circuit_decorator to 2025-02-05T16:50:36.314369+00:00, run_after=2025-02-06T16:50:36.314369+00:00
[2025-02-06T16:50:36.329+0000] {processor.py:179} INFO - Processing /home/vscode/.local/lib/python3.10/site-packages/airflow/example_dags/example_short_circuit_decorator.py took 0.056 seconds
[2025-02-06T16:51:25.849+0000] {processor.py:157} INFO - Started process (PID=10980) to work on /home/vscode/.local/lib/python3.10/site-packages/airflow/example_dags/example_short_circuit_decorator.py
[2025-02-06T16:51:25.850+0000] {processor.py:826} INFO - Processing file /home/vscode/.local/lib/python3.10/site-packages/airflow/example_dags/example_short_circuit_decorator.py for tasks to queue
[2025-02-06T16:51:25.851+0000] {logging_mixin.py:150} INFO - [2025-02-06T16:51:25.850+0000] {dagbag.py:541} INFO - Filling up the DagBag from /home/vscode/.local/lib/python3.10/site-packages/airflow/example_dags/example_short_circuit_decorator.py
[2025-02-06T16:51:25.858+0000] {processor.py:836} INFO - DAG(s) dict_keys(['example_short_circuit_decorator']) retrieved from /home/vscode/.local/lib/python3.10/site-packages/airflow/example_dags/example_short_circuit_decorator.py
[2025-02-06T16:51:25.873+0000] {logging_mixin.py:150} INFO - [2025-02-06T16:51:25.872+0000] {dag.py:2742} INFO - Sync 1 DAGs
[2025-02-06T16:51:25.887+0000] {logging_mixin.py:150} INFO - [2025-02-06T16:51:25.887+0000] {dag.py:3504} INFO - Setting next_dagrun for example_short_circuit_decorator to 2025-02-05T16:51:25.887095+00:00, run_after=2025-02-06T16:51:25.887095+00:00
[2025-02-06T16:51:25.902+0000] {processor.py:179} INFO - Processing /home/vscode/.local/lib/python3.10/site-packages/airflow/example_dags/example_short_circuit_decorator.py took 0.056 seconds
[2025-02-06T16:52:06.827+0000] {processor.py:157} INFO - Started process (PID=11264) to work on /home/vscode/.local/lib/python3.10/site-packages/airflow/example_dags/example_short_circuit_decorator.py
[2025-02-06T16:52:06.828+0000] {processor.py:826} INFO - Processing file /home/vscode/.local/lib/python3.10/site-packages/airflow/example_dags/example_short_circuit_decorator.py for tasks to queue
[2025-02-06T16:52:06.828+0000] {logging_mixin.py:150} INFO - [2025-02-06T16:52:06.828+0000] {dagbag.py:541} INFO - Filling up the DagBag from /home/vscode/.local/lib/python3.10/site-packages/airflow/example_dags/example_short_circuit_decorator.py
[2025-02-06T16:52:06.836+0000] {processor.py:836} INFO - DAG(s) dict_keys(['example_short_circuit_decorator']) retrieved from /home/vscode/.local/lib/python3.10/site-packages/airflow/example_dags/example_short_circuit_decorator.py
[2025-02-06T16:52:06.850+0000] {logging_mixin.py:150} INFO - [2025-02-06T16:52:06.850+0000] {dag.py:2742} INFO - Sync 1 DAGs
[2025-02-06T16:52:06.865+0000] {logging_mixin.py:150} INFO - [2025-02-06T16:52:06.865+0000] {dag.py:3504} INFO - Setting next_dagrun for example_short_circuit_decorator to 2025-02-05T16:52:06.865497+00:00, run_after=2025-02-06T16:52:06.865497+00:00
[2025-02-06T16:52:06.880+0000] {processor.py:179} INFO - Processing /home/vscode/.local/lib/python3.10/site-packages/airflow/example_dags/example_short_circuit_decorator.py took 0.056 seconds
[2025-02-06T16:52:54.695+0000] {processor.py:157} INFO - Started process (PID=11583) to work on /home/vscode/.local/lib/python3.10/site-packages/airflow/example_dags/example_short_circuit_decorator.py
[2025-02-06T16:52:54.695+0000] {processor.py:826} INFO - Processing file /home/vscode/.local/lib/python3.10/site-packages/airflow/example_dags/example_short_circuit_decorator.py for tasks to queue
[2025-02-06T16:52:54.696+0000] {logging_mixin.py:150} INFO - [2025-02-06T16:52:54.696+0000] {dagbag.py:541} INFO - Filling up the DagBag from /home/vscode/.local/lib/python3.10/site-packages/airflow/example_dags/example_short_circuit_decorator.py
[2025-02-06T16:52:54.704+0000] {processor.py:836} INFO - DAG(s) dict_keys(['example_short_circuit_decorator']) retrieved from /home/vscode/.local/lib/python3.10/site-packages/airflow/example_dags/example_short_circuit_decorator.py
[2025-02-06T16:52:54.718+0000] {logging_mixin.py:150} INFO - [2025-02-06T16:52:54.718+0000] {dag.py:2742} INFO - Sync 1 DAGs
[2025-02-06T16:52:54.733+0000] {logging_mixin.py:150} INFO - [2025-02-06T16:52:54.733+0000] {dag.py:3504} INFO - Setting next_dagrun for example_short_circuit_decorator to 2025-02-05T16:52:54.733648+00:00, run_after=2025-02-06T16:52:54.733648+00:00
[2025-02-06T16:52:54.749+0000] {processor.py:179} INFO - Processing /home/vscode/.local/lib/python3.10/site-packages/airflow/example_dags/example_short_circuit_decorator.py took 0.057 seconds
[2025-02-06T16:53:37.118+0000] {processor.py:157} INFO - Started process (PID=11874) to work on /home/vscode/.local/lib/python3.10/site-packages/airflow/example_dags/example_short_circuit_decorator.py
[2025-02-06T16:53:37.119+0000] {processor.py:826} INFO - Processing file /home/vscode/.local/lib/python3.10/site-packages/airflow/example_dags/example_short_circuit_decorator.py for tasks to queue
[2025-02-06T16:53:37.119+0000] {logging_mixin.py:150} INFO - [2025-02-06T16:53:37.119+0000] {dagbag.py:541} INFO - Filling up the DagBag from /home/vscode/.local/lib/python3.10/site-packages/airflow/example_dags/example_short_circuit_decorator.py
[2025-02-06T16:53:37.127+0000] {processor.py:836} INFO - DAG(s) dict_keys(['example_short_circuit_decorator']) retrieved from /home/vscode/.local/lib/python3.10/site-packages/airflow/example_dags/example_short_circuit_decorator.py
[2025-02-06T16:53:37.144+0000] {logging_mixin.py:150} INFO - [2025-02-06T16:53:37.143+0000] {dag.py:2742} INFO - Sync 1 DAGs
[2025-02-06T16:53:37.159+0000] {logging_mixin.py:150} INFO - [2025-02-06T16:53:37.159+0000] {dag.py:3504} INFO - Setting next_dagrun for example_short_circuit_decorator to 2025-02-05T16:53:37.158925+00:00, run_after=2025-02-06T16:53:37.158925+00:00
[2025-02-06T16:53:37.174+0000] {processor.py:179} INFO - Processing /home/vscode/.local/lib/python3.10/site-packages/airflow/example_dags/example_short_circuit_decorator.py took 0.059 seconds
[2025-02-06T16:54:27.423+0000] {processor.py:157} INFO - Started process (PID=12273) to work on /home/vscode/.local/lib/python3.10/site-packages/airflow/example_dags/example_short_circuit_decorator.py
[2025-02-06T16:54:27.424+0000] {processor.py:826} INFO - Processing file /home/vscode/.local/lib/python3.10/site-packages/airflow/example_dags/example_short_circuit_decorator.py for tasks to queue
[2025-02-06T16:54:27.424+0000] {logging_mixin.py:150} INFO - [2025-02-06T16:54:27.424+0000] {dagbag.py:541} INFO - Filling up the DagBag from /home/vscode/.local/lib/python3.10/site-packages/airflow/example_dags/example_short_circuit_decorator.py
[2025-02-06T16:54:27.432+0000] {processor.py:836} INFO - DAG(s) dict_keys(['example_short_circuit_decorator']) retrieved from /home/vscode/.local/lib/python3.10/site-packages/airflow/example_dags/example_short_circuit_decorator.py
[2025-02-06T16:54:27.455+0000] {logging_mixin.py:150} INFO - [2025-02-06T16:54:27.455+0000] {dag.py:2742} INFO - Sync 1 DAGs
[2025-02-06T16:54:27.478+0000] {logging_mixin.py:150} INFO - [2025-02-06T16:54:27.478+0000] {dag.py:3504} INFO - Setting next_dagrun for example_short_circuit_decorator to 2025-02-05T16:54:27.478141+00:00, run_after=2025-02-06T16:54:27.478141+00:00
[2025-02-06T16:54:27.497+0000] {processor.py:179} INFO - Processing /home/vscode/.local/lib/python3.10/site-packages/airflow/example_dags/example_short_circuit_decorator.py took 0.077 seconds
[2025-02-06T16:55:15.957+0000] {processor.py:157} INFO - Started process (PID=12638) to work on /home/vscode/.local/lib/python3.10/site-packages/airflow/example_dags/example_short_circuit_decorator.py
[2025-02-06T16:55:15.958+0000] {processor.py:826} INFO - Processing file /home/vscode/.local/lib/python3.10/site-packages/airflow/example_dags/example_short_circuit_decorator.py for tasks to queue
[2025-02-06T16:55:15.959+0000] {logging_mixin.py:150} INFO - [2025-02-06T16:55:15.958+0000] {dagbag.py:541} INFO - Filling up the DagBag from /home/vscode/.local/lib/python3.10/site-packages/airflow/example_dags/example_short_circuit_decorator.py
[2025-02-06T16:55:15.967+0000] {processor.py:836} INFO - DAG(s) dict_keys(['example_short_circuit_decorator']) retrieved from /home/vscode/.local/lib/python3.10/site-packages/airflow/example_dags/example_short_circuit_decorator.py
[2025-02-06T16:55:15.981+0000] {logging_mixin.py:150} INFO - [2025-02-06T16:55:15.981+0000] {dag.py:2742} INFO - Sync 1 DAGs
[2025-02-06T16:55:15.995+0000] {logging_mixin.py:150} INFO - [2025-02-06T16:55:15.995+0000] {dag.py:3504} INFO - Setting next_dagrun for example_short_circuit_decorator to 2025-02-05T16:55:15.995447+00:00, run_after=2025-02-06T16:55:15.995447+00:00
[2025-02-06T16:55:16.011+0000] {processor.py:179} INFO - Processing /home/vscode/.local/lib/python3.10/site-packages/airflow/example_dags/example_short_circuit_decorator.py took 0.057 seconds
[2025-02-06T16:56:03.539+0000] {processor.py:157} INFO - Started process (PID=13098) to work on /home/vscode/.local/lib/python3.10/site-packages/airflow/example_dags/example_short_circuit_decorator.py
[2025-02-06T16:56:03.540+0000] {processor.py:826} INFO - Processing file /home/vscode/.local/lib/python3.10/site-packages/airflow/example_dags/example_short_circuit_decorator.py for tasks to queue
[2025-02-06T16:56:03.541+0000] {logging_mixin.py:150} INFO - [2025-02-06T16:56:03.540+0000] {dagbag.py:541} INFO - Filling up the DagBag from /home/vscode/.local/lib/python3.10/site-packages/airflow/example_dags/example_short_circuit_decorator.py
[2025-02-06T16:56:03.549+0000] {processor.py:836} INFO - DAG(s) dict_keys(['example_short_circuit_decorator']) retrieved from /home/vscode/.local/lib/python3.10/site-packages/airflow/example_dags/example_short_circuit_decorator.py
[2025-02-06T16:56:03.563+0000] {logging_mixin.py:150} INFO - [2025-02-06T16:56:03.563+0000] {dag.py:2742} INFO - Sync 1 DAGs
[2025-02-06T16:56:03.578+0000] {logging_mixin.py:150} INFO - [2025-02-06T16:56:03.578+0000] {dag.py:3504} INFO - Setting next_dagrun for example_short_circuit_decorator to 2025-02-05T16:56:03.577871+00:00, run_after=2025-02-06T16:56:03.577871+00:00
[2025-02-06T16:56:03.594+0000] {processor.py:179} INFO - Processing /home/vscode/.local/lib/python3.10/site-packages/airflow/example_dags/example_short_circuit_decorator.py took 0.057 seconds
[2025-02-06T16:56:47.323+0000] {processor.py:157} INFO - Started process (PID=13434) to work on /home/vscode/.local/lib/python3.10/site-packages/airflow/example_dags/example_short_circuit_decorator.py
[2025-02-06T16:56:47.324+0000] {processor.py:826} INFO - Processing file /home/vscode/.local/lib/python3.10/site-packages/airflow/example_dags/example_short_circuit_decorator.py for tasks to queue
[2025-02-06T16:56:47.325+0000] {logging_mixin.py:150} INFO - [2025-02-06T16:56:47.325+0000] {dagbag.py:541} INFO - Filling up the DagBag from /home/vscode/.local/lib/python3.10/site-packages/airflow/example_dags/example_short_circuit_decorator.py
[2025-02-06T16:56:47.333+0000] {processor.py:836} INFO - DAG(s) dict_keys(['example_short_circuit_decorator']) retrieved from /home/vscode/.local/lib/python3.10/site-packages/airflow/example_dags/example_short_circuit_decorator.py
[2025-02-06T16:56:47.347+0000] {logging_mixin.py:150} INFO - [2025-02-06T16:56:47.347+0000] {dag.py:2742} INFO - Sync 1 DAGs
[2025-02-06T16:56:47.362+0000] {logging_mixin.py:150} INFO - [2025-02-06T16:56:47.362+0000] {dag.py:3504} INFO - Setting next_dagrun for example_short_circuit_decorator to 2025-02-05T16:56:47.362094+00:00, run_after=2025-02-06T16:56:47.362094+00:00
[2025-02-06T16:56:47.377+0000] {processor.py:179} INFO - Processing /home/vscode/.local/lib/python3.10/site-packages/airflow/example_dags/example_short_circuit_decorator.py took 0.056 seconds
[2025-02-06T16:57:34.731+0000] {processor.py:157} INFO - Started process (PID=13793) to work on /home/vscode/.local/lib/python3.10/site-packages/airflow/example_dags/example_short_circuit_decorator.py
[2025-02-06T16:57:34.732+0000] {processor.py:826} INFO - Processing file /home/vscode/.local/lib/python3.10/site-packages/airflow/example_dags/example_short_circuit_decorator.py for tasks to queue
[2025-02-06T16:57:34.733+0000] {logging_mixin.py:150} INFO - [2025-02-06T16:57:34.733+0000] {dagbag.py:541} INFO - Filling up the DagBag from /home/vscode/.local/lib/python3.10/site-packages/airflow/example_dags/example_short_circuit_decorator.py
[2025-02-06T16:57:34.741+0000] {processor.py:836} INFO - DAG(s) dict_keys(['example_short_circuit_decorator']) retrieved from /home/vscode/.local/lib/python3.10/site-packages/airflow/example_dags/example_short_circuit_decorator.py
[2025-02-06T16:57:34.755+0000] {logging_mixin.py:150} INFO - [2025-02-06T16:57:34.755+0000] {dag.py:2742} INFO - Sync 1 DAGs
[2025-02-06T16:57:34.770+0000] {logging_mixin.py:150} INFO - [2025-02-06T16:57:34.770+0000] {dag.py:3504} INFO - Setting next_dagrun for example_short_circuit_decorator to 2025-02-05T16:57:34.770624+00:00, run_after=2025-02-06T16:57:34.770624+00:00
[2025-02-06T16:57:34.786+0000] {processor.py:179} INFO - Processing /home/vscode/.local/lib/python3.10/site-packages/airflow/example_dags/example_short_circuit_decorator.py took 0.057 seconds
[2025-02-06T16:58:19.844+0000] {processor.py:157} INFO - Started process (PID=14144) to work on /home/vscode/.local/lib/python3.10/site-packages/airflow/example_dags/example_short_circuit_decorator.py
[2025-02-06T16:58:19.845+0000] {processor.py:826} INFO - Processing file /home/vscode/.local/lib/python3.10/site-packages/airflow/example_dags/example_short_circuit_decorator.py for tasks to queue
[2025-02-06T16:58:19.846+0000] {logging_mixin.py:150} INFO - [2025-02-06T16:58:19.845+0000] {dagbag.py:541} INFO - Filling up the DagBag from /home/vscode/.local/lib/python3.10/site-packages/airflow/example_dags/example_short_circuit_decorator.py
[2025-02-06T16:58:19.854+0000] {processor.py:836} INFO - DAG(s) dict_keys(['example_short_circuit_decorator']) retrieved from /home/vscode/.local/lib/python3.10/site-packages/airflow/example_dags/example_short_circuit_decorator.py
[2025-02-06T16:58:19.869+0000] {logging_mixin.py:150} INFO - [2025-02-06T16:58:19.868+0000] {dag.py:2742} INFO - Sync 1 DAGs
[2025-02-06T16:58:19.883+0000] {logging_mixin.py:150} INFO - [2025-02-06T16:58:19.883+0000] {dag.py:3504} INFO - Setting next_dagrun for example_short_circuit_decorator to 2025-02-05T16:58:19.883256+00:00, run_after=2025-02-06T16:58:19.883256+00:00
[2025-02-06T16:58:19.898+0000] {processor.py:179} INFO - Processing /home/vscode/.local/lib/python3.10/site-packages/airflow/example_dags/example_short_circuit_decorator.py took 0.057 seconds
[2025-02-06T18:08:08.580+0000] {processor.py:157} INFO - Started process (PID=5118) to work on /home/vscode/.local/lib/python3.10/site-packages/airflow/example_dags/example_short_circuit_decorator.py
[2025-02-06T18:08:08.583+0000] {processor.py:826} INFO - Processing file /home/vscode/.local/lib/python3.10/site-packages/airflow/example_dags/example_short_circuit_decorator.py for tasks to queue
[2025-02-06T18:08:08.583+0000] {logging_mixin.py:150} INFO - [2025-02-06T18:08:08.583+0000] {dagbag.py:541} INFO - Filling up the DagBag from /home/vscode/.local/lib/python3.10/site-packages/airflow/example_dags/example_short_circuit_decorator.py
[2025-02-06T18:08:08.590+0000] {processor.py:836} INFO - DAG(s) dict_keys(['example_short_circuit_decorator']) retrieved from /home/vscode/.local/lib/python3.10/site-packages/airflow/example_dags/example_short_circuit_decorator.py
[2025-02-06T18:08:08.652+0000] {logging_mixin.py:150} INFO - [2025-02-06T18:08:08.652+0000] {manager.py:504} INFO - Created Permission View: can read on DAG:example_short_circuit_decorator
[2025-02-06T18:08:08.659+0000] {logging_mixin.py:150} INFO - [2025-02-06T18:08:08.659+0000] {manager.py:504} INFO - Created Permission View: can delete on DAG:example_short_circuit_decorator
[2025-02-06T18:08:08.663+0000] {logging_mixin.py:150} INFO - [2025-02-06T18:08:08.663+0000] {manager.py:504} INFO - Created Permission View: can edit on DAG:example_short_circuit_decorator
[2025-02-06T18:08:08.670+0000] {logging_mixin.py:150} INFO - [2025-02-06T18:08:08.670+0000] {dag.py:2742} INFO - Sync 1 DAGs
[2025-02-06T18:08:08.677+0000] {logging_mixin.py:150} INFO - [2025-02-06T18:08:08.677+0000] {dag.py:2763} INFO - Creating ORM DAG for example_short_circuit_decorator
[2025-02-06T18:08:08.683+0000] {logging_mixin.py:150} INFO - [2025-02-06T18:08:08.683+0000] {dag.py:3504} INFO - Setting next_dagrun for example_short_circuit_decorator to 2025-02-05T18:08:08.683158+00:00, run_after=2025-02-06T18:08:08.683158+00:00
[2025-02-06T18:08:08.696+0000] {processor.py:179} INFO - Processing /home/vscode/.local/lib/python3.10/site-packages/airflow/example_dags/example_short_circuit_decorator.py took 0.118 seconds
