[2025-02-06T16:45:17.674+0000] {processor.py:157} INFO - Started process (PID=8367) to work on /home/vscode/.local/lib/python3.10/site-packages/airflow/example_dags/example_branch_day_of_week_operator.py
[2025-02-06T16:45:17.675+0000] {processor.py:826} INFO - Processing file /home/vscode/.local/lib/python3.10/site-packages/airflow/example_dags/example_branch_day_of_week_operator.py for tasks to queue
[2025-02-06T16:45:17.676+0000] {logging_mixin.py:150} INFO - [2025-02-06T16:45:17.675+0000] {dagbag.py:541} INFO - Filling up the DagBag from /home/vscode/.local/lib/python3.10/site-packages/airflow/example_dags/example_branch_day_of_week_operator.py
[2025-02-06T16:45:17.682+0000] {processor.py:836} INFO - DAG(s) dict_keys(['example_weekday_branch_operator']) retrieved from /home/vscode/.local/lib/python3.10/site-packages/airflow/example_dags/example_branch_day_of_week_operator.py
[2025-02-06T16:45:17.752+0000] {logging_mixin.py:150} INFO - [2025-02-06T16:45:17.752+0000] {manager.py:504} INFO - Created Permission View: can read on DAG:example_weekday_branch_operator
[2025-02-06T16:45:17.760+0000] {logging_mixin.py:150} INFO - [2025-02-06T16:45:17.759+0000] {manager.py:504} INFO - Created Permission View: can delete on DAG:example_weekday_branch_operator
[2025-02-06T16:45:17.765+0000] {logging_mixin.py:150} INFO - [2025-02-06T16:45:17.765+0000] {manager.py:504} INFO - Created Permission View: can edit on DAG:example_weekday_branch_operator
[2025-02-06T16:45:17.773+0000] {logging_mixin.py:150} INFO - [2025-02-06T16:45:17.772+0000] {dag.py:2742} INFO - Sync 1 DAGs
[2025-02-06T16:45:17.780+0000] {logging_mixin.py:150} INFO - [2025-02-06T16:45:17.780+0000] {dag.py:2763} INFO - Creating ORM DAG for example_weekday_branch_operator
[2025-02-06T16:45:17.788+0000] {logging_mixin.py:150} INFO - [2025-02-06T16:45:17.788+0000] {dag.py:3504} INFO - Setting next_dagrun for example_weekday_branch_operator to 2025-02-05T00:00:00+00:00, run_after=2025-02-06T00:00:00+00:00
[2025-02-06T16:45:17.803+0000] {processor.py:179} INFO - Processing /home/vscode/.local/lib/python3.10/site-packages/airflow/example_dags/example_branch_day_of_week_operator.py took 0.131 seconds
[2025-02-06T16:46:11.624+0000] {processor.py:157} INFO - Started process (PID=8740) to work on /home/vscode/.local/lib/python3.10/site-packages/airflow/example_dags/example_branch_day_of_week_operator.py
[2025-02-06T16:46:11.625+0000] {processor.py:826} INFO - Processing file /home/vscode/.local/lib/python3.10/site-packages/airflow/example_dags/example_branch_day_of_week_operator.py for tasks to queue
[2025-02-06T16:46:11.625+0000] {logging_mixin.py:150} INFO - [2025-02-06T16:46:11.625+0000] {dagbag.py:541} INFO - Filling up the DagBag from /home/vscode/.local/lib/python3.10/site-packages/airflow/example_dags/example_branch_day_of_week_operator.py
[2025-02-06T16:46:11.632+0000] {processor.py:836} INFO - DAG(s) dict_keys(['example_weekday_branch_operator']) retrieved from /home/vscode/.local/lib/python3.10/site-packages/airflow/example_dags/example_branch_day_of_week_operator.py
[2025-02-06T16:46:11.647+0000] {logging_mixin.py:150} INFO - [2025-02-06T16:46:11.647+0000] {dag.py:2742} INFO - Sync 1 DAGs
[2025-02-06T16:46:11.663+0000] {logging_mixin.py:150} INFO - [2025-02-06T16:46:11.662+0000] {dag.py:3504} INFO - Setting next_dagrun for example_weekday_branch_operator to 2025-02-05T00:00:00+00:00, run_after=2025-02-06T00:00:00+00:00
[2025-02-06T16:46:11.679+0000] {processor.py:179} INFO - Processing /home/vscode/.local/lib/python3.10/site-packages/airflow/example_dags/example_branch_day_of_week_operator.py took 0.057 seconds
[2025-02-06T16:46:53.772+0000] {processor.py:157} INFO - Started process (PID=9030) to work on /home/vscode/.local/lib/python3.10/site-packages/airflow/example_dags/example_branch_day_of_week_operator.py
[2025-02-06T16:46:53.773+0000] {processor.py:826} INFO - Processing file /home/vscode/.local/lib/python3.10/site-packages/airflow/example_dags/example_branch_day_of_week_operator.py for tasks to queue
[2025-02-06T16:46:53.774+0000] {logging_mixin.py:150} INFO - [2025-02-06T16:46:53.773+0000] {dagbag.py:541} INFO - Filling up the DagBag from /home/vscode/.local/lib/python3.10/site-packages/airflow/example_dags/example_branch_day_of_week_operator.py
[2025-02-06T16:46:53.783+0000] {processor.py:836} INFO - DAG(s) dict_keys(['example_weekday_branch_operator']) retrieved from /home/vscode/.local/lib/python3.10/site-packages/airflow/example_dags/example_branch_day_of_week_operator.py
[2025-02-06T16:46:53.806+0000] {logging_mixin.py:150} INFO - [2025-02-06T16:46:53.806+0000] {dag.py:2742} INFO - Sync 1 DAGs
[2025-02-06T16:46:53.829+0000] {logging_mixin.py:150} INFO - [2025-02-06T16:46:53.829+0000] {dag.py:3504} INFO - Setting next_dagrun for example_weekday_branch_operator to 2025-02-05T00:00:00+00:00, run_after=2025-02-06T00:00:00+00:00
[2025-02-06T16:46:53.850+0000] {processor.py:179} INFO - Processing /home/vscode/.local/lib/python3.10/site-packages/airflow/example_dags/example_branch_day_of_week_operator.py took 0.082 seconds
[2025-02-06T16:47:40.104+0000] {processor.py:157} INFO - Started process (PID=9336) to work on /home/vscode/.local/lib/python3.10/site-packages/airflow/example_dags/example_branch_day_of_week_operator.py
[2025-02-06T16:47:40.105+0000] {processor.py:826} INFO - Processing file /home/vscode/.local/lib/python3.10/site-packages/airflow/example_dags/example_branch_day_of_week_operator.py for tasks to queue
[2025-02-06T16:47:40.105+0000] {logging_mixin.py:150} INFO - [2025-02-06T16:47:40.105+0000] {dagbag.py:541} INFO - Filling up the DagBag from /home/vscode/.local/lib/python3.10/site-packages/airflow/example_dags/example_branch_day_of_week_operator.py
[2025-02-06T16:47:40.112+0000] {processor.py:836} INFO - DAG(s) dict_keys(['example_weekday_branch_operator']) retrieved from /home/vscode/.local/lib/python3.10/site-packages/airflow/example_dags/example_branch_day_of_week_operator.py
[2025-02-06T16:47:40.126+0000] {logging_mixin.py:150} INFO - [2025-02-06T16:47:40.125+0000] {dag.py:2742} INFO - Sync 1 DAGs
[2025-02-06T16:47:40.141+0000] {logging_mixin.py:150} INFO - [2025-02-06T16:47:40.141+0000] {dag.py:3504} INFO - Setting next_dagrun for example_weekday_branch_operator to 2025-02-05T00:00:00+00:00, run_after=2025-02-06T00:00:00+00:00
[2025-02-06T16:47:40.157+0000] {processor.py:179} INFO - Processing /home/vscode/.local/lib/python3.10/site-packages/airflow/example_dags/example_branch_day_of_week_operator.py took 0.056 seconds
[2025-02-06T16:48:24.974+0000] {processor.py:157} INFO - Started process (PID=9650) to work on /home/vscode/.local/lib/python3.10/site-packages/airflow/example_dags/example_branch_day_of_week_operator.py
[2025-02-06T16:48:24.975+0000] {processor.py:826} INFO - Processing file /home/vscode/.local/lib/python3.10/site-packages/airflow/example_dags/example_branch_day_of_week_operator.py for tasks to queue
[2025-02-06T16:48:24.976+0000] {logging_mixin.py:150} INFO - [2025-02-06T16:48:24.975+0000] {dagbag.py:541} INFO - Filling up the DagBag from /home/vscode/.local/lib/python3.10/site-packages/airflow/example_dags/example_branch_day_of_week_operator.py
[2025-02-06T16:48:24.982+0000] {processor.py:836} INFO - DAG(s) dict_keys(['example_weekday_branch_operator']) retrieved from /home/vscode/.local/lib/python3.10/site-packages/airflow/example_dags/example_branch_day_of_week_operator.py
[2025-02-06T16:48:24.996+0000] {logging_mixin.py:150} INFO - [2025-02-06T16:48:24.996+0000] {dag.py:2742} INFO - Sync 1 DAGs
[2025-02-06T16:48:25.011+0000] {logging_mixin.py:150} INFO - [2025-02-06T16:48:25.011+0000] {dag.py:3504} INFO - Setting next_dagrun for example_weekday_branch_operator to 2025-02-05T00:00:00+00:00, run_after=2025-02-06T00:00:00+00:00
[2025-02-06T16:48:25.027+0000] {processor.py:179} INFO - Processing /home/vscode/.local/lib/python3.10/site-packages/airflow/example_dags/example_branch_day_of_week_operator.py took 0.056 seconds
[2025-02-06T16:49:12.490+0000] {processor.py:157} INFO - Started process (PID=9975) to work on /home/vscode/.local/lib/python3.10/site-packages/airflow/example_dags/example_branch_day_of_week_operator.py
[2025-02-06T16:49:12.491+0000] {processor.py:826} INFO - Processing file /home/vscode/.local/lib/python3.10/site-packages/airflow/example_dags/example_branch_day_of_week_operator.py for tasks to queue
[2025-02-06T16:49:12.492+0000] {logging_mixin.py:150} INFO - [2025-02-06T16:49:12.491+0000] {dagbag.py:541} INFO - Filling up the DagBag from /home/vscode/.local/lib/python3.10/site-packages/airflow/example_dags/example_branch_day_of_week_operator.py
[2025-02-06T16:49:12.498+0000] {processor.py:836} INFO - DAG(s) dict_keys(['example_weekday_branch_operator']) retrieved from /home/vscode/.local/lib/python3.10/site-packages/airflow/example_dags/example_branch_day_of_week_operator.py
[2025-02-06T16:49:12.512+0000] {logging_mixin.py:150} INFO - [2025-02-06T16:49:12.512+0000] {dag.py:2742} INFO - Sync 1 DAGs
[2025-02-06T16:49:12.528+0000] {logging_mixin.py:150} INFO - [2025-02-06T16:49:12.527+0000] {dag.py:3504} INFO - Setting next_dagrun for example_weekday_branch_operator to 2025-02-05T00:00:00+00:00, run_after=2025-02-06T00:00:00+00:00
[2025-02-06T16:49:12.543+0000] {processor.py:179} INFO - Processing /home/vscode/.local/lib/python3.10/site-packages/airflow/example_dags/example_branch_day_of_week_operator.py took 0.055 seconds
[2025-02-06T16:49:54.627+0000] {processor.py:157} INFO - Started process (PID=10299) to work on /home/vscode/.local/lib/python3.10/site-packages/airflow/example_dags/example_branch_day_of_week_operator.py
[2025-02-06T16:49:54.628+0000] {processor.py:826} INFO - Processing file /home/vscode/.local/lib/python3.10/site-packages/airflow/example_dags/example_branch_day_of_week_operator.py for tasks to queue
[2025-02-06T16:49:54.628+0000] {logging_mixin.py:150} INFO - [2025-02-06T16:49:54.628+0000] {dagbag.py:541} INFO - Filling up the DagBag from /home/vscode/.local/lib/python3.10/site-packages/airflow/example_dags/example_branch_day_of_week_operator.py
[2025-02-06T16:49:54.634+0000] {processor.py:836} INFO - DAG(s) dict_keys(['example_weekday_branch_operator']) retrieved from /home/vscode/.local/lib/python3.10/site-packages/airflow/example_dags/example_branch_day_of_week_operator.py
[2025-02-06T16:49:54.648+0000] {logging_mixin.py:150} INFO - [2025-02-06T16:49:54.648+0000] {dag.py:2742} INFO - Sync 1 DAGs
[2025-02-06T16:49:54.664+0000] {logging_mixin.py:150} INFO - [2025-02-06T16:49:54.664+0000] {dag.py:3504} INFO - Setting next_dagrun for example_weekday_branch_operator to 2025-02-05T00:00:00+00:00, run_after=2025-02-06T00:00:00+00:00
[2025-02-06T16:49:54.679+0000] {processor.py:179} INFO - Processing /home/vscode/.local/lib/python3.10/site-packages/airflow/example_dags/example_branch_day_of_week_operator.py took 0.055 seconds
[2025-02-06T16:50:48.837+0000] {processor.py:157} INFO - Started process (PID=10691) to work on /home/vscode/.local/lib/python3.10/site-packages/airflow/example_dags/example_branch_day_of_week_operator.py
[2025-02-06T16:50:48.838+0000] {processor.py:826} INFO - Processing file /home/vscode/.local/lib/python3.10/site-packages/airflow/example_dags/example_branch_day_of_week_operator.py for tasks to queue
[2025-02-06T16:50:48.839+0000] {logging_mixin.py:150} INFO - [2025-02-06T16:50:48.839+0000] {dagbag.py:541} INFO - Filling up the DagBag from /home/vscode/.local/lib/python3.10/site-packages/airflow/example_dags/example_branch_day_of_week_operator.py
[2025-02-06T16:50:48.845+0000] {processor.py:836} INFO - DAG(s) dict_keys(['example_weekday_branch_operator']) retrieved from /home/vscode/.local/lib/python3.10/site-packages/airflow/example_dags/example_branch_day_of_week_operator.py
[2025-02-06T16:50:48.860+0000] {logging_mixin.py:150} INFO - [2025-02-06T16:50:48.860+0000] {dag.py:2742} INFO - Sync 1 DAGs
[2025-02-06T16:50:48.876+0000] {logging_mixin.py:150} INFO - [2025-02-06T16:50:48.876+0000] {dag.py:3504} INFO - Setting next_dagrun for example_weekday_branch_operator to 2025-02-05T00:00:00+00:00, run_after=2025-02-06T00:00:00+00:00
[2025-02-06T16:50:48.891+0000] {processor.py:179} INFO - Processing /home/vscode/.local/lib/python3.10/site-packages/airflow/example_dags/example_branch_day_of_week_operator.py took 0.056 seconds
[2025-02-06T16:51:35.655+0000] {processor.py:157} INFO - Started process (PID=11052) to work on /home/vscode/.local/lib/python3.10/site-packages/airflow/example_dags/example_branch_day_of_week_operator.py
[2025-02-06T16:51:35.656+0000] {processor.py:826} INFO - Processing file /home/vscode/.local/lib/python3.10/site-packages/airflow/example_dags/example_branch_day_of_week_operator.py for tasks to queue
[2025-02-06T16:51:35.657+0000] {logging_mixin.py:150} INFO - [2025-02-06T16:51:35.656+0000] {dagbag.py:541} INFO - Filling up the DagBag from /home/vscode/.local/lib/python3.10/site-packages/airflow/example_dags/example_branch_day_of_week_operator.py
[2025-02-06T16:51:35.663+0000] {processor.py:836} INFO - DAG(s) dict_keys(['example_weekday_branch_operator']) retrieved from /home/vscode/.local/lib/python3.10/site-packages/airflow/example_dags/example_branch_day_of_week_operator.py
[2025-02-06T16:51:35.677+0000] {logging_mixin.py:150} INFO - [2025-02-06T16:51:35.677+0000] {dag.py:2742} INFO - Sync 1 DAGs
[2025-02-06T16:51:35.692+0000] {logging_mixin.py:150} INFO - [2025-02-06T16:51:35.692+0000] {dag.py:3504} INFO - Setting next_dagrun for example_weekday_branch_operator to 2025-02-05T00:00:00+00:00, run_after=2025-02-06T00:00:00+00:00
[2025-02-06T16:51:35.708+0000] {processor.py:179} INFO - Processing /home/vscode/.local/lib/python3.10/site-packages/airflow/example_dags/example_branch_day_of_week_operator.py took 0.055 seconds
[2025-02-06T16:52:30.646+0000] {processor.py:157} INFO - Started process (PID=11421) to work on /home/vscode/.local/lib/python3.10/site-packages/airflow/example_dags/example_branch_day_of_week_operator.py
[2025-02-06T16:52:30.647+0000] {processor.py:826} INFO - Processing file /home/vscode/.local/lib/python3.10/site-packages/airflow/example_dags/example_branch_day_of_week_operator.py for tasks to queue
[2025-02-06T16:52:30.647+0000] {logging_mixin.py:150} INFO - [2025-02-06T16:52:30.647+0000] {dagbag.py:541} INFO - Filling up the DagBag from /home/vscode/.local/lib/python3.10/site-packages/airflow/example_dags/example_branch_day_of_week_operator.py
[2025-02-06T16:52:30.654+0000] {processor.py:836} INFO - DAG(s) dict_keys(['example_weekday_branch_operator']) retrieved from /home/vscode/.local/lib/python3.10/site-packages/airflow/example_dags/example_branch_day_of_week_operator.py
[2025-02-06T16:52:30.668+0000] {logging_mixin.py:150} INFO - [2025-02-06T16:52:30.668+0000] {dag.py:2742} INFO - Sync 1 DAGs
[2025-02-06T16:52:30.684+0000] {logging_mixin.py:150} INFO - [2025-02-06T16:52:30.684+0000] {dag.py:3504} INFO - Setting next_dagrun for example_weekday_branch_operator to 2025-02-05T00:00:00+00:00, run_after=2025-02-06T00:00:00+00:00
[2025-02-06T16:52:30.701+0000] {processor.py:179} INFO - Processing /home/vscode/.local/lib/python3.10/site-packages/airflow/example_dags/example_branch_day_of_week_operator.py took 0.058 seconds
[2025-02-06T16:53:17.701+0000] {processor.py:157} INFO - Started process (PID=11742) to work on /home/vscode/.local/lib/python3.10/site-packages/airflow/example_dags/example_branch_day_of_week_operator.py
[2025-02-06T16:53:17.702+0000] {processor.py:826} INFO - Processing file /home/vscode/.local/lib/python3.10/site-packages/airflow/example_dags/example_branch_day_of_week_operator.py for tasks to queue
[2025-02-06T16:53:17.703+0000] {logging_mixin.py:150} INFO - [2025-02-06T16:53:17.702+0000] {dagbag.py:541} INFO - Filling up the DagBag from /home/vscode/.local/lib/python3.10/site-packages/airflow/example_dags/example_branch_day_of_week_operator.py
[2025-02-06T16:53:17.709+0000] {processor.py:836} INFO - DAG(s) dict_keys(['example_weekday_branch_operator']) retrieved from /home/vscode/.local/lib/python3.10/site-packages/airflow/example_dags/example_branch_day_of_week_operator.py
[2025-02-06T16:53:17.723+0000] {logging_mixin.py:150} INFO - [2025-02-06T16:53:17.723+0000] {dag.py:2742} INFO - Sync 1 DAGs
[2025-02-06T16:53:17.738+0000] {logging_mixin.py:150} INFO - [2025-02-06T16:53:17.738+0000] {dag.py:3504} INFO - Setting next_dagrun for example_weekday_branch_operator to 2025-02-05T00:00:00+00:00, run_after=2025-02-06T00:00:00+00:00
[2025-02-06T16:53:17.755+0000] {processor.py:179} INFO - Processing /home/vscode/.local/lib/python3.10/site-packages/airflow/example_dags/example_branch_day_of_week_operator.py took 0.056 seconds
[2025-02-06T16:54:01.653+0000] {processor.py:157} INFO - Started process (PID=12047) to work on /home/vscode/.local/lib/python3.10/site-packages/airflow/example_dags/example_branch_day_of_week_operator.py
[2025-02-06T16:54:01.654+0000] {processor.py:826} INFO - Processing file /home/vscode/.local/lib/python3.10/site-packages/airflow/example_dags/example_branch_day_of_week_operator.py for tasks to queue
[2025-02-06T16:54:01.654+0000] {logging_mixin.py:150} INFO - [2025-02-06T16:54:01.654+0000] {dagbag.py:541} INFO - Filling up the DagBag from /home/vscode/.local/lib/python3.10/site-packages/airflow/example_dags/example_branch_day_of_week_operator.py
[2025-02-06T16:54:01.661+0000] {processor.py:836} INFO - DAG(s) dict_keys(['example_weekday_branch_operator']) retrieved from /home/vscode/.local/lib/python3.10/site-packages/airflow/example_dags/example_branch_day_of_week_operator.py
[2025-02-06T16:54:01.676+0000] {logging_mixin.py:150} INFO - [2025-02-06T16:54:01.676+0000] {dag.py:2742} INFO - Sync 1 DAGs
[2025-02-06T16:54:01.692+0000] {logging_mixin.py:150} INFO - [2025-02-06T16:54:01.692+0000] {dag.py:3504} INFO - Setting next_dagrun for example_weekday_branch_operator to 2025-02-05T00:00:00+00:00, run_after=2025-02-06T00:00:00+00:00
[2025-02-06T16:54:01.708+0000] {processor.py:179} INFO - Processing /home/vscode/.local/lib/python3.10/site-packages/airflow/example_dags/example_branch_day_of_week_operator.py took 0.058 seconds
[2025-02-06T16:54:50.170+0000] {processor.py:157} INFO - Started process (PID=12446) to work on /home/vscode/.local/lib/python3.10/site-packages/airflow/example_dags/example_branch_day_of_week_operator.py
[2025-02-06T16:54:50.171+0000] {processor.py:826} INFO - Processing file /home/vscode/.local/lib/python3.10/site-packages/airflow/example_dags/example_branch_day_of_week_operator.py for tasks to queue
[2025-02-06T16:54:50.172+0000] {logging_mixin.py:150} INFO - [2025-02-06T16:54:50.171+0000] {dagbag.py:541} INFO - Filling up the DagBag from /home/vscode/.local/lib/python3.10/site-packages/airflow/example_dags/example_branch_day_of_week_operator.py
[2025-02-06T16:54:50.178+0000] {processor.py:836} INFO - DAG(s) dict_keys(['example_weekday_branch_operator']) retrieved from /home/vscode/.local/lib/python3.10/site-packages/airflow/example_dags/example_branch_day_of_week_operator.py
[2025-02-06T16:54:50.192+0000] {logging_mixin.py:150} INFO - [2025-02-06T16:54:50.192+0000] {dag.py:2742} INFO - Sync 1 DAGs
[2025-02-06T16:54:50.208+0000] {logging_mixin.py:150} INFO - [2025-02-06T16:54:50.208+0000] {dag.py:3504} INFO - Setting next_dagrun for example_weekday_branch_operator to 2025-02-05T00:00:00+00:00, run_after=2025-02-06T00:00:00+00:00
[2025-02-06T16:54:50.224+0000] {processor.py:179} INFO - Processing /home/vscode/.local/lib/python3.10/site-packages/airflow/example_dags/example_branch_day_of_week_operator.py took 0.056 seconds
[2025-02-06T16:55:39.837+0000] {processor.py:157} INFO - Started process (PID=12846) to work on /home/vscode/.local/lib/python3.10/site-packages/airflow/example_dags/example_branch_day_of_week_operator.py
[2025-02-06T16:55:39.837+0000] {processor.py:826} INFO - Processing file /home/vscode/.local/lib/python3.10/site-packages/airflow/example_dags/example_branch_day_of_week_operator.py for tasks to queue
[2025-02-06T16:55:39.838+0000] {logging_mixin.py:150} INFO - [2025-02-06T16:55:39.838+0000] {dagbag.py:541} INFO - Filling up the DagBag from /home/vscode/.local/lib/python3.10/site-packages/airflow/example_dags/example_branch_day_of_week_operator.py
[2025-02-06T16:55:39.844+0000] {processor.py:836} INFO - DAG(s) dict_keys(['example_weekday_branch_operator']) retrieved from /home/vscode/.local/lib/python3.10/site-packages/airflow/example_dags/example_branch_day_of_week_operator.py
[2025-02-06T16:55:39.858+0000] {logging_mixin.py:150} INFO - [2025-02-06T16:55:39.858+0000] {dag.py:2742} INFO - Sync 1 DAGs
[2025-02-06T16:55:39.874+0000] {logging_mixin.py:150} INFO - [2025-02-06T16:55:39.874+0000] {dag.py:3504} INFO - Setting next_dagrun for example_weekday_branch_operator to 2025-02-05T00:00:00+00:00, run_after=2025-02-06T00:00:00+00:00
[2025-02-06T16:55:39.889+0000] {processor.py:179} INFO - Processing /home/vscode/.local/lib/python3.10/site-packages/airflow/example_dags/example_branch_day_of_week_operator.py took 0.056 seconds
[2025-02-06T16:56:26.773+0000] {processor.py:157} INFO - Started process (PID=13283) to work on /home/vscode/.local/lib/python3.10/site-packages/airflow/example_dags/example_branch_day_of_week_operator.py
[2025-02-06T16:56:26.773+0000] {processor.py:826} INFO - Processing file /home/vscode/.local/lib/python3.10/site-packages/airflow/example_dags/example_branch_day_of_week_operator.py for tasks to queue
[2025-02-06T16:56:26.774+0000] {logging_mixin.py:150} INFO - [2025-02-06T16:56:26.774+0000] {dagbag.py:541} INFO - Filling up the DagBag from /home/vscode/.local/lib/python3.10/site-packages/airflow/example_dags/example_branch_day_of_week_operator.py
[2025-02-06T16:56:26.783+0000] {processor.py:836} INFO - DAG(s) dict_keys(['example_weekday_branch_operator']) retrieved from /home/vscode/.local/lib/python3.10/site-packages/airflow/example_dags/example_branch_day_of_week_operator.py
[2025-02-06T16:56:26.798+0000] {logging_mixin.py:150} INFO - [2025-02-06T16:56:26.797+0000] {dag.py:2742} INFO - Sync 1 DAGs
[2025-02-06T16:56:26.813+0000] {logging_mixin.py:150} INFO - [2025-02-06T16:56:26.813+0000] {dag.py:3504} INFO - Setting next_dagrun for example_weekday_branch_operator to 2025-02-05T00:00:00+00:00, run_after=2025-02-06T00:00:00+00:00
[2025-02-06T16:56:26.828+0000] {processor.py:179} INFO - Processing /home/vscode/.local/lib/python3.10/site-packages/airflow/example_dags/example_branch_day_of_week_operator.py took 0.058 seconds
[2025-02-06T16:57:11.872+0000] {processor.py:157} INFO - Started process (PID=13615) to work on /home/vscode/.local/lib/python3.10/site-packages/airflow/example_dags/example_branch_day_of_week_operator.py
[2025-02-06T16:57:11.873+0000] {processor.py:826} INFO - Processing file /home/vscode/.local/lib/python3.10/site-packages/airflow/example_dags/example_branch_day_of_week_operator.py for tasks to queue
[2025-02-06T16:57:11.873+0000] {logging_mixin.py:150} INFO - [2025-02-06T16:57:11.873+0000] {dagbag.py:541} INFO - Filling up the DagBag from /home/vscode/.local/lib/python3.10/site-packages/airflow/example_dags/example_branch_day_of_week_operator.py
[2025-02-06T16:57:11.879+0000] {processor.py:836} INFO - DAG(s) dict_keys(['example_weekday_branch_operator']) retrieved from /home/vscode/.local/lib/python3.10/site-packages/airflow/example_dags/example_branch_day_of_week_operator.py
[2025-02-06T16:57:11.894+0000] {logging_mixin.py:150} INFO - [2025-02-06T16:57:11.893+0000] {dag.py:2742} INFO - Sync 1 DAGs
[2025-02-06T16:57:11.909+0000] {logging_mixin.py:150} INFO - [2025-02-06T16:57:11.909+0000] {dag.py:3504} INFO - Setting next_dagrun for example_weekday_branch_operator to 2025-02-05T00:00:00+00:00, run_after=2025-02-06T00:00:00+00:00
[2025-02-06T16:57:11.924+0000] {processor.py:179} INFO - Processing /home/vscode/.local/lib/python3.10/site-packages/airflow/example_dags/example_branch_day_of_week_operator.py took 0.055 seconds
[2025-02-06T16:57:57.586+0000] {processor.py:157} INFO - Started process (PID=13966) to work on /home/vscode/.local/lib/python3.10/site-packages/airflow/example_dags/example_branch_day_of_week_operator.py
[2025-02-06T16:57:57.587+0000] {processor.py:826} INFO - Processing file /home/vscode/.local/lib/python3.10/site-packages/airflow/example_dags/example_branch_day_of_week_operator.py for tasks to queue
[2025-02-06T16:57:57.588+0000] {logging_mixin.py:150} INFO - [2025-02-06T16:57:57.587+0000] {dagbag.py:541} INFO - Filling up the DagBag from /home/vscode/.local/lib/python3.10/site-packages/airflow/example_dags/example_branch_day_of_week_operator.py
[2025-02-06T16:57:57.594+0000] {processor.py:836} INFO - DAG(s) dict_keys(['example_weekday_branch_operator']) retrieved from /home/vscode/.local/lib/python3.10/site-packages/airflow/example_dags/example_branch_day_of_week_operator.py
[2025-02-06T16:57:57.608+0000] {logging_mixin.py:150} INFO - [2025-02-06T16:57:57.608+0000] {dag.py:2742} INFO - Sync 1 DAGs
[2025-02-06T16:57:57.624+0000] {logging_mixin.py:150} INFO - [2025-02-06T16:57:57.624+0000] {dag.py:3504} INFO - Setting next_dagrun for example_weekday_branch_operator to 2025-02-05T00:00:00+00:00, run_after=2025-02-06T00:00:00+00:00
[2025-02-06T16:57:57.640+0000] {processor.py:179} INFO - Processing /home/vscode/.local/lib/python3.10/site-packages/airflow/example_dags/example_branch_day_of_week_operator.py took 0.056 seconds
[2025-02-06T18:08:09.817+0000] {processor.py:157} INFO - Started process (PID=5126) to work on /home/vscode/.local/lib/python3.10/site-packages/airflow/example_dags/example_branch_day_of_week_operator.py
[2025-02-06T18:08:09.818+0000] {processor.py:826} INFO - Processing file /home/vscode/.local/lib/python3.10/site-packages/airflow/example_dags/example_branch_day_of_week_operator.py for tasks to queue
[2025-02-06T18:08:09.819+0000] {logging_mixin.py:150} INFO - [2025-02-06T18:08:09.818+0000] {dagbag.py:541} INFO - Filling up the DagBag from /home/vscode/.local/lib/python3.10/site-packages/airflow/example_dags/example_branch_day_of_week_operator.py
[2025-02-06T18:08:09.824+0000] {processor.py:836} INFO - DAG(s) dict_keys(['example_weekday_branch_operator']) retrieved from /home/vscode/.local/lib/python3.10/site-packages/airflow/example_dags/example_branch_day_of_week_operator.py
[2025-02-06T18:08:09.887+0000] {logging_mixin.py:150} INFO - [2025-02-06T18:08:09.887+0000] {manager.py:504} INFO - Created Permission View: can read on DAG:example_weekday_branch_operator
[2025-02-06T18:08:09.895+0000] {logging_mixin.py:150} INFO - [2025-02-06T18:08:09.894+0000] {manager.py:504} INFO - Created Permission View: can delete on DAG:example_weekday_branch_operator
[2025-02-06T18:08:09.900+0000] {logging_mixin.py:150} INFO - [2025-02-06T18:08:09.900+0000] {manager.py:504} INFO - Created Permission View: can edit on DAG:example_weekday_branch_operator
[2025-02-06T18:08:09.907+0000] {logging_mixin.py:150} INFO - [2025-02-06T18:08:09.907+0000] {dag.py:2742} INFO - Sync 1 DAGs
[2025-02-06T18:08:09.914+0000] {logging_mixin.py:150} INFO - [2025-02-06T18:08:09.914+0000] {dag.py:2763} INFO - Creating ORM DAG for example_weekday_branch_operator
[2025-02-06T18:08:09.920+0000] {logging_mixin.py:150} INFO - [2025-02-06T18:08:09.920+0000] {dag.py:3504} INFO - Setting next_dagrun for example_weekday_branch_operator to 2025-02-05T00:00:00+00:00, run_after=2025-02-06T00:00:00+00:00
[2025-02-06T18:08:09.933+0000] {processor.py:179} INFO - Processing /home/vscode/.local/lib/python3.10/site-packages/airflow/example_dags/example_branch_day_of_week_operator.py took 0.118 seconds
