[2025-02-06T16:45:18.913+0000] {processor.py:157} INFO - Started process (PID=8369) to work on /home/vscode/.local/lib/python3.10/site-packages/airflow/example_dags/example_dynamic_task_mapping_with_no_taskflow_operators.py
[2025-02-06T16:45:18.914+0000] {processor.py:826} INFO - Processing file /home/vscode/.local/lib/python3.10/site-packages/airflow/example_dags/example_dynamic_task_mapping_with_no_taskflow_operators.py for tasks to queue
[2025-02-06T16:45:18.915+0000] {logging_mixin.py:150} INFO - [2025-02-06T16:45:18.914+0000] {dagbag.py:541} INFO - Filling up the DagBag from /home/vscode/.local/lib/python3.10/site-packages/airflow/example_dags/example_dynamic_task_mapping_with_no_taskflow_operators.py
[2025-02-06T16:45:18.921+0000] {processor.py:836} INFO - DAG(s) dict_keys(['example_dynamic_task_mapping_with_no_taskflow_operators']) retrieved from /home/vscode/.local/lib/python3.10/site-packages/airflow/example_dags/example_dynamic_task_mapping_with_no_taskflow_operators.py
[2025-02-06T16:45:18.988+0000] {logging_mixin.py:150} INFO - [2025-02-06T16:45:18.988+0000] {manager.py:504} INFO - Created Permission View: can read on DAG:example_dynamic_task_mapping_with_no_taskflow_operators
[2025-02-06T16:45:18.996+0000] {logging_mixin.py:150} INFO - [2025-02-06T16:45:18.996+0000] {manager.py:504} INFO - Created Permission View: can delete on DAG:example_dynamic_task_mapping_with_no_taskflow_operators
[2025-02-06T16:45:19.001+0000] {logging_mixin.py:150} INFO - [2025-02-06T16:45:19.001+0000] {manager.py:504} INFO - Created Permission View: can edit on DAG:example_dynamic_task_mapping_with_no_taskflow_operators
[2025-02-06T16:45:19.009+0000] {logging_mixin.py:150} INFO - [2025-02-06T16:45:19.009+0000] {dag.py:2742} INFO - Sync 1 DAGs
[2025-02-06T16:45:19.017+0000] {logging_mixin.py:150} INFO - [2025-02-06T16:45:19.017+0000] {dag.py:2763} INFO - Creating ORM DAG for example_dynamic_task_mapping_with_no_taskflow_operators
[2025-02-06T16:45:19.023+0000] {logging_mixin.py:150} INFO - [2025-02-06T16:45:19.023+0000] {dag.py:3504} INFO - Setting next_dagrun for example_dynamic_task_mapping_with_no_taskflow_operators to 2025-02-05T16:45:19.023261+00:00, run_after=2025-02-06T16:45:19.023261+00:00
[2025-02-06T16:45:19.038+0000] {processor.py:179} INFO - Processing /home/vscode/.local/lib/python3.10/site-packages/airflow/example_dags/example_dynamic_task_mapping_with_no_taskflow_operators.py took 0.128 seconds
[2025-02-06T16:46:12.050+0000] {processor.py:157} INFO - Started process (PID=8741) to work on /home/vscode/.local/lib/python3.10/site-packages/airflow/example_dags/example_dynamic_task_mapping_with_no_taskflow_operators.py
[2025-02-06T16:46:12.051+0000] {processor.py:826} INFO - Processing file /home/vscode/.local/lib/python3.10/site-packages/airflow/example_dags/example_dynamic_task_mapping_with_no_taskflow_operators.py for tasks to queue
[2025-02-06T16:46:12.052+0000] {logging_mixin.py:150} INFO - [2025-02-06T16:46:12.051+0000] {dagbag.py:541} INFO - Filling up the DagBag from /home/vscode/.local/lib/python3.10/site-packages/airflow/example_dags/example_dynamic_task_mapping_with_no_taskflow_operators.py
[2025-02-06T16:46:12.058+0000] {processor.py:836} INFO - DAG(s) dict_keys(['example_dynamic_task_mapping_with_no_taskflow_operators']) retrieved from /home/vscode/.local/lib/python3.10/site-packages/airflow/example_dags/example_dynamic_task_mapping_with_no_taskflow_operators.py
[2025-02-06T16:46:12.070+0000] {logging_mixin.py:150} INFO - [2025-02-06T16:46:12.070+0000] {dag.py:2742} INFO - Sync 1 DAGs
[2025-02-06T16:46:12.086+0000] {logging_mixin.py:150} INFO - [2025-02-06T16:46:12.086+0000] {dag.py:3504} INFO - Setting next_dagrun for example_dynamic_task_mapping_with_no_taskflow_operators to 2025-02-05T16:46:12.086338+00:00, run_after=2025-02-06T16:46:12.086338+00:00
[2025-02-06T16:46:12.101+0000] {processor.py:179} INFO - Processing /home/vscode/.local/lib/python3.10/site-packages/airflow/example_dags/example_dynamic_task_mapping_with_no_taskflow_operators.py took 0.053 seconds
[2025-02-06T16:46:54.908+0000] {processor.py:157} INFO - Started process (PID=9032) to work on /home/vscode/.local/lib/python3.10/site-packages/airflow/example_dags/example_dynamic_task_mapping_with_no_taskflow_operators.py
[2025-02-06T16:46:54.909+0000] {processor.py:826} INFO - Processing file /home/vscode/.local/lib/python3.10/site-packages/airflow/example_dags/example_dynamic_task_mapping_with_no_taskflow_operators.py for tasks to queue
[2025-02-06T16:46:54.910+0000] {logging_mixin.py:150} INFO - [2025-02-06T16:46:54.910+0000] {dagbag.py:541} INFO - Filling up the DagBag from /home/vscode/.local/lib/python3.10/site-packages/airflow/example_dags/example_dynamic_task_mapping_with_no_taskflow_operators.py
[2025-02-06T16:46:54.916+0000] {processor.py:836} INFO - DAG(s) dict_keys(['example_dynamic_task_mapping_with_no_taskflow_operators']) retrieved from /home/vscode/.local/lib/python3.10/site-packages/airflow/example_dags/example_dynamic_task_mapping_with_no_taskflow_operators.py
[2025-02-06T16:46:54.928+0000] {logging_mixin.py:150} INFO - [2025-02-06T16:46:54.928+0000] {dag.py:2742} INFO - Sync 1 DAGs
[2025-02-06T16:46:54.942+0000] {logging_mixin.py:150} INFO - [2025-02-06T16:46:54.942+0000] {dag.py:3504} INFO - Setting next_dagrun for example_dynamic_task_mapping_with_no_taskflow_operators to 2025-02-05T16:46:54.942220+00:00, run_after=2025-02-06T16:46:54.942220+00:00
[2025-02-06T16:46:54.956+0000] {processor.py:179} INFO - Processing /home/vscode/.local/lib/python3.10/site-packages/airflow/example_dags/example_dynamic_task_mapping_with_no_taskflow_operators.py took 0.051 seconds
[2025-02-06T16:47:41.236+0000] {processor.py:157} INFO - Started process (PID=9350) to work on /home/vscode/.local/lib/python3.10/site-packages/airflow/example_dags/example_dynamic_task_mapping_with_no_taskflow_operators.py
[2025-02-06T16:47:41.236+0000] {processor.py:826} INFO - Processing file /home/vscode/.local/lib/python3.10/site-packages/airflow/example_dags/example_dynamic_task_mapping_with_no_taskflow_operators.py for tasks to queue
[2025-02-06T16:47:41.237+0000] {logging_mixin.py:150} INFO - [2025-02-06T16:47:41.237+0000] {dagbag.py:541} INFO - Filling up the DagBag from /home/vscode/.local/lib/python3.10/site-packages/airflow/example_dags/example_dynamic_task_mapping_with_no_taskflow_operators.py
[2025-02-06T16:47:41.243+0000] {processor.py:836} INFO - DAG(s) dict_keys(['example_dynamic_task_mapping_with_no_taskflow_operators']) retrieved from /home/vscode/.local/lib/python3.10/site-packages/airflow/example_dags/example_dynamic_task_mapping_with_no_taskflow_operators.py
[2025-02-06T16:47:41.255+0000] {logging_mixin.py:150} INFO - [2025-02-06T16:47:41.255+0000] {dag.py:2742} INFO - Sync 1 DAGs
[2025-02-06T16:47:41.270+0000] {logging_mixin.py:150} INFO - [2025-02-06T16:47:41.270+0000] {dag.py:3504} INFO - Setting next_dagrun for example_dynamic_task_mapping_with_no_taskflow_operators to 2025-02-05T16:47:41.269912+00:00, run_after=2025-02-06T16:47:41.269912+00:00
[2025-02-06T16:47:41.284+0000] {processor.py:179} INFO - Processing /home/vscode/.local/lib/python3.10/site-packages/airflow/example_dags/example_dynamic_task_mapping_with_no_taskflow_operators.py took 0.051 seconds
[2025-02-06T16:48:26.107+0000] {processor.py:157} INFO - Started process (PID=9652) to work on /home/vscode/.local/lib/python3.10/site-packages/airflow/example_dags/example_dynamic_task_mapping_with_no_taskflow_operators.py
[2025-02-06T16:48:26.108+0000] {processor.py:826} INFO - Processing file /home/vscode/.local/lib/python3.10/site-packages/airflow/example_dags/example_dynamic_task_mapping_with_no_taskflow_operators.py for tasks to queue
[2025-02-06T16:48:26.109+0000] {logging_mixin.py:150} INFO - [2025-02-06T16:48:26.108+0000] {dagbag.py:541} INFO - Filling up the DagBag from /home/vscode/.local/lib/python3.10/site-packages/airflow/example_dags/example_dynamic_task_mapping_with_no_taskflow_operators.py
[2025-02-06T16:48:26.115+0000] {processor.py:836} INFO - DAG(s) dict_keys(['example_dynamic_task_mapping_with_no_taskflow_operators']) retrieved from /home/vscode/.local/lib/python3.10/site-packages/airflow/example_dags/example_dynamic_task_mapping_with_no_taskflow_operators.py
[2025-02-06T16:48:26.127+0000] {logging_mixin.py:150} INFO - [2025-02-06T16:48:26.127+0000] {dag.py:2742} INFO - Sync 1 DAGs
[2025-02-06T16:48:26.142+0000] {logging_mixin.py:150} INFO - [2025-02-06T16:48:26.142+0000] {dag.py:3504} INFO - Setting next_dagrun for example_dynamic_task_mapping_with_no_taskflow_operators to 2025-02-05T16:48:26.142412+00:00, run_after=2025-02-06T16:48:26.142412+00:00
[2025-02-06T16:48:26.157+0000] {processor.py:179} INFO - Processing /home/vscode/.local/lib/python3.10/site-packages/airflow/example_dags/example_dynamic_task_mapping_with_no_taskflow_operators.py took 0.053 seconds
[2025-02-06T16:49:13.643+0000] {processor.py:157} INFO - Started process (PID=9993) to work on /home/vscode/.local/lib/python3.10/site-packages/airflow/example_dags/example_dynamic_task_mapping_with_no_taskflow_operators.py
[2025-02-06T16:49:13.643+0000] {processor.py:826} INFO - Processing file /home/vscode/.local/lib/python3.10/site-packages/airflow/example_dags/example_dynamic_task_mapping_with_no_taskflow_operators.py for tasks to queue
[2025-02-06T16:49:13.644+0000] {logging_mixin.py:150} INFO - [2025-02-06T16:49:13.644+0000] {dagbag.py:541} INFO - Filling up the DagBag from /home/vscode/.local/lib/python3.10/site-packages/airflow/example_dags/example_dynamic_task_mapping_with_no_taskflow_operators.py
[2025-02-06T16:49:13.651+0000] {processor.py:836} INFO - DAG(s) dict_keys(['example_dynamic_task_mapping_with_no_taskflow_operators']) retrieved from /home/vscode/.local/lib/python3.10/site-packages/airflow/example_dags/example_dynamic_task_mapping_with_no_taskflow_operators.py
[2025-02-06T16:49:13.664+0000] {logging_mixin.py:150} INFO - [2025-02-06T16:49:13.664+0000] {dag.py:2742} INFO - Sync 1 DAGs
[2025-02-06T16:49:13.679+0000] {logging_mixin.py:150} INFO - [2025-02-06T16:49:13.678+0000] {dag.py:3504} INFO - Setting next_dagrun for example_dynamic_task_mapping_with_no_taskflow_operators to 2025-02-05T16:49:13.678737+00:00, run_after=2025-02-06T16:49:13.678737+00:00
[2025-02-06T16:49:13.695+0000] {processor.py:179} INFO - Processing /home/vscode/.local/lib/python3.10/site-packages/airflow/example_dags/example_dynamic_task_mapping_with_no_taskflow_operators.py took 0.054 seconds
[2025-02-06T16:50:05.470+0000] {processor.py:157} INFO - Started process (PID=10380) to work on /home/vscode/.local/lib/python3.10/site-packages/airflow/example_dags/example_dynamic_task_mapping_with_no_taskflow_operators.py
[2025-02-06T16:50:05.471+0000] {processor.py:826} INFO - Processing file /home/vscode/.local/lib/python3.10/site-packages/airflow/example_dags/example_dynamic_task_mapping_with_no_taskflow_operators.py for tasks to queue
[2025-02-06T16:50:05.472+0000] {logging_mixin.py:150} INFO - [2025-02-06T16:50:05.472+0000] {dagbag.py:541} INFO - Filling up the DagBag from /home/vscode/.local/lib/python3.10/site-packages/airflow/example_dags/example_dynamic_task_mapping_with_no_taskflow_operators.py
[2025-02-06T16:50:05.478+0000] {processor.py:836} INFO - DAG(s) dict_keys(['example_dynamic_task_mapping_with_no_taskflow_operators']) retrieved from /home/vscode/.local/lib/python3.10/site-packages/airflow/example_dags/example_dynamic_task_mapping_with_no_taskflow_operators.py
[2025-02-06T16:50:05.490+0000] {logging_mixin.py:150} INFO - [2025-02-06T16:50:05.490+0000] {dag.py:2742} INFO - Sync 1 DAGs
[2025-02-06T16:50:05.505+0000] {logging_mixin.py:150} INFO - [2025-02-06T16:50:05.505+0000] {dag.py:3504} INFO - Setting next_dagrun for example_dynamic_task_mapping_with_no_taskflow_operators to 2025-02-05T16:50:05.505440+00:00, run_after=2025-02-06T16:50:05.505440+00:00
[2025-02-06T16:50:05.520+0000] {processor.py:179} INFO - Processing /home/vscode/.local/lib/python3.10/site-packages/airflow/example_dags/example_dynamic_task_mapping_with_no_taskflow_operators.py took 0.053 seconds
[2025-02-06T16:51:01.399+0000] {processor.py:157} INFO - Started process (PID=10782) to work on /home/vscode/.local/lib/python3.10/site-packages/airflow/example_dags/example_dynamic_task_mapping_with_no_taskflow_operators.py
[2025-02-06T16:51:01.401+0000] {processor.py:826} INFO - Processing file /home/vscode/.local/lib/python3.10/site-packages/airflow/example_dags/example_dynamic_task_mapping_with_no_taskflow_operators.py for tasks to queue
[2025-02-06T16:51:01.402+0000] {logging_mixin.py:150} INFO - [2025-02-06T16:51:01.402+0000] {dagbag.py:541} INFO - Filling up the DagBag from /home/vscode/.local/lib/python3.10/site-packages/airflow/example_dags/example_dynamic_task_mapping_with_no_taskflow_operators.py
[2025-02-06T16:51:01.411+0000] {processor.py:836} INFO - DAG(s) dict_keys(['example_dynamic_task_mapping_with_no_taskflow_operators']) retrieved from /home/vscode/.local/lib/python3.10/site-packages/airflow/example_dags/example_dynamic_task_mapping_with_no_taskflow_operators.py
[2025-02-06T16:51:01.429+0000] {logging_mixin.py:150} INFO - [2025-02-06T16:51:01.429+0000] {dag.py:2742} INFO - Sync 1 DAGs
[2025-02-06T16:51:01.453+0000] {logging_mixin.py:150} INFO - [2025-02-06T16:51:01.453+0000] {dag.py:3504} INFO - Setting next_dagrun for example_dynamic_task_mapping_with_no_taskflow_operators to 2025-02-05T16:51:01.453371+00:00, run_after=2025-02-06T16:51:01.453371+00:00
[2025-02-06T16:51:01.469+0000] {processor.py:179} INFO - Processing /home/vscode/.local/lib/python3.10/site-packages/airflow/example_dags/example_dynamic_task_mapping_with_no_taskflow_operators.py took 0.073 seconds
[2025-02-06T16:51:46.550+0000] {processor.py:157} INFO - Started process (PID=11123) to work on /home/vscode/.local/lib/python3.10/site-packages/airflow/example_dags/example_dynamic_task_mapping_with_no_taskflow_operators.py
[2025-02-06T16:51:46.551+0000] {processor.py:826} INFO - Processing file /home/vscode/.local/lib/python3.10/site-packages/airflow/example_dags/example_dynamic_task_mapping_with_no_taskflow_operators.py for tasks to queue
[2025-02-06T16:51:46.551+0000] {logging_mixin.py:150} INFO - [2025-02-06T16:51:46.551+0000] {dagbag.py:541} INFO - Filling up the DagBag from /home/vscode/.local/lib/python3.10/site-packages/airflow/example_dags/example_dynamic_task_mapping_with_no_taskflow_operators.py
[2025-02-06T16:51:46.558+0000] {processor.py:836} INFO - DAG(s) dict_keys(['example_dynamic_task_mapping_with_no_taskflow_operators']) retrieved from /home/vscode/.local/lib/python3.10/site-packages/airflow/example_dags/example_dynamic_task_mapping_with_no_taskflow_operators.py
[2025-02-06T16:51:46.570+0000] {logging_mixin.py:150} INFO - [2025-02-06T16:51:46.569+0000] {dag.py:2742} INFO - Sync 1 DAGs
[2025-02-06T16:51:46.584+0000] {logging_mixin.py:150} INFO - [2025-02-06T16:51:46.584+0000] {dag.py:3504} INFO - Setting next_dagrun for example_dynamic_task_mapping_with_no_taskflow_operators to 2025-02-05T16:51:46.584544+00:00, run_after=2025-02-06T16:51:46.584544+00:00
[2025-02-06T16:51:46.599+0000] {processor.py:179} INFO - Processing /home/vscode/.local/lib/python3.10/site-packages/airflow/example_dags/example_dynamic_task_mapping_with_no_taskflow_operators.py took 0.052 seconds
[2025-02-06T16:52:31.403+0000] {processor.py:157} INFO - Started process (PID=11423) to work on /home/vscode/.local/lib/python3.10/site-packages/airflow/example_dags/example_dynamic_task_mapping_with_no_taskflow_operators.py
[2025-02-06T16:52:31.403+0000] {processor.py:826} INFO - Processing file /home/vscode/.local/lib/python3.10/site-packages/airflow/example_dags/example_dynamic_task_mapping_with_no_taskflow_operators.py for tasks to queue
[2025-02-06T16:52:31.404+0000] {logging_mixin.py:150} INFO - [2025-02-06T16:52:31.404+0000] {dagbag.py:541} INFO - Filling up the DagBag from /home/vscode/.local/lib/python3.10/site-packages/airflow/example_dags/example_dynamic_task_mapping_with_no_taskflow_operators.py
[2025-02-06T16:52:31.410+0000] {processor.py:836} INFO - DAG(s) dict_keys(['example_dynamic_task_mapping_with_no_taskflow_operators']) retrieved from /home/vscode/.local/lib/python3.10/site-packages/airflow/example_dags/example_dynamic_task_mapping_with_no_taskflow_operators.py
[2025-02-06T16:52:31.422+0000] {logging_mixin.py:150} INFO - [2025-02-06T16:52:31.422+0000] {dag.py:2742} INFO - Sync 1 DAGs
[2025-02-06T16:52:31.438+0000] {logging_mixin.py:150} INFO - [2025-02-06T16:52:31.437+0000] {dag.py:3504} INFO - Setting next_dagrun for example_dynamic_task_mapping_with_no_taskflow_operators to 2025-02-05T16:52:31.437784+00:00, run_after=2025-02-06T16:52:31.437784+00:00
[2025-02-06T16:52:31.453+0000] {processor.py:179} INFO - Processing /home/vscode/.local/lib/python3.10/site-packages/airflow/example_dags/example_dynamic_task_mapping_with_no_taskflow_operators.py took 0.053 seconds
[2025-02-06T16:53:17.927+0000] {processor.py:157} INFO - Started process (PID=11744) to work on /home/vscode/.local/lib/python3.10/site-packages/airflow/example_dags/example_dynamic_task_mapping_with_no_taskflow_operators.py
[2025-02-06T16:53:17.927+0000] {processor.py:826} INFO - Processing file /home/vscode/.local/lib/python3.10/site-packages/airflow/example_dags/example_dynamic_task_mapping_with_no_taskflow_operators.py for tasks to queue
[2025-02-06T16:53:17.928+0000] {logging_mixin.py:150} INFO - [2025-02-06T16:53:17.928+0000] {dagbag.py:541} INFO - Filling up the DagBag from /home/vscode/.local/lib/python3.10/site-packages/airflow/example_dags/example_dynamic_task_mapping_with_no_taskflow_operators.py
[2025-02-06T16:53:17.934+0000] {processor.py:836} INFO - DAG(s) dict_keys(['example_dynamic_task_mapping_with_no_taskflow_operators']) retrieved from /home/vscode/.local/lib/python3.10/site-packages/airflow/example_dags/example_dynamic_task_mapping_with_no_taskflow_operators.py
[2025-02-06T16:53:17.946+0000] {logging_mixin.py:150} INFO - [2025-02-06T16:53:17.946+0000] {dag.py:2742} INFO - Sync 1 DAGs
[2025-02-06T16:53:17.961+0000] {logging_mixin.py:150} INFO - [2025-02-06T16:53:17.960+0000] {dag.py:3504} INFO - Setting next_dagrun for example_dynamic_task_mapping_with_no_taskflow_operators to 2025-02-05T16:53:17.960761+00:00, run_after=2025-02-06T16:53:17.960761+00:00
[2025-02-06T16:53:17.976+0000] {processor.py:179} INFO - Processing /home/vscode/.local/lib/python3.10/site-packages/airflow/example_dags/example_dynamic_task_mapping_with_no_taskflow_operators.py took 0.052 seconds
[2025-02-06T16:54:02.820+0000] {processor.py:157} INFO - Started process (PID=12051) to work on /home/vscode/.local/lib/python3.10/site-packages/airflow/example_dags/example_dynamic_task_mapping_with_no_taskflow_operators.py
[2025-02-06T16:54:02.820+0000] {processor.py:826} INFO - Processing file /home/vscode/.local/lib/python3.10/site-packages/airflow/example_dags/example_dynamic_task_mapping_with_no_taskflow_operators.py for tasks to queue
[2025-02-06T16:54:02.821+0000] {logging_mixin.py:150} INFO - [2025-02-06T16:54:02.821+0000] {dagbag.py:541} INFO - Filling up the DagBag from /home/vscode/.local/lib/python3.10/site-packages/airflow/example_dags/example_dynamic_task_mapping_with_no_taskflow_operators.py
[2025-02-06T16:54:02.828+0000] {processor.py:836} INFO - DAG(s) dict_keys(['example_dynamic_task_mapping_with_no_taskflow_operators']) retrieved from /home/vscode/.local/lib/python3.10/site-packages/airflow/example_dags/example_dynamic_task_mapping_with_no_taskflow_operators.py
[2025-02-06T16:54:02.840+0000] {logging_mixin.py:150} INFO - [2025-02-06T16:54:02.840+0000] {dag.py:2742} INFO - Sync 1 DAGs
[2025-02-06T16:54:02.855+0000] {logging_mixin.py:150} INFO - [2025-02-06T16:54:02.855+0000] {dag.py:3504} INFO - Setting next_dagrun for example_dynamic_task_mapping_with_no_taskflow_operators to 2025-02-05T16:54:02.854827+00:00, run_after=2025-02-06T16:54:02.854827+00:00
[2025-02-06T16:54:02.869+0000] {processor.py:179} INFO - Processing /home/vscode/.local/lib/python3.10/site-packages/airflow/example_dags/example_dynamic_task_mapping_with_no_taskflow_operators.py took 0.052 seconds
[2025-02-06T16:54:51.097+0000] {processor.py:157} INFO - Started process (PID=12448) to work on /home/vscode/.local/lib/python3.10/site-packages/airflow/example_dags/example_dynamic_task_mapping_with_no_taskflow_operators.py
[2025-02-06T16:54:51.098+0000] {processor.py:826} INFO - Processing file /home/vscode/.local/lib/python3.10/site-packages/airflow/example_dags/example_dynamic_task_mapping_with_no_taskflow_operators.py for tasks to queue
[2025-02-06T16:54:51.099+0000] {logging_mixin.py:150} INFO - [2025-02-06T16:54:51.098+0000] {dagbag.py:541} INFO - Filling up the DagBag from /home/vscode/.local/lib/python3.10/site-packages/airflow/example_dags/example_dynamic_task_mapping_with_no_taskflow_operators.py
[2025-02-06T16:54:51.105+0000] {processor.py:836} INFO - DAG(s) dict_keys(['example_dynamic_task_mapping_with_no_taskflow_operators']) retrieved from /home/vscode/.local/lib/python3.10/site-packages/airflow/example_dags/example_dynamic_task_mapping_with_no_taskflow_operators.py
[2025-02-06T16:54:51.119+0000] {logging_mixin.py:150} INFO - [2025-02-06T16:54:51.119+0000] {dag.py:2742} INFO - Sync 1 DAGs
[2025-02-06T16:54:51.134+0000] {logging_mixin.py:150} INFO - [2025-02-06T16:54:51.134+0000] {dag.py:3504} INFO - Setting next_dagrun for example_dynamic_task_mapping_with_no_taskflow_operators to 2025-02-05T16:54:51.133848+00:00, run_after=2025-02-06T16:54:51.133848+00:00
[2025-02-06T16:54:51.148+0000] {processor.py:179} INFO - Processing /home/vscode/.local/lib/python3.10/site-packages/airflow/example_dags/example_dynamic_task_mapping_with_no_taskflow_operators.py took 0.054 seconds
[2025-02-06T16:55:40.970+0000] {processor.py:157} INFO - Started process (PID=12855) to work on /home/vscode/.local/lib/python3.10/site-packages/airflow/example_dags/example_dynamic_task_mapping_with_no_taskflow_operators.py
[2025-02-06T16:55:40.971+0000] {processor.py:826} INFO - Processing file /home/vscode/.local/lib/python3.10/site-packages/airflow/example_dags/example_dynamic_task_mapping_with_no_taskflow_operators.py for tasks to queue
[2025-02-06T16:55:40.971+0000] {logging_mixin.py:150} INFO - [2025-02-06T16:55:40.971+0000] {dagbag.py:541} INFO - Filling up the DagBag from /home/vscode/.local/lib/python3.10/site-packages/airflow/example_dags/example_dynamic_task_mapping_with_no_taskflow_operators.py
[2025-02-06T16:55:40.978+0000] {processor.py:836} INFO - DAG(s) dict_keys(['example_dynamic_task_mapping_with_no_taskflow_operators']) retrieved from /home/vscode/.local/lib/python3.10/site-packages/airflow/example_dags/example_dynamic_task_mapping_with_no_taskflow_operators.py
[2025-02-06T16:55:40.997+0000] {logging_mixin.py:150} INFO - [2025-02-06T16:55:40.997+0000] {dag.py:2742} INFO - Sync 1 DAGs
[2025-02-06T16:55:41.012+0000] {logging_mixin.py:150} INFO - [2025-02-06T16:55:41.011+0000] {dag.py:3504} INFO - Setting next_dagrun for example_dynamic_task_mapping_with_no_taskflow_operators to 2025-02-05T16:55:41.011719+00:00, run_after=2025-02-06T16:55:41.011719+00:00
[2025-02-06T16:55:41.030+0000] {processor.py:179} INFO - Processing /home/vscode/.local/lib/python3.10/site-packages/airflow/example_dags/example_dynamic_task_mapping_with_no_taskflow_operators.py took 0.063 seconds
[2025-02-06T16:56:27.905+0000] {processor.py:157} INFO - Started process (PID=13291) to work on /home/vscode/.local/lib/python3.10/site-packages/airflow/example_dags/example_dynamic_task_mapping_with_no_taskflow_operators.py
[2025-02-06T16:56:27.905+0000] {processor.py:826} INFO - Processing file /home/vscode/.local/lib/python3.10/site-packages/airflow/example_dags/example_dynamic_task_mapping_with_no_taskflow_operators.py for tasks to queue
[2025-02-06T16:56:27.906+0000] {logging_mixin.py:150} INFO - [2025-02-06T16:56:27.906+0000] {dagbag.py:541} INFO - Filling up the DagBag from /home/vscode/.local/lib/python3.10/site-packages/airflow/example_dags/example_dynamic_task_mapping_with_no_taskflow_operators.py
[2025-02-06T16:56:27.912+0000] {processor.py:836} INFO - DAG(s) dict_keys(['example_dynamic_task_mapping_with_no_taskflow_operators']) retrieved from /home/vscode/.local/lib/python3.10/site-packages/airflow/example_dags/example_dynamic_task_mapping_with_no_taskflow_operators.py
[2025-02-06T16:56:27.924+0000] {logging_mixin.py:150} INFO - [2025-02-06T16:56:27.924+0000] {dag.py:2742} INFO - Sync 1 DAGs
[2025-02-06T16:56:27.939+0000] {logging_mixin.py:150} INFO - [2025-02-06T16:56:27.939+0000] {dag.py:3504} INFO - Setting next_dagrun for example_dynamic_task_mapping_with_no_taskflow_operators to 2025-02-05T16:56:27.938858+00:00, run_after=2025-02-06T16:56:27.938858+00:00
[2025-02-06T16:56:27.953+0000] {processor.py:179} INFO - Processing /home/vscode/.local/lib/python3.10/site-packages/airflow/example_dags/example_dynamic_task_mapping_with_no_taskflow_operators.py took 0.051 seconds
[2025-02-06T16:57:13.010+0000] {processor.py:157} INFO - Started process (PID=13623) to work on /home/vscode/.local/lib/python3.10/site-packages/airflow/example_dags/example_dynamic_task_mapping_with_no_taskflow_operators.py
[2025-02-06T16:57:13.011+0000] {processor.py:826} INFO - Processing file /home/vscode/.local/lib/python3.10/site-packages/airflow/example_dags/example_dynamic_task_mapping_with_no_taskflow_operators.py for tasks to queue
[2025-02-06T16:57:13.012+0000] {logging_mixin.py:150} INFO - [2025-02-06T16:57:13.012+0000] {dagbag.py:541} INFO - Filling up the DagBag from /home/vscode/.local/lib/python3.10/site-packages/airflow/example_dags/example_dynamic_task_mapping_with_no_taskflow_operators.py
[2025-02-06T16:57:13.018+0000] {processor.py:836} INFO - DAG(s) dict_keys(['example_dynamic_task_mapping_with_no_taskflow_operators']) retrieved from /home/vscode/.local/lib/python3.10/site-packages/airflow/example_dags/example_dynamic_task_mapping_with_no_taskflow_operators.py
[2025-02-06T16:57:13.030+0000] {logging_mixin.py:150} INFO - [2025-02-06T16:57:13.030+0000] {dag.py:2742} INFO - Sync 1 DAGs
[2025-02-06T16:57:13.045+0000] {logging_mixin.py:150} INFO - [2025-02-06T16:57:13.045+0000] {dag.py:3504} INFO - Setting next_dagrun for example_dynamic_task_mapping_with_no_taskflow_operators to 2025-02-05T16:57:13.045641+00:00, run_after=2025-02-06T16:57:13.045641+00:00
[2025-02-06T16:57:13.064+0000] {processor.py:179} INFO - Processing /home/vscode/.local/lib/python3.10/site-packages/airflow/example_dags/example_dynamic_task_mapping_with_no_taskflow_operators.py took 0.057 seconds
[2025-02-06T16:57:58.154+0000] {processor.py:157} INFO - Started process (PID=13967) to work on /home/vscode/.local/lib/python3.10/site-packages/airflow/example_dags/example_dynamic_task_mapping_with_no_taskflow_operators.py
[2025-02-06T16:57:58.155+0000] {processor.py:826} INFO - Processing file /home/vscode/.local/lib/python3.10/site-packages/airflow/example_dags/example_dynamic_task_mapping_with_no_taskflow_operators.py for tasks to queue
[2025-02-06T16:57:58.155+0000] {logging_mixin.py:150} INFO - [2025-02-06T16:57:58.155+0000] {dagbag.py:541} INFO - Filling up the DagBag from /home/vscode/.local/lib/python3.10/site-packages/airflow/example_dags/example_dynamic_task_mapping_with_no_taskflow_operators.py
[2025-02-06T16:57:58.162+0000] {processor.py:836} INFO - DAG(s) dict_keys(['example_dynamic_task_mapping_with_no_taskflow_operators']) retrieved from /home/vscode/.local/lib/python3.10/site-packages/airflow/example_dags/example_dynamic_task_mapping_with_no_taskflow_operators.py
[2025-02-06T16:57:58.174+0000] {logging_mixin.py:150} INFO - [2025-02-06T16:57:58.173+0000] {dag.py:2742} INFO - Sync 1 DAGs
[2025-02-06T16:57:58.189+0000] {logging_mixin.py:150} INFO - [2025-02-06T16:57:58.189+0000] {dag.py:3504} INFO - Setting next_dagrun for example_dynamic_task_mapping_with_no_taskflow_operators to 2025-02-05T16:57:58.189572+00:00, run_after=2025-02-06T16:57:58.189572+00:00
[2025-02-06T16:57:58.204+0000] {processor.py:179} INFO - Processing /home/vscode/.local/lib/python3.10/site-packages/airflow/example_dags/example_dynamic_task_mapping_with_no_taskflow_operators.py took 0.053 seconds
[2025-02-06T18:08:11.075+0000] {processor.py:157} INFO - Started process (PID=5141) to work on /home/vscode/.local/lib/python3.10/site-packages/airflow/example_dags/example_dynamic_task_mapping_with_no_taskflow_operators.py
[2025-02-06T18:08:11.079+0000] {processor.py:826} INFO - Processing file /home/vscode/.local/lib/python3.10/site-packages/airflow/example_dags/example_dynamic_task_mapping_with_no_taskflow_operators.py for tasks to queue
[2025-02-06T18:08:11.080+0000] {logging_mixin.py:150} INFO - [2025-02-06T18:08:11.080+0000] {dagbag.py:541} INFO - Filling up the DagBag from /home/vscode/.local/lib/python3.10/site-packages/airflow/example_dags/example_dynamic_task_mapping_with_no_taskflow_operators.py
[2025-02-06T18:08:11.087+0000] {processor.py:836} INFO - DAG(s) dict_keys(['example_dynamic_task_mapping_with_no_taskflow_operators']) retrieved from /home/vscode/.local/lib/python3.10/site-packages/airflow/example_dags/example_dynamic_task_mapping_with_no_taskflow_operators.py
[2025-02-06T18:08:11.151+0000] {logging_mixin.py:150} INFO - [2025-02-06T18:08:11.151+0000] {manager.py:504} INFO - Created Permission View: can read on DAG:example_dynamic_task_mapping_with_no_taskflow_operators
[2025-02-06T18:08:11.158+0000] {logging_mixin.py:150} INFO - [2025-02-06T18:08:11.158+0000] {manager.py:504} INFO - Created Permission View: can delete on DAG:example_dynamic_task_mapping_with_no_taskflow_operators
[2025-02-06T18:08:11.163+0000] {logging_mixin.py:150} INFO - [2025-02-06T18:08:11.163+0000] {manager.py:504} INFO - Created Permission View: can edit on DAG:example_dynamic_task_mapping_with_no_taskflow_operators
[2025-02-06T18:08:11.171+0000] {logging_mixin.py:150} INFO - [2025-02-06T18:08:11.171+0000] {dag.py:2742} INFO - Sync 1 DAGs
[2025-02-06T18:08:11.177+0000] {logging_mixin.py:150} INFO - [2025-02-06T18:08:11.176+0000] {dag.py:2763} INFO - Creating ORM DAG for example_dynamic_task_mapping_with_no_taskflow_operators
[2025-02-06T18:08:11.182+0000] {logging_mixin.py:150} INFO - [2025-02-06T18:08:11.182+0000] {dag.py:3504} INFO - Setting next_dagrun for example_dynamic_task_mapping_with_no_taskflow_operators to 2025-02-05T18:08:11.182416+00:00, run_after=2025-02-06T18:08:11.182416+00:00
[2025-02-06T18:08:11.194+0000] {processor.py:179} INFO - Processing /home/vscode/.local/lib/python3.10/site-packages/airflow/example_dags/example_dynamic_task_mapping_with_no_taskflow_operators.py took 0.121 seconds
