[2025-02-06T16:44:34.421+0000] {processor.py:157} INFO - Started process (PID=8073) to work on /home/vscode/.local/lib/python3.10/site-packages/airflow/example_dags/example_skip_dag.py
[2025-02-06T16:44:34.422+0000] {processor.py:826} INFO - Processing file /home/vscode/.local/lib/python3.10/site-packages/airflow/example_dags/example_skip_dag.py for tasks to queue
[2025-02-06T16:44:34.423+0000] {logging_mixin.py:150} INFO - [2025-02-06T16:44:34.422+0000] {dagbag.py:541} INFO - Filling up the DagBag from /home/vscode/.local/lib/python3.10/site-packages/airflow/example_dags/example_skip_dag.py
[2025-02-06T16:44:34.429+0000] {processor.py:836} INFO - DAG(s) dict_keys(['example_skip_dag']) retrieved from /home/vscode/.local/lib/python3.10/site-packages/airflow/example_dags/example_skip_dag.py
[2025-02-06T16:44:34.600+0000] {logging_mixin.py:150} INFO - [2025-02-06T16:44:34.599+0000] {manager.py:504} INFO - Created Permission View: can read on DAG:example_skip_dag
[2025-02-06T16:44:34.607+0000] {logging_mixin.py:150} INFO - [2025-02-06T16:44:34.607+0000] {manager.py:504} INFO - Created Permission View: can delete on DAG:example_skip_dag
[2025-02-06T16:44:34.612+0000] {logging_mixin.py:150} INFO - [2025-02-06T16:44:34.612+0000] {manager.py:504} INFO - Created Permission View: can edit on DAG:example_skip_dag
[2025-02-06T16:44:34.619+0000] {logging_mixin.py:150} INFO - [2025-02-06T16:44:34.619+0000] {dag.py:2742} INFO - Sync 1 DAGs
[2025-02-06T16:44:34.625+0000] {logging_mixin.py:150} INFO - [2025-02-06T16:44:34.625+0000] {dag.py:2763} INFO - Creating ORM DAG for example_skip_dag
[2025-02-06T16:44:34.632+0000] {logging_mixin.py:150} INFO - [2025-02-06T16:44:34.632+0000] {dag.py:3504} INFO - Setting next_dagrun for example_skip_dag to 2025-02-05T16:44:34.632514+00:00, run_after=2025-02-06T16:44:34.632514+00:00
[2025-02-06T16:44:34.646+0000] {processor.py:179} INFO - Processing /home/vscode/.local/lib/python3.10/site-packages/airflow/example_dags/example_skip_dag.py took 0.227 seconds
[2025-02-06T16:45:27.617+0000] {processor.py:157} INFO - Started process (PID=8430) to work on /home/vscode/.local/lib/python3.10/site-packages/airflow/example_dags/example_skip_dag.py
[2025-02-06T16:45:27.618+0000] {processor.py:826} INFO - Processing file /home/vscode/.local/lib/python3.10/site-packages/airflow/example_dags/example_skip_dag.py for tasks to queue
[2025-02-06T16:45:27.619+0000] {logging_mixin.py:150} INFO - [2025-02-06T16:45:27.618+0000] {dagbag.py:541} INFO - Filling up the DagBag from /home/vscode/.local/lib/python3.10/site-packages/airflow/example_dags/example_skip_dag.py
[2025-02-06T16:45:27.625+0000] {processor.py:836} INFO - DAG(s) dict_keys(['example_skip_dag']) retrieved from /home/vscode/.local/lib/python3.10/site-packages/airflow/example_dags/example_skip_dag.py
[2025-02-06T16:45:27.638+0000] {logging_mixin.py:150} INFO - [2025-02-06T16:45:27.638+0000] {dag.py:2742} INFO - Sync 1 DAGs
[2025-02-06T16:45:27.652+0000] {logging_mixin.py:150} INFO - [2025-02-06T16:45:27.652+0000] {dag.py:3504} INFO - Setting next_dagrun for example_skip_dag to 2025-02-05T16:45:27.652078+00:00, run_after=2025-02-06T16:45:27.652078+00:00
[2025-02-06T16:45:27.666+0000] {processor.py:179} INFO - Processing /home/vscode/.local/lib/python3.10/site-packages/airflow/example_dags/example_skip_dag.py took 0.051 seconds
[2025-02-06T16:46:03.050+0000] {processor.py:157} INFO - Started process (PID=8679) to work on /home/vscode/.local/lib/python3.10/site-packages/airflow/example_dags/example_skip_dag.py
[2025-02-06T16:46:03.051+0000] {processor.py:826} INFO - Processing file /home/vscode/.local/lib/python3.10/site-packages/airflow/example_dags/example_skip_dag.py for tasks to queue
[2025-02-06T16:46:03.052+0000] {logging_mixin.py:150} INFO - [2025-02-06T16:46:03.052+0000] {dagbag.py:541} INFO - Filling up the DagBag from /home/vscode/.local/lib/python3.10/site-packages/airflow/example_dags/example_skip_dag.py
[2025-02-06T16:46:03.058+0000] {processor.py:836} INFO - DAG(s) dict_keys(['example_skip_dag']) retrieved from /home/vscode/.local/lib/python3.10/site-packages/airflow/example_dags/example_skip_dag.py
[2025-02-06T16:46:03.076+0000] {logging_mixin.py:150} INFO - [2025-02-06T16:46:03.076+0000] {dag.py:2742} INFO - Sync 1 DAGs
[2025-02-06T16:46:03.100+0000] {logging_mixin.py:150} INFO - [2025-02-06T16:46:03.099+0000] {dag.py:3504} INFO - Setting next_dagrun for example_skip_dag to 2025-02-05T16:46:03.099603+00:00, run_after=2025-02-06T16:46:03.099603+00:00
[2025-02-06T16:46:03.118+0000] {processor.py:179} INFO - Processing /home/vscode/.local/lib/python3.10/site-packages/airflow/example_dags/example_skip_dag.py took 0.070 seconds
[2025-02-06T16:46:45.411+0000] {processor.py:157} INFO - Started process (PID=8970) to work on /home/vscode/.local/lib/python3.10/site-packages/airflow/example_dags/example_skip_dag.py
[2025-02-06T16:46:45.412+0000] {processor.py:826} INFO - Processing file /home/vscode/.local/lib/python3.10/site-packages/airflow/example_dags/example_skip_dag.py for tasks to queue
[2025-02-06T16:46:45.412+0000] {logging_mixin.py:150} INFO - [2025-02-06T16:46:45.412+0000] {dagbag.py:541} INFO - Filling up the DagBag from /home/vscode/.local/lib/python3.10/site-packages/airflow/example_dags/example_skip_dag.py
[2025-02-06T16:46:45.419+0000] {processor.py:836} INFO - DAG(s) dict_keys(['example_skip_dag']) retrieved from /home/vscode/.local/lib/python3.10/site-packages/airflow/example_dags/example_skip_dag.py
[2025-02-06T16:46:45.432+0000] {logging_mixin.py:150} INFO - [2025-02-06T16:46:45.432+0000] {dag.py:2742} INFO - Sync 1 DAGs
[2025-02-06T16:46:45.447+0000] {logging_mixin.py:150} INFO - [2025-02-06T16:46:45.447+0000] {dag.py:3504} INFO - Setting next_dagrun for example_skip_dag to 2025-02-05T16:46:45.446918+00:00, run_after=2025-02-06T16:46:45.446918+00:00
[2025-02-06T16:46:45.461+0000] {processor.py:179} INFO - Processing /home/vscode/.local/lib/python3.10/site-packages/airflow/example_dags/example_skip_dag.py took 0.053 seconds
[2025-02-06T16:47:28.679+0000] {processor.py:157} INFO - Started process (PID=9258) to work on /home/vscode/.local/lib/python3.10/site-packages/airflow/example_dags/example_skip_dag.py
[2025-02-06T16:47:28.680+0000] {processor.py:826} INFO - Processing file /home/vscode/.local/lib/python3.10/site-packages/airflow/example_dags/example_skip_dag.py for tasks to queue
[2025-02-06T16:47:28.680+0000] {logging_mixin.py:150} INFO - [2025-02-06T16:47:28.680+0000] {dagbag.py:541} INFO - Filling up the DagBag from /home/vscode/.local/lib/python3.10/site-packages/airflow/example_dags/example_skip_dag.py
[2025-02-06T16:47:28.687+0000] {processor.py:836} INFO - DAG(s) dict_keys(['example_skip_dag']) retrieved from /home/vscode/.local/lib/python3.10/site-packages/airflow/example_dags/example_skip_dag.py
[2025-02-06T16:47:28.700+0000] {logging_mixin.py:150} INFO - [2025-02-06T16:47:28.699+0000] {dag.py:2742} INFO - Sync 1 DAGs
[2025-02-06T16:47:28.714+0000] {logging_mixin.py:150} INFO - [2025-02-06T16:47:28.714+0000] {dag.py:3504} INFO - Setting next_dagrun for example_skip_dag to 2025-02-05T16:47:28.714286+00:00, run_after=2025-02-06T16:47:28.714286+00:00
[2025-02-06T16:47:28.729+0000] {processor.py:179} INFO - Processing /home/vscode/.local/lib/python3.10/site-packages/airflow/example_dags/example_skip_dag.py took 0.053 seconds
[2025-02-06T16:48:12.661+0000] {processor.py:157} INFO - Started process (PID=9563) to work on /home/vscode/.local/lib/python3.10/site-packages/airflow/example_dags/example_skip_dag.py
[2025-02-06T16:48:12.662+0000] {processor.py:826} INFO - Processing file /home/vscode/.local/lib/python3.10/site-packages/airflow/example_dags/example_skip_dag.py for tasks to queue
[2025-02-06T16:48:12.663+0000] {logging_mixin.py:150} INFO - [2025-02-06T16:48:12.662+0000] {dagbag.py:541} INFO - Filling up the DagBag from /home/vscode/.local/lib/python3.10/site-packages/airflow/example_dags/example_skip_dag.py
[2025-02-06T16:48:12.669+0000] {processor.py:836} INFO - DAG(s) dict_keys(['example_skip_dag']) retrieved from /home/vscode/.local/lib/python3.10/site-packages/airflow/example_dags/example_skip_dag.py
[2025-02-06T16:48:12.682+0000] {logging_mixin.py:150} INFO - [2025-02-06T16:48:12.682+0000] {dag.py:2742} INFO - Sync 1 DAGs
[2025-02-06T16:48:12.697+0000] {logging_mixin.py:150} INFO - [2025-02-06T16:48:12.697+0000] {dag.py:3504} INFO - Setting next_dagrun for example_skip_dag to 2025-02-05T16:48:12.696844+00:00, run_after=2025-02-06T16:48:12.696844+00:00
[2025-02-06T16:48:12.711+0000] {processor.py:179} INFO - Processing /home/vscode/.local/lib/python3.10/site-packages/airflow/example_dags/example_skip_dag.py took 0.053 seconds
[2025-02-06T16:48:45.244+0000] {processor.py:157} INFO - Started process (PID=9782) to work on /home/vscode/.local/lib/python3.10/site-packages/airflow/example_dags/example_skip_dag.py
[2025-02-06T16:48:45.245+0000] {processor.py:826} INFO - Processing file /home/vscode/.local/lib/python3.10/site-packages/airflow/example_dags/example_skip_dag.py for tasks to queue
[2025-02-06T16:48:45.246+0000] {logging_mixin.py:150} INFO - [2025-02-06T16:48:45.246+0000] {dagbag.py:541} INFO - Filling up the DagBag from /home/vscode/.local/lib/python3.10/site-packages/airflow/example_dags/example_skip_dag.py
[2025-02-06T16:48:45.252+0000] {processor.py:836} INFO - DAG(s) dict_keys(['example_skip_dag']) retrieved from /home/vscode/.local/lib/python3.10/site-packages/airflow/example_dags/example_skip_dag.py
[2025-02-06T16:48:45.265+0000] {logging_mixin.py:150} INFO - [2025-02-06T16:48:45.265+0000] {dag.py:2742} INFO - Sync 1 DAGs
[2025-02-06T16:48:45.280+0000] {logging_mixin.py:150} INFO - [2025-02-06T16:48:45.280+0000] {dag.py:3504} INFO - Setting next_dagrun for example_skip_dag to 2025-02-05T16:48:45.279870+00:00, run_after=2025-02-06T16:48:45.279870+00:00
[2025-02-06T16:48:45.295+0000] {processor.py:179} INFO - Processing /home/vscode/.local/lib/python3.10/site-packages/airflow/example_dags/example_skip_dag.py took 0.053 seconds
[2025-02-06T16:49:29.619+0000] {processor.py:157} INFO - Started process (PID=10111) to work on /home/vscode/.local/lib/python3.10/site-packages/airflow/example_dags/example_skip_dag.py
[2025-02-06T16:49:29.620+0000] {processor.py:826} INFO - Processing file /home/vscode/.local/lib/python3.10/site-packages/airflow/example_dags/example_skip_dag.py for tasks to queue
[2025-02-06T16:49:29.620+0000] {logging_mixin.py:150} INFO - [2025-02-06T16:49:29.620+0000] {dagbag.py:541} INFO - Filling up the DagBag from /home/vscode/.local/lib/python3.10/site-packages/airflow/example_dags/example_skip_dag.py
[2025-02-06T16:49:29.627+0000] {processor.py:836} INFO - DAG(s) dict_keys(['example_skip_dag']) retrieved from /home/vscode/.local/lib/python3.10/site-packages/airflow/example_dags/example_skip_dag.py
[2025-02-06T16:49:29.640+0000] {logging_mixin.py:150} INFO - [2025-02-06T16:49:29.640+0000] {dag.py:2742} INFO - Sync 1 DAGs
[2025-02-06T16:49:29.655+0000] {logging_mixin.py:150} INFO - [2025-02-06T16:49:29.655+0000] {dag.py:3504} INFO - Setting next_dagrun for example_skip_dag to 2025-02-05T16:49:29.654839+00:00, run_after=2025-02-06T16:49:29.654839+00:00
[2025-02-06T16:49:29.669+0000] {processor.py:179} INFO - Processing /home/vscode/.local/lib/python3.10/site-packages/airflow/example_dags/example_skip_dag.py took 0.053 seconds
[2025-02-06T16:50:08.914+0000] {processor.py:157} INFO - Started process (PID=10410) to work on /home/vscode/.local/lib/python3.10/site-packages/airflow/example_dags/example_skip_dag.py
[2025-02-06T16:50:08.914+0000] {processor.py:826} INFO - Processing file /home/vscode/.local/lib/python3.10/site-packages/airflow/example_dags/example_skip_dag.py for tasks to queue
[2025-02-06T16:50:08.915+0000] {logging_mixin.py:150} INFO - [2025-02-06T16:50:08.915+0000] {dagbag.py:541} INFO - Filling up the DagBag from /home/vscode/.local/lib/python3.10/site-packages/airflow/example_dags/example_skip_dag.py
[2025-02-06T16:50:08.921+0000] {processor.py:836} INFO - DAG(s) dict_keys(['example_skip_dag']) retrieved from /home/vscode/.local/lib/python3.10/site-packages/airflow/example_dags/example_skip_dag.py
[2025-02-06T16:50:08.935+0000] {logging_mixin.py:150} INFO - [2025-02-06T16:50:08.935+0000] {dag.py:2742} INFO - Sync 1 DAGs
[2025-02-06T16:50:08.950+0000] {logging_mixin.py:150} INFO - [2025-02-06T16:50:08.949+0000] {dag.py:3504} INFO - Setting next_dagrun for example_skip_dag to 2025-02-05T16:50:08.949705+00:00, run_after=2025-02-06T16:50:08.949705+00:00
[2025-02-06T16:50:08.966+0000] {processor.py:179} INFO - Processing /home/vscode/.local/lib/python3.10/site-packages/airflow/example_dags/example_skip_dag.py took 0.055 seconds
[2025-02-06T16:50:50.383+0000] {processor.py:157} INFO - Started process (PID=10700) to work on /home/vscode/.local/lib/python3.10/site-packages/airflow/example_dags/example_skip_dag.py
[2025-02-06T16:50:50.384+0000] {processor.py:826} INFO - Processing file /home/vscode/.local/lib/python3.10/site-packages/airflow/example_dags/example_skip_dag.py for tasks to queue
[2025-02-06T16:50:50.384+0000] {logging_mixin.py:150} INFO - [2025-02-06T16:50:50.384+0000] {dagbag.py:541} INFO - Filling up the DagBag from /home/vscode/.local/lib/python3.10/site-packages/airflow/example_dags/example_skip_dag.py
[2025-02-06T16:50:50.390+0000] {processor.py:836} INFO - DAG(s) dict_keys(['example_skip_dag']) retrieved from /home/vscode/.local/lib/python3.10/site-packages/airflow/example_dags/example_skip_dag.py
[2025-02-06T16:50:50.406+0000] {logging_mixin.py:150} INFO - [2025-02-06T16:50:50.406+0000] {dag.py:2742} INFO - Sync 1 DAGs
[2025-02-06T16:50:50.427+0000] {logging_mixin.py:150} INFO - [2025-02-06T16:50:50.427+0000] {dag.py:3504} INFO - Setting next_dagrun for example_skip_dag to 2025-02-05T16:50:50.427289+00:00, run_after=2025-02-06T16:50:50.427289+00:00
[2025-02-06T16:50:50.452+0000] {processor.py:179} INFO - Processing /home/vscode/.local/lib/python3.10/site-packages/airflow/example_dags/example_skip_dag.py took 0.072 seconds
[2025-02-06T16:51:23.565+0000] {processor.py:157} INFO - Started process (PID=10969) to work on /home/vscode/.local/lib/python3.10/site-packages/airflow/example_dags/example_skip_dag.py
[2025-02-06T16:51:23.566+0000] {processor.py:826} INFO - Processing file /home/vscode/.local/lib/python3.10/site-packages/airflow/example_dags/example_skip_dag.py for tasks to queue
[2025-02-06T16:51:23.567+0000] {logging_mixin.py:150} INFO - [2025-02-06T16:51:23.567+0000] {dagbag.py:541} INFO - Filling up the DagBag from /home/vscode/.local/lib/python3.10/site-packages/airflow/example_dags/example_skip_dag.py
[2025-02-06T16:51:23.573+0000] {processor.py:836} INFO - DAG(s) dict_keys(['example_skip_dag']) retrieved from /home/vscode/.local/lib/python3.10/site-packages/airflow/example_dags/example_skip_dag.py
[2025-02-06T16:51:23.587+0000] {logging_mixin.py:150} INFO - [2025-02-06T16:51:23.586+0000] {dag.py:2742} INFO - Sync 1 DAGs
[2025-02-06T16:51:23.602+0000] {logging_mixin.py:150} INFO - [2025-02-06T16:51:23.602+0000] {dag.py:3504} INFO - Setting next_dagrun for example_skip_dag to 2025-02-05T16:51:23.602006+00:00, run_after=2025-02-06T16:51:23.602006+00:00
[2025-02-06T16:51:23.617+0000] {processor.py:179} INFO - Processing /home/vscode/.local/lib/python3.10/site-packages/airflow/example_dags/example_skip_dag.py took 0.054 seconds
[2025-02-06T16:52:04.671+0000] {processor.py:157} INFO - Started process (PID=11248) to work on /home/vscode/.local/lib/python3.10/site-packages/airflow/example_dags/example_skip_dag.py
[2025-02-06T16:52:04.672+0000] {processor.py:826} INFO - Processing file /home/vscode/.local/lib/python3.10/site-packages/airflow/example_dags/example_skip_dag.py for tasks to queue
[2025-02-06T16:52:04.673+0000] {logging_mixin.py:150} INFO - [2025-02-06T16:52:04.672+0000] {dagbag.py:541} INFO - Filling up the DagBag from /home/vscode/.local/lib/python3.10/site-packages/airflow/example_dags/example_skip_dag.py
[2025-02-06T16:52:04.679+0000] {processor.py:836} INFO - DAG(s) dict_keys(['example_skip_dag']) retrieved from /home/vscode/.local/lib/python3.10/site-packages/airflow/example_dags/example_skip_dag.py
[2025-02-06T16:52:04.693+0000] {logging_mixin.py:150} INFO - [2025-02-06T16:52:04.693+0000] {dag.py:2742} INFO - Sync 1 DAGs
[2025-02-06T16:52:04.708+0000] {logging_mixin.py:150} INFO - [2025-02-06T16:52:04.708+0000] {dag.py:3504} INFO - Setting next_dagrun for example_skip_dag to 2025-02-05T16:52:04.708081+00:00, run_after=2025-02-06T16:52:04.708081+00:00
[2025-02-06T16:52:04.723+0000] {processor.py:179} INFO - Processing /home/vscode/.local/lib/python3.10/site-packages/airflow/example_dags/example_skip_dag.py took 0.054 seconds
[2025-02-06T16:52:51.262+0000] {processor.py:157} INFO - Started process (PID=11559) to work on /home/vscode/.local/lib/python3.10/site-packages/airflow/example_dags/example_skip_dag.py
[2025-02-06T16:52:51.263+0000] {processor.py:826} INFO - Processing file /home/vscode/.local/lib/python3.10/site-packages/airflow/example_dags/example_skip_dag.py for tasks to queue
[2025-02-06T16:52:51.264+0000] {logging_mixin.py:150} INFO - [2025-02-06T16:52:51.264+0000] {dagbag.py:541} INFO - Filling up the DagBag from /home/vscode/.local/lib/python3.10/site-packages/airflow/example_dags/example_skip_dag.py
[2025-02-06T16:52:51.273+0000] {processor.py:836} INFO - DAG(s) dict_keys(['example_skip_dag']) retrieved from /home/vscode/.local/lib/python3.10/site-packages/airflow/example_dags/example_skip_dag.py
[2025-02-06T16:52:51.293+0000] {logging_mixin.py:150} INFO - [2025-02-06T16:52:51.293+0000] {dag.py:2742} INFO - Sync 1 DAGs
[2025-02-06T16:52:51.317+0000] {logging_mixin.py:150} INFO - [2025-02-06T16:52:51.317+0000] {dag.py:3504} INFO - Setting next_dagrun for example_skip_dag to 2025-02-05T16:52:51.316934+00:00, run_after=2025-02-06T16:52:51.316934+00:00
[2025-02-06T16:52:51.343+0000] {processor.py:179} INFO - Processing /home/vscode/.local/lib/python3.10/site-packages/airflow/example_dags/example_skip_dag.py took 0.083 seconds
[2025-02-06T16:53:34.984+0000] {processor.py:157} INFO - Started process (PID=11863) to work on /home/vscode/.local/lib/python3.10/site-packages/airflow/example_dags/example_skip_dag.py
[2025-02-06T16:53:34.985+0000] {processor.py:826} INFO - Processing file /home/vscode/.local/lib/python3.10/site-packages/airflow/example_dags/example_skip_dag.py for tasks to queue
[2025-02-06T16:53:34.985+0000] {logging_mixin.py:150} INFO - [2025-02-06T16:53:34.985+0000] {dagbag.py:541} INFO - Filling up the DagBag from /home/vscode/.local/lib/python3.10/site-packages/airflow/example_dags/example_skip_dag.py
[2025-02-06T16:53:34.992+0000] {processor.py:836} INFO - DAG(s) dict_keys(['example_skip_dag']) retrieved from /home/vscode/.local/lib/python3.10/site-packages/airflow/example_dags/example_skip_dag.py
[2025-02-06T16:53:35.005+0000] {logging_mixin.py:150} INFO - [2025-02-06T16:53:35.005+0000] {dag.py:2742} INFO - Sync 1 DAGs
[2025-02-06T16:53:35.020+0000] {logging_mixin.py:150} INFO - [2025-02-06T16:53:35.020+0000] {dag.py:3504} INFO - Setting next_dagrun for example_skip_dag to 2025-02-05T16:53:35.020434+00:00, run_after=2025-02-06T16:53:35.020434+00:00
[2025-02-06T16:53:35.037+0000] {processor.py:179} INFO - Processing /home/vscode/.local/lib/python3.10/site-packages/airflow/example_dags/example_skip_dag.py took 0.055 seconds
[2025-02-06T16:54:05.619+0000] {processor.py:157} INFO - Started process (PID=12086) to work on /home/vscode/.local/lib/python3.10/site-packages/airflow/example_dags/example_skip_dag.py
[2025-02-06T16:54:05.619+0000] {processor.py:826} INFO - Processing file /home/vscode/.local/lib/python3.10/site-packages/airflow/example_dags/example_skip_dag.py for tasks to queue
[2025-02-06T16:54:05.620+0000] {logging_mixin.py:150} INFO - [2025-02-06T16:54:05.620+0000] {dagbag.py:541} INFO - Filling up the DagBag from /home/vscode/.local/lib/python3.10/site-packages/airflow/example_dags/example_skip_dag.py
[2025-02-06T16:54:05.626+0000] {processor.py:836} INFO - DAG(s) dict_keys(['example_skip_dag']) retrieved from /home/vscode/.local/lib/python3.10/site-packages/airflow/example_dags/example_skip_dag.py
[2025-02-06T16:54:05.639+0000] {logging_mixin.py:150} INFO - [2025-02-06T16:54:05.639+0000] {dag.py:2742} INFO - Sync 1 DAGs
[2025-02-06T16:54:05.654+0000] {logging_mixin.py:150} INFO - [2025-02-06T16:54:05.654+0000] {dag.py:3504} INFO - Setting next_dagrun for example_skip_dag to 2025-02-05T16:54:05.654367+00:00, run_after=2025-02-06T16:54:05.654367+00:00
[2025-02-06T16:54:05.669+0000] {processor.py:179} INFO - Processing /home/vscode/.local/lib/python3.10/site-packages/airflow/example_dags/example_skip_dag.py took 0.053 seconds
[2025-02-06T16:54:38.875+0000] {processor.py:157} INFO - Started process (PID=12359) to work on /home/vscode/.local/lib/python3.10/site-packages/airflow/example_dags/example_skip_dag.py
[2025-02-06T16:54:38.876+0000] {processor.py:826} INFO - Processing file /home/vscode/.local/lib/python3.10/site-packages/airflow/example_dags/example_skip_dag.py for tasks to queue
[2025-02-06T16:54:38.877+0000] {logging_mixin.py:150} INFO - [2025-02-06T16:54:38.876+0000] {dagbag.py:541} INFO - Filling up the DagBag from /home/vscode/.local/lib/python3.10/site-packages/airflow/example_dags/example_skip_dag.py
[2025-02-06T16:54:38.885+0000] {processor.py:836} INFO - DAG(s) dict_keys(['example_skip_dag']) retrieved from /home/vscode/.local/lib/python3.10/site-packages/airflow/example_dags/example_skip_dag.py
[2025-02-06T16:54:38.900+0000] {logging_mixin.py:150} INFO - [2025-02-06T16:54:38.900+0000] {dag.py:2742} INFO - Sync 1 DAGs
[2025-02-06T16:54:38.916+0000] {logging_mixin.py:150} INFO - [2025-02-06T16:54:38.916+0000] {dag.py:3504} INFO - Setting next_dagrun for example_skip_dag to 2025-02-05T16:54:38.916008+00:00, run_after=2025-02-06T16:54:38.916008+00:00
[2025-02-06T16:54:38.930+0000] {processor.py:179} INFO - Processing /home/vscode/.local/lib/python3.10/site-packages/airflow/example_dags/example_skip_dag.py took 0.059 seconds
[2025-02-06T16:55:11.699+0000] {processor.py:157} INFO - Started process (PID=12604) to work on /home/vscode/.local/lib/python3.10/site-packages/airflow/example_dags/example_skip_dag.py
[2025-02-06T16:55:11.700+0000] {processor.py:826} INFO - Processing file /home/vscode/.local/lib/python3.10/site-packages/airflow/example_dags/example_skip_dag.py for tasks to queue
[2025-02-06T16:55:11.701+0000] {logging_mixin.py:150} INFO - [2025-02-06T16:55:11.701+0000] {dagbag.py:541} INFO - Filling up the DagBag from /home/vscode/.local/lib/python3.10/site-packages/airflow/example_dags/example_skip_dag.py
[2025-02-06T16:55:11.707+0000] {processor.py:836} INFO - DAG(s) dict_keys(['example_skip_dag']) retrieved from /home/vscode/.local/lib/python3.10/site-packages/airflow/example_dags/example_skip_dag.py
[2025-02-06T16:55:11.721+0000] {logging_mixin.py:150} INFO - [2025-02-06T16:55:11.721+0000] {dag.py:2742} INFO - Sync 1 DAGs
[2025-02-06T16:55:11.735+0000] {logging_mixin.py:150} INFO - [2025-02-06T16:55:11.735+0000] {dag.py:3504} INFO - Setting next_dagrun for example_skip_dag to 2025-02-05T16:55:11.735175+00:00, run_after=2025-02-06T16:55:11.735175+00:00
[2025-02-06T16:55:11.749+0000] {processor.py:179} INFO - Processing /home/vscode/.local/lib/python3.10/site-packages/airflow/example_dags/example_skip_dag.py took 0.053 seconds
[2025-02-06T16:55:45.564+0000] {processor.py:157} INFO - Started process (PID=12919) to work on /home/vscode/.local/lib/python3.10/site-packages/airflow/example_dags/example_skip_dag.py
[2025-02-06T16:55:45.565+0000] {processor.py:826} INFO - Processing file /home/vscode/.local/lib/python3.10/site-packages/airflow/example_dags/example_skip_dag.py for tasks to queue
[2025-02-06T16:55:45.566+0000] {logging_mixin.py:150} INFO - [2025-02-06T16:55:45.566+0000] {dagbag.py:541} INFO - Filling up the DagBag from /home/vscode/.local/lib/python3.10/site-packages/airflow/example_dags/example_skip_dag.py
[2025-02-06T16:55:45.572+0000] {processor.py:836} INFO - DAG(s) dict_keys(['example_skip_dag']) retrieved from /home/vscode/.local/lib/python3.10/site-packages/airflow/example_dags/example_skip_dag.py
[2025-02-06T16:55:45.585+0000] {logging_mixin.py:150} INFO - [2025-02-06T16:55:45.585+0000] {dag.py:2742} INFO - Sync 1 DAGs
[2025-02-06T16:55:45.600+0000] {logging_mixin.py:150} INFO - [2025-02-06T16:55:45.600+0000] {dag.py:3504} INFO - Setting next_dagrun for example_skip_dag to 2025-02-05T16:55:45.600011+00:00, run_after=2025-02-06T16:55:45.600011+00:00
[2025-02-06T16:55:45.615+0000] {processor.py:179} INFO - Processing /home/vscode/.local/lib/python3.10/site-packages/airflow/example_dags/example_skip_dag.py took 0.053 seconds
[2025-02-06T16:56:30.753+0000] {processor.py:157} INFO - Started process (PID=13308) to work on /home/vscode/.local/lib/python3.10/site-packages/airflow/example_dags/example_skip_dag.py
[2025-02-06T16:56:30.754+0000] {processor.py:826} INFO - Processing file /home/vscode/.local/lib/python3.10/site-packages/airflow/example_dags/example_skip_dag.py for tasks to queue
[2025-02-06T16:56:30.755+0000] {logging_mixin.py:150} INFO - [2025-02-06T16:56:30.754+0000] {dagbag.py:541} INFO - Filling up the DagBag from /home/vscode/.local/lib/python3.10/site-packages/airflow/example_dags/example_skip_dag.py
[2025-02-06T16:56:30.761+0000] {processor.py:836} INFO - DAG(s) dict_keys(['example_skip_dag']) retrieved from /home/vscode/.local/lib/python3.10/site-packages/airflow/example_dags/example_skip_dag.py
[2025-02-06T16:56:30.775+0000] {logging_mixin.py:150} INFO - [2025-02-06T16:56:30.775+0000] {dag.py:2742} INFO - Sync 1 DAGs
[2025-02-06T16:56:30.790+0000] {logging_mixin.py:150} INFO - [2025-02-06T16:56:30.790+0000] {dag.py:3504} INFO - Setting next_dagrun for example_skip_dag to 2025-02-05T16:56:30.790024+00:00, run_after=2025-02-06T16:56:30.790024+00:00
[2025-02-06T16:56:30.810+0000] {processor.py:179} INFO - Processing /home/vscode/.local/lib/python3.10/site-packages/airflow/example_dags/example_skip_dag.py took 0.059 seconds
[2025-02-06T16:57:16.447+0000] {processor.py:157} INFO - Started process (PID=13659) to work on /home/vscode/.local/lib/python3.10/site-packages/airflow/example_dags/example_skip_dag.py
[2025-02-06T16:57:16.447+0000] {processor.py:826} INFO - Processing file /home/vscode/.local/lib/python3.10/site-packages/airflow/example_dags/example_skip_dag.py for tasks to queue
[2025-02-06T16:57:16.448+0000] {logging_mixin.py:150} INFO - [2025-02-06T16:57:16.448+0000] {dagbag.py:541} INFO - Filling up the DagBag from /home/vscode/.local/lib/python3.10/site-packages/airflow/example_dags/example_skip_dag.py
[2025-02-06T16:57:16.454+0000] {processor.py:836} INFO - DAG(s) dict_keys(['example_skip_dag']) retrieved from /home/vscode/.local/lib/python3.10/site-packages/airflow/example_dags/example_skip_dag.py
[2025-02-06T16:57:16.468+0000] {logging_mixin.py:150} INFO - [2025-02-06T16:57:16.468+0000] {dag.py:2742} INFO - Sync 1 DAGs
[2025-02-06T16:57:16.483+0000] {logging_mixin.py:150} INFO - [2025-02-06T16:57:16.483+0000] {dag.py:3504} INFO - Setting next_dagrun for example_skip_dag to 2025-02-05T16:57:16.483017+00:00, run_after=2025-02-06T16:57:16.483017+00:00
[2025-02-06T16:57:16.498+0000] {processor.py:179} INFO - Processing /home/vscode/.local/lib/python3.10/site-packages/airflow/example_dags/example_skip_dag.py took 0.054 seconds
[2025-02-06T16:58:00.445+0000] {processor.py:157} INFO - Started process (PID=13989) to work on /home/vscode/.local/lib/python3.10/site-packages/airflow/example_dags/example_skip_dag.py
[2025-02-06T16:58:00.446+0000] {processor.py:826} INFO - Processing file /home/vscode/.local/lib/python3.10/site-packages/airflow/example_dags/example_skip_dag.py for tasks to queue
[2025-02-06T16:58:00.447+0000] {logging_mixin.py:150} INFO - [2025-02-06T16:58:00.446+0000] {dagbag.py:541} INFO - Filling up the DagBag from /home/vscode/.local/lib/python3.10/site-packages/airflow/example_dags/example_skip_dag.py
[2025-02-06T16:58:00.453+0000] {processor.py:836} INFO - DAG(s) dict_keys(['example_skip_dag']) retrieved from /home/vscode/.local/lib/python3.10/site-packages/airflow/example_dags/example_skip_dag.py
[2025-02-06T16:58:00.467+0000] {logging_mixin.py:150} INFO - [2025-02-06T16:58:00.466+0000] {dag.py:2742} INFO - Sync 1 DAGs
[2025-02-06T16:58:00.482+0000] {logging_mixin.py:150} INFO - [2025-02-06T16:58:00.482+0000] {dag.py:3504} INFO - Setting next_dagrun for example_skip_dag to 2025-02-05T16:58:00.481977+00:00, run_after=2025-02-06T16:58:00.481977+00:00
[2025-02-06T16:58:00.499+0000] {processor.py:179} INFO - Processing /home/vscode/.local/lib/python3.10/site-packages/airflow/example_dags/example_skip_dag.py took 0.056 seconds
[2025-02-06T18:07:52.774+0000] {processor.py:157} INFO - Started process (PID=4996) to work on /home/vscode/.local/lib/python3.10/site-packages/airflow/example_dags/example_skip_dag.py
[2025-02-06T18:07:52.776+0000] {processor.py:826} INFO - Processing file /home/vscode/.local/lib/python3.10/site-packages/airflow/example_dags/example_skip_dag.py for tasks to queue
[2025-02-06T18:07:52.777+0000] {logging_mixin.py:150} INFO - [2025-02-06T18:07:52.776+0000] {dagbag.py:541} INFO - Filling up the DagBag from /home/vscode/.local/lib/python3.10/site-packages/airflow/example_dags/example_skip_dag.py
[2025-02-06T18:07:52.858+0000] {processor.py:836} INFO - DAG(s) dict_keys(['example_skip_dag']) retrieved from /home/vscode/.local/lib/python3.10/site-packages/airflow/example_dags/example_skip_dag.py
[2025-02-06T18:07:52.914+0000] {logging_mixin.py:150} INFO - [2025-02-06T18:07:52.914+0000] {manager.py:504} INFO - Created Permission View: can read on DAG:example_skip_dag
[2025-02-06T18:07:52.921+0000] {logging_mixin.py:150} INFO - [2025-02-06T18:07:52.921+0000] {manager.py:504} INFO - Created Permission View: can delete on DAG:example_skip_dag
[2025-02-06T18:07:52.926+0000] {logging_mixin.py:150} INFO - [2025-02-06T18:07:52.925+0000] {manager.py:504} INFO - Created Permission View: can edit on DAG:example_skip_dag
[2025-02-06T18:07:52.933+0000] {logging_mixin.py:150} INFO - [2025-02-06T18:07:52.933+0000] {dag.py:2742} INFO - Sync 1 DAGs
[2025-02-06T18:07:52.939+0000] {logging_mixin.py:150} INFO - [2025-02-06T18:07:52.939+0000] {dag.py:2763} INFO - Creating ORM DAG for example_skip_dag
[2025-02-06T18:07:52.944+0000] {logging_mixin.py:150} INFO - [2025-02-06T18:07:52.944+0000] {dag.py:3504} INFO - Setting next_dagrun for example_skip_dag to 2025-02-05T18:07:52.944625+00:00, run_after=2025-02-06T18:07:52.944625+00:00
[2025-02-06T18:07:52.958+0000] {processor.py:179} INFO - Processing /home/vscode/.local/lib/python3.10/site-packages/airflow/example_dags/example_skip_dag.py took 0.186 seconds
