[2025-02-06T16:44:44.816+0000] {processor.py:157} INFO - Started process (PID=8149) to work on /home/vscode/.local/lib/python3.10/site-packages/airflow/example_dags/example_short_circuit_operator.py
[2025-02-06T16:44:44.817+0000] {processor.py:826} INFO - Processing file /home/vscode/.local/lib/python3.10/site-packages/airflow/example_dags/example_short_circuit_operator.py for tasks to queue
[2025-02-06T16:44:44.818+0000] {logging_mixin.py:150} INFO - [2025-02-06T16:44:44.817+0000] {dagbag.py:541} INFO - Filling up the DagBag from /home/vscode/.local/lib/python3.10/site-packages/airflow/example_dags/example_short_circuit_operator.py
[2025-02-06T16:44:44.824+0000] {processor.py:836} INFO - DAG(s) dict_keys(['example_short_circuit_operator']) retrieved from /home/vscode/.local/lib/python3.10/site-packages/airflow/example_dags/example_short_circuit_operator.py
[2025-02-06T16:44:44.987+0000] {logging_mixin.py:150} INFO - [2025-02-06T16:44:44.986+0000] {manager.py:504} INFO - Created Permission View: can read on DAG:example_short_circuit_operator
[2025-02-06T16:44:44.997+0000] {logging_mixin.py:150} INFO - [2025-02-06T16:44:44.996+0000] {manager.py:504} INFO - Created Permission View: can delete on DAG:example_short_circuit_operator
[2025-02-06T16:44:45.004+0000] {logging_mixin.py:150} INFO - [2025-02-06T16:44:45.004+0000] {manager.py:504} INFO - Created Permission View: can edit on DAG:example_short_circuit_operator
[2025-02-06T16:44:45.017+0000] {logging_mixin.py:150} INFO - [2025-02-06T16:44:45.016+0000] {dag.py:2742} INFO - Sync 1 DAGs
[2025-02-06T16:44:45.025+0000] {logging_mixin.py:150} INFO - [2025-02-06T16:44:45.025+0000] {dag.py:2763} INFO - Creating ORM DAG for example_short_circuit_operator
[2025-02-06T16:44:45.031+0000] {logging_mixin.py:150} INFO - [2025-02-06T16:44:45.031+0000] {dag.py:3504} INFO - Setting next_dagrun for example_short_circuit_operator to 2025-02-05T16:44:45.031498+00:00, run_after=2025-02-06T16:44:45.031498+00:00
[2025-02-06T16:44:45.046+0000] {processor.py:179} INFO - Processing /home/vscode/.local/lib/python3.10/site-packages/airflow/example_dags/example_short_circuit_operator.py took 0.232 seconds
[2025-02-06T16:45:35.580+0000] {processor.py:157} INFO - Started process (PID=8485) to work on /home/vscode/.local/lib/python3.10/site-packages/airflow/example_dags/example_short_circuit_operator.py
[2025-02-06T16:45:35.581+0000] {processor.py:826} INFO - Processing file /home/vscode/.local/lib/python3.10/site-packages/airflow/example_dags/example_short_circuit_operator.py for tasks to queue
[2025-02-06T16:45:35.582+0000] {logging_mixin.py:150} INFO - [2025-02-06T16:45:35.581+0000] {dagbag.py:541} INFO - Filling up the DagBag from /home/vscode/.local/lib/python3.10/site-packages/airflow/example_dags/example_short_circuit_operator.py
[2025-02-06T16:45:35.589+0000] {processor.py:836} INFO - DAG(s) dict_keys(['example_short_circuit_operator']) retrieved from /home/vscode/.local/lib/python3.10/site-packages/airflow/example_dags/example_short_circuit_operator.py
[2025-02-06T16:45:35.603+0000] {logging_mixin.py:150} INFO - [2025-02-06T16:45:35.603+0000] {dag.py:2742} INFO - Sync 1 DAGs
[2025-02-06T16:45:35.617+0000] {logging_mixin.py:150} INFO - [2025-02-06T16:45:35.617+0000] {dag.py:3504} INFO - Setting next_dagrun for example_short_circuit_operator to 2025-02-05T16:45:35.617386+00:00, run_after=2025-02-06T16:45:35.617386+00:00
[2025-02-06T16:45:35.633+0000] {processor.py:179} INFO - Processing /home/vscode/.local/lib/python3.10/site-packages/airflow/example_dags/example_short_circuit_operator.py took 0.055 seconds
[2025-02-06T16:46:20.755+0000] {processor.py:157} INFO - Started process (PID=8807) to work on /home/vscode/.local/lib/python3.10/site-packages/airflow/example_dags/example_short_circuit_operator.py
[2025-02-06T16:46:20.756+0000] {processor.py:826} INFO - Processing file /home/vscode/.local/lib/python3.10/site-packages/airflow/example_dags/example_short_circuit_operator.py for tasks to queue
[2025-02-06T16:46:20.756+0000] {logging_mixin.py:150} INFO - [2025-02-06T16:46:20.756+0000] {dagbag.py:541} INFO - Filling up the DagBag from /home/vscode/.local/lib/python3.10/site-packages/airflow/example_dags/example_short_circuit_operator.py
[2025-02-06T16:46:20.763+0000] {processor.py:836} INFO - DAG(s) dict_keys(['example_short_circuit_operator']) retrieved from /home/vscode/.local/lib/python3.10/site-packages/airflow/example_dags/example_short_circuit_operator.py
[2025-02-06T16:46:20.778+0000] {logging_mixin.py:150} INFO - [2025-02-06T16:46:20.778+0000] {dag.py:2742} INFO - Sync 1 DAGs
[2025-02-06T16:46:20.796+0000] {logging_mixin.py:150} INFO - [2025-02-06T16:46:20.796+0000] {dag.py:3504} INFO - Setting next_dagrun for example_short_circuit_operator to 2025-02-05T16:46:20.796454+00:00, run_after=2025-02-06T16:46:20.796454+00:00
[2025-02-06T16:46:20.811+0000] {processor.py:179} INFO - Processing /home/vscode/.local/lib/python3.10/site-packages/airflow/example_dags/example_short_circuit_operator.py took 0.060 seconds
[2025-02-06T16:47:00.130+0000] {processor.py:157} INFO - Started process (PID=9067) to work on /home/vscode/.local/lib/python3.10/site-packages/airflow/example_dags/example_short_circuit_operator.py
[2025-02-06T16:47:00.131+0000] {processor.py:826} INFO - Processing file /home/vscode/.local/lib/python3.10/site-packages/airflow/example_dags/example_short_circuit_operator.py for tasks to queue
[2025-02-06T16:47:00.131+0000] {logging_mixin.py:150} INFO - [2025-02-06T16:47:00.131+0000] {dagbag.py:541} INFO - Filling up the DagBag from /home/vscode/.local/lib/python3.10/site-packages/airflow/example_dags/example_short_circuit_operator.py
[2025-02-06T16:47:00.138+0000] {processor.py:836} INFO - DAG(s) dict_keys(['example_short_circuit_operator']) retrieved from /home/vscode/.local/lib/python3.10/site-packages/airflow/example_dags/example_short_circuit_operator.py
[2025-02-06T16:47:00.153+0000] {logging_mixin.py:150} INFO - [2025-02-06T16:47:00.153+0000] {dag.py:2742} INFO - Sync 1 DAGs
[2025-02-06T16:47:00.167+0000] {logging_mixin.py:150} INFO - [2025-02-06T16:47:00.167+0000] {dag.py:3504} INFO - Setting next_dagrun for example_short_circuit_operator to 2025-02-05T16:47:00.167451+00:00, run_after=2025-02-06T16:47:00.167451+00:00
[2025-02-06T16:47:00.182+0000] {processor.py:179} INFO - Processing /home/vscode/.local/lib/python3.10/site-packages/airflow/example_dags/example_short_circuit_operator.py took 0.054 seconds
[2025-02-06T16:47:45.566+0000] {processor.py:157} INFO - Started process (PID=9372) to work on /home/vscode/.local/lib/python3.10/site-packages/airflow/example_dags/example_short_circuit_operator.py
[2025-02-06T16:47:45.566+0000] {processor.py:826} INFO - Processing file /home/vscode/.local/lib/python3.10/site-packages/airflow/example_dags/example_short_circuit_operator.py for tasks to queue
[2025-02-06T16:47:45.567+0000] {logging_mixin.py:150} INFO - [2025-02-06T16:47:45.567+0000] {dagbag.py:541} INFO - Filling up the DagBag from /home/vscode/.local/lib/python3.10/site-packages/airflow/example_dags/example_short_circuit_operator.py
[2025-02-06T16:47:45.574+0000] {processor.py:836} INFO - DAG(s) dict_keys(['example_short_circuit_operator']) retrieved from /home/vscode/.local/lib/python3.10/site-packages/airflow/example_dags/example_short_circuit_operator.py
[2025-02-06T16:47:45.588+0000] {logging_mixin.py:150} INFO - [2025-02-06T16:47:45.588+0000] {dag.py:2742} INFO - Sync 1 DAGs
[2025-02-06T16:47:45.603+0000] {logging_mixin.py:150} INFO - [2025-02-06T16:47:45.603+0000] {dag.py:3504} INFO - Setting next_dagrun for example_short_circuit_operator to 2025-02-05T16:47:45.603025+00:00, run_after=2025-02-06T16:47:45.603025+00:00
[2025-02-06T16:47:45.617+0000] {processor.py:179} INFO - Processing /home/vscode/.local/lib/python3.10/site-packages/airflow/example_dags/example_short_circuit_operator.py took 0.054 seconds
[2025-02-06T16:48:30.380+0000] {processor.py:157} INFO - Started process (PID=9683) to work on /home/vscode/.local/lib/python3.10/site-packages/airflow/example_dags/example_short_circuit_operator.py
[2025-02-06T16:48:30.382+0000] {processor.py:826} INFO - Processing file /home/vscode/.local/lib/python3.10/site-packages/airflow/example_dags/example_short_circuit_operator.py for tasks to queue
[2025-02-06T16:48:30.383+0000] {logging_mixin.py:150} INFO - [2025-02-06T16:48:30.382+0000] {dagbag.py:541} INFO - Filling up the DagBag from /home/vscode/.local/lib/python3.10/site-packages/airflow/example_dags/example_short_circuit_operator.py
[2025-02-06T16:48:30.390+0000] {processor.py:836} INFO - DAG(s) dict_keys(['example_short_circuit_operator']) retrieved from /home/vscode/.local/lib/python3.10/site-packages/airflow/example_dags/example_short_circuit_operator.py
[2025-02-06T16:48:30.405+0000] {logging_mixin.py:150} INFO - [2025-02-06T16:48:30.405+0000] {dag.py:2742} INFO - Sync 1 DAGs
[2025-02-06T16:48:30.421+0000] {logging_mixin.py:150} INFO - [2025-02-06T16:48:30.421+0000] {dag.py:3504} INFO - Setting next_dagrun for example_short_circuit_operator to 2025-02-05T16:48:30.421039+00:00, run_after=2025-02-06T16:48:30.421039+00:00
[2025-02-06T16:48:30.436+0000] {processor.py:179} INFO - Processing /home/vscode/.local/lib/python3.10/site-packages/airflow/example_dags/example_short_circuit_operator.py took 0.059 seconds
[2025-02-06T16:49:16.815+0000] {processor.py:157} INFO - Started process (PID=10006) to work on /home/vscode/.local/lib/python3.10/site-packages/airflow/example_dags/example_short_circuit_operator.py
[2025-02-06T16:49:16.815+0000] {processor.py:826} INFO - Processing file /home/vscode/.local/lib/python3.10/site-packages/airflow/example_dags/example_short_circuit_operator.py for tasks to queue
[2025-02-06T16:49:16.816+0000] {logging_mixin.py:150} INFO - [2025-02-06T16:49:16.816+0000] {dagbag.py:541} INFO - Filling up the DagBag from /home/vscode/.local/lib/python3.10/site-packages/airflow/example_dags/example_short_circuit_operator.py
[2025-02-06T16:49:16.823+0000] {processor.py:836} INFO - DAG(s) dict_keys(['example_short_circuit_operator']) retrieved from /home/vscode/.local/lib/python3.10/site-packages/airflow/example_dags/example_short_circuit_operator.py
[2025-02-06T16:49:16.837+0000] {logging_mixin.py:150} INFO - [2025-02-06T16:49:16.837+0000] {dag.py:2742} INFO - Sync 1 DAGs
[2025-02-06T16:49:16.852+0000] {logging_mixin.py:150} INFO - [2025-02-06T16:49:16.852+0000] {dag.py:3504} INFO - Setting next_dagrun for example_short_circuit_operator to 2025-02-05T16:49:16.852426+00:00, run_after=2025-02-06T16:49:16.852426+00:00
[2025-02-06T16:49:16.868+0000] {processor.py:179} INFO - Processing /home/vscode/.local/lib/python3.10/site-packages/airflow/example_dags/example_short_circuit_operator.py took 0.056 seconds
[2025-02-06T16:49:57.483+0000] {processor.py:157} INFO - Started process (PID=10318) to work on /home/vscode/.local/lib/python3.10/site-packages/airflow/example_dags/example_short_circuit_operator.py
[2025-02-06T16:49:57.484+0000] {processor.py:826} INFO - Processing file /home/vscode/.local/lib/python3.10/site-packages/airflow/example_dags/example_short_circuit_operator.py for tasks to queue
[2025-02-06T16:49:57.485+0000] {logging_mixin.py:150} INFO - [2025-02-06T16:49:57.484+0000] {dagbag.py:541} INFO - Filling up the DagBag from /home/vscode/.local/lib/python3.10/site-packages/airflow/example_dags/example_short_circuit_operator.py
[2025-02-06T16:49:57.492+0000] {processor.py:836} INFO - DAG(s) dict_keys(['example_short_circuit_operator']) retrieved from /home/vscode/.local/lib/python3.10/site-packages/airflow/example_dags/example_short_circuit_operator.py
[2025-02-06T16:49:57.506+0000] {logging_mixin.py:150} INFO - [2025-02-06T16:49:57.506+0000] {dag.py:2742} INFO - Sync 1 DAGs
[2025-02-06T16:49:57.521+0000] {logging_mixin.py:150} INFO - [2025-02-06T16:49:57.520+0000] {dag.py:3504} INFO - Setting next_dagrun for example_short_circuit_operator to 2025-02-05T16:49:57.520720+00:00, run_after=2025-02-06T16:49:57.520720+00:00
[2025-02-06T16:49:57.535+0000] {processor.py:179} INFO - Processing /home/vscode/.local/lib/python3.10/site-packages/airflow/example_dags/example_short_circuit_operator.py took 0.055 seconds
[2025-02-06T16:50:37.432+0000] {processor.py:157} INFO - Started process (PID=10614) to work on /home/vscode/.local/lib/python3.10/site-packages/airflow/example_dags/example_short_circuit_operator.py
[2025-02-06T16:50:37.433+0000] {processor.py:826} INFO - Processing file /home/vscode/.local/lib/python3.10/site-packages/airflow/example_dags/example_short_circuit_operator.py for tasks to queue
[2025-02-06T16:50:37.434+0000] {logging_mixin.py:150} INFO - [2025-02-06T16:50:37.433+0000] {dagbag.py:541} INFO - Filling up the DagBag from /home/vscode/.local/lib/python3.10/site-packages/airflow/example_dags/example_short_circuit_operator.py
[2025-02-06T16:50:37.441+0000] {processor.py:836} INFO - DAG(s) dict_keys(['example_short_circuit_operator']) retrieved from /home/vscode/.local/lib/python3.10/site-packages/airflow/example_dags/example_short_circuit_operator.py
[2025-02-06T16:50:37.460+0000] {logging_mixin.py:150} INFO - [2025-02-06T16:50:37.459+0000] {dag.py:2742} INFO - Sync 1 DAGs
[2025-02-06T16:50:37.474+0000] {logging_mixin.py:150} INFO - [2025-02-06T16:50:37.474+0000] {dag.py:3504} INFO - Setting next_dagrun for example_short_circuit_operator to 2025-02-05T16:50:37.474554+00:00, run_after=2025-02-06T16:50:37.474554+00:00
[2025-02-06T16:50:37.491+0000] {processor.py:179} INFO - Processing /home/vscode/.local/lib/python3.10/site-packages/airflow/example_dags/example_short_circuit_operator.py took 0.061 seconds
[2025-02-06T16:51:26.264+0000] {processor.py:157} INFO - Started process (PID=10981) to work on /home/vscode/.local/lib/python3.10/site-packages/airflow/example_dags/example_short_circuit_operator.py
[2025-02-06T16:51:26.264+0000] {processor.py:826} INFO - Processing file /home/vscode/.local/lib/python3.10/site-packages/airflow/example_dags/example_short_circuit_operator.py for tasks to queue
[2025-02-06T16:51:26.265+0000] {logging_mixin.py:150} INFO - [2025-02-06T16:51:26.265+0000] {dagbag.py:541} INFO - Filling up the DagBag from /home/vscode/.local/lib/python3.10/site-packages/airflow/example_dags/example_short_circuit_operator.py
[2025-02-06T16:51:26.272+0000] {processor.py:836} INFO - DAG(s) dict_keys(['example_short_circuit_operator']) retrieved from /home/vscode/.local/lib/python3.10/site-packages/airflow/example_dags/example_short_circuit_operator.py
[2025-02-06T16:51:26.286+0000] {logging_mixin.py:150} INFO - [2025-02-06T16:51:26.286+0000] {dag.py:2742} INFO - Sync 1 DAGs
[2025-02-06T16:51:26.301+0000] {logging_mixin.py:150} INFO - [2025-02-06T16:51:26.301+0000] {dag.py:3504} INFO - Setting next_dagrun for example_short_circuit_operator to 2025-02-05T16:51:26.301257+00:00, run_after=2025-02-06T16:51:26.301257+00:00
[2025-02-06T16:51:26.317+0000] {processor.py:179} INFO - Processing /home/vscode/.local/lib/python3.10/site-packages/airflow/example_dags/example_short_circuit_operator.py took 0.056 seconds
[2025-02-06T16:52:07.961+0000] {processor.py:157} INFO - Started process (PID=11272) to work on /home/vscode/.local/lib/python3.10/site-packages/airflow/example_dags/example_short_circuit_operator.py
[2025-02-06T16:52:07.962+0000] {processor.py:826} INFO - Processing file /home/vscode/.local/lib/python3.10/site-packages/airflow/example_dags/example_short_circuit_operator.py for tasks to queue
[2025-02-06T16:52:07.963+0000] {logging_mixin.py:150} INFO - [2025-02-06T16:52:07.963+0000] {dagbag.py:541} INFO - Filling up the DagBag from /home/vscode/.local/lib/python3.10/site-packages/airflow/example_dags/example_short_circuit_operator.py
[2025-02-06T16:52:07.970+0000] {processor.py:836} INFO - DAG(s) dict_keys(['example_short_circuit_operator']) retrieved from /home/vscode/.local/lib/python3.10/site-packages/airflow/example_dags/example_short_circuit_operator.py
[2025-02-06T16:52:07.985+0000] {logging_mixin.py:150} INFO - [2025-02-06T16:52:07.985+0000] {dag.py:2742} INFO - Sync 1 DAGs
[2025-02-06T16:52:08.000+0000] {logging_mixin.py:150} INFO - [2025-02-06T16:52:08.000+0000] {dag.py:3504} INFO - Setting next_dagrun for example_short_circuit_operator to 2025-02-05T16:52:08.000115+00:00, run_after=2025-02-06T16:52:08.000115+00:00
[2025-02-06T16:52:08.015+0000] {processor.py:179} INFO - Processing /home/vscode/.local/lib/python3.10/site-packages/airflow/example_dags/example_short_circuit_operator.py took 0.056 seconds
[2025-02-06T16:52:54.848+0000] {processor.py:157} INFO - Started process (PID=11585) to work on /home/vscode/.local/lib/python3.10/site-packages/airflow/example_dags/example_short_circuit_operator.py
[2025-02-06T16:52:54.848+0000] {processor.py:826} INFO - Processing file /home/vscode/.local/lib/python3.10/site-packages/airflow/example_dags/example_short_circuit_operator.py for tasks to queue
[2025-02-06T16:52:54.849+0000] {logging_mixin.py:150} INFO - [2025-02-06T16:52:54.849+0000] {dagbag.py:541} INFO - Filling up the DagBag from /home/vscode/.local/lib/python3.10/site-packages/airflow/example_dags/example_short_circuit_operator.py
[2025-02-06T16:52:54.856+0000] {processor.py:836} INFO - DAG(s) dict_keys(['example_short_circuit_operator']) retrieved from /home/vscode/.local/lib/python3.10/site-packages/airflow/example_dags/example_short_circuit_operator.py
[2025-02-06T16:52:54.870+0000] {logging_mixin.py:150} INFO - [2025-02-06T16:52:54.870+0000] {dag.py:2742} INFO - Sync 1 DAGs
[2025-02-06T16:52:54.886+0000] {logging_mixin.py:150} INFO - [2025-02-06T16:52:54.886+0000] {dag.py:3504} INFO - Setting next_dagrun for example_short_circuit_operator to 2025-02-05T16:52:54.885855+00:00, run_after=2025-02-06T16:52:54.885855+00:00
[2025-02-06T16:52:54.901+0000] {processor.py:179} INFO - Processing /home/vscode/.local/lib/python3.10/site-packages/airflow/example_dags/example_short_circuit_operator.py took 0.056 seconds
[2025-02-06T16:53:38.131+0000] {processor.py:157} INFO - Started process (PID=11876) to work on /home/vscode/.local/lib/python3.10/site-packages/airflow/example_dags/example_short_circuit_operator.py
[2025-02-06T16:53:38.132+0000] {processor.py:826} INFO - Processing file /home/vscode/.local/lib/python3.10/site-packages/airflow/example_dags/example_short_circuit_operator.py for tasks to queue
[2025-02-06T16:53:38.133+0000] {logging_mixin.py:150} INFO - [2025-02-06T16:53:38.133+0000] {dagbag.py:541} INFO - Filling up the DagBag from /home/vscode/.local/lib/python3.10/site-packages/airflow/example_dags/example_short_circuit_operator.py
[2025-02-06T16:53:38.143+0000] {processor.py:836} INFO - DAG(s) dict_keys(['example_short_circuit_operator']) retrieved from /home/vscode/.local/lib/python3.10/site-packages/airflow/example_dags/example_short_circuit_operator.py
[2025-02-06T16:53:38.169+0000] {logging_mixin.py:150} INFO - [2025-02-06T16:53:38.168+0000] {dag.py:2742} INFO - Sync 1 DAGs
[2025-02-06T16:53:38.186+0000] {logging_mixin.py:150} INFO - [2025-02-06T16:53:38.186+0000] {dag.py:3504} INFO - Setting next_dagrun for example_short_circuit_operator to 2025-02-05T16:53:38.186412+00:00, run_after=2025-02-06T16:53:38.186412+00:00
[2025-02-06T16:53:38.202+0000] {processor.py:179} INFO - Processing /home/vscode/.local/lib/python3.10/site-packages/airflow/example_dags/example_short_circuit_operator.py took 0.074 seconds
[2025-02-06T16:54:28.579+0000] {processor.py:157} INFO - Started process (PID=12281) to work on /home/vscode/.local/lib/python3.10/site-packages/airflow/example_dags/example_short_circuit_operator.py
[2025-02-06T16:54:28.580+0000] {processor.py:826} INFO - Processing file /home/vscode/.local/lib/python3.10/site-packages/airflow/example_dags/example_short_circuit_operator.py for tasks to queue
[2025-02-06T16:54:28.581+0000] {logging_mixin.py:150} INFO - [2025-02-06T16:54:28.580+0000] {dagbag.py:541} INFO - Filling up the DagBag from /home/vscode/.local/lib/python3.10/site-packages/airflow/example_dags/example_short_circuit_operator.py
[2025-02-06T16:54:28.588+0000] {processor.py:836} INFO - DAG(s) dict_keys(['example_short_circuit_operator']) retrieved from /home/vscode/.local/lib/python3.10/site-packages/airflow/example_dags/example_short_circuit_operator.py
[2025-02-06T16:54:28.604+0000] {logging_mixin.py:150} INFO - [2025-02-06T16:54:28.603+0000] {dag.py:2742} INFO - Sync 1 DAGs
[2025-02-06T16:54:28.619+0000] {logging_mixin.py:150} INFO - [2025-02-06T16:54:28.618+0000] {dag.py:3504} INFO - Setting next_dagrun for example_short_circuit_operator to 2025-02-05T16:54:28.618770+00:00, run_after=2025-02-06T16:54:28.618770+00:00
[2025-02-06T16:54:28.633+0000] {processor.py:179} INFO - Processing /home/vscode/.local/lib/python3.10/site-packages/airflow/example_dags/example_short_circuit_operator.py took 0.057 seconds
[2025-02-06T16:55:17.097+0000] {processor.py:157} INFO - Started process (PID=12646) to work on /home/vscode/.local/lib/python3.10/site-packages/airflow/example_dags/example_short_circuit_operator.py
[2025-02-06T16:55:17.097+0000] {processor.py:826} INFO - Processing file /home/vscode/.local/lib/python3.10/site-packages/airflow/example_dags/example_short_circuit_operator.py for tasks to queue
[2025-02-06T16:55:17.098+0000] {logging_mixin.py:150} INFO - [2025-02-06T16:55:17.098+0000] {dagbag.py:541} INFO - Filling up the DagBag from /home/vscode/.local/lib/python3.10/site-packages/airflow/example_dags/example_short_circuit_operator.py
[2025-02-06T16:55:17.105+0000] {processor.py:836} INFO - DAG(s) dict_keys(['example_short_circuit_operator']) retrieved from /home/vscode/.local/lib/python3.10/site-packages/airflow/example_dags/example_short_circuit_operator.py
[2025-02-06T16:55:17.119+0000] {logging_mixin.py:150} INFO - [2025-02-06T16:55:17.119+0000] {dag.py:2742} INFO - Sync 1 DAGs
[2025-02-06T16:55:17.133+0000] {logging_mixin.py:150} INFO - [2025-02-06T16:55:17.133+0000] {dag.py:3504} INFO - Setting next_dagrun for example_short_circuit_operator to 2025-02-05T16:55:17.133368+00:00, run_after=2025-02-06T16:55:17.133368+00:00
[2025-02-06T16:55:17.148+0000] {processor.py:179} INFO - Processing /home/vscode/.local/lib/python3.10/site-packages/airflow/example_dags/example_short_circuit_operator.py took 0.054 seconds
[2025-02-06T16:56:04.672+0000] {processor.py:157} INFO - Started process (PID=13112) to work on /home/vscode/.local/lib/python3.10/site-packages/airflow/example_dags/example_short_circuit_operator.py
[2025-02-06T16:56:04.673+0000] {processor.py:826} INFO - Processing file /home/vscode/.local/lib/python3.10/site-packages/airflow/example_dags/example_short_circuit_operator.py for tasks to queue
[2025-02-06T16:56:04.674+0000] {logging_mixin.py:150} INFO - [2025-02-06T16:56:04.673+0000] {dagbag.py:541} INFO - Filling up the DagBag from /home/vscode/.local/lib/python3.10/site-packages/airflow/example_dags/example_short_circuit_operator.py
[2025-02-06T16:56:04.680+0000] {processor.py:836} INFO - DAG(s) dict_keys(['example_short_circuit_operator']) retrieved from /home/vscode/.local/lib/python3.10/site-packages/airflow/example_dags/example_short_circuit_operator.py
[2025-02-06T16:56:04.695+0000] {logging_mixin.py:150} INFO - [2025-02-06T16:56:04.695+0000] {dag.py:2742} INFO - Sync 1 DAGs
[2025-02-06T16:56:04.718+0000] {logging_mixin.py:150} INFO - [2025-02-06T16:56:04.717+0000] {dag.py:3504} INFO - Setting next_dagrun for example_short_circuit_operator to 2025-02-05T16:56:04.717605+00:00, run_after=2025-02-06T16:56:04.717605+00:00
[2025-02-06T16:56:04.734+0000] {processor.py:179} INFO - Processing /home/vscode/.local/lib/python3.10/site-packages/airflow/example_dags/example_short_circuit_operator.py took 0.065 seconds
[2025-02-06T16:56:48.473+0000] {processor.py:157} INFO - Started process (PID=13448) to work on /home/vscode/.local/lib/python3.10/site-packages/airflow/example_dags/example_short_circuit_operator.py
[2025-02-06T16:56:48.479+0000] {processor.py:826} INFO - Processing file /home/vscode/.local/lib/python3.10/site-packages/airflow/example_dags/example_short_circuit_operator.py for tasks to queue
[2025-02-06T16:56:48.487+0000] {logging_mixin.py:150} INFO - [2025-02-06T16:56:48.487+0000] {dagbag.py:541} INFO - Filling up the DagBag from /home/vscode/.local/lib/python3.10/site-packages/airflow/example_dags/example_short_circuit_operator.py
[2025-02-06T16:56:48.505+0000] {processor.py:836} INFO - DAG(s) dict_keys(['example_short_circuit_operator']) retrieved from /home/vscode/.local/lib/python3.10/site-packages/airflow/example_dags/example_short_circuit_operator.py
[2025-02-06T16:56:48.540+0000] {logging_mixin.py:150} INFO - [2025-02-06T16:56:48.540+0000] {dag.py:2742} INFO - Sync 1 DAGs
[2025-02-06T16:56:48.583+0000] {logging_mixin.py:150} INFO - [2025-02-06T16:56:48.583+0000] {dag.py:3504} INFO - Setting next_dagrun for example_short_circuit_operator to 2025-02-05T16:56:48.582910+00:00, run_after=2025-02-06T16:56:48.582910+00:00
[2025-02-06T16:56:48.615+0000] {processor.py:179} INFO - Processing /home/vscode/.local/lib/python3.10/site-packages/airflow/example_dags/example_short_circuit_operator.py took 0.145 seconds
[2025-02-06T16:57:35.864+0000] {processor.py:157} INFO - Started process (PID=13802) to work on /home/vscode/.local/lib/python3.10/site-packages/airflow/example_dags/example_short_circuit_operator.py
[2025-02-06T16:57:35.865+0000] {processor.py:826} INFO - Processing file /home/vscode/.local/lib/python3.10/site-packages/airflow/example_dags/example_short_circuit_operator.py for tasks to queue
[2025-02-06T16:57:35.866+0000] {logging_mixin.py:150} INFO - [2025-02-06T16:57:35.865+0000] {dagbag.py:541} INFO - Filling up the DagBag from /home/vscode/.local/lib/python3.10/site-packages/airflow/example_dags/example_short_circuit_operator.py
[2025-02-06T16:57:35.872+0000] {processor.py:836} INFO - DAG(s) dict_keys(['example_short_circuit_operator']) retrieved from /home/vscode/.local/lib/python3.10/site-packages/airflow/example_dags/example_short_circuit_operator.py
[2025-02-06T16:57:35.887+0000] {logging_mixin.py:150} INFO - [2025-02-06T16:57:35.887+0000] {dag.py:2742} INFO - Sync 1 DAGs
[2025-02-06T16:57:35.901+0000] {logging_mixin.py:150} INFO - [2025-02-06T16:57:35.901+0000] {dag.py:3504} INFO - Setting next_dagrun for example_short_circuit_operator to 2025-02-05T16:57:35.901589+00:00, run_after=2025-02-06T16:57:35.901589+00:00
[2025-02-06T16:57:35.916+0000] {processor.py:179} INFO - Processing /home/vscode/.local/lib/python3.10/site-packages/airflow/example_dags/example_short_circuit_operator.py took 0.054 seconds
[2025-02-06T18:08:12.305+0000] {processor.py:157} INFO - Started process (PID=5147) to work on /home/vscode/.local/lib/python3.10/site-packages/airflow/example_dags/example_short_circuit_operator.py
[2025-02-06T18:08:12.308+0000] {processor.py:826} INFO - Processing file /home/vscode/.local/lib/python3.10/site-packages/airflow/example_dags/example_short_circuit_operator.py for tasks to queue
[2025-02-06T18:08:12.309+0000] {logging_mixin.py:150} INFO - [2025-02-06T18:08:12.308+0000] {dagbag.py:541} INFO - Filling up the DagBag from /home/vscode/.local/lib/python3.10/site-packages/airflow/example_dags/example_short_circuit_operator.py
[2025-02-06T18:08:12.314+0000] {processor.py:836} INFO - DAG(s) dict_keys(['example_short_circuit_operator']) retrieved from /home/vscode/.local/lib/python3.10/site-packages/airflow/example_dags/example_short_circuit_operator.py
[2025-02-06T18:08:12.379+0000] {logging_mixin.py:150} INFO - [2025-02-06T18:08:12.379+0000] {manager.py:504} INFO - Created Permission View: can read on DAG:example_short_circuit_operator
[2025-02-06T18:08:12.387+0000] {logging_mixin.py:150} INFO - [2025-02-06T18:08:12.387+0000] {manager.py:504} INFO - Created Permission View: can delete on DAG:example_short_circuit_operator
[2025-02-06T18:08:12.391+0000] {logging_mixin.py:150} INFO - [2025-02-06T18:08:12.391+0000] {manager.py:504} INFO - Created Permission View: can edit on DAG:example_short_circuit_operator
[2025-02-06T18:08:12.399+0000] {logging_mixin.py:150} INFO - [2025-02-06T18:08:12.399+0000] {dag.py:2742} INFO - Sync 1 DAGs
[2025-02-06T18:08:12.405+0000] {logging_mixin.py:150} INFO - [2025-02-06T18:08:12.405+0000] {dag.py:2763} INFO - Creating ORM DAG for example_short_circuit_operator
[2025-02-06T18:08:12.411+0000] {logging_mixin.py:150} INFO - [2025-02-06T18:08:12.411+0000] {dag.py:3504} INFO - Setting next_dagrun for example_short_circuit_operator to 2025-02-05T18:08:12.411392+00:00, run_after=2025-02-06T18:08:12.411392+00:00
[2025-02-06T18:08:12.423+0000] {processor.py:179} INFO - Processing /home/vscode/.local/lib/python3.10/site-packages/airflow/example_dags/example_short_circuit_operator.py took 0.120 seconds
