[2025-02-06T16:44:58.115+0000] {processor.py:157} INFO - Started process (PID=8242) to work on /home/vscode/.local/lib/python3.10/site-packages/airflow/example_dags/example_external_task_marker_dag.py
[2025-02-06T16:44:58.116+0000] {processor.py:826} INFO - Processing file /home/vscode/.local/lib/python3.10/site-packages/airflow/example_dags/example_external_task_marker_dag.py for tasks to queue
[2025-02-06T16:44:58.117+0000] {logging_mixin.py:150} INFO - [2025-02-06T16:44:58.117+0000] {dagbag.py:541} INFO - Filling up the DagBag from /home/vscode/.local/lib/python3.10/site-packages/airflow/example_dags/example_external_task_marker_dag.py
[2025-02-06T16:44:58.123+0000] {processor.py:836} INFO - DAG(s) dict_keys(['example_external_task_marker_parent', 'example_external_task_marker_child']) retrieved from /home/vscode/.local/lib/python3.10/site-packages/airflow/example_dags/example_external_task_marker_dag.py
[2025-02-06T16:44:58.325+0000] {logging_mixin.py:150} INFO - [2025-02-06T16:44:58.325+0000] {manager.py:504} INFO - Created Permission View: can read on DAG:example_external_task_marker_parent
[2025-02-06T16:44:58.333+0000] {logging_mixin.py:150} INFO - [2025-02-06T16:44:58.333+0000] {manager.py:504} INFO - Created Permission View: can delete on DAG:example_external_task_marker_parent
[2025-02-06T16:44:58.338+0000] {logging_mixin.py:150} INFO - [2025-02-06T16:44:58.338+0000] {manager.py:504} INFO - Created Permission View: can edit on DAG:example_external_task_marker_parent
[2025-02-06T16:44:58.356+0000] {logging_mixin.py:150} INFO - [2025-02-06T16:44:58.356+0000] {manager.py:504} INFO - Created Permission View: can read on DAG:example_external_task_marker_child
[2025-02-06T16:44:58.363+0000] {logging_mixin.py:150} INFO - [2025-02-06T16:44:58.362+0000] {manager.py:504} INFO - Created Permission View: can delete on DAG:example_external_task_marker_child
[2025-02-06T16:44:58.368+0000] {logging_mixin.py:150} INFO - [2025-02-06T16:44:58.368+0000] {manager.py:504} INFO - Created Permission View: can edit on DAG:example_external_task_marker_child
[2025-02-06T16:44:58.371+0000] {logging_mixin.py:150} INFO - [2025-02-06T16:44:58.371+0000] {dag.py:2742} INFO - Sync 2 DAGs
[2025-02-06T16:44:58.378+0000] {logging_mixin.py:150} INFO - [2025-02-06T16:44:58.377+0000] {dag.py:2763} INFO - Creating ORM DAG for example_external_task_marker_parent
[2025-02-06T16:44:58.378+0000] {logging_mixin.py:150} INFO - [2025-02-06T16:44:58.378+0000] {dag.py:2763} INFO - Creating ORM DAG for example_external_task_marker_child
[2025-02-06T16:44:58.384+0000] {logging_mixin.py:150} INFO - [2025-02-06T16:44:58.384+0000] {dag.py:3504} INFO - Setting next_dagrun for example_external_task_marker_child to None, run_after=None
[2025-02-06T16:44:58.384+0000] {logging_mixin.py:150} INFO - [2025-02-06T16:44:58.384+0000] {dag.py:3504} INFO - Setting next_dagrun for example_external_task_marker_parent to None, run_after=None
[2025-02-06T16:44:58.398+0000] {processor.py:179} INFO - Processing /home/vscode/.local/lib/python3.10/site-packages/airflow/example_dags/example_external_task_marker_dag.py took 0.285 seconds
[2025-02-06T16:45:47.560+0000] {processor.py:157} INFO - Started process (PID=8570) to work on /home/vscode/.local/lib/python3.10/site-packages/airflow/example_dags/example_external_task_marker_dag.py
[2025-02-06T16:45:47.561+0000] {processor.py:826} INFO - Processing file /home/vscode/.local/lib/python3.10/site-packages/airflow/example_dags/example_external_task_marker_dag.py for tasks to queue
[2025-02-06T16:45:47.561+0000] {logging_mixin.py:150} INFO - [2025-02-06T16:45:47.561+0000] {dagbag.py:541} INFO - Filling up the DagBag from /home/vscode/.local/lib/python3.10/site-packages/airflow/example_dags/example_external_task_marker_dag.py
[2025-02-06T16:45:47.567+0000] {processor.py:836} INFO - DAG(s) dict_keys(['example_external_task_marker_child', 'example_external_task_marker_parent']) retrieved from /home/vscode/.local/lib/python3.10/site-packages/airflow/example_dags/example_external_task_marker_dag.py
[2025-02-06T16:45:47.585+0000] {logging_mixin.py:150} INFO - [2025-02-06T16:45:47.585+0000] {dag.py:2742} INFO - Sync 2 DAGs
[2025-02-06T16:45:47.600+0000] {logging_mixin.py:150} INFO - [2025-02-06T16:45:47.600+0000] {dag.py:3504} INFO - Setting next_dagrun for example_external_task_marker_child to None, run_after=None
[2025-02-06T16:45:47.602+0000] {logging_mixin.py:150} INFO - [2025-02-06T16:45:47.602+0000] {dag.py:3504} INFO - Setting next_dagrun for example_external_task_marker_parent to None, run_after=None
[2025-02-06T16:45:47.615+0000] {processor.py:179} INFO - Processing /home/vscode/.local/lib/python3.10/site-packages/airflow/example_dags/example_external_task_marker_dag.py took 0.058 seconds
[2025-02-06T16:46:30.485+0000] {processor.py:157} INFO - Started process (PID=8871) to work on /home/vscode/.local/lib/python3.10/site-packages/airflow/example_dags/example_external_task_marker_dag.py
[2025-02-06T16:46:30.486+0000] {processor.py:826} INFO - Processing file /home/vscode/.local/lib/python3.10/site-packages/airflow/example_dags/example_external_task_marker_dag.py for tasks to queue
[2025-02-06T16:46:30.487+0000] {logging_mixin.py:150} INFO - [2025-02-06T16:46:30.486+0000] {dagbag.py:541} INFO - Filling up the DagBag from /home/vscode/.local/lib/python3.10/site-packages/airflow/example_dags/example_external_task_marker_dag.py
[2025-02-06T16:46:30.492+0000] {processor.py:836} INFO - DAG(s) dict_keys(['example_external_task_marker_child', 'example_external_task_marker_parent']) retrieved from /home/vscode/.local/lib/python3.10/site-packages/airflow/example_dags/example_external_task_marker_dag.py
[2025-02-06T16:46:30.512+0000] {logging_mixin.py:150} INFO - [2025-02-06T16:46:30.512+0000] {dag.py:2742} INFO - Sync 2 DAGs
[2025-02-06T16:46:30.535+0000] {logging_mixin.py:150} INFO - [2025-02-06T16:46:30.535+0000] {dag.py:3504} INFO - Setting next_dagrun for example_external_task_marker_child to None, run_after=None
[2025-02-06T16:46:30.539+0000] {logging_mixin.py:150} INFO - [2025-02-06T16:46:30.539+0000] {dag.py:3504} INFO - Setting next_dagrun for example_external_task_marker_parent to None, run_after=None
[2025-02-06T16:46:30.560+0000] {processor.py:179} INFO - Processing /home/vscode/.local/lib/python3.10/site-packages/airflow/example_dags/example_external_task_marker_dag.py took 0.078 seconds
[2025-02-06T16:47:15.166+0000] {processor.py:157} INFO - Started process (PID=9171) to work on /home/vscode/.local/lib/python3.10/site-packages/airflow/example_dags/example_external_task_marker_dag.py
[2025-02-06T16:47:15.167+0000] {processor.py:826} INFO - Processing file /home/vscode/.local/lib/python3.10/site-packages/airflow/example_dags/example_external_task_marker_dag.py for tasks to queue
[2025-02-06T16:47:15.168+0000] {logging_mixin.py:150} INFO - [2025-02-06T16:47:15.168+0000] {dagbag.py:541} INFO - Filling up the DagBag from /home/vscode/.local/lib/python3.10/site-packages/airflow/example_dags/example_external_task_marker_dag.py
[2025-02-06T16:47:15.173+0000] {processor.py:836} INFO - DAG(s) dict_keys(['example_external_task_marker_child', 'example_external_task_marker_parent']) retrieved from /home/vscode/.local/lib/python3.10/site-packages/airflow/example_dags/example_external_task_marker_dag.py
[2025-02-06T16:47:15.189+0000] {logging_mixin.py:150} INFO - [2025-02-06T16:47:15.189+0000] {dag.py:2742} INFO - Sync 2 DAGs
[2025-02-06T16:47:15.203+0000] {logging_mixin.py:150} INFO - [2025-02-06T16:47:15.203+0000] {dag.py:3504} INFO - Setting next_dagrun for example_external_task_marker_child to None, run_after=None
[2025-02-06T16:47:15.205+0000] {logging_mixin.py:150} INFO - [2025-02-06T16:47:15.205+0000] {dag.py:3504} INFO - Setting next_dagrun for example_external_task_marker_parent to None, run_after=None
[2025-02-06T16:47:15.220+0000] {processor.py:179} INFO - Processing /home/vscode/.local/lib/python3.10/site-packages/airflow/example_dags/example_external_task_marker_dag.py took 0.056 seconds
[2025-02-06T16:48:02.385+0000] {processor.py:157} INFO - Started process (PID=9499) to work on /home/vscode/.local/lib/python3.10/site-packages/airflow/example_dags/example_external_task_marker_dag.py
[2025-02-06T16:48:02.386+0000] {processor.py:826} INFO - Processing file /home/vscode/.local/lib/python3.10/site-packages/airflow/example_dags/example_external_task_marker_dag.py for tasks to queue
[2025-02-06T16:48:02.387+0000] {logging_mixin.py:150} INFO - [2025-02-06T16:48:02.386+0000] {dagbag.py:541} INFO - Filling up the DagBag from /home/vscode/.local/lib/python3.10/site-packages/airflow/example_dags/example_external_task_marker_dag.py
[2025-02-06T16:48:02.392+0000] {processor.py:836} INFO - DAG(s) dict_keys(['example_external_task_marker_child', 'example_external_task_marker_parent']) retrieved from /home/vscode/.local/lib/python3.10/site-packages/airflow/example_dags/example_external_task_marker_dag.py
[2025-02-06T16:48:02.410+0000] {logging_mixin.py:150} INFO - [2025-02-06T16:48:02.410+0000] {dag.py:2742} INFO - Sync 2 DAGs
[2025-02-06T16:48:02.426+0000] {logging_mixin.py:150} INFO - [2025-02-06T16:48:02.425+0000] {dag.py:3504} INFO - Setting next_dagrun for example_external_task_marker_child to None, run_after=None
[2025-02-06T16:48:02.428+0000] {logging_mixin.py:150} INFO - [2025-02-06T16:48:02.428+0000] {dag.py:3504} INFO - Setting next_dagrun for example_external_task_marker_parent to None, run_after=None
[2025-02-06T16:48:02.441+0000] {processor.py:179} INFO - Processing /home/vscode/.local/lib/python3.10/site-packages/airflow/example_dags/example_external_task_marker_dag.py took 0.059 seconds
[2025-02-06T16:48:48.660+0000] {processor.py:157} INFO - Started process (PID=9806) to work on /home/vscode/.local/lib/python3.10/site-packages/airflow/example_dags/example_external_task_marker_dag.py
[2025-02-06T16:48:48.661+0000] {processor.py:826} INFO - Processing file /home/vscode/.local/lib/python3.10/site-packages/airflow/example_dags/example_external_task_marker_dag.py for tasks to queue
[2025-02-06T16:48:48.662+0000] {logging_mixin.py:150} INFO - [2025-02-06T16:48:48.661+0000] {dagbag.py:541} INFO - Filling up the DagBag from /home/vscode/.local/lib/python3.10/site-packages/airflow/example_dags/example_external_task_marker_dag.py
[2025-02-06T16:48:48.667+0000] {processor.py:836} INFO - DAG(s) dict_keys(['example_external_task_marker_child', 'example_external_task_marker_parent']) retrieved from /home/vscode/.local/lib/python3.10/site-packages/airflow/example_dags/example_external_task_marker_dag.py
[2025-02-06T16:48:48.683+0000] {logging_mixin.py:150} INFO - [2025-02-06T16:48:48.683+0000] {dag.py:2742} INFO - Sync 2 DAGs
[2025-02-06T16:48:48.698+0000] {logging_mixin.py:150} INFO - [2025-02-06T16:48:48.698+0000] {dag.py:3504} INFO - Setting next_dagrun for example_external_task_marker_child to None, run_after=None
[2025-02-06T16:48:48.701+0000] {logging_mixin.py:150} INFO - [2025-02-06T16:48:48.700+0000] {dag.py:3504} INFO - Setting next_dagrun for example_external_task_marker_parent to None, run_after=None
[2025-02-06T16:48:48.715+0000] {processor.py:179} INFO - Processing /home/vscode/.local/lib/python3.10/site-packages/airflow/example_dags/example_external_task_marker_dag.py took 0.058 seconds
[2025-02-06T16:49:33.501+0000] {processor.py:157} INFO - Started process (PID=10143) to work on /home/vscode/.local/lib/python3.10/site-packages/airflow/example_dags/example_external_task_marker_dag.py
[2025-02-06T16:49:33.502+0000] {processor.py:826} INFO - Processing file /home/vscode/.local/lib/python3.10/site-packages/airflow/example_dags/example_external_task_marker_dag.py for tasks to queue
[2025-02-06T16:49:33.503+0000] {logging_mixin.py:150} INFO - [2025-02-06T16:49:33.503+0000] {dagbag.py:541} INFO - Filling up the DagBag from /home/vscode/.local/lib/python3.10/site-packages/airflow/example_dags/example_external_task_marker_dag.py
[2025-02-06T16:49:33.508+0000] {processor.py:836} INFO - DAG(s) dict_keys(['example_external_task_marker_parent', 'example_external_task_marker_child']) retrieved from /home/vscode/.local/lib/python3.10/site-packages/airflow/example_dags/example_external_task_marker_dag.py
[2025-02-06T16:49:33.524+0000] {logging_mixin.py:150} INFO - [2025-02-06T16:49:33.524+0000] {dag.py:2742} INFO - Sync 2 DAGs
[2025-02-06T16:49:33.539+0000] {logging_mixin.py:150} INFO - [2025-02-06T16:49:33.539+0000] {dag.py:3504} INFO - Setting next_dagrun for example_external_task_marker_child to None, run_after=None
[2025-02-06T16:49:33.541+0000] {logging_mixin.py:150} INFO - [2025-02-06T16:49:33.541+0000] {dag.py:3504} INFO - Setting next_dagrun for example_external_task_marker_parent to None, run_after=None
[2025-02-06T16:49:33.555+0000] {processor.py:179} INFO - Processing /home/vscode/.local/lib/python3.10/site-packages/airflow/example_dags/example_external_task_marker_dag.py took 0.056 seconds
[2025-02-06T16:50:14.049+0000] {processor.py:157} INFO - Started process (PID=10456) to work on /home/vscode/.local/lib/python3.10/site-packages/airflow/example_dags/example_external_task_marker_dag.py
[2025-02-06T16:50:14.050+0000] {processor.py:826} INFO - Processing file /home/vscode/.local/lib/python3.10/site-packages/airflow/example_dags/example_external_task_marker_dag.py for tasks to queue
[2025-02-06T16:50:14.051+0000] {logging_mixin.py:150} INFO - [2025-02-06T16:50:14.051+0000] {dagbag.py:541} INFO - Filling up the DagBag from /home/vscode/.local/lib/python3.10/site-packages/airflow/example_dags/example_external_task_marker_dag.py
[2025-02-06T16:50:14.056+0000] {processor.py:836} INFO - DAG(s) dict_keys(['example_external_task_marker_child', 'example_external_task_marker_parent']) retrieved from /home/vscode/.local/lib/python3.10/site-packages/airflow/example_dags/example_external_task_marker_dag.py
[2025-02-06T16:50:14.072+0000] {logging_mixin.py:150} INFO - [2025-02-06T16:50:14.072+0000] {dag.py:2742} INFO - Sync 2 DAGs
[2025-02-06T16:50:14.087+0000] {logging_mixin.py:150} INFO - [2025-02-06T16:50:14.087+0000] {dag.py:3504} INFO - Setting next_dagrun for example_external_task_marker_child to None, run_after=None
[2025-02-06T16:50:14.089+0000] {logging_mixin.py:150} INFO - [2025-02-06T16:50:14.089+0000] {dag.py:3504} INFO - Setting next_dagrun for example_external_task_marker_parent to None, run_after=None
[2025-02-06T16:50:14.103+0000] {processor.py:179} INFO - Processing /home/vscode/.local/lib/python3.10/site-packages/airflow/example_dags/example_external_task_marker_dag.py took 0.056 seconds
[2025-02-06T16:50:55.861+0000] {processor.py:157} INFO - Started process (PID=10743) to work on /home/vscode/.local/lib/python3.10/site-packages/airflow/example_dags/example_external_task_marker_dag.py
[2025-02-06T16:50:55.861+0000] {processor.py:826} INFO - Processing file /home/vscode/.local/lib/python3.10/site-packages/airflow/example_dags/example_external_task_marker_dag.py for tasks to queue
[2025-02-06T16:50:55.862+0000] {logging_mixin.py:150} INFO - [2025-02-06T16:50:55.862+0000] {dagbag.py:541} INFO - Filling up the DagBag from /home/vscode/.local/lib/python3.10/site-packages/airflow/example_dags/example_external_task_marker_dag.py
[2025-02-06T16:50:55.868+0000] {processor.py:836} INFO - DAG(s) dict_keys(['example_external_task_marker_parent', 'example_external_task_marker_child']) retrieved from /home/vscode/.local/lib/python3.10/site-packages/airflow/example_dags/example_external_task_marker_dag.py
[2025-02-06T16:50:55.884+0000] {logging_mixin.py:150} INFO - [2025-02-06T16:50:55.884+0000] {dag.py:2742} INFO - Sync 2 DAGs
[2025-02-06T16:50:55.898+0000] {logging_mixin.py:150} INFO - [2025-02-06T16:50:55.898+0000] {dag.py:3504} INFO - Setting next_dagrun for example_external_task_marker_child to None, run_after=None
[2025-02-06T16:50:55.901+0000] {logging_mixin.py:150} INFO - [2025-02-06T16:50:55.900+0000] {dag.py:3504} INFO - Setting next_dagrun for example_external_task_marker_parent to None, run_after=None
[2025-02-06T16:50:55.918+0000] {processor.py:179} INFO - Processing /home/vscode/.local/lib/python3.10/site-packages/airflow/example_dags/example_external_task_marker_dag.py took 0.060 seconds
[2025-02-06T16:51:42.404+0000] {processor.py:157} INFO - Started process (PID=11095) to work on /home/vscode/.local/lib/python3.10/site-packages/airflow/example_dags/example_external_task_marker_dag.py
[2025-02-06T16:51:42.405+0000] {processor.py:826} INFO - Processing file /home/vscode/.local/lib/python3.10/site-packages/airflow/example_dags/example_external_task_marker_dag.py for tasks to queue
[2025-02-06T16:51:42.405+0000] {logging_mixin.py:150} INFO - [2025-02-06T16:51:42.405+0000] {dagbag.py:541} INFO - Filling up the DagBag from /home/vscode/.local/lib/python3.10/site-packages/airflow/example_dags/example_external_task_marker_dag.py
[2025-02-06T16:51:42.410+0000] {processor.py:836} INFO - DAG(s) dict_keys(['example_external_task_marker_parent', 'example_external_task_marker_child']) retrieved from /home/vscode/.local/lib/python3.10/site-packages/airflow/example_dags/example_external_task_marker_dag.py
[2025-02-06T16:51:42.426+0000] {logging_mixin.py:150} INFO - [2025-02-06T16:51:42.426+0000] {dag.py:2742} INFO - Sync 2 DAGs
[2025-02-06T16:51:42.440+0000] {logging_mixin.py:150} INFO - [2025-02-06T16:51:42.440+0000] {dag.py:3504} INFO - Setting next_dagrun for example_external_task_marker_child to None, run_after=None
[2025-02-06T16:51:42.443+0000] {logging_mixin.py:150} INFO - [2025-02-06T16:51:42.442+0000] {dag.py:3504} INFO - Setting next_dagrun for example_external_task_marker_parent to None, run_after=None
[2025-02-06T16:51:42.456+0000] {processor.py:179} INFO - Processing /home/vscode/.local/lib/python3.10/site-packages/airflow/example_dags/example_external_task_marker_dag.py took 0.054 seconds
[2025-02-06T16:52:24.069+0000] {processor.py:157} INFO - Started process (PID=11383) to work on /home/vscode/.local/lib/python3.10/site-packages/airflow/example_dags/example_external_task_marker_dag.py
[2025-02-06T16:52:24.070+0000] {processor.py:826} INFO - Processing file /home/vscode/.local/lib/python3.10/site-packages/airflow/example_dags/example_external_task_marker_dag.py for tasks to queue
[2025-02-06T16:52:24.071+0000] {logging_mixin.py:150} INFO - [2025-02-06T16:52:24.070+0000] {dagbag.py:541} INFO - Filling up the DagBag from /home/vscode/.local/lib/python3.10/site-packages/airflow/example_dags/example_external_task_marker_dag.py
[2025-02-06T16:52:24.076+0000] {processor.py:836} INFO - DAG(s) dict_keys(['example_external_task_marker_child', 'example_external_task_marker_parent']) retrieved from /home/vscode/.local/lib/python3.10/site-packages/airflow/example_dags/example_external_task_marker_dag.py
[2025-02-06T16:52:24.091+0000] {logging_mixin.py:150} INFO - [2025-02-06T16:52:24.091+0000] {dag.py:2742} INFO - Sync 2 DAGs
[2025-02-06T16:52:24.106+0000] {logging_mixin.py:150} INFO - [2025-02-06T16:52:24.106+0000] {dag.py:3504} INFO - Setting next_dagrun for example_external_task_marker_child to None, run_after=None
[2025-02-06T16:52:24.108+0000] {logging_mixin.py:150} INFO - [2025-02-06T16:52:24.108+0000] {dag.py:3504} INFO - Setting next_dagrun for example_external_task_marker_parent to None, run_after=None
[2025-02-06T16:52:24.121+0000] {processor.py:179} INFO - Processing /home/vscode/.local/lib/python3.10/site-packages/airflow/example_dags/example_external_task_marker_dag.py took 0.055 seconds
[2025-02-06T16:53:10.269+0000] {processor.py:157} INFO - Started process (PID=11684) to work on /home/vscode/.local/lib/python3.10/site-packages/airflow/example_dags/example_external_task_marker_dag.py
[2025-02-06T16:53:10.270+0000] {processor.py:826} INFO - Processing file /home/vscode/.local/lib/python3.10/site-packages/airflow/example_dags/example_external_task_marker_dag.py for tasks to queue
[2025-02-06T16:53:10.271+0000] {logging_mixin.py:150} INFO - [2025-02-06T16:53:10.270+0000] {dagbag.py:541} INFO - Filling up the DagBag from /home/vscode/.local/lib/python3.10/site-packages/airflow/example_dags/example_external_task_marker_dag.py
[2025-02-06T16:53:10.276+0000] {processor.py:836} INFO - DAG(s) dict_keys(['example_external_task_marker_child', 'example_external_task_marker_parent']) retrieved from /home/vscode/.local/lib/python3.10/site-packages/airflow/example_dags/example_external_task_marker_dag.py
[2025-02-06T16:53:10.292+0000] {logging_mixin.py:150} INFO - [2025-02-06T16:53:10.291+0000] {dag.py:2742} INFO - Sync 2 DAGs
[2025-02-06T16:53:10.306+0000] {logging_mixin.py:150} INFO - [2025-02-06T16:53:10.306+0000] {dag.py:3504} INFO - Setting next_dagrun for example_external_task_marker_child to None, run_after=None
[2025-02-06T16:53:10.308+0000] {logging_mixin.py:150} INFO - [2025-02-06T16:53:10.308+0000] {dag.py:3504} INFO - Setting next_dagrun for example_external_task_marker_parent to None, run_after=None
[2025-02-06T16:53:10.322+0000] {processor.py:179} INFO - Processing /home/vscode/.local/lib/python3.10/site-packages/airflow/example_dags/example_external_task_marker_dag.py took 0.055 seconds
[2025-02-06T16:53:54.814+0000] {processor.py:157} INFO - Started process (PID=11996) to work on /home/vscode/.local/lib/python3.10/site-packages/airflow/example_dags/example_external_task_marker_dag.py
[2025-02-06T16:53:54.815+0000] {processor.py:826} INFO - Processing file /home/vscode/.local/lib/python3.10/site-packages/airflow/example_dags/example_external_task_marker_dag.py for tasks to queue
[2025-02-06T16:53:54.815+0000] {logging_mixin.py:150} INFO - [2025-02-06T16:53:54.815+0000] {dagbag.py:541} INFO - Filling up the DagBag from /home/vscode/.local/lib/python3.10/site-packages/airflow/example_dags/example_external_task_marker_dag.py
[2025-02-06T16:53:54.821+0000] {processor.py:836} INFO - DAG(s) dict_keys(['example_external_task_marker_child', 'example_external_task_marker_parent']) retrieved from /home/vscode/.local/lib/python3.10/site-packages/airflow/example_dags/example_external_task_marker_dag.py
[2025-02-06T16:53:54.837+0000] {logging_mixin.py:150} INFO - [2025-02-06T16:53:54.836+0000] {dag.py:2742} INFO - Sync 2 DAGs
[2025-02-06T16:53:54.852+0000] {logging_mixin.py:150} INFO - [2025-02-06T16:53:54.852+0000] {dag.py:3504} INFO - Setting next_dagrun for example_external_task_marker_child to None, run_after=None
[2025-02-06T16:53:54.854+0000] {logging_mixin.py:150} INFO - [2025-02-06T16:53:54.854+0000] {dag.py:3504} INFO - Setting next_dagrun for example_external_task_marker_parent to None, run_after=None
[2025-02-06T16:53:54.868+0000] {processor.py:179} INFO - Processing /home/vscode/.local/lib/python3.10/site-packages/airflow/example_dags/example_external_task_marker_dag.py took 0.056 seconds
[2025-02-06T16:54:42.839+0000] {processor.py:157} INFO - Started process (PID=12383) to work on /home/vscode/.local/lib/python3.10/site-packages/airflow/example_dags/example_external_task_marker_dag.py
[2025-02-06T16:54:42.840+0000] {processor.py:826} INFO - Processing file /home/vscode/.local/lib/python3.10/site-packages/airflow/example_dags/example_external_task_marker_dag.py for tasks to queue
[2025-02-06T16:54:42.841+0000] {logging_mixin.py:150} INFO - [2025-02-06T16:54:42.840+0000] {dagbag.py:541} INFO - Filling up the DagBag from /home/vscode/.local/lib/python3.10/site-packages/airflow/example_dags/example_external_task_marker_dag.py
[2025-02-06T16:54:42.846+0000] {processor.py:836} INFO - DAG(s) dict_keys(['example_external_task_marker_parent', 'example_external_task_marker_child']) retrieved from /home/vscode/.local/lib/python3.10/site-packages/airflow/example_dags/example_external_task_marker_dag.py
[2025-02-06T16:54:42.861+0000] {logging_mixin.py:150} INFO - [2025-02-06T16:54:42.861+0000] {dag.py:2742} INFO - Sync 2 DAGs
[2025-02-06T16:54:42.877+0000] {logging_mixin.py:150} INFO - [2025-02-06T16:54:42.876+0000] {dag.py:3504} INFO - Setting next_dagrun for example_external_task_marker_child to None, run_after=None
[2025-02-06T16:54:42.879+0000] {logging_mixin.py:150} INFO - [2025-02-06T16:54:42.879+0000] {dag.py:3504} INFO - Setting next_dagrun for example_external_task_marker_parent to None, run_after=None
[2025-02-06T16:54:42.892+0000] {processor.py:179} INFO - Processing /home/vscode/.local/lib/python3.10/site-packages/airflow/example_dags/example_external_task_marker_dag.py took 0.055 seconds
[2025-02-06T16:55:34.098+0000] {processor.py:157} INFO - Started process (PID=12773) to work on /home/vscode/.local/lib/python3.10/site-packages/airflow/example_dags/example_external_task_marker_dag.py
[2025-02-06T16:55:34.099+0000] {processor.py:826} INFO - Processing file /home/vscode/.local/lib/python3.10/site-packages/airflow/example_dags/example_external_task_marker_dag.py for tasks to queue
[2025-02-06T16:55:34.100+0000] {logging_mixin.py:150} INFO - [2025-02-06T16:55:34.100+0000] {dagbag.py:541} INFO - Filling up the DagBag from /home/vscode/.local/lib/python3.10/site-packages/airflow/example_dags/example_external_task_marker_dag.py
[2025-02-06T16:55:34.105+0000] {processor.py:836} INFO - DAG(s) dict_keys(['example_external_task_marker_parent', 'example_external_task_marker_child']) retrieved from /home/vscode/.local/lib/python3.10/site-packages/airflow/example_dags/example_external_task_marker_dag.py
[2025-02-06T16:55:34.121+0000] {logging_mixin.py:150} INFO - [2025-02-06T16:55:34.121+0000] {dag.py:2742} INFO - Sync 2 DAGs
[2025-02-06T16:55:34.136+0000] {logging_mixin.py:150} INFO - [2025-02-06T16:55:34.136+0000] {dag.py:3504} INFO - Setting next_dagrun for example_external_task_marker_child to None, run_after=None
[2025-02-06T16:55:34.138+0000] {logging_mixin.py:150} INFO - [2025-02-06T16:55:34.138+0000] {dag.py:3504} INFO - Setting next_dagrun for example_external_task_marker_parent to None, run_after=None
[2025-02-06T16:55:34.151+0000] {processor.py:179} INFO - Processing /home/vscode/.local/lib/python3.10/site-packages/airflow/example_dags/example_external_task_marker_dag.py took 0.056 seconds
[2025-02-06T16:56:20.479+0000] {processor.py:157} INFO - Started process (PID=13228) to work on /home/vscode/.local/lib/python3.10/site-packages/airflow/example_dags/example_external_task_marker_dag.py
[2025-02-06T16:56:20.480+0000] {processor.py:826} INFO - Processing file /home/vscode/.local/lib/python3.10/site-packages/airflow/example_dags/example_external_task_marker_dag.py for tasks to queue
[2025-02-06T16:56:20.480+0000] {logging_mixin.py:150} INFO - [2025-02-06T16:56:20.480+0000] {dagbag.py:541} INFO - Filling up the DagBag from /home/vscode/.local/lib/python3.10/site-packages/airflow/example_dags/example_external_task_marker_dag.py
[2025-02-06T16:56:20.486+0000] {processor.py:836} INFO - DAG(s) dict_keys(['example_external_task_marker_parent', 'example_external_task_marker_child']) retrieved from /home/vscode/.local/lib/python3.10/site-packages/airflow/example_dags/example_external_task_marker_dag.py
[2025-02-06T16:56:20.512+0000] {logging_mixin.py:150} INFO - [2025-02-06T16:56:20.512+0000] {dag.py:2742} INFO - Sync 2 DAGs
[2025-02-06T16:56:20.527+0000] {logging_mixin.py:150} INFO - [2025-02-06T16:56:20.527+0000] {dag.py:3504} INFO - Setting next_dagrun for example_external_task_marker_child to None, run_after=None
[2025-02-06T16:56:20.529+0000] {logging_mixin.py:150} INFO - [2025-02-06T16:56:20.529+0000] {dag.py:3504} INFO - Setting next_dagrun for example_external_task_marker_parent to None, run_after=None
[2025-02-06T16:56:20.542+0000] {processor.py:179} INFO - Processing /home/vscode/.local/lib/python3.10/site-packages/airflow/example_dags/example_external_task_marker_dag.py took 0.066 seconds
[2025-02-06T16:57:05.016+0000] {processor.py:157} INFO - Started process (PID=13572) to work on /home/vscode/.local/lib/python3.10/site-packages/airflow/example_dags/example_external_task_marker_dag.py
[2025-02-06T16:57:05.016+0000] {processor.py:826} INFO - Processing file /home/vscode/.local/lib/python3.10/site-packages/airflow/example_dags/example_external_task_marker_dag.py for tasks to queue
[2025-02-06T16:57:05.017+0000] {logging_mixin.py:150} INFO - [2025-02-06T16:57:05.017+0000] {dagbag.py:541} INFO - Filling up the DagBag from /home/vscode/.local/lib/python3.10/site-packages/airflow/example_dags/example_external_task_marker_dag.py
[2025-02-06T16:57:05.022+0000] {processor.py:836} INFO - DAG(s) dict_keys(['example_external_task_marker_parent', 'example_external_task_marker_child']) retrieved from /home/vscode/.local/lib/python3.10/site-packages/airflow/example_dags/example_external_task_marker_dag.py
[2025-02-06T16:57:05.040+0000] {logging_mixin.py:150} INFO - [2025-02-06T16:57:05.040+0000] {dag.py:2742} INFO - Sync 2 DAGs
[2025-02-06T16:57:05.055+0000] {logging_mixin.py:150} INFO - [2025-02-06T16:57:05.055+0000] {dag.py:3504} INFO - Setting next_dagrun for example_external_task_marker_child to None, run_after=None
[2025-02-06T16:57:05.057+0000] {logging_mixin.py:150} INFO - [2025-02-06T16:57:05.057+0000] {dag.py:3504} INFO - Setting next_dagrun for example_external_task_marker_parent to None, run_after=None
[2025-02-06T16:57:05.078+0000] {processor.py:179} INFO - Processing /home/vscode/.local/lib/python3.10/site-packages/airflow/example_dags/example_external_task_marker_dag.py took 0.065 seconds
[2025-02-06T16:57:50.164+0000] {processor.py:157} INFO - Started process (PID=13910) to work on /home/vscode/.local/lib/python3.10/site-packages/airflow/example_dags/example_external_task_marker_dag.py
[2025-02-06T16:57:50.165+0000] {processor.py:826} INFO - Processing file /home/vscode/.local/lib/python3.10/site-packages/airflow/example_dags/example_external_task_marker_dag.py for tasks to queue
[2025-02-06T16:57:50.166+0000] {logging_mixin.py:150} INFO - [2025-02-06T16:57:50.166+0000] {dagbag.py:541} INFO - Filling up the DagBag from /home/vscode/.local/lib/python3.10/site-packages/airflow/example_dags/example_external_task_marker_dag.py
[2025-02-06T16:57:50.171+0000] {processor.py:836} INFO - DAG(s) dict_keys(['example_external_task_marker_parent', 'example_external_task_marker_child']) retrieved from /home/vscode/.local/lib/python3.10/site-packages/airflow/example_dags/example_external_task_marker_dag.py
[2025-02-06T16:57:50.187+0000] {logging_mixin.py:150} INFO - [2025-02-06T16:57:50.187+0000] {dag.py:2742} INFO - Sync 2 DAGs
[2025-02-06T16:57:50.202+0000] {logging_mixin.py:150} INFO - [2025-02-06T16:57:50.201+0000] {dag.py:3504} INFO - Setting next_dagrun for example_external_task_marker_child to None, run_after=None
[2025-02-06T16:57:50.204+0000] {logging_mixin.py:150} INFO - [2025-02-06T16:57:50.204+0000] {dag.py:3504} INFO - Setting next_dagrun for example_external_task_marker_parent to None, run_after=None
[2025-02-06T16:57:50.218+0000] {processor.py:179} INFO - Processing /home/vscode/.local/lib/python3.10/site-packages/airflow/example_dags/example_external_task_marker_dag.py took 0.056 seconds
[2025-02-06T18:07:49.044+0000] {processor.py:157} INFO - Started process (PID=4966) to work on /home/vscode/.local/lib/python3.10/site-packages/airflow/example_dags/example_external_task_marker_dag.py
[2025-02-06T18:07:49.046+0000] {processor.py:826} INFO - Processing file /home/vscode/.local/lib/python3.10/site-packages/airflow/example_dags/example_external_task_marker_dag.py for tasks to queue
[2025-02-06T18:07:49.046+0000] {logging_mixin.py:150} INFO - [2025-02-06T18:07:49.046+0000] {dagbag.py:541} INFO - Filling up the DagBag from /home/vscode/.local/lib/python3.10/site-packages/airflow/example_dags/example_external_task_marker_dag.py
[2025-02-06T18:07:49.050+0000] {processor.py:836} INFO - DAG(s) dict_keys(['example_external_task_marker_parent', 'example_external_task_marker_child']) retrieved from /home/vscode/.local/lib/python3.10/site-packages/airflow/example_dags/example_external_task_marker_dag.py
[2025-02-06T18:07:49.193+0000] {logging_mixin.py:150} INFO - [2025-02-06T18:07:49.192+0000] {manager.py:504} INFO - Created Permission View: can read on DAG:example_external_task_marker_parent
[2025-02-06T18:07:49.202+0000] {logging_mixin.py:150} INFO - [2025-02-06T18:07:49.202+0000] {manager.py:504} INFO - Created Permission View: can delete on DAG:example_external_task_marker_parent
[2025-02-06T18:07:49.207+0000] {logging_mixin.py:150} INFO - [2025-02-06T18:07:49.207+0000] {manager.py:504} INFO - Created Permission View: can edit on DAG:example_external_task_marker_parent
[2025-02-06T18:07:49.223+0000] {logging_mixin.py:150} INFO - [2025-02-06T18:07:49.223+0000] {manager.py:504} INFO - Created Permission View: can read on DAG:example_external_task_marker_child
[2025-02-06T18:07:49.228+0000] {logging_mixin.py:150} INFO - [2025-02-06T18:07:49.227+0000] {manager.py:504} INFO - Created Permission View: can delete on DAG:example_external_task_marker_child
[2025-02-06T18:07:49.232+0000] {logging_mixin.py:150} INFO - [2025-02-06T18:07:49.232+0000] {manager.py:504} INFO - Created Permission View: can edit on DAG:example_external_task_marker_child
[2025-02-06T18:07:49.235+0000] {logging_mixin.py:150} INFO - [2025-02-06T18:07:49.235+0000] {dag.py:2742} INFO - Sync 2 DAGs
[2025-02-06T18:07:49.241+0000] {logging_mixin.py:150} INFO - [2025-02-06T18:07:49.241+0000] {dag.py:2763} INFO - Creating ORM DAG for example_external_task_marker_child
[2025-02-06T18:07:49.241+0000] {logging_mixin.py:150} INFO - [2025-02-06T18:07:49.241+0000] {dag.py:2763} INFO - Creating ORM DAG for example_external_task_marker_parent
[2025-02-06T18:07:49.246+0000] {logging_mixin.py:150} INFO - [2025-02-06T18:07:49.246+0000] {dag.py:3504} INFO - Setting next_dagrun for example_external_task_marker_child to None, run_after=None
[2025-02-06T18:07:49.247+0000] {logging_mixin.py:150} INFO - [2025-02-06T18:07:49.247+0000] {dag.py:3504} INFO - Setting next_dagrun for example_external_task_marker_parent to None, run_after=None
[2025-02-06T18:07:49.259+0000] {processor.py:179} INFO - Processing /home/vscode/.local/lib/python3.10/site-packages/airflow/example_dags/example_external_task_marker_dag.py took 0.217 seconds
