[2025-02-06T16:44:46.084+0000] {processor.py:157} INFO - Started process (PID=8159) to work on /home/vscode/.local/lib/python3.10/site-packages/airflow/example_dags/example_xcom.py
[2025-02-06T16:44:46.085+0000] {processor.py:826} INFO - Processing file /home/vscode/.local/lib/python3.10/site-packages/airflow/example_dags/example_xcom.py for tasks to queue
[2025-02-06T16:44:46.086+0000] {logging_mixin.py:150} INFO - [2025-02-06T16:44:46.086+0000] {dagbag.py:541} INFO - Filling up the DagBag from /home/vscode/.local/lib/python3.10/site-packages/airflow/example_dags/example_xcom.py
[2025-02-06T16:44:46.094+0000] {processor.py:836} INFO - DAG(s) dict_keys(['example_xcom']) retrieved from /home/vscode/.local/lib/python3.10/site-packages/airflow/example_dags/example_xcom.py
[2025-02-06T16:44:46.354+0000] {logging_mixin.py:150} INFO - [2025-02-06T16:44:46.354+0000] {manager.py:504} INFO - Created Permission View: can read on DAG:example_xcom
[2025-02-06T16:44:46.364+0000] {logging_mixin.py:150} INFO - [2025-02-06T16:44:46.364+0000] {manager.py:504} INFO - Created Permission View: can delete on DAG:example_xcom
[2025-02-06T16:44:46.371+0000] {logging_mixin.py:150} INFO - [2025-02-06T16:44:46.371+0000] {manager.py:504} INFO - Created Permission View: can edit on DAG:example_xcom
[2025-02-06T16:44:46.382+0000] {logging_mixin.py:150} INFO - [2025-02-06T16:44:46.382+0000] {dag.py:2742} INFO - Sync 1 DAGs
[2025-02-06T16:44:46.390+0000] {logging_mixin.py:150} INFO - [2025-02-06T16:44:46.390+0000] {dag.py:2763} INFO - Creating ORM DAG for example_xcom
[2025-02-06T16:44:46.398+0000] {logging_mixin.py:150} INFO - [2025-02-06T16:44:46.398+0000] {dag.py:3504} INFO - Setting next_dagrun for example_xcom to 2021-01-01T00:00:00+00:00, run_after=2021-01-01T00:00:00+00:00
[2025-02-06T16:44:46.416+0000] {processor.py:179} INFO - Processing /home/vscode/.local/lib/python3.10/site-packages/airflow/example_dags/example_xcom.py took 0.335 seconds
[2025-02-06T16:45:37.874+0000] {processor.py:157} INFO - Started process (PID=8507) to work on /home/vscode/.local/lib/python3.10/site-packages/airflow/example_dags/example_xcom.py
[2025-02-06T16:45:37.875+0000] {processor.py:826} INFO - Processing file /home/vscode/.local/lib/python3.10/site-packages/airflow/example_dags/example_xcom.py for tasks to queue
[2025-02-06T16:45:37.876+0000] {logging_mixin.py:150} INFO - [2025-02-06T16:45:37.875+0000] {dagbag.py:541} INFO - Filling up the DagBag from /home/vscode/.local/lib/python3.10/site-packages/airflow/example_dags/example_xcom.py
[2025-02-06T16:45:37.882+0000] {processor.py:836} INFO - DAG(s) dict_keys(['example_xcom']) retrieved from /home/vscode/.local/lib/python3.10/site-packages/airflow/example_dags/example_xcom.py
[2025-02-06T16:45:37.897+0000] {logging_mixin.py:150} INFO - [2025-02-06T16:45:37.897+0000] {dag.py:2742} INFO - Sync 1 DAGs
[2025-02-06T16:45:37.912+0000] {logging_mixin.py:150} INFO - [2025-02-06T16:45:37.912+0000] {dag.py:3504} INFO - Setting next_dagrun for example_xcom to 2021-01-01T00:00:00+00:00, run_after=2021-01-01T00:00:00+00:00
[2025-02-06T16:45:37.927+0000] {processor.py:179} INFO - Processing /home/vscode/.local/lib/python3.10/site-packages/airflow/example_dags/example_xcom.py took 0.055 seconds
[2025-02-06T16:46:22.184+0000] {processor.py:157} INFO - Started process (PID=8810) to work on /home/vscode/.local/lib/python3.10/site-packages/airflow/example_dags/example_xcom.py
[2025-02-06T16:46:22.185+0000] {processor.py:826} INFO - Processing file /home/vscode/.local/lib/python3.10/site-packages/airflow/example_dags/example_xcom.py for tasks to queue
[2025-02-06T16:46:22.186+0000] {logging_mixin.py:150} INFO - [2025-02-06T16:46:22.186+0000] {dagbag.py:541} INFO - Filling up the DagBag from /home/vscode/.local/lib/python3.10/site-packages/airflow/example_dags/example_xcom.py
[2025-02-06T16:46:22.192+0000] {processor.py:836} INFO - DAG(s) dict_keys(['example_xcom']) retrieved from /home/vscode/.local/lib/python3.10/site-packages/airflow/example_dags/example_xcom.py
[2025-02-06T16:46:22.206+0000] {logging_mixin.py:150} INFO - [2025-02-06T16:46:22.206+0000] {dag.py:2742} INFO - Sync 1 DAGs
[2025-02-06T16:46:22.221+0000] {logging_mixin.py:150} INFO - [2025-02-06T16:46:22.221+0000] {dag.py:3504} INFO - Setting next_dagrun for example_xcom to 2021-01-01T00:00:00+00:00, run_after=2021-01-01T00:00:00+00:00
[2025-02-06T16:46:22.235+0000] {processor.py:179} INFO - Processing /home/vscode/.local/lib/python3.10/site-packages/airflow/example_dags/example_xcom.py took 0.053 seconds
[2025-02-06T16:47:01.856+0000] {processor.py:157} INFO - Started process (PID=9083) to work on /home/vscode/.local/lib/python3.10/site-packages/airflow/example_dags/example_xcom.py
[2025-02-06T16:47:01.857+0000] {processor.py:826} INFO - Processing file /home/vscode/.local/lib/python3.10/site-packages/airflow/example_dags/example_xcom.py for tasks to queue
[2025-02-06T16:47:01.857+0000] {logging_mixin.py:150} INFO - [2025-02-06T16:47:01.857+0000] {dagbag.py:541} INFO - Filling up the DagBag from /home/vscode/.local/lib/python3.10/site-packages/airflow/example_dags/example_xcom.py
[2025-02-06T16:47:01.864+0000] {processor.py:836} INFO - DAG(s) dict_keys(['example_xcom']) retrieved from /home/vscode/.local/lib/python3.10/site-packages/airflow/example_dags/example_xcom.py
[2025-02-06T16:47:01.877+0000] {logging_mixin.py:150} INFO - [2025-02-06T16:47:01.877+0000] {dag.py:2742} INFO - Sync 1 DAGs
[2025-02-06T16:47:01.891+0000] {logging_mixin.py:150} INFO - [2025-02-06T16:47:01.891+0000] {dag.py:3504} INFO - Setting next_dagrun for example_xcom to 2021-01-01T00:00:00+00:00, run_after=2021-01-01T00:00:00+00:00
[2025-02-06T16:47:01.905+0000] {processor.py:179} INFO - Processing /home/vscode/.local/lib/python3.10/site-packages/airflow/example_dags/example_xcom.py took 0.052 seconds
[2025-02-06T16:47:46.942+0000] {processor.py:157} INFO - Started process (PID=9387) to work on /home/vscode/.local/lib/python3.10/site-packages/airflow/example_dags/example_xcom.py
[2025-02-06T16:47:46.943+0000] {processor.py:826} INFO - Processing file /home/vscode/.local/lib/python3.10/site-packages/airflow/example_dags/example_xcom.py for tasks to queue
[2025-02-06T16:47:46.944+0000] {logging_mixin.py:150} INFO - [2025-02-06T16:47:46.943+0000] {dagbag.py:541} INFO - Filling up the DagBag from /home/vscode/.local/lib/python3.10/site-packages/airflow/example_dags/example_xcom.py
[2025-02-06T16:47:46.950+0000] {processor.py:836} INFO - DAG(s) dict_keys(['example_xcom']) retrieved from /home/vscode/.local/lib/python3.10/site-packages/airflow/example_dags/example_xcom.py
[2025-02-06T16:47:46.963+0000] {logging_mixin.py:150} INFO - [2025-02-06T16:47:46.963+0000] {dag.py:2742} INFO - Sync 1 DAGs
[2025-02-06T16:47:46.977+0000] {logging_mixin.py:150} INFO - [2025-02-06T16:47:46.977+0000] {dag.py:3504} INFO - Setting next_dagrun for example_xcom to 2021-01-01T00:00:00+00:00, run_after=2021-01-01T00:00:00+00:00
[2025-02-06T16:47:46.991+0000] {processor.py:179} INFO - Processing /home/vscode/.local/lib/python3.10/site-packages/airflow/example_dags/example_xcom.py took 0.052 seconds
[2025-02-06T16:48:31.895+0000] {processor.py:157} INFO - Started process (PID=9695) to work on /home/vscode/.local/lib/python3.10/site-packages/airflow/example_dags/example_xcom.py
[2025-02-06T16:48:31.895+0000] {processor.py:826} INFO - Processing file /home/vscode/.local/lib/python3.10/site-packages/airflow/example_dags/example_xcom.py for tasks to queue
[2025-02-06T16:48:31.896+0000] {logging_mixin.py:150} INFO - [2025-02-06T16:48:31.896+0000] {dagbag.py:541} INFO - Filling up the DagBag from /home/vscode/.local/lib/python3.10/site-packages/airflow/example_dags/example_xcom.py
[2025-02-06T16:48:31.903+0000] {processor.py:836} INFO - DAG(s) dict_keys(['example_xcom']) retrieved from /home/vscode/.local/lib/python3.10/site-packages/airflow/example_dags/example_xcom.py
[2025-02-06T16:48:31.917+0000] {logging_mixin.py:150} INFO - [2025-02-06T16:48:31.917+0000] {dag.py:2742} INFO - Sync 1 DAGs
[2025-02-06T16:48:31.933+0000] {logging_mixin.py:150} INFO - [2025-02-06T16:48:31.932+0000] {dag.py:3504} INFO - Setting next_dagrun for example_xcom to 2021-01-01T00:00:00+00:00, run_after=2021-01-01T00:00:00+00:00
[2025-02-06T16:48:31.948+0000] {processor.py:179} INFO - Processing /home/vscode/.local/lib/python3.10/site-packages/airflow/example_dags/example_xcom.py took 0.056 seconds
[2025-02-06T16:49:18.369+0000] {processor.py:157} INFO - Started process (PID=10025) to work on /home/vscode/.local/lib/python3.10/site-packages/airflow/example_dags/example_xcom.py
[2025-02-06T16:49:18.369+0000] {processor.py:826} INFO - Processing file /home/vscode/.local/lib/python3.10/site-packages/airflow/example_dags/example_xcom.py for tasks to queue
[2025-02-06T16:49:18.370+0000] {logging_mixin.py:150} INFO - [2025-02-06T16:49:18.370+0000] {dagbag.py:541} INFO - Filling up the DagBag from /home/vscode/.local/lib/python3.10/site-packages/airflow/example_dags/example_xcom.py
[2025-02-06T16:49:18.376+0000] {processor.py:836} INFO - DAG(s) dict_keys(['example_xcom']) retrieved from /home/vscode/.local/lib/python3.10/site-packages/airflow/example_dags/example_xcom.py
[2025-02-06T16:49:18.390+0000] {logging_mixin.py:150} INFO - [2025-02-06T16:49:18.389+0000] {dag.py:2742} INFO - Sync 1 DAGs
[2025-02-06T16:49:18.405+0000] {logging_mixin.py:150} INFO - [2025-02-06T16:49:18.404+0000] {dag.py:3504} INFO - Setting next_dagrun for example_xcom to 2021-01-01T00:00:00+00:00, run_after=2021-01-01T00:00:00+00:00
[2025-02-06T16:49:18.419+0000] {processor.py:179} INFO - Processing /home/vscode/.local/lib/python3.10/site-packages/airflow/example_dags/example_xcom.py took 0.053 seconds
[2025-02-06T16:49:59.763+0000] {processor.py:157} INFO - Started process (PID=10339) to work on /home/vscode/.local/lib/python3.10/site-packages/airflow/example_dags/example_xcom.py
[2025-02-06T16:49:59.764+0000] {processor.py:826} INFO - Processing file /home/vscode/.local/lib/python3.10/site-packages/airflow/example_dags/example_xcom.py for tasks to queue
[2025-02-06T16:49:59.765+0000] {logging_mixin.py:150} INFO - [2025-02-06T16:49:59.765+0000] {dagbag.py:541} INFO - Filling up the DagBag from /home/vscode/.local/lib/python3.10/site-packages/airflow/example_dags/example_xcom.py
[2025-02-06T16:49:59.771+0000] {processor.py:836} INFO - DAG(s) dict_keys(['example_xcom']) retrieved from /home/vscode/.local/lib/python3.10/site-packages/airflow/example_dags/example_xcom.py
[2025-02-06T16:49:59.785+0000] {logging_mixin.py:150} INFO - [2025-02-06T16:49:59.785+0000] {dag.py:2742} INFO - Sync 1 DAGs
[2025-02-06T16:49:59.799+0000] {logging_mixin.py:150} INFO - [2025-02-06T16:49:59.799+0000] {dag.py:3504} INFO - Setting next_dagrun for example_xcom to 2021-01-01T00:00:00+00:00, run_after=2021-01-01T00:00:00+00:00
[2025-02-06T16:49:59.814+0000] {processor.py:179} INFO - Processing /home/vscode/.local/lib/python3.10/site-packages/airflow/example_dags/example_xcom.py took 0.053 seconds
[2025-02-06T16:50:39.714+0000] {processor.py:157} INFO - Started process (PID=10631) to work on /home/vscode/.local/lib/python3.10/site-packages/airflow/example_dags/example_xcom.py
[2025-02-06T16:50:39.715+0000] {processor.py:826} INFO - Processing file /home/vscode/.local/lib/python3.10/site-packages/airflow/example_dags/example_xcom.py for tasks to queue
[2025-02-06T16:50:39.716+0000] {logging_mixin.py:150} INFO - [2025-02-06T16:50:39.715+0000] {dagbag.py:541} INFO - Filling up the DagBag from /home/vscode/.local/lib/python3.10/site-packages/airflow/example_dags/example_xcom.py
[2025-02-06T16:50:39.722+0000] {processor.py:836} INFO - DAG(s) dict_keys(['example_xcom']) retrieved from /home/vscode/.local/lib/python3.10/site-packages/airflow/example_dags/example_xcom.py
[2025-02-06T16:50:39.736+0000] {logging_mixin.py:150} INFO - [2025-02-06T16:50:39.735+0000] {dag.py:2742} INFO - Sync 1 DAGs
[2025-02-06T16:50:39.750+0000] {logging_mixin.py:150} INFO - [2025-02-06T16:50:39.750+0000] {dag.py:3504} INFO - Setting next_dagrun for example_xcom to 2021-01-01T00:00:00+00:00, run_after=2021-01-01T00:00:00+00:00
[2025-02-06T16:50:39.766+0000] {processor.py:179} INFO - Processing /home/vscode/.local/lib/python3.10/site-packages/airflow/example_dags/example_xcom.py took 0.054 seconds
[2025-02-06T16:51:27.547+0000] {processor.py:157} INFO - Started process (PID=10990) to work on /home/vscode/.local/lib/python3.10/site-packages/airflow/example_dags/example_xcom.py
[2025-02-06T16:51:27.547+0000] {processor.py:826} INFO - Processing file /home/vscode/.local/lib/python3.10/site-packages/airflow/example_dags/example_xcom.py for tasks to queue
[2025-02-06T16:51:27.548+0000] {logging_mixin.py:150} INFO - [2025-02-06T16:51:27.548+0000] {dagbag.py:541} INFO - Filling up the DagBag from /home/vscode/.local/lib/python3.10/site-packages/airflow/example_dags/example_xcom.py
[2025-02-06T16:51:27.554+0000] {processor.py:836} INFO - DAG(s) dict_keys(['example_xcom']) retrieved from /home/vscode/.local/lib/python3.10/site-packages/airflow/example_dags/example_xcom.py
[2025-02-06T16:51:27.568+0000] {logging_mixin.py:150} INFO - [2025-02-06T16:51:27.568+0000] {dag.py:2742} INFO - Sync 1 DAGs
[2025-02-06T16:51:27.583+0000] {logging_mixin.py:150} INFO - [2025-02-06T16:51:27.583+0000] {dag.py:3504} INFO - Setting next_dagrun for example_xcom to 2021-01-01T00:00:00+00:00, run_after=2021-01-01T00:00:00+00:00
[2025-02-06T16:51:27.597+0000] {processor.py:179} INFO - Processing /home/vscode/.local/lib/python3.10/site-packages/airflow/example_dags/example_xcom.py took 0.053 seconds
[2025-02-06T16:52:09.810+0000] {processor.py:157} INFO - Started process (PID=11282) to work on /home/vscode/.local/lib/python3.10/site-packages/airflow/example_dags/example_xcom.py
[2025-02-06T16:52:09.810+0000] {processor.py:826} INFO - Processing file /home/vscode/.local/lib/python3.10/site-packages/airflow/example_dags/example_xcom.py for tasks to queue
[2025-02-06T16:52:09.811+0000] {logging_mixin.py:150} INFO - [2025-02-06T16:52:09.811+0000] {dagbag.py:541} INFO - Filling up the DagBag from /home/vscode/.local/lib/python3.10/site-packages/airflow/example_dags/example_xcom.py
[2025-02-06T16:52:09.817+0000] {processor.py:836} INFO - DAG(s) dict_keys(['example_xcom']) retrieved from /home/vscode/.local/lib/python3.10/site-packages/airflow/example_dags/example_xcom.py
[2025-02-06T16:52:09.831+0000] {logging_mixin.py:150} INFO - [2025-02-06T16:52:09.831+0000] {dag.py:2742} INFO - Sync 1 DAGs
[2025-02-06T16:52:09.846+0000] {logging_mixin.py:150} INFO - [2025-02-06T16:52:09.846+0000] {dag.py:3504} INFO - Setting next_dagrun for example_xcom to 2021-01-01T00:00:00+00:00, run_after=2021-01-01T00:00:00+00:00
[2025-02-06T16:52:09.861+0000] {processor.py:179} INFO - Processing /home/vscode/.local/lib/python3.10/site-packages/airflow/example_dags/example_xcom.py took 0.054 seconds
[2025-02-06T16:52:57.139+0000] {processor.py:157} INFO - Started process (PID=11601) to work on /home/vscode/.local/lib/python3.10/site-packages/airflow/example_dags/example_xcom.py
[2025-02-06T16:52:57.140+0000] {processor.py:826} INFO - Processing file /home/vscode/.local/lib/python3.10/site-packages/airflow/example_dags/example_xcom.py for tasks to queue
[2025-02-06T16:52:57.141+0000] {logging_mixin.py:150} INFO - [2025-02-06T16:52:57.141+0000] {dagbag.py:541} INFO - Filling up the DagBag from /home/vscode/.local/lib/python3.10/site-packages/airflow/example_dags/example_xcom.py
[2025-02-06T16:52:57.147+0000] {processor.py:836} INFO - DAG(s) dict_keys(['example_xcom']) retrieved from /home/vscode/.local/lib/python3.10/site-packages/airflow/example_dags/example_xcom.py
[2025-02-06T16:52:57.161+0000] {logging_mixin.py:150} INFO - [2025-02-06T16:52:57.161+0000] {dag.py:2742} INFO - Sync 1 DAGs
[2025-02-06T16:52:57.176+0000] {logging_mixin.py:150} INFO - [2025-02-06T16:52:57.176+0000] {dag.py:3504} INFO - Setting next_dagrun for example_xcom to 2021-01-01T00:00:00+00:00, run_after=2021-01-01T00:00:00+00:00
[2025-02-06T16:52:57.192+0000] {processor.py:179} INFO - Processing /home/vscode/.local/lib/python3.10/site-packages/airflow/example_dags/example_xcom.py took 0.055 seconds
[2025-02-06T16:53:40.415+0000] {processor.py:157} INFO - Started process (PID=11892) to work on /home/vscode/.local/lib/python3.10/site-packages/airflow/example_dags/example_xcom.py
[2025-02-06T16:53:40.416+0000] {processor.py:826} INFO - Processing file /home/vscode/.local/lib/python3.10/site-packages/airflow/example_dags/example_xcom.py for tasks to queue
[2025-02-06T16:53:40.417+0000] {logging_mixin.py:150} INFO - [2025-02-06T16:53:40.416+0000] {dagbag.py:541} INFO - Filling up the DagBag from /home/vscode/.local/lib/python3.10/site-packages/airflow/example_dags/example_xcom.py
[2025-02-06T16:53:40.423+0000] {processor.py:836} INFO - DAG(s) dict_keys(['example_xcom']) retrieved from /home/vscode/.local/lib/python3.10/site-packages/airflow/example_dags/example_xcom.py
[2025-02-06T16:53:40.437+0000] {logging_mixin.py:150} INFO - [2025-02-06T16:53:40.437+0000] {dag.py:2742} INFO - Sync 1 DAGs
[2025-02-06T16:53:40.451+0000] {logging_mixin.py:150} INFO - [2025-02-06T16:53:40.451+0000] {dag.py:3504} INFO - Setting next_dagrun for example_xcom to 2021-01-01T00:00:00+00:00, run_after=2021-01-01T00:00:00+00:00
[2025-02-06T16:53:40.467+0000] {processor.py:179} INFO - Processing /home/vscode/.local/lib/python3.10/site-packages/airflow/example_dags/example_xcom.py took 0.054 seconds
[2025-02-06T16:54:29.954+0000] {processor.py:157} INFO - Started process (PID=12291) to work on /home/vscode/.local/lib/python3.10/site-packages/airflow/example_dags/example_xcom.py
[2025-02-06T16:54:29.955+0000] {processor.py:826} INFO - Processing file /home/vscode/.local/lib/python3.10/site-packages/airflow/example_dags/example_xcom.py for tasks to queue
[2025-02-06T16:54:29.955+0000] {logging_mixin.py:150} INFO - [2025-02-06T16:54:29.955+0000] {dagbag.py:541} INFO - Filling up the DagBag from /home/vscode/.local/lib/python3.10/site-packages/airflow/example_dags/example_xcom.py
[2025-02-06T16:54:29.962+0000] {processor.py:836} INFO - DAG(s) dict_keys(['example_xcom']) retrieved from /home/vscode/.local/lib/python3.10/site-packages/airflow/example_dags/example_xcom.py
[2025-02-06T16:54:29.975+0000] {logging_mixin.py:150} INFO - [2025-02-06T16:54:29.975+0000] {dag.py:2742} INFO - Sync 1 DAGs
[2025-02-06T16:54:29.994+0000] {logging_mixin.py:150} INFO - [2025-02-06T16:54:29.993+0000] {dag.py:3504} INFO - Setting next_dagrun for example_xcom to 2021-01-01T00:00:00+00:00, run_after=2021-01-01T00:00:00+00:00
[2025-02-06T16:54:30.009+0000] {processor.py:179} INFO - Processing /home/vscode/.local/lib/python3.10/site-packages/airflow/example_dags/example_xcom.py took 0.057 seconds
[2025-02-06T16:55:18.806+0000] {processor.py:157} INFO - Started process (PID=12655) to work on /home/vscode/.local/lib/python3.10/site-packages/airflow/example_dags/example_xcom.py
[2025-02-06T16:55:18.806+0000] {processor.py:826} INFO - Processing file /home/vscode/.local/lib/python3.10/site-packages/airflow/example_dags/example_xcom.py for tasks to queue
[2025-02-06T16:55:18.807+0000] {logging_mixin.py:150} INFO - [2025-02-06T16:55:18.807+0000] {dagbag.py:541} INFO - Filling up the DagBag from /home/vscode/.local/lib/python3.10/site-packages/airflow/example_dags/example_xcom.py
[2025-02-06T16:55:18.813+0000] {processor.py:836} INFO - DAG(s) dict_keys(['example_xcom']) retrieved from /home/vscode/.local/lib/python3.10/site-packages/airflow/example_dags/example_xcom.py
[2025-02-06T16:55:18.827+0000] {logging_mixin.py:150} INFO - [2025-02-06T16:55:18.827+0000] {dag.py:2742} INFO - Sync 1 DAGs
[2025-02-06T16:55:18.842+0000] {logging_mixin.py:150} INFO - [2025-02-06T16:55:18.841+0000] {dag.py:3504} INFO - Setting next_dagrun for example_xcom to 2021-01-01T00:00:00+00:00, run_after=2021-01-01T00:00:00+00:00
[2025-02-06T16:55:18.856+0000] {processor.py:179} INFO - Processing /home/vscode/.local/lib/python3.10/site-packages/airflow/example_dags/example_xcom.py took 0.053 seconds
[2025-02-06T16:56:06.237+0000] {processor.py:157} INFO - Started process (PID=13126) to work on /home/vscode/.local/lib/python3.10/site-packages/airflow/example_dags/example_xcom.py
[2025-02-06T16:56:06.237+0000] {processor.py:826} INFO - Processing file /home/vscode/.local/lib/python3.10/site-packages/airflow/example_dags/example_xcom.py for tasks to queue
[2025-02-06T16:56:06.238+0000] {logging_mixin.py:150} INFO - [2025-02-06T16:56:06.238+0000] {dagbag.py:541} INFO - Filling up the DagBag from /home/vscode/.local/lib/python3.10/site-packages/airflow/example_dags/example_xcom.py
[2025-02-06T16:56:06.244+0000] {processor.py:836} INFO - DAG(s) dict_keys(['example_xcom']) retrieved from /home/vscode/.local/lib/python3.10/site-packages/airflow/example_dags/example_xcom.py
[2025-02-06T16:56:06.258+0000] {logging_mixin.py:150} INFO - [2025-02-06T16:56:06.258+0000] {dag.py:2742} INFO - Sync 1 DAGs
[2025-02-06T16:56:06.272+0000] {logging_mixin.py:150} INFO - [2025-02-06T16:56:06.272+0000] {dag.py:3504} INFO - Setting next_dagrun for example_xcom to 2021-01-01T00:00:00+00:00, run_after=2021-01-01T00:00:00+00:00
[2025-02-06T16:56:06.288+0000] {processor.py:179} INFO - Processing /home/vscode/.local/lib/python3.10/site-packages/airflow/example_dags/example_xcom.py took 0.054 seconds
[2025-02-06T16:56:50.709+0000] {processor.py:157} INFO - Started process (PID=13462) to work on /home/vscode/.local/lib/python3.10/site-packages/airflow/example_dags/example_xcom.py
[2025-02-06T16:56:50.710+0000] {processor.py:826} INFO - Processing file /home/vscode/.local/lib/python3.10/site-packages/airflow/example_dags/example_xcom.py for tasks to queue
[2025-02-06T16:56:50.711+0000] {logging_mixin.py:150} INFO - [2025-02-06T16:56:50.711+0000] {dagbag.py:541} INFO - Filling up the DagBag from /home/vscode/.local/lib/python3.10/site-packages/airflow/example_dags/example_xcom.py
[2025-02-06T16:56:50.717+0000] {processor.py:836} INFO - DAG(s) dict_keys(['example_xcom']) retrieved from /home/vscode/.local/lib/python3.10/site-packages/airflow/example_dags/example_xcom.py
[2025-02-06T16:56:50.731+0000] {logging_mixin.py:150} INFO - [2025-02-06T16:56:50.731+0000] {dag.py:2742} INFO - Sync 1 DAGs
[2025-02-06T16:56:50.745+0000] {logging_mixin.py:150} INFO - [2025-02-06T16:56:50.745+0000] {dag.py:3504} INFO - Setting next_dagrun for example_xcom to 2021-01-01T00:00:00+00:00, run_after=2021-01-01T00:00:00+00:00
[2025-02-06T16:56:50.760+0000] {processor.py:179} INFO - Processing /home/vscode/.local/lib/python3.10/site-packages/airflow/example_dags/example_xcom.py took 0.053 seconds
[2025-02-06T16:57:37.583+0000] {processor.py:157} INFO - Started process (PID=13818) to work on /home/vscode/.local/lib/python3.10/site-packages/airflow/example_dags/example_xcom.py
[2025-02-06T16:57:37.584+0000] {processor.py:826} INFO - Processing file /home/vscode/.local/lib/python3.10/site-packages/airflow/example_dags/example_xcom.py for tasks to queue
[2025-02-06T16:57:37.585+0000] {logging_mixin.py:150} INFO - [2025-02-06T16:57:37.584+0000] {dagbag.py:541} INFO - Filling up the DagBag from /home/vscode/.local/lib/python3.10/site-packages/airflow/example_dags/example_xcom.py
[2025-02-06T16:57:37.591+0000] {processor.py:836} INFO - DAG(s) dict_keys(['example_xcom']) retrieved from /home/vscode/.local/lib/python3.10/site-packages/airflow/example_dags/example_xcom.py
[2025-02-06T16:57:37.604+0000] {logging_mixin.py:150} INFO - [2025-02-06T16:57:37.604+0000] {dag.py:2742} INFO - Sync 1 DAGs
[2025-02-06T16:57:37.619+0000] {logging_mixin.py:150} INFO - [2025-02-06T16:57:37.619+0000] {dag.py:3504} INFO - Setting next_dagrun for example_xcom to 2021-01-01T00:00:00+00:00, run_after=2021-01-01T00:00:00+00:00
[2025-02-06T16:57:37.634+0000] {processor.py:179} INFO - Processing /home/vscode/.local/lib/python3.10/site-packages/airflow/example_dags/example_xcom.py took 0.053 seconds
[2025-02-06T18:07:37.300+0000] {processor.py:157} INFO - Started process (PID=4828) to work on /home/vscode/.local/lib/python3.10/site-packages/airflow/example_dags/example_xcom.py
[2025-02-06T18:07:37.304+0000] {processor.py:826} INFO - Processing file /home/vscode/.local/lib/python3.10/site-packages/airflow/example_dags/example_xcom.py for tasks to queue
[2025-02-06T18:07:37.305+0000] {logging_mixin.py:150} INFO - [2025-02-06T18:07:37.305+0000] {dagbag.py:541} INFO - Filling up the DagBag from /home/vscode/.local/lib/python3.10/site-packages/airflow/example_dags/example_xcom.py
[2025-02-06T18:07:37.311+0000] {processor.py:836} INFO - DAG(s) dict_keys(['example_xcom']) retrieved from /home/vscode/.local/lib/python3.10/site-packages/airflow/example_dags/example_xcom.py
[2025-02-06T18:07:37.460+0000] {logging_mixin.py:150} INFO - [2025-02-06T18:07:37.460+0000] {manager.py:504} INFO - Created Permission View: can read on DAG:example_xcom
[2025-02-06T18:07:37.466+0000] {logging_mixin.py:150} INFO - [2025-02-06T18:07:37.466+0000] {manager.py:504} INFO - Created Permission View: can delete on DAG:example_xcom
[2025-02-06T18:07:37.471+0000] {logging_mixin.py:150} INFO - [2025-02-06T18:07:37.471+0000] {manager.py:504} INFO - Created Permission View: can edit on DAG:example_xcom
[2025-02-06T18:07:37.480+0000] {logging_mixin.py:150} INFO - [2025-02-06T18:07:37.480+0000] {dag.py:2742} INFO - Sync 1 DAGs
[2025-02-06T18:07:37.486+0000] {logging_mixin.py:150} INFO - [2025-02-06T18:07:37.485+0000] {dag.py:2763} INFO - Creating ORM DAG for example_xcom
[2025-02-06T18:07:37.491+0000] {logging_mixin.py:150} INFO - [2025-02-06T18:07:37.491+0000] {dag.py:3504} INFO - Setting next_dagrun for example_xcom to 2021-01-01T00:00:00+00:00, run_after=2021-01-01T00:00:00+00:00
[2025-02-06T18:07:37.505+0000] {processor.py:179} INFO - Processing /home/vscode/.local/lib/python3.10/site-packages/airflow/example_dags/example_xcom.py took 0.207 seconds
[2025-02-06T18:08:25.457+0000] {processor.py:157} INFO - Started process (PID=5263) to work on /home/vscode/.local/lib/python3.10/site-packages/airflow/example_dags/example_xcom.py
[2025-02-06T18:08:25.457+0000] {processor.py:826} INFO - Processing file /home/vscode/.local/lib/python3.10/site-packages/airflow/example_dags/example_xcom.py for tasks to queue
[2025-02-06T18:08:25.458+0000] {logging_mixin.py:150} INFO - [2025-02-06T18:08:25.458+0000] {dagbag.py:541} INFO - Filling up the DagBag from /home/vscode/.local/lib/python3.10/site-packages/airflow/example_dags/example_xcom.py
[2025-02-06T18:08:25.463+0000] {processor.py:836} INFO - DAG(s) dict_keys(['example_xcom']) retrieved from /home/vscode/.local/lib/python3.10/site-packages/airflow/example_dags/example_xcom.py
[2025-02-06T18:08:25.474+0000] {logging_mixin.py:150} INFO - [2025-02-06T18:08:25.474+0000] {dag.py:2742} INFO - Sync 1 DAGs
[2025-02-06T18:08:25.487+0000] {logging_mixin.py:150} INFO - [2025-02-06T18:08:25.487+0000] {dag.py:3504} INFO - Setting next_dagrun for example_xcom to 2021-01-01T00:00:00+00:00, run_after=2021-01-01T00:00:00+00:00
[2025-02-06T18:08:25.500+0000] {processor.py:179} INFO - Processing /home/vscode/.local/lib/python3.10/site-packages/airflow/example_dags/example_xcom.py took 0.045 seconds
