[2025-02-06T16:45:20.162+0000] {processor.py:157} INFO - Started process (PID=8391) to work on /home/vscode/.local/lib/python3.10/site-packages/airflow/example_dags/example_python_operator.py
[2025-02-06T16:45:20.163+0000] {processor.py:826} INFO - Processing file /home/vscode/.local/lib/python3.10/site-packages/airflow/example_dags/example_python_operator.py for tasks to queue
[2025-02-06T16:45:20.163+0000] {logging_mixin.py:150} INFO - [2025-02-06T16:45:20.163+0000] {dagbag.py:541} INFO - Filling up the DagBag from /home/vscode/.local/lib/python3.10/site-packages/airflow/example_dags/example_python_operator.py
[2025-02-06T16:45:20.172+0000] {processor.py:836} INFO - DAG(s) dict_keys(['example_python_operator']) retrieved from /home/vscode/.local/lib/python3.10/site-packages/airflow/example_dags/example_python_operator.py
[2025-02-06T16:45:20.243+0000] {logging_mixin.py:150} INFO - [2025-02-06T16:45:20.242+0000] {manager.py:504} INFO - Created Permission View: can read on DAG:example_python_operator
[2025-02-06T16:45:20.250+0000] {logging_mixin.py:150} INFO - [2025-02-06T16:45:20.249+0000] {manager.py:504} INFO - Created Permission View: can delete on DAG:example_python_operator
[2025-02-06T16:45:20.255+0000] {logging_mixin.py:150} INFO - [2025-02-06T16:45:20.255+0000] {manager.py:504} INFO - Created Permission View: can edit on DAG:example_python_operator
[2025-02-06T16:45:20.263+0000] {logging_mixin.py:150} INFO - [2025-02-06T16:45:20.263+0000] {dag.py:2742} INFO - Sync 1 DAGs
[2025-02-06T16:45:20.270+0000] {logging_mixin.py:150} INFO - [2025-02-06T16:45:20.270+0000] {dag.py:2763} INFO - Creating ORM DAG for example_python_operator
[2025-02-06T16:45:20.276+0000] {logging_mixin.py:150} INFO - [2025-02-06T16:45:20.276+0000] {dag.py:3504} INFO - Setting next_dagrun for example_python_operator to None, run_after=None
[2025-02-06T16:45:20.291+0000] {processor.py:179} INFO - Processing /home/vscode/.local/lib/python3.10/site-packages/airflow/example_dags/example_python_operator.py took 0.131 seconds
[2025-02-06T16:46:13.185+0000] {processor.py:157} INFO - Started process (PID=8750) to work on /home/vscode/.local/lib/python3.10/site-packages/airflow/example_dags/example_python_operator.py
[2025-02-06T16:46:13.186+0000] {processor.py:826} INFO - Processing file /home/vscode/.local/lib/python3.10/site-packages/airflow/example_dags/example_python_operator.py for tasks to queue
[2025-02-06T16:46:13.187+0000] {logging_mixin.py:150} INFO - [2025-02-06T16:46:13.187+0000] {dagbag.py:541} INFO - Filling up the DagBag from /home/vscode/.local/lib/python3.10/site-packages/airflow/example_dags/example_python_operator.py
[2025-02-06T16:46:13.195+0000] {processor.py:836} INFO - DAG(s) dict_keys(['example_python_operator']) retrieved from /home/vscode/.local/lib/python3.10/site-packages/airflow/example_dags/example_python_operator.py
[2025-02-06T16:46:13.211+0000] {logging_mixin.py:150} INFO - [2025-02-06T16:46:13.210+0000] {dag.py:2742} INFO - Sync 1 DAGs
[2025-02-06T16:46:13.226+0000] {logging_mixin.py:150} INFO - [2025-02-06T16:46:13.225+0000] {dag.py:3504} INFO - Setting next_dagrun for example_python_operator to None, run_after=None
[2025-02-06T16:46:13.241+0000] {processor.py:179} INFO - Processing /home/vscode/.local/lib/python3.10/site-packages/airflow/example_dags/example_python_operator.py took 0.058 seconds
[2025-02-06T16:47:05.028+0000] {processor.py:157} INFO - Started process (PID=9102) to work on /home/vscode/.local/lib/python3.10/site-packages/airflow/example_dags/example_python_operator.py
[2025-02-06T16:47:05.029+0000] {processor.py:826} INFO - Processing file /home/vscode/.local/lib/python3.10/site-packages/airflow/example_dags/example_python_operator.py for tasks to queue
[2025-02-06T16:47:05.030+0000] {logging_mixin.py:150} INFO - [2025-02-06T16:47:05.029+0000] {dagbag.py:541} INFO - Filling up the DagBag from /home/vscode/.local/lib/python3.10/site-packages/airflow/example_dags/example_python_operator.py
[2025-02-06T16:47:05.038+0000] {processor.py:836} INFO - DAG(s) dict_keys(['example_python_operator']) retrieved from /home/vscode/.local/lib/python3.10/site-packages/airflow/example_dags/example_python_operator.py
[2025-02-06T16:47:05.053+0000] {logging_mixin.py:150} INFO - [2025-02-06T16:47:05.053+0000] {dag.py:2742} INFO - Sync 1 DAGs
[2025-02-06T16:47:05.071+0000] {logging_mixin.py:150} INFO - [2025-02-06T16:47:05.071+0000] {dag.py:3504} INFO - Setting next_dagrun for example_python_operator to None, run_after=None
[2025-02-06T16:47:05.087+0000] {processor.py:179} INFO - Processing /home/vscode/.local/lib/python3.10/site-packages/airflow/example_dags/example_python_operator.py took 0.062 seconds
[2025-02-06T16:47:53.418+0000] {processor.py:157} INFO - Started process (PID=9432) to work on /home/vscode/.local/lib/python3.10/site-packages/airflow/example_dags/example_python_operator.py
[2025-02-06T16:47:53.419+0000] {processor.py:826} INFO - Processing file /home/vscode/.local/lib/python3.10/site-packages/airflow/example_dags/example_python_operator.py for tasks to queue
[2025-02-06T16:47:53.419+0000] {logging_mixin.py:150} INFO - [2025-02-06T16:47:53.419+0000] {dagbag.py:541} INFO - Filling up the DagBag from /home/vscode/.local/lib/python3.10/site-packages/airflow/example_dags/example_python_operator.py
[2025-02-06T16:47:53.428+0000] {processor.py:836} INFO - DAG(s) dict_keys(['example_python_operator']) retrieved from /home/vscode/.local/lib/python3.10/site-packages/airflow/example_dags/example_python_operator.py
[2025-02-06T16:47:53.444+0000] {logging_mixin.py:150} INFO - [2025-02-06T16:47:53.443+0000] {dag.py:2742} INFO - Sync 1 DAGs
[2025-02-06T16:47:53.458+0000] {logging_mixin.py:150} INFO - [2025-02-06T16:47:53.458+0000] {dag.py:3504} INFO - Setting next_dagrun for example_python_operator to None, run_after=None
[2025-02-06T16:47:53.472+0000] {processor.py:179} INFO - Processing /home/vscode/.local/lib/python3.10/site-packages/airflow/example_dags/example_python_operator.py took 0.057 seconds
[2025-02-06T16:48:38.352+0000] {processor.py:157} INFO - Started process (PID=9732) to work on /home/vscode/.local/lib/python3.10/site-packages/airflow/example_dags/example_python_operator.py
[2025-02-06T16:48:38.353+0000] {processor.py:826} INFO - Processing file /home/vscode/.local/lib/python3.10/site-packages/airflow/example_dags/example_python_operator.py for tasks to queue
[2025-02-06T16:48:38.354+0000] {logging_mixin.py:150} INFO - [2025-02-06T16:48:38.353+0000] {dagbag.py:541} INFO - Filling up the DagBag from /home/vscode/.local/lib/python3.10/site-packages/airflow/example_dags/example_python_operator.py
[2025-02-06T16:48:38.362+0000] {processor.py:836} INFO - DAG(s) dict_keys(['example_python_operator']) retrieved from /home/vscode/.local/lib/python3.10/site-packages/airflow/example_dags/example_python_operator.py
[2025-02-06T16:48:38.377+0000] {logging_mixin.py:150} INFO - [2025-02-06T16:48:38.377+0000] {dag.py:2742} INFO - Sync 1 DAGs
[2025-02-06T16:48:38.392+0000] {logging_mixin.py:150} INFO - [2025-02-06T16:48:38.392+0000] {dag.py:3504} INFO - Setting next_dagrun for example_python_operator to None, run_after=None
[2025-02-06T16:48:38.407+0000] {processor.py:179} INFO - Processing /home/vscode/.local/lib/python3.10/site-packages/airflow/example_dags/example_python_operator.py took 0.057 seconds
[2025-02-06T16:49:24.665+0000] {processor.py:157} INFO - Started process (PID=10073) to work on /home/vscode/.local/lib/python3.10/site-packages/airflow/example_dags/example_python_operator.py
[2025-02-06T16:49:24.666+0000] {processor.py:826} INFO - Processing file /home/vscode/.local/lib/python3.10/site-packages/airflow/example_dags/example_python_operator.py for tasks to queue
[2025-02-06T16:49:24.667+0000] {logging_mixin.py:150} INFO - [2025-02-06T16:49:24.667+0000] {dagbag.py:541} INFO - Filling up the DagBag from /home/vscode/.local/lib/python3.10/site-packages/airflow/example_dags/example_python_operator.py
[2025-02-06T16:49:24.675+0000] {processor.py:836} INFO - DAG(s) dict_keys(['example_python_operator']) retrieved from /home/vscode/.local/lib/python3.10/site-packages/airflow/example_dags/example_python_operator.py
[2025-02-06T16:49:24.691+0000] {logging_mixin.py:150} INFO - [2025-02-06T16:49:24.691+0000] {dag.py:2742} INFO - Sync 1 DAGs
[2025-02-06T16:49:24.706+0000] {logging_mixin.py:150} INFO - [2025-02-06T16:49:24.706+0000] {dag.py:3504} INFO - Setting next_dagrun for example_python_operator to None, run_after=None
[2025-02-06T16:49:24.721+0000] {processor.py:179} INFO - Processing /home/vscode/.local/lib/python3.10/site-packages/airflow/example_dags/example_python_operator.py took 0.058 seconds
[2025-02-06T16:50:06.627+0000] {processor.py:157} INFO - Started process (PID=10389) to work on /home/vscode/.local/lib/python3.10/site-packages/airflow/example_dags/example_python_operator.py
[2025-02-06T16:50:06.628+0000] {processor.py:826} INFO - Processing file /home/vscode/.local/lib/python3.10/site-packages/airflow/example_dags/example_python_operator.py for tasks to queue
[2025-02-06T16:50:06.628+0000] {logging_mixin.py:150} INFO - [2025-02-06T16:50:06.628+0000] {dagbag.py:541} INFO - Filling up the DagBag from /home/vscode/.local/lib/python3.10/site-packages/airflow/example_dags/example_python_operator.py
[2025-02-06T16:50:06.636+0000] {processor.py:836} INFO - DAG(s) dict_keys(['example_python_operator']) retrieved from /home/vscode/.local/lib/python3.10/site-packages/airflow/example_dags/example_python_operator.py
[2025-02-06T16:50:06.652+0000] {logging_mixin.py:150} INFO - [2025-02-06T16:50:06.652+0000] {dag.py:2742} INFO - Sync 1 DAGs
[2025-02-06T16:50:06.666+0000] {logging_mixin.py:150} INFO - [2025-02-06T16:50:06.666+0000] {dag.py:3504} INFO - Setting next_dagrun for example_python_operator to None, run_after=None
[2025-02-06T16:50:06.681+0000] {processor.py:179} INFO - Processing /home/vscode/.local/lib/python3.10/site-packages/airflow/example_dags/example_python_operator.py took 0.056 seconds
[2025-02-06T16:51:01.964+0000] {processor.py:157} INFO - Started process (PID=10788) to work on /home/vscode/.local/lib/python3.10/site-packages/airflow/example_dags/example_python_operator.py
[2025-02-06T16:51:01.965+0000] {processor.py:826} INFO - Processing file /home/vscode/.local/lib/python3.10/site-packages/airflow/example_dags/example_python_operator.py for tasks to queue
[2025-02-06T16:51:01.966+0000] {logging_mixin.py:150} INFO - [2025-02-06T16:51:01.966+0000] {dagbag.py:541} INFO - Filling up the DagBag from /home/vscode/.local/lib/python3.10/site-packages/airflow/example_dags/example_python_operator.py
[2025-02-06T16:51:01.977+0000] {processor.py:836} INFO - DAG(s) dict_keys(['example_python_operator']) retrieved from /home/vscode/.local/lib/python3.10/site-packages/airflow/example_dags/example_python_operator.py
[2025-02-06T16:51:01.999+0000] {logging_mixin.py:150} INFO - [2025-02-06T16:51:01.999+0000] {dag.py:2742} INFO - Sync 1 DAGs
[2025-02-06T16:51:02.017+0000] {logging_mixin.py:150} INFO - [2025-02-06T16:51:02.017+0000] {dag.py:3504} INFO - Setting next_dagrun for example_python_operator to None, run_after=None
[2025-02-06T16:51:02.036+0000] {processor.py:179} INFO - Processing /home/vscode/.local/lib/python3.10/site-packages/airflow/example_dags/example_python_operator.py took 0.075 seconds
[2025-02-06T16:51:47.684+0000] {processor.py:157} INFO - Started process (PID=11132) to work on /home/vscode/.local/lib/python3.10/site-packages/airflow/example_dags/example_python_operator.py
[2025-02-06T16:51:47.685+0000] {processor.py:826} INFO - Processing file /home/vscode/.local/lib/python3.10/site-packages/airflow/example_dags/example_python_operator.py for tasks to queue
[2025-02-06T16:51:47.686+0000] {logging_mixin.py:150} INFO - [2025-02-06T16:51:47.686+0000] {dagbag.py:541} INFO - Filling up the DagBag from /home/vscode/.local/lib/python3.10/site-packages/airflow/example_dags/example_python_operator.py
[2025-02-06T16:51:47.694+0000] {processor.py:836} INFO - DAG(s) dict_keys(['example_python_operator']) retrieved from /home/vscode/.local/lib/python3.10/site-packages/airflow/example_dags/example_python_operator.py
[2025-02-06T16:51:47.709+0000] {logging_mixin.py:150} INFO - [2025-02-06T16:51:47.709+0000] {dag.py:2742} INFO - Sync 1 DAGs
[2025-02-06T16:51:47.725+0000] {logging_mixin.py:150} INFO - [2025-02-06T16:51:47.725+0000] {dag.py:3504} INFO - Setting next_dagrun for example_python_operator to None, run_after=None
[2025-02-06T16:51:47.741+0000] {processor.py:179} INFO - Processing /home/vscode/.local/lib/python3.10/site-packages/airflow/example_dags/example_python_operator.py took 0.059 seconds
[2025-02-06T16:52:32.557+0000] {processor.py:157} INFO - Started process (PID=11431) to work on /home/vscode/.local/lib/python3.10/site-packages/airflow/example_dags/example_python_operator.py
[2025-02-06T16:52:32.558+0000] {processor.py:826} INFO - Processing file /home/vscode/.local/lib/python3.10/site-packages/airflow/example_dags/example_python_operator.py for tasks to queue
[2025-02-06T16:52:32.559+0000] {logging_mixin.py:150} INFO - [2025-02-06T16:52:32.558+0000] {dagbag.py:541} INFO - Filling up the DagBag from /home/vscode/.local/lib/python3.10/site-packages/airflow/example_dags/example_python_operator.py
[2025-02-06T16:52:32.567+0000] {processor.py:836} INFO - DAG(s) dict_keys(['example_python_operator']) retrieved from /home/vscode/.local/lib/python3.10/site-packages/airflow/example_dags/example_python_operator.py
[2025-02-06T16:52:32.584+0000] {logging_mixin.py:150} INFO - [2025-02-06T16:52:32.583+0000] {dag.py:2742} INFO - Sync 1 DAGs
[2025-02-06T16:52:32.609+0000] {logging_mixin.py:150} INFO - [2025-02-06T16:52:32.609+0000] {dag.py:3504} INFO - Setting next_dagrun for example_python_operator to None, run_after=None
[2025-02-06T16:52:32.631+0000] {processor.py:179} INFO - Processing /home/vscode/.local/lib/python3.10/site-packages/airflow/example_dags/example_python_operator.py took 0.076 seconds
[2025-02-06T16:53:19.062+0000] {processor.py:157} INFO - Started process (PID=11752) to work on /home/vscode/.local/lib/python3.10/site-packages/airflow/example_dags/example_python_operator.py
[2025-02-06T16:53:19.062+0000] {processor.py:826} INFO - Processing file /home/vscode/.local/lib/python3.10/site-packages/airflow/example_dags/example_python_operator.py for tasks to queue
[2025-02-06T16:53:19.063+0000] {logging_mixin.py:150} INFO - [2025-02-06T16:53:19.063+0000] {dagbag.py:541} INFO - Filling up the DagBag from /home/vscode/.local/lib/python3.10/site-packages/airflow/example_dags/example_python_operator.py
[2025-02-06T16:53:19.071+0000] {processor.py:836} INFO - DAG(s) dict_keys(['example_python_operator']) retrieved from /home/vscode/.local/lib/python3.10/site-packages/airflow/example_dags/example_python_operator.py
[2025-02-06T16:53:19.087+0000] {logging_mixin.py:150} INFO - [2025-02-06T16:53:19.087+0000] {dag.py:2742} INFO - Sync 1 DAGs
[2025-02-06T16:53:19.103+0000] {logging_mixin.py:150} INFO - [2025-02-06T16:53:19.102+0000] {dag.py:3504} INFO - Setting next_dagrun for example_python_operator to None, run_after=None
[2025-02-06T16:53:19.117+0000] {processor.py:179} INFO - Processing /home/vscode/.local/lib/python3.10/site-packages/airflow/example_dags/example_python_operator.py took 0.058 seconds
[2025-02-06T16:54:18.686+0000] {processor.py:157} INFO - Started process (PID=12179) to work on /home/vscode/.local/lib/python3.10/site-packages/airflow/example_dags/example_python_operator.py
[2025-02-06T16:54:18.687+0000] {processor.py:826} INFO - Processing file /home/vscode/.local/lib/python3.10/site-packages/airflow/example_dags/example_python_operator.py for tasks to queue
[2025-02-06T16:54:18.688+0000] {logging_mixin.py:150} INFO - [2025-02-06T16:54:18.687+0000] {dagbag.py:541} INFO - Filling up the DagBag from /home/vscode/.local/lib/python3.10/site-packages/airflow/example_dags/example_python_operator.py
[2025-02-06T16:54:18.695+0000] {processor.py:836} INFO - DAG(s) dict_keys(['example_python_operator']) retrieved from /home/vscode/.local/lib/python3.10/site-packages/airflow/example_dags/example_python_operator.py
[2025-02-06T16:54:18.711+0000] {logging_mixin.py:150} INFO - [2025-02-06T16:54:18.711+0000] {dag.py:2742} INFO - Sync 1 DAGs
[2025-02-06T16:54:18.726+0000] {logging_mixin.py:150} INFO - [2025-02-06T16:54:18.726+0000] {dag.py:3504} INFO - Setting next_dagrun for example_python_operator to None, run_after=None
[2025-02-06T16:54:18.741+0000] {processor.py:179} INFO - Processing /home/vscode/.local/lib/python3.10/site-packages/airflow/example_dags/example_python_operator.py took 0.057 seconds
[2025-02-06T16:55:06.235+0000] {processor.py:157} INFO - Started process (PID=12566) to work on /home/vscode/.local/lib/python3.10/site-packages/airflow/example_dags/example_python_operator.py
[2025-02-06T16:55:06.235+0000] {processor.py:826} INFO - Processing file /home/vscode/.local/lib/python3.10/site-packages/airflow/example_dags/example_python_operator.py for tasks to queue
[2025-02-06T16:55:06.236+0000] {logging_mixin.py:150} INFO - [2025-02-06T16:55:06.236+0000] {dagbag.py:541} INFO - Filling up the DagBag from /home/vscode/.local/lib/python3.10/site-packages/airflow/example_dags/example_python_operator.py
[2025-02-06T16:55:06.245+0000] {processor.py:836} INFO - DAG(s) dict_keys(['example_python_operator']) retrieved from /home/vscode/.local/lib/python3.10/site-packages/airflow/example_dags/example_python_operator.py
[2025-02-06T16:55:06.260+0000] {logging_mixin.py:150} INFO - [2025-02-06T16:55:06.260+0000] {dag.py:2742} INFO - Sync 1 DAGs
[2025-02-06T16:55:06.275+0000] {logging_mixin.py:150} INFO - [2025-02-06T16:55:06.275+0000] {dag.py:3504} INFO - Setting next_dagrun for example_python_operator to None, run_after=None
[2025-02-06T16:55:06.290+0000] {processor.py:179} INFO - Processing /home/vscode/.local/lib/python3.10/site-packages/airflow/example_dags/example_python_operator.py took 0.058 seconds
[2025-02-06T16:55:55.960+0000] {processor.py:157} INFO - Started process (PID=13043) to work on /home/vscode/.local/lib/python3.10/site-packages/airflow/example_dags/example_python_operator.py
[2025-02-06T16:55:55.961+0000] {processor.py:826} INFO - Processing file /home/vscode/.local/lib/python3.10/site-packages/airflow/example_dags/example_python_operator.py for tasks to queue
[2025-02-06T16:55:55.962+0000] {logging_mixin.py:150} INFO - [2025-02-06T16:55:55.961+0000] {dagbag.py:541} INFO - Filling up the DagBag from /home/vscode/.local/lib/python3.10/site-packages/airflow/example_dags/example_python_operator.py
[2025-02-06T16:55:55.970+0000] {processor.py:836} INFO - DAG(s) dict_keys(['example_python_operator']) retrieved from /home/vscode/.local/lib/python3.10/site-packages/airflow/example_dags/example_python_operator.py
[2025-02-06T16:55:55.985+0000] {logging_mixin.py:150} INFO - [2025-02-06T16:55:55.985+0000] {dag.py:2742} INFO - Sync 1 DAGs
[2025-02-06T16:55:56.001+0000] {logging_mixin.py:150} INFO - [2025-02-06T16:55:56.001+0000] {dag.py:3504} INFO - Setting next_dagrun for example_python_operator to None, run_after=None
[2025-02-06T16:55:56.017+0000] {processor.py:179} INFO - Processing /home/vscode/.local/lib/python3.10/site-packages/airflow/example_dags/example_python_operator.py took 0.059 seconds
[2025-02-06T16:56:41.029+0000] {processor.py:157} INFO - Started process (PID=13387) to work on /home/vscode/.local/lib/python3.10/site-packages/airflow/example_dags/example_python_operator.py
[2025-02-06T16:56:41.030+0000] {processor.py:826} INFO - Processing file /home/vscode/.local/lib/python3.10/site-packages/airflow/example_dags/example_python_operator.py for tasks to queue
[2025-02-06T16:56:41.030+0000] {logging_mixin.py:150} INFO - [2025-02-06T16:56:41.030+0000] {dagbag.py:541} INFO - Filling up the DagBag from /home/vscode/.local/lib/python3.10/site-packages/airflow/example_dags/example_python_operator.py
[2025-02-06T16:56:41.038+0000] {processor.py:836} INFO - DAG(s) dict_keys(['example_python_operator']) retrieved from /home/vscode/.local/lib/python3.10/site-packages/airflow/example_dags/example_python_operator.py
[2025-02-06T16:56:41.053+0000] {logging_mixin.py:150} INFO - [2025-02-06T16:56:41.053+0000] {dag.py:2742} INFO - Sync 1 DAGs
[2025-02-06T16:56:41.068+0000] {logging_mixin.py:150} INFO - [2025-02-06T16:56:41.068+0000] {dag.py:3504} INFO - Setting next_dagrun for example_python_operator to None, run_after=None
[2025-02-06T16:56:41.083+0000] {processor.py:179} INFO - Processing /home/vscode/.local/lib/python3.10/site-packages/airflow/example_dags/example_python_operator.py took 0.057 seconds
[2025-02-06T16:57:27.171+0000] {processor.py:157} INFO - Started process (PID=13736) to work on /home/vscode/.local/lib/python3.10/site-packages/airflow/example_dags/example_python_operator.py
[2025-02-06T16:57:27.172+0000] {processor.py:826} INFO - Processing file /home/vscode/.local/lib/python3.10/site-packages/airflow/example_dags/example_python_operator.py for tasks to queue
[2025-02-06T16:57:27.173+0000] {logging_mixin.py:150} INFO - [2025-02-06T16:57:27.172+0000] {dagbag.py:541} INFO - Filling up the DagBag from /home/vscode/.local/lib/python3.10/site-packages/airflow/example_dags/example_python_operator.py
[2025-02-06T16:57:27.182+0000] {processor.py:836} INFO - DAG(s) dict_keys(['example_python_operator']) retrieved from /home/vscode/.local/lib/python3.10/site-packages/airflow/example_dags/example_python_operator.py
[2025-02-06T16:57:27.199+0000] {logging_mixin.py:150} INFO - [2025-02-06T16:57:27.198+0000] {dag.py:2742} INFO - Sync 1 DAGs
[2025-02-06T16:57:27.213+0000] {logging_mixin.py:150} INFO - [2025-02-06T16:57:27.213+0000] {dag.py:3504} INFO - Setting next_dagrun for example_python_operator to None, run_after=None
[2025-02-06T16:57:27.228+0000] {processor.py:179} INFO - Processing /home/vscode/.local/lib/python3.10/site-packages/airflow/example_dags/example_python_operator.py took 0.060 seconds
[2025-02-06T16:58:11.712+0000] {processor.py:157} INFO - Started process (PID=14074) to work on /home/vscode/.local/lib/python3.10/site-packages/airflow/example_dags/example_python_operator.py
[2025-02-06T16:58:11.713+0000] {processor.py:826} INFO - Processing file /home/vscode/.local/lib/python3.10/site-packages/airflow/example_dags/example_python_operator.py for tasks to queue
[2025-02-06T16:58:11.714+0000] {logging_mixin.py:150} INFO - [2025-02-06T16:58:11.714+0000] {dagbag.py:541} INFO - Filling up the DagBag from /home/vscode/.local/lib/python3.10/site-packages/airflow/example_dags/example_python_operator.py
[2025-02-06T16:58:11.722+0000] {processor.py:836} INFO - DAG(s) dict_keys(['example_python_operator']) retrieved from /home/vscode/.local/lib/python3.10/site-packages/airflow/example_dags/example_python_operator.py
[2025-02-06T16:58:11.737+0000] {logging_mixin.py:150} INFO - [2025-02-06T16:58:11.737+0000] {dag.py:2742} INFO - Sync 1 DAGs
[2025-02-06T16:58:11.752+0000] {logging_mixin.py:150} INFO - [2025-02-06T16:58:11.752+0000] {dag.py:3504} INFO - Setting next_dagrun for example_python_operator to None, run_after=None
[2025-02-06T16:58:11.767+0000] {processor.py:179} INFO - Processing /home/vscode/.local/lib/python3.10/site-packages/airflow/example_dags/example_python_operator.py took 0.058 seconds
[2025-02-06T18:08:12.627+0000] {processor.py:157} INFO - Started process (PID=5148) to work on /home/vscode/.local/lib/python3.10/site-packages/airflow/example_dags/example_python_operator.py
[2025-02-06T18:08:12.630+0000] {processor.py:826} INFO - Processing file /home/vscode/.local/lib/python3.10/site-packages/airflow/example_dags/example_python_operator.py for tasks to queue
[2025-02-06T18:08:12.630+0000] {logging_mixin.py:150} INFO - [2025-02-06T18:08:12.630+0000] {dagbag.py:541} INFO - Filling up the DagBag from /home/vscode/.local/lib/python3.10/site-packages/airflow/example_dags/example_python_operator.py
[2025-02-06T18:08:12.637+0000] {processor.py:836} INFO - DAG(s) dict_keys(['example_python_operator']) retrieved from /home/vscode/.local/lib/python3.10/site-packages/airflow/example_dags/example_python_operator.py
[2025-02-06T18:08:12.700+0000] {logging_mixin.py:150} INFO - [2025-02-06T18:08:12.700+0000] {manager.py:504} INFO - Created Permission View: can read on DAG:example_python_operator
[2025-02-06T18:08:12.707+0000] {logging_mixin.py:150} INFO - [2025-02-06T18:08:12.707+0000] {manager.py:504} INFO - Created Permission View: can delete on DAG:example_python_operator
[2025-02-06T18:08:12.712+0000] {logging_mixin.py:150} INFO - [2025-02-06T18:08:12.712+0000] {manager.py:504} INFO - Created Permission View: can edit on DAG:example_python_operator
[2025-02-06T18:08:12.719+0000] {logging_mixin.py:150} INFO - [2025-02-06T18:08:12.719+0000] {dag.py:2742} INFO - Sync 1 DAGs
[2025-02-06T18:08:12.725+0000] {logging_mixin.py:150} INFO - [2025-02-06T18:08:12.725+0000] {dag.py:2763} INFO - Creating ORM DAG for example_python_operator
[2025-02-06T18:08:12.731+0000] {logging_mixin.py:150} INFO - [2025-02-06T18:08:12.731+0000] {dag.py:3504} INFO - Setting next_dagrun for example_python_operator to None, run_after=None
[2025-02-06T18:08:12.743+0000] {processor.py:179} INFO - Processing /home/vscode/.local/lib/python3.10/site-packages/airflow/example_dags/example_python_operator.py took 0.118 seconds
