[2025-02-06T16:44:47.849+0000] {processor.py:157} INFO - Started process (PID=8173) to work on /home/vscode/.local/lib/python3.10/site-packages/airflow/example_dags/example_task_group_decorator.py
[2025-02-06T16:44:47.850+0000] {processor.py:826} INFO - Processing file /home/vscode/.local/lib/python3.10/site-packages/airflow/example_dags/example_task_group_decorator.py for tasks to queue
[2025-02-06T16:44:47.850+0000] {logging_mixin.py:150} INFO - [2025-02-06T16:44:47.850+0000] {dagbag.py:541} INFO - Filling up the DagBag from /home/vscode/.local/lib/python3.10/site-packages/airflow/example_dags/example_task_group_decorator.py
[2025-02-06T16:44:47.862+0000] {processor.py:836} INFO - DAG(s) dict_keys(['example_task_group_decorator']) retrieved from /home/vscode/.local/lib/python3.10/site-packages/airflow/example_dags/example_task_group_decorator.py
[2025-02-06T16:44:48.042+0000] {logging_mixin.py:150} INFO - [2025-02-06T16:44:48.042+0000] {manager.py:504} INFO - Created Permission View: can read on DAG:example_task_group_decorator
[2025-02-06T16:44:48.053+0000] {logging_mixin.py:150} INFO - [2025-02-06T16:44:48.053+0000] {manager.py:504} INFO - Created Permission View: can delete on DAG:example_task_group_decorator
[2025-02-06T16:44:48.060+0000] {logging_mixin.py:150} INFO - [2025-02-06T16:44:48.060+0000] {manager.py:504} INFO - Created Permission View: can edit on DAG:example_task_group_decorator
[2025-02-06T16:44:48.070+0000] {logging_mixin.py:150} INFO - [2025-02-06T16:44:48.070+0000] {dag.py:2742} INFO - Sync 1 DAGs
[2025-02-06T16:44:48.076+0000] {logging_mixin.py:150} INFO - [2025-02-06T16:44:48.076+0000] {dag.py:2763} INFO - Creating ORM DAG for example_task_group_decorator
[2025-02-06T16:44:48.086+0000] {logging_mixin.py:150} INFO - [2025-02-06T16:44:48.086+0000] {dag.py:3504} INFO - Setting next_dagrun for example_task_group_decorator to 2025-02-05T16:44:48.086202+00:00, run_after=2025-02-06T16:44:48.086202+00:00
[2025-02-06T16:44:48.107+0000] {processor.py:179} INFO - Processing /home/vscode/.local/lib/python3.10/site-packages/airflow/example_dags/example_task_group_decorator.py took 0.260 seconds
[2025-02-06T16:45:38.435+0000] {processor.py:157} INFO - Started process (PID=8509) to work on /home/vscode/.local/lib/python3.10/site-packages/airflow/example_dags/example_task_group_decorator.py
[2025-02-06T16:45:38.436+0000] {processor.py:826} INFO - Processing file /home/vscode/.local/lib/python3.10/site-packages/airflow/example_dags/example_task_group_decorator.py for tasks to queue
[2025-02-06T16:45:38.436+0000] {logging_mixin.py:150} INFO - [2025-02-06T16:45:38.436+0000] {dagbag.py:541} INFO - Filling up the DagBag from /home/vscode/.local/lib/python3.10/site-packages/airflow/example_dags/example_task_group_decorator.py
[2025-02-06T16:45:38.448+0000] {processor.py:836} INFO - DAG(s) dict_keys(['example_task_group_decorator']) retrieved from /home/vscode/.local/lib/python3.10/site-packages/airflow/example_dags/example_task_group_decorator.py
[2025-02-06T16:45:38.463+0000] {logging_mixin.py:150} INFO - [2025-02-06T16:45:38.463+0000] {dag.py:2742} INFO - Sync 1 DAGs
[2025-02-06T16:45:38.477+0000] {logging_mixin.py:150} INFO - [2025-02-06T16:45:38.477+0000] {dag.py:3504} INFO - Setting next_dagrun for example_task_group_decorator to 2025-02-05T16:45:38.477262+00:00, run_after=2025-02-06T16:45:38.477262+00:00
[2025-02-06T16:45:38.492+0000] {processor.py:179} INFO - Processing /home/vscode/.local/lib/python3.10/site-packages/airflow/example_dags/example_task_group_decorator.py took 0.061 seconds
[2025-02-06T16:46:23.319+0000] {processor.py:157} INFO - Started process (PID=8819) to work on /home/vscode/.local/lib/python3.10/site-packages/airflow/example_dags/example_task_group_decorator.py
[2025-02-06T16:46:23.320+0000] {processor.py:826} INFO - Processing file /home/vscode/.local/lib/python3.10/site-packages/airflow/example_dags/example_task_group_decorator.py for tasks to queue
[2025-02-06T16:46:23.320+0000] {logging_mixin.py:150} INFO - [2025-02-06T16:46:23.320+0000] {dagbag.py:541} INFO - Filling up the DagBag from /home/vscode/.local/lib/python3.10/site-packages/airflow/example_dags/example_task_group_decorator.py
[2025-02-06T16:46:23.332+0000] {processor.py:836} INFO - DAG(s) dict_keys(['example_task_group_decorator']) retrieved from /home/vscode/.local/lib/python3.10/site-packages/airflow/example_dags/example_task_group_decorator.py
[2025-02-06T16:46:23.348+0000] {logging_mixin.py:150} INFO - [2025-02-06T16:46:23.347+0000] {dag.py:2742} INFO - Sync 1 DAGs
[2025-02-06T16:46:23.362+0000] {logging_mixin.py:150} INFO - [2025-02-06T16:46:23.362+0000] {dag.py:3504} INFO - Setting next_dagrun for example_task_group_decorator to 2025-02-05T16:46:23.362211+00:00, run_after=2025-02-06T16:46:23.362211+00:00
[2025-02-06T16:46:23.377+0000] {processor.py:179} INFO - Processing /home/vscode/.local/lib/python3.10/site-packages/airflow/example_dags/example_task_group_decorator.py took 0.060 seconds
[2025-02-06T16:47:02.138+0000] {processor.py:157} INFO - Started process (PID=9084) to work on /home/vscode/.local/lib/python3.10/site-packages/airflow/example_dags/example_task_group_decorator.py
[2025-02-06T16:47:02.138+0000] {processor.py:826} INFO - Processing file /home/vscode/.local/lib/python3.10/site-packages/airflow/example_dags/example_task_group_decorator.py for tasks to queue
[2025-02-06T16:47:02.139+0000] {logging_mixin.py:150} INFO - [2025-02-06T16:47:02.139+0000] {dagbag.py:541} INFO - Filling up the DagBag from /home/vscode/.local/lib/python3.10/site-packages/airflow/example_dags/example_task_group_decorator.py
[2025-02-06T16:47:02.151+0000] {processor.py:836} INFO - DAG(s) dict_keys(['example_task_group_decorator']) retrieved from /home/vscode/.local/lib/python3.10/site-packages/airflow/example_dags/example_task_group_decorator.py
[2025-02-06T16:47:02.166+0000] {logging_mixin.py:150} INFO - [2025-02-06T16:47:02.166+0000] {dag.py:2742} INFO - Sync 1 DAGs
[2025-02-06T16:47:02.180+0000] {logging_mixin.py:150} INFO - [2025-02-06T16:47:02.180+0000] {dag.py:3504} INFO - Setting next_dagrun for example_task_group_decorator to 2025-02-05T16:47:02.180321+00:00, run_after=2025-02-06T16:47:02.180321+00:00
[2025-02-06T16:47:02.196+0000] {processor.py:179} INFO - Processing /home/vscode/.local/lib/python3.10/site-packages/airflow/example_dags/example_task_group_decorator.py took 0.061 seconds
[2025-02-06T16:47:47.578+0000] {processor.py:157} INFO - Started process (PID=9389) to work on /home/vscode/.local/lib/python3.10/site-packages/airflow/example_dags/example_task_group_decorator.py
[2025-02-06T16:47:47.579+0000] {processor.py:826} INFO - Processing file /home/vscode/.local/lib/python3.10/site-packages/airflow/example_dags/example_task_group_decorator.py for tasks to queue
[2025-02-06T16:47:47.580+0000] {logging_mixin.py:150} INFO - [2025-02-06T16:47:47.580+0000] {dagbag.py:541} INFO - Filling up the DagBag from /home/vscode/.local/lib/python3.10/site-packages/airflow/example_dags/example_task_group_decorator.py
[2025-02-06T16:47:47.592+0000] {processor.py:836} INFO - DAG(s) dict_keys(['example_task_group_decorator']) retrieved from /home/vscode/.local/lib/python3.10/site-packages/airflow/example_dags/example_task_group_decorator.py
[2025-02-06T16:47:47.606+0000] {logging_mixin.py:150} INFO - [2025-02-06T16:47:47.606+0000] {dag.py:2742} INFO - Sync 1 DAGs
[2025-02-06T16:47:47.620+0000] {logging_mixin.py:150} INFO - [2025-02-06T16:47:47.620+0000] {dag.py:3504} INFO - Setting next_dagrun for example_task_group_decorator to 2025-02-05T16:47:47.620654+00:00, run_after=2025-02-06T16:47:47.620654+00:00
[2025-02-06T16:47:47.635+0000] {processor.py:179} INFO - Processing /home/vscode/.local/lib/python3.10/site-packages/airflow/example_dags/example_task_group_decorator.py took 0.059 seconds
[2025-02-06T16:48:32.959+0000] {processor.py:157} INFO - Started process (PID=9703) to work on /home/vscode/.local/lib/python3.10/site-packages/airflow/example_dags/example_task_group_decorator.py
[2025-02-06T16:48:32.960+0000] {processor.py:826} INFO - Processing file /home/vscode/.local/lib/python3.10/site-packages/airflow/example_dags/example_task_group_decorator.py for tasks to queue
[2025-02-06T16:48:32.961+0000] {logging_mixin.py:150} INFO - [2025-02-06T16:48:32.961+0000] {dagbag.py:541} INFO - Filling up the DagBag from /home/vscode/.local/lib/python3.10/site-packages/airflow/example_dags/example_task_group_decorator.py
[2025-02-06T16:48:32.973+0000] {processor.py:836} INFO - DAG(s) dict_keys(['example_task_group_decorator']) retrieved from /home/vscode/.local/lib/python3.10/site-packages/airflow/example_dags/example_task_group_decorator.py
[2025-02-06T16:48:32.988+0000] {logging_mixin.py:150} INFO - [2025-02-06T16:48:32.987+0000] {dag.py:2742} INFO - Sync 1 DAGs
[2025-02-06T16:48:33.002+0000] {logging_mixin.py:150} INFO - [2025-02-06T16:48:33.002+0000] {dag.py:3504} INFO - Setting next_dagrun for example_task_group_decorator to 2025-02-05T16:48:33.002460+00:00, run_after=2025-02-06T16:48:33.002460+00:00
[2025-02-06T16:48:33.019+0000] {processor.py:179} INFO - Processing /home/vscode/.local/lib/python3.10/site-packages/airflow/example_dags/example_task_group_decorator.py took 0.062 seconds
[2025-02-06T16:49:19.342+0000] {processor.py:157} INFO - Started process (PID=10033) to work on /home/vscode/.local/lib/python3.10/site-packages/airflow/example_dags/example_task_group_decorator.py
[2025-02-06T16:49:19.343+0000] {processor.py:826} INFO - Processing file /home/vscode/.local/lib/python3.10/site-packages/airflow/example_dags/example_task_group_decorator.py for tasks to queue
[2025-02-06T16:49:19.344+0000] {logging_mixin.py:150} INFO - [2025-02-06T16:49:19.343+0000] {dagbag.py:541} INFO - Filling up the DagBag from /home/vscode/.local/lib/python3.10/site-packages/airflow/example_dags/example_task_group_decorator.py
[2025-02-06T16:49:19.356+0000] {processor.py:836} INFO - DAG(s) dict_keys(['example_task_group_decorator']) retrieved from /home/vscode/.local/lib/python3.10/site-packages/airflow/example_dags/example_task_group_decorator.py
[2025-02-06T16:49:19.370+0000] {logging_mixin.py:150} INFO - [2025-02-06T16:49:19.370+0000] {dag.py:2742} INFO - Sync 1 DAGs
[2025-02-06T16:49:19.387+0000] {logging_mixin.py:150} INFO - [2025-02-06T16:49:19.387+0000] {dag.py:3504} INFO - Setting next_dagrun for example_task_group_decorator to 2025-02-05T16:49:19.387205+00:00, run_after=2025-02-06T16:49:19.387205+00:00
[2025-02-06T16:49:19.402+0000] {processor.py:179} INFO - Processing /home/vscode/.local/lib/python3.10/site-packages/airflow/example_dags/example_task_group_decorator.py took 0.062 seconds
[2025-02-06T16:50:00.332+0000] {processor.py:157} INFO - Started process (PID=10340) to work on /home/vscode/.local/lib/python3.10/site-packages/airflow/example_dags/example_task_group_decorator.py
[2025-02-06T16:50:00.333+0000] {processor.py:826} INFO - Processing file /home/vscode/.local/lib/python3.10/site-packages/airflow/example_dags/example_task_group_decorator.py for tasks to queue
[2025-02-06T16:50:00.334+0000] {logging_mixin.py:150} INFO - [2025-02-06T16:50:00.334+0000] {dagbag.py:541} INFO - Filling up the DagBag from /home/vscode/.local/lib/python3.10/site-packages/airflow/example_dags/example_task_group_decorator.py
[2025-02-06T16:50:00.346+0000] {processor.py:836} INFO - DAG(s) dict_keys(['example_task_group_decorator']) retrieved from /home/vscode/.local/lib/python3.10/site-packages/airflow/example_dags/example_task_group_decorator.py
[2025-02-06T16:50:00.361+0000] {logging_mixin.py:150} INFO - [2025-02-06T16:50:00.361+0000] {dag.py:2742} INFO - Sync 1 DAGs
[2025-02-06T16:50:00.376+0000] {logging_mixin.py:150} INFO - [2025-02-06T16:50:00.376+0000] {dag.py:3504} INFO - Setting next_dagrun for example_task_group_decorator to 2025-02-05T16:50:00.376261+00:00, run_after=2025-02-06T16:50:00.376261+00:00
[2025-02-06T16:50:00.391+0000] {processor.py:179} INFO - Processing /home/vscode/.local/lib/python3.10/site-packages/airflow/example_dags/example_task_group_decorator.py took 0.061 seconds
[2025-02-06T16:50:40.853+0000] {processor.py:157} INFO - Started process (PID=10639) to work on /home/vscode/.local/lib/python3.10/site-packages/airflow/example_dags/example_task_group_decorator.py
[2025-02-06T16:50:40.854+0000] {processor.py:826} INFO - Processing file /home/vscode/.local/lib/python3.10/site-packages/airflow/example_dags/example_task_group_decorator.py for tasks to queue
[2025-02-06T16:50:40.855+0000] {logging_mixin.py:150} INFO - [2025-02-06T16:50:40.854+0000] {dagbag.py:541} INFO - Filling up the DagBag from /home/vscode/.local/lib/python3.10/site-packages/airflow/example_dags/example_task_group_decorator.py
[2025-02-06T16:50:40.866+0000] {processor.py:836} INFO - DAG(s) dict_keys(['example_task_group_decorator']) retrieved from /home/vscode/.local/lib/python3.10/site-packages/airflow/example_dags/example_task_group_decorator.py
[2025-02-06T16:50:40.882+0000] {logging_mixin.py:150} INFO - [2025-02-06T16:50:40.881+0000] {dag.py:2742} INFO - Sync 1 DAGs
[2025-02-06T16:50:40.897+0000] {logging_mixin.py:150} INFO - [2025-02-06T16:50:40.896+0000] {dag.py:3504} INFO - Setting next_dagrun for example_task_group_decorator to 2025-02-05T16:50:40.896806+00:00, run_after=2025-02-06T16:50:40.896806+00:00
[2025-02-06T16:50:40.912+0000] {processor.py:179} INFO - Processing /home/vscode/.local/lib/python3.10/site-packages/airflow/example_dags/example_task_group_decorator.py took 0.061 seconds
[2025-02-06T16:51:28.704+0000] {processor.py:157} INFO - Started process (PID=11000) to work on /home/vscode/.local/lib/python3.10/site-packages/airflow/example_dags/example_task_group_decorator.py
[2025-02-06T16:51:28.705+0000] {processor.py:826} INFO - Processing file /home/vscode/.local/lib/python3.10/site-packages/airflow/example_dags/example_task_group_decorator.py for tasks to queue
[2025-02-06T16:51:28.705+0000] {logging_mixin.py:150} INFO - [2025-02-06T16:51:28.705+0000] {dagbag.py:541} INFO - Filling up the DagBag from /home/vscode/.local/lib/python3.10/site-packages/airflow/example_dags/example_task_group_decorator.py
[2025-02-06T16:51:28.717+0000] {processor.py:836} INFO - DAG(s) dict_keys(['example_task_group_decorator']) retrieved from /home/vscode/.local/lib/python3.10/site-packages/airflow/example_dags/example_task_group_decorator.py
[2025-02-06T16:51:28.732+0000] {logging_mixin.py:150} INFO - [2025-02-06T16:51:28.732+0000] {dag.py:2742} INFO - Sync 1 DAGs
[2025-02-06T16:51:28.747+0000] {logging_mixin.py:150} INFO - [2025-02-06T16:51:28.747+0000] {dag.py:3504} INFO - Setting next_dagrun for example_task_group_decorator to 2025-02-05T16:51:28.747163+00:00, run_after=2025-02-06T16:51:28.747163+00:00
[2025-02-06T16:51:28.762+0000] {processor.py:179} INFO - Processing /home/vscode/.local/lib/python3.10/site-packages/airflow/example_dags/example_task_group_decorator.py took 0.061 seconds
[2025-02-06T16:52:10.942+0000] {processor.py:157} INFO - Started process (PID=11284) to work on /home/vscode/.local/lib/python3.10/site-packages/airflow/example_dags/example_task_group_decorator.py
[2025-02-06T16:52:10.944+0000] {processor.py:826} INFO - Processing file /home/vscode/.local/lib/python3.10/site-packages/airflow/example_dags/example_task_group_decorator.py for tasks to queue
[2025-02-06T16:52:10.945+0000] {logging_mixin.py:150} INFO - [2025-02-06T16:52:10.944+0000] {dagbag.py:541} INFO - Filling up the DagBag from /home/vscode/.local/lib/python3.10/site-packages/airflow/example_dags/example_task_group_decorator.py
[2025-02-06T16:52:10.962+0000] {processor.py:836} INFO - DAG(s) dict_keys(['example_task_group_decorator']) retrieved from /home/vscode/.local/lib/python3.10/site-packages/airflow/example_dags/example_task_group_decorator.py
[2025-02-06T16:52:10.985+0000] {logging_mixin.py:150} INFO - [2025-02-06T16:52:10.985+0000] {dag.py:2742} INFO - Sync 1 DAGs
[2025-02-06T16:52:11.006+0000] {logging_mixin.py:150} INFO - [2025-02-06T16:52:11.006+0000] {dag.py:3504} INFO - Setting next_dagrun for example_task_group_decorator to 2025-02-05T16:52:11.005957+00:00, run_after=2025-02-06T16:52:11.005957+00:00
[2025-02-06T16:52:11.024+0000] {processor.py:179} INFO - Processing /home/vscode/.local/lib/python3.10/site-packages/airflow/example_dags/example_task_group_decorator.py took 0.085 seconds
[2025-02-06T16:52:57.559+0000] {processor.py:157} INFO - Started process (PID=11602) to work on /home/vscode/.local/lib/python3.10/site-packages/airflow/example_dags/example_task_group_decorator.py
[2025-02-06T16:52:57.559+0000] {processor.py:826} INFO - Processing file /home/vscode/.local/lib/python3.10/site-packages/airflow/example_dags/example_task_group_decorator.py for tasks to queue
[2025-02-06T16:52:57.560+0000] {logging_mixin.py:150} INFO - [2025-02-06T16:52:57.560+0000] {dagbag.py:541} INFO - Filling up the DagBag from /home/vscode/.local/lib/python3.10/site-packages/airflow/example_dags/example_task_group_decorator.py
[2025-02-06T16:52:57.572+0000] {processor.py:836} INFO - DAG(s) dict_keys(['example_task_group_decorator']) retrieved from /home/vscode/.local/lib/python3.10/site-packages/airflow/example_dags/example_task_group_decorator.py
[2025-02-06T16:52:57.587+0000] {logging_mixin.py:150} INFO - [2025-02-06T16:52:57.587+0000] {dag.py:2742} INFO - Sync 1 DAGs
[2025-02-06T16:52:57.604+0000] {logging_mixin.py:150} INFO - [2025-02-06T16:52:57.604+0000] {dag.py:3504} INFO - Setting next_dagrun for example_task_group_decorator to 2025-02-05T16:52:57.604467+00:00, run_after=2025-02-06T16:52:57.604467+00:00
[2025-02-06T16:52:57.626+0000] {processor.py:179} INFO - Processing /home/vscode/.local/lib/python3.10/site-packages/airflow/example_dags/example_task_group_decorator.py took 0.070 seconds
[2025-02-06T16:53:41.099+0000] {processor.py:157} INFO - Started process (PID=11900) to work on /home/vscode/.local/lib/python3.10/site-packages/airflow/example_dags/example_task_group_decorator.py
[2025-02-06T16:53:41.100+0000] {processor.py:826} INFO - Processing file /home/vscode/.local/lib/python3.10/site-packages/airflow/example_dags/example_task_group_decorator.py for tasks to queue
[2025-02-06T16:53:41.100+0000] {logging_mixin.py:150} INFO - [2025-02-06T16:53:41.100+0000] {dagbag.py:541} INFO - Filling up the DagBag from /home/vscode/.local/lib/python3.10/site-packages/airflow/example_dags/example_task_group_decorator.py
[2025-02-06T16:53:41.112+0000] {processor.py:836} INFO - DAG(s) dict_keys(['example_task_group_decorator']) retrieved from /home/vscode/.local/lib/python3.10/site-packages/airflow/example_dags/example_task_group_decorator.py
[2025-02-06T16:53:41.128+0000] {logging_mixin.py:150} INFO - [2025-02-06T16:53:41.127+0000] {dag.py:2742} INFO - Sync 1 DAGs
[2025-02-06T16:53:41.142+0000] {logging_mixin.py:150} INFO - [2025-02-06T16:53:41.142+0000] {dag.py:3504} INFO - Setting next_dagrun for example_task_group_decorator to 2025-02-05T16:53:41.142482+00:00, run_after=2025-02-06T16:53:41.142482+00:00
[2025-02-06T16:53:41.158+0000] {processor.py:179} INFO - Processing /home/vscode/.local/lib/python3.10/site-packages/airflow/example_dags/example_task_group_decorator.py took 0.061 seconds
[2025-02-06T16:54:30.479+0000] {processor.py:157} INFO - Started process (PID=12296) to work on /home/vscode/.local/lib/python3.10/site-packages/airflow/example_dags/example_task_group_decorator.py
[2025-02-06T16:54:30.480+0000] {processor.py:826} INFO - Processing file /home/vscode/.local/lib/python3.10/site-packages/airflow/example_dags/example_task_group_decorator.py for tasks to queue
[2025-02-06T16:54:30.481+0000] {logging_mixin.py:150} INFO - [2025-02-06T16:54:30.480+0000] {dagbag.py:541} INFO - Filling up the DagBag from /home/vscode/.local/lib/python3.10/site-packages/airflow/example_dags/example_task_group_decorator.py
[2025-02-06T16:54:30.492+0000] {processor.py:836} INFO - DAG(s) dict_keys(['example_task_group_decorator']) retrieved from /home/vscode/.local/lib/python3.10/site-packages/airflow/example_dags/example_task_group_decorator.py
[2025-02-06T16:54:30.507+0000] {logging_mixin.py:150} INFO - [2025-02-06T16:54:30.507+0000] {dag.py:2742} INFO - Sync 1 DAGs
[2025-02-06T16:54:30.522+0000] {logging_mixin.py:150} INFO - [2025-02-06T16:54:30.522+0000] {dag.py:3504} INFO - Setting next_dagrun for example_task_group_decorator to 2025-02-05T16:54:30.521869+00:00, run_after=2025-02-06T16:54:30.521869+00:00
[2025-02-06T16:54:30.541+0000] {processor.py:179} INFO - Processing /home/vscode/.local/lib/python3.10/site-packages/airflow/example_dags/example_task_group_decorator.py took 0.065 seconds
[2025-02-06T16:55:19.548+0000] {processor.py:157} INFO - Started process (PID=12657) to work on /home/vscode/.local/lib/python3.10/site-packages/airflow/example_dags/example_task_group_decorator.py
[2025-02-06T16:55:19.549+0000] {processor.py:826} INFO - Processing file /home/vscode/.local/lib/python3.10/site-packages/airflow/example_dags/example_task_group_decorator.py for tasks to queue
[2025-02-06T16:55:19.550+0000] {logging_mixin.py:150} INFO - [2025-02-06T16:55:19.549+0000] {dagbag.py:541} INFO - Filling up the DagBag from /home/vscode/.local/lib/python3.10/site-packages/airflow/example_dags/example_task_group_decorator.py
[2025-02-06T16:55:19.561+0000] {processor.py:836} INFO - DAG(s) dict_keys(['example_task_group_decorator']) retrieved from /home/vscode/.local/lib/python3.10/site-packages/airflow/example_dags/example_task_group_decorator.py
[2025-02-06T16:55:19.576+0000] {logging_mixin.py:150} INFO - [2025-02-06T16:55:19.576+0000] {dag.py:2742} INFO - Sync 1 DAGs
[2025-02-06T16:55:19.591+0000] {logging_mixin.py:150} INFO - [2025-02-06T16:55:19.591+0000] {dag.py:3504} INFO - Setting next_dagrun for example_task_group_decorator to 2025-02-05T16:55:19.590953+00:00, run_after=2025-02-06T16:55:19.590953+00:00
[2025-02-06T16:55:19.610+0000] {processor.py:179} INFO - Processing /home/vscode/.local/lib/python3.10/site-packages/airflow/example_dags/example_task_group_decorator.py took 0.065 seconds
[2025-02-06T16:56:06.786+0000] {processor.py:157} INFO - Started process (PID=13127) to work on /home/vscode/.local/lib/python3.10/site-packages/airflow/example_dags/example_task_group_decorator.py
[2025-02-06T16:56:06.787+0000] {processor.py:826} INFO - Processing file /home/vscode/.local/lib/python3.10/site-packages/airflow/example_dags/example_task_group_decorator.py for tasks to queue
[2025-02-06T16:56:06.787+0000] {logging_mixin.py:150} INFO - [2025-02-06T16:56:06.787+0000] {dagbag.py:541} INFO - Filling up the DagBag from /home/vscode/.local/lib/python3.10/site-packages/airflow/example_dags/example_task_group_decorator.py
[2025-02-06T16:56:06.799+0000] {processor.py:836} INFO - DAG(s) dict_keys(['example_task_group_decorator']) retrieved from /home/vscode/.local/lib/python3.10/site-packages/airflow/example_dags/example_task_group_decorator.py
[2025-02-06T16:56:06.815+0000] {logging_mixin.py:150} INFO - [2025-02-06T16:56:06.815+0000] {dag.py:2742} INFO - Sync 1 DAGs
[2025-02-06T16:56:06.830+0000] {logging_mixin.py:150} INFO - [2025-02-06T16:56:06.829+0000] {dag.py:3504} INFO - Setting next_dagrun for example_task_group_decorator to 2025-02-05T16:56:06.829802+00:00, run_after=2025-02-06T16:56:06.829802+00:00
[2025-02-06T16:56:06.845+0000] {processor.py:179} INFO - Processing /home/vscode/.local/lib/python3.10/site-packages/airflow/example_dags/example_task_group_decorator.py took 0.061 seconds
[2025-02-06T16:56:51.304+0000] {processor.py:157} INFO - Started process (PID=13464) to work on /home/vscode/.local/lib/python3.10/site-packages/airflow/example_dags/example_task_group_decorator.py
[2025-02-06T16:56:51.305+0000] {processor.py:826} INFO - Processing file /home/vscode/.local/lib/python3.10/site-packages/airflow/example_dags/example_task_group_decorator.py for tasks to queue
[2025-02-06T16:56:51.305+0000] {logging_mixin.py:150} INFO - [2025-02-06T16:56:51.305+0000] {dagbag.py:541} INFO - Filling up the DagBag from /home/vscode/.local/lib/python3.10/site-packages/airflow/example_dags/example_task_group_decorator.py
[2025-02-06T16:56:51.317+0000] {processor.py:836} INFO - DAG(s) dict_keys(['example_task_group_decorator']) retrieved from /home/vscode/.local/lib/python3.10/site-packages/airflow/example_dags/example_task_group_decorator.py
[2025-02-06T16:56:51.332+0000] {logging_mixin.py:150} INFO - [2025-02-06T16:56:51.332+0000] {dag.py:2742} INFO - Sync 1 DAGs
[2025-02-06T16:56:51.347+0000] {logging_mixin.py:150} INFO - [2025-02-06T16:56:51.346+0000] {dag.py:3504} INFO - Setting next_dagrun for example_task_group_decorator to 2025-02-05T16:56:51.346793+00:00, run_after=2025-02-06T16:56:51.346793+00:00
[2025-02-06T16:56:51.361+0000] {processor.py:179} INFO - Processing /home/vscode/.local/lib/python3.10/site-packages/airflow/example_dags/example_task_group_decorator.py took 0.060 seconds
[2025-02-06T16:57:38.725+0000] {processor.py:157} INFO - Started process (PID=13826) to work on /home/vscode/.local/lib/python3.10/site-packages/airflow/example_dags/example_task_group_decorator.py
[2025-02-06T16:57:38.726+0000] {processor.py:826} INFO - Processing file /home/vscode/.local/lib/python3.10/site-packages/airflow/example_dags/example_task_group_decorator.py for tasks to queue
[2025-02-06T16:57:38.727+0000] {logging_mixin.py:150} INFO - [2025-02-06T16:57:38.727+0000] {dagbag.py:541} INFO - Filling up the DagBag from /home/vscode/.local/lib/python3.10/site-packages/airflow/example_dags/example_task_group_decorator.py
[2025-02-06T16:57:38.739+0000] {processor.py:836} INFO - DAG(s) dict_keys(['example_task_group_decorator']) retrieved from /home/vscode/.local/lib/python3.10/site-packages/airflow/example_dags/example_task_group_decorator.py
[2025-02-06T16:57:38.754+0000] {logging_mixin.py:150} INFO - [2025-02-06T16:57:38.754+0000] {dag.py:2742} INFO - Sync 1 DAGs
[2025-02-06T16:57:38.770+0000] {logging_mixin.py:150} INFO - [2025-02-06T16:57:38.770+0000] {dag.py:3504} INFO - Setting next_dagrun for example_task_group_decorator to 2025-02-05T16:57:38.770424+00:00, run_after=2025-02-06T16:57:38.770424+00:00
[2025-02-06T16:57:38.786+0000] {processor.py:179} INFO - Processing /home/vscode/.local/lib/python3.10/site-packages/airflow/example_dags/example_task_group_decorator.py took 0.063 seconds
[2025-02-06T18:07:38.664+0000] {processor.py:157} INFO - Started process (PID=4849) to work on /home/vscode/.local/lib/python3.10/site-packages/airflow/example_dags/example_task_group_decorator.py
[2025-02-06T18:07:38.667+0000] {processor.py:826} INFO - Processing file /home/vscode/.local/lib/python3.10/site-packages/airflow/example_dags/example_task_group_decorator.py for tasks to queue
[2025-02-06T18:07:38.667+0000] {logging_mixin.py:150} INFO - [2025-02-06T18:07:38.667+0000] {dagbag.py:541} INFO - Filling up the DagBag from /home/vscode/.local/lib/python3.10/site-packages/airflow/example_dags/example_task_group_decorator.py
[2025-02-06T18:07:38.679+0000] {processor.py:836} INFO - DAG(s) dict_keys(['example_task_group_decorator']) retrieved from /home/vscode/.local/lib/python3.10/site-packages/airflow/example_dags/example_task_group_decorator.py
[2025-02-06T18:07:38.805+0000] {logging_mixin.py:150} INFO - [2025-02-06T18:07:38.805+0000] {manager.py:504} INFO - Created Permission View: can read on DAG:example_task_group_decorator
[2025-02-06T18:07:38.812+0000] {logging_mixin.py:150} INFO - [2025-02-06T18:07:38.812+0000] {manager.py:504} INFO - Created Permission View: can delete on DAG:example_task_group_decorator
[2025-02-06T18:07:38.817+0000] {logging_mixin.py:150} INFO - [2025-02-06T18:07:38.817+0000] {manager.py:504} INFO - Created Permission View: can edit on DAG:example_task_group_decorator
[2025-02-06T18:07:38.824+0000] {logging_mixin.py:150} INFO - [2025-02-06T18:07:38.824+0000] {dag.py:2742} INFO - Sync 1 DAGs
[2025-02-06T18:07:38.829+0000] {logging_mixin.py:150} INFO - [2025-02-06T18:07:38.829+0000] {dag.py:2763} INFO - Creating ORM DAG for example_task_group_decorator
[2025-02-06T18:07:38.835+0000] {logging_mixin.py:150} INFO - [2025-02-06T18:07:38.835+0000] {dag.py:3504} INFO - Setting next_dagrun for example_task_group_decorator to 2025-02-05T18:07:38.835077+00:00, run_after=2025-02-06T18:07:38.835077+00:00
[2025-02-06T18:07:38.848+0000] {processor.py:179} INFO - Processing /home/vscode/.local/lib/python3.10/site-packages/airflow/example_dags/example_task_group_decorator.py took 0.185 seconds
[2025-02-06T18:08:26.615+0000] {processor.py:157} INFO - Started process (PID=5276) to work on /home/vscode/.local/lib/python3.10/site-packages/airflow/example_dags/example_task_group_decorator.py
[2025-02-06T18:08:26.616+0000] {processor.py:826} INFO - Processing file /home/vscode/.local/lib/python3.10/site-packages/airflow/example_dags/example_task_group_decorator.py for tasks to queue
[2025-02-06T18:08:26.617+0000] {logging_mixin.py:150} INFO - [2025-02-06T18:08:26.617+0000] {dagbag.py:541} INFO - Filling up the DagBag from /home/vscode/.local/lib/python3.10/site-packages/airflow/example_dags/example_task_group_decorator.py
[2025-02-06T18:08:26.633+0000] {processor.py:836} INFO - DAG(s) dict_keys(['example_task_group_decorator']) retrieved from /home/vscode/.local/lib/python3.10/site-packages/airflow/example_dags/example_task_group_decorator.py
[2025-02-06T18:08:26.654+0000] {logging_mixin.py:150} INFO - [2025-02-06T18:08:26.654+0000] {dag.py:2742} INFO - Sync 1 DAGs
[2025-02-06T18:08:26.674+0000] {logging_mixin.py:150} INFO - [2025-02-06T18:08:26.673+0000] {dag.py:3504} INFO - Setting next_dagrun for example_task_group_decorator to 2025-02-05T18:08:26.673649+00:00, run_after=2025-02-06T18:08:26.673649+00:00
[2025-02-06T18:08:26.710+0000] {processor.py:179} INFO - Processing /home/vscode/.local/lib/python3.10/site-packages/airflow/example_dags/example_task_group_decorator.py took 0.097 seconds
