[2025-02-06T16:44:54.309+0000] {processor.py:157} INFO - Started process (PID=8217) to work on /home/vscode/.local/lib/python3.10/site-packages/airflow/example_dags/example_params_trigger_ui.py
[2025-02-06T16:44:54.310+0000] {processor.py:826} INFO - Processing file /home/vscode/.local/lib/python3.10/site-packages/airflow/example_dags/example_params_trigger_ui.py for tasks to queue
[2025-02-06T16:44:54.311+0000] {logging_mixin.py:150} INFO - [2025-02-06T16:44:54.311+0000] {dagbag.py:541} INFO - Filling up the DagBag from /home/vscode/.local/lib/python3.10/site-packages/airflow/example_dags/example_params_trigger_ui.py
[2025-02-06T16:44:54.324+0000] {processor.py:836} INFO - DAG(s) dict_keys(['example_params_trigger_ui']) retrieved from /home/vscode/.local/lib/python3.10/site-packages/airflow/example_dags/example_params_trigger_ui.py
[2025-02-06T16:44:54.496+0000] {logging_mixin.py:150} INFO - [2025-02-06T16:44:54.496+0000] {manager.py:504} INFO - Created Permission View: can read on DAG:example_params_trigger_ui
[2025-02-06T16:44:54.504+0000] {logging_mixin.py:150} INFO - [2025-02-06T16:44:54.504+0000] {manager.py:504} INFO - Created Permission View: can delete on DAG:example_params_trigger_ui
[2025-02-06T16:44:54.509+0000] {logging_mixin.py:150} INFO - [2025-02-06T16:44:54.509+0000] {manager.py:504} INFO - Created Permission View: can edit on DAG:example_params_trigger_ui
[2025-02-06T16:44:54.516+0000] {logging_mixin.py:150} INFO - [2025-02-06T16:44:54.516+0000] {dag.py:2742} INFO - Sync 1 DAGs
[2025-02-06T16:44:54.522+0000] {logging_mixin.py:150} INFO - [2025-02-06T16:44:54.522+0000] {dag.py:2763} INFO - Creating ORM DAG for example_params_trigger_ui
[2025-02-06T16:44:54.528+0000] {logging_mixin.py:150} INFO - [2025-02-06T16:44:54.528+0000] {dag.py:3504} INFO - Setting next_dagrun for example_params_trigger_ui to None, run_after=None
[2025-02-06T16:44:54.541+0000] {processor.py:179} INFO - Processing /home/vscode/.local/lib/python3.10/site-packages/airflow/example_dags/example_params_trigger_ui.py took 0.234 seconds
[2025-02-06T16:45:44.708+0000] {processor.py:157} INFO - Started process (PID=8552) to work on /home/vscode/.local/lib/python3.10/site-packages/airflow/example_dags/example_params_trigger_ui.py
[2025-02-06T16:45:44.709+0000] {processor.py:826} INFO - Processing file /home/vscode/.local/lib/python3.10/site-packages/airflow/example_dags/example_params_trigger_ui.py for tasks to queue
[2025-02-06T16:45:44.710+0000] {logging_mixin.py:150} INFO - [2025-02-06T16:45:44.709+0000] {dagbag.py:541} INFO - Filling up the DagBag from /home/vscode/.local/lib/python3.10/site-packages/airflow/example_dags/example_params_trigger_ui.py
[2025-02-06T16:45:44.723+0000] {processor.py:836} INFO - DAG(s) dict_keys(['example_params_trigger_ui']) retrieved from /home/vscode/.local/lib/python3.10/site-packages/airflow/example_dags/example_params_trigger_ui.py
[2025-02-06T16:45:44.753+0000] {logging_mixin.py:150} INFO - [2025-02-06T16:45:44.753+0000] {dag.py:2742} INFO - Sync 1 DAGs
[2025-02-06T16:45:44.768+0000] {logging_mixin.py:150} INFO - [2025-02-06T16:45:44.767+0000] {dag.py:3504} INFO - Setting next_dagrun for example_params_trigger_ui to None, run_after=None
[2025-02-06T16:45:44.782+0000] {processor.py:179} INFO - Processing /home/vscode/.local/lib/python3.10/site-packages/airflow/example_dags/example_params_trigger_ui.py took 0.077 seconds
[2025-02-06T16:46:29.328+0000] {processor.py:157} INFO - Started process (PID=8855) to work on /home/vscode/.local/lib/python3.10/site-packages/airflow/example_dags/example_params_trigger_ui.py
[2025-02-06T16:46:29.328+0000] {processor.py:826} INFO - Processing file /home/vscode/.local/lib/python3.10/site-packages/airflow/example_dags/example_params_trigger_ui.py for tasks to queue
[2025-02-06T16:46:29.329+0000] {logging_mixin.py:150} INFO - [2025-02-06T16:46:29.329+0000] {dagbag.py:541} INFO - Filling up the DagBag from /home/vscode/.local/lib/python3.10/site-packages/airflow/example_dags/example_params_trigger_ui.py
[2025-02-06T16:46:29.343+0000] {processor.py:836} INFO - DAG(s) dict_keys(['example_params_trigger_ui']) retrieved from /home/vscode/.local/lib/python3.10/site-packages/airflow/example_dags/example_params_trigger_ui.py
[2025-02-06T16:46:29.373+0000] {logging_mixin.py:150} INFO - [2025-02-06T16:46:29.372+0000] {dag.py:2742} INFO - Sync 1 DAGs
[2025-02-06T16:46:29.387+0000] {logging_mixin.py:150} INFO - [2025-02-06T16:46:29.387+0000] {dag.py:3504} INFO - Setting next_dagrun for example_params_trigger_ui to None, run_after=None
[2025-02-06T16:46:29.404+0000] {processor.py:179} INFO - Processing /home/vscode/.local/lib/python3.10/site-packages/airflow/example_dags/example_params_trigger_ui.py took 0.079 seconds
[2025-02-06T16:47:12.136+0000] {processor.py:157} INFO - Started process (PID=9153) to work on /home/vscode/.local/lib/python3.10/site-packages/airflow/example_dags/example_params_trigger_ui.py
[2025-02-06T16:47:12.137+0000] {processor.py:826} INFO - Processing file /home/vscode/.local/lib/python3.10/site-packages/airflow/example_dags/example_params_trigger_ui.py for tasks to queue
[2025-02-06T16:47:12.137+0000] {logging_mixin.py:150} INFO - [2025-02-06T16:47:12.137+0000] {dagbag.py:541} INFO - Filling up the DagBag from /home/vscode/.local/lib/python3.10/site-packages/airflow/example_dags/example_params_trigger_ui.py
[2025-02-06T16:47:12.150+0000] {processor.py:836} INFO - DAG(s) dict_keys(['example_params_trigger_ui']) retrieved from /home/vscode/.local/lib/python3.10/site-packages/airflow/example_dags/example_params_trigger_ui.py
[2025-02-06T16:47:12.180+0000] {logging_mixin.py:150} INFO - [2025-02-06T16:47:12.180+0000] {dag.py:2742} INFO - Sync 1 DAGs
[2025-02-06T16:47:12.195+0000] {logging_mixin.py:150} INFO - [2025-02-06T16:47:12.195+0000] {dag.py:3504} INFO - Setting next_dagrun for example_params_trigger_ui to None, run_after=None
[2025-02-06T16:47:12.209+0000] {processor.py:179} INFO - Processing /home/vscode/.local/lib/python3.10/site-packages/airflow/example_dags/example_params_trigger_ui.py took 0.076 seconds
[2025-02-06T16:47:59.523+0000] {processor.py:157} INFO - Started process (PID=9469) to work on /home/vscode/.local/lib/python3.10/site-packages/airflow/example_dags/example_params_trigger_ui.py
[2025-02-06T16:47:59.524+0000] {processor.py:826} INFO - Processing file /home/vscode/.local/lib/python3.10/site-packages/airflow/example_dags/example_params_trigger_ui.py for tasks to queue
[2025-02-06T16:47:59.525+0000] {logging_mixin.py:150} INFO - [2025-02-06T16:47:59.524+0000] {dagbag.py:541} INFO - Filling up the DagBag from /home/vscode/.local/lib/python3.10/site-packages/airflow/example_dags/example_params_trigger_ui.py
[2025-02-06T16:47:59.538+0000] {processor.py:836} INFO - DAG(s) dict_keys(['example_params_trigger_ui']) retrieved from /home/vscode/.local/lib/python3.10/site-packages/airflow/example_dags/example_params_trigger_ui.py
[2025-02-06T16:47:59.569+0000] {logging_mixin.py:150} INFO - [2025-02-06T16:47:59.569+0000] {dag.py:2742} INFO - Sync 1 DAGs
[2025-02-06T16:47:59.584+0000] {logging_mixin.py:150} INFO - [2025-02-06T16:47:59.584+0000] {dag.py:3504} INFO - Setting next_dagrun for example_params_trigger_ui to None, run_after=None
[2025-02-06T16:47:59.599+0000] {processor.py:179} INFO - Processing /home/vscode/.local/lib/python3.10/site-packages/airflow/example_dags/example_params_trigger_ui.py took 0.078 seconds
[2025-02-06T16:48:46.396+0000] {processor.py:157} INFO - Started process (PID=9790) to work on /home/vscode/.local/lib/python3.10/site-packages/airflow/example_dags/example_params_trigger_ui.py
[2025-02-06T16:48:46.397+0000] {processor.py:826} INFO - Processing file /home/vscode/.local/lib/python3.10/site-packages/airflow/example_dags/example_params_trigger_ui.py for tasks to queue
[2025-02-06T16:48:46.397+0000] {logging_mixin.py:150} INFO - [2025-02-06T16:48:46.397+0000] {dagbag.py:541} INFO - Filling up the DagBag from /home/vscode/.local/lib/python3.10/site-packages/airflow/example_dags/example_params_trigger_ui.py
[2025-02-06T16:48:46.411+0000] {processor.py:836} INFO - DAG(s) dict_keys(['example_params_trigger_ui']) retrieved from /home/vscode/.local/lib/python3.10/site-packages/airflow/example_dags/example_params_trigger_ui.py
[2025-02-06T16:48:46.442+0000] {logging_mixin.py:150} INFO - [2025-02-06T16:48:46.442+0000] {dag.py:2742} INFO - Sync 1 DAGs
[2025-02-06T16:48:46.457+0000] {logging_mixin.py:150} INFO - [2025-02-06T16:48:46.457+0000] {dag.py:3504} INFO - Setting next_dagrun for example_params_trigger_ui to None, run_after=None
[2025-02-06T16:48:46.473+0000] {processor.py:179} INFO - Processing /home/vscode/.local/lib/python3.10/site-packages/airflow/example_dags/example_params_trigger_ui.py took 0.080 seconds
[2025-02-06T16:49:30.894+0000] {processor.py:157} INFO - Started process (PID=10114) to work on /home/vscode/.local/lib/python3.10/site-packages/airflow/example_dags/example_params_trigger_ui.py
[2025-02-06T16:49:30.894+0000] {processor.py:826} INFO - Processing file /home/vscode/.local/lib/python3.10/site-packages/airflow/example_dags/example_params_trigger_ui.py for tasks to queue
[2025-02-06T16:49:30.895+0000] {logging_mixin.py:150} INFO - [2025-02-06T16:49:30.895+0000] {dagbag.py:541} INFO - Filling up the DagBag from /home/vscode/.local/lib/python3.10/site-packages/airflow/example_dags/example_params_trigger_ui.py
[2025-02-06T16:49:30.909+0000] {processor.py:836} INFO - DAG(s) dict_keys(['example_params_trigger_ui']) retrieved from /home/vscode/.local/lib/python3.10/site-packages/airflow/example_dags/example_params_trigger_ui.py
[2025-02-06T16:49:30.942+0000] {logging_mixin.py:150} INFO - [2025-02-06T16:49:30.942+0000] {dag.py:2742} INFO - Sync 1 DAGs
[2025-02-06T16:49:30.958+0000] {logging_mixin.py:150} INFO - [2025-02-06T16:49:30.958+0000] {dag.py:3504} INFO - Setting next_dagrun for example_params_trigger_ui to None, run_after=None
[2025-02-06T16:49:30.974+0000] {processor.py:179} INFO - Processing /home/vscode/.local/lib/python3.10/site-packages/airflow/example_dags/example_params_trigger_ui.py took 0.083 seconds
[2025-02-06T16:50:10.609+0000] {processor.py:157} INFO - Started process (PID=10420) to work on /home/vscode/.local/lib/python3.10/site-packages/airflow/example_dags/example_params_trigger_ui.py
[2025-02-06T16:50:10.610+0000] {processor.py:826} INFO - Processing file /home/vscode/.local/lib/python3.10/site-packages/airflow/example_dags/example_params_trigger_ui.py for tasks to queue
[2025-02-06T16:50:10.611+0000] {logging_mixin.py:150} INFO - [2025-02-06T16:50:10.611+0000] {dagbag.py:541} INFO - Filling up the DagBag from /home/vscode/.local/lib/python3.10/site-packages/airflow/example_dags/example_params_trigger_ui.py
[2025-02-06T16:50:10.624+0000] {processor.py:836} INFO - DAG(s) dict_keys(['example_params_trigger_ui']) retrieved from /home/vscode/.local/lib/python3.10/site-packages/airflow/example_dags/example_params_trigger_ui.py
[2025-02-06T16:50:10.654+0000] {logging_mixin.py:150} INFO - [2025-02-06T16:50:10.654+0000] {dag.py:2742} INFO - Sync 1 DAGs
[2025-02-06T16:50:10.670+0000] {logging_mixin.py:150} INFO - [2025-02-06T16:50:10.670+0000] {dag.py:3504} INFO - Setting next_dagrun for example_params_trigger_ui to None, run_after=None
[2025-02-06T16:50:10.685+0000] {processor.py:179} INFO - Processing /home/vscode/.local/lib/python3.10/site-packages/airflow/example_dags/example_params_trigger_ui.py took 0.078 seconds
[2025-02-06T16:50:52.841+0000] {processor.py:157} INFO - Started process (PID=10725) to work on /home/vscode/.local/lib/python3.10/site-packages/airflow/example_dags/example_params_trigger_ui.py
[2025-02-06T16:50:52.842+0000] {processor.py:826} INFO - Processing file /home/vscode/.local/lib/python3.10/site-packages/airflow/example_dags/example_params_trigger_ui.py for tasks to queue
[2025-02-06T16:50:52.843+0000] {logging_mixin.py:150} INFO - [2025-02-06T16:50:52.842+0000] {dagbag.py:541} INFO - Filling up the DagBag from /home/vscode/.local/lib/python3.10/site-packages/airflow/example_dags/example_params_trigger_ui.py
[2025-02-06T16:50:52.856+0000] {processor.py:836} INFO - DAG(s) dict_keys(['example_params_trigger_ui']) retrieved from /home/vscode/.local/lib/python3.10/site-packages/airflow/example_dags/example_params_trigger_ui.py
[2025-02-06T16:50:52.886+0000] {logging_mixin.py:150} INFO - [2025-02-06T16:50:52.886+0000] {dag.py:2742} INFO - Sync 1 DAGs
[2025-02-06T16:50:52.901+0000] {logging_mixin.py:150} INFO - [2025-02-06T16:50:52.901+0000] {dag.py:3504} INFO - Setting next_dagrun for example_params_trigger_ui to None, run_after=None
[2025-02-06T16:50:52.916+0000] {processor.py:179} INFO - Processing /home/vscode/.local/lib/python3.10/site-packages/airflow/example_dags/example_params_trigger_ui.py took 0.077 seconds
[2025-02-06T16:51:38.981+0000] {processor.py:157} INFO - Started process (PID=11065) to work on /home/vscode/.local/lib/python3.10/site-packages/airflow/example_dags/example_params_trigger_ui.py
[2025-02-06T16:51:38.982+0000] {processor.py:826} INFO - Processing file /home/vscode/.local/lib/python3.10/site-packages/airflow/example_dags/example_params_trigger_ui.py for tasks to queue
[2025-02-06T16:51:38.982+0000] {logging_mixin.py:150} INFO - [2025-02-06T16:51:38.982+0000] {dagbag.py:541} INFO - Filling up the DagBag from /home/vscode/.local/lib/python3.10/site-packages/airflow/example_dags/example_params_trigger_ui.py
[2025-02-06T16:51:38.996+0000] {processor.py:836} INFO - DAG(s) dict_keys(['example_params_trigger_ui']) retrieved from /home/vscode/.local/lib/python3.10/site-packages/airflow/example_dags/example_params_trigger_ui.py
[2025-02-06T16:51:39.026+0000] {logging_mixin.py:150} INFO - [2025-02-06T16:51:39.025+0000] {dag.py:2742} INFO - Sync 1 DAGs
[2025-02-06T16:51:39.045+0000] {logging_mixin.py:150} INFO - [2025-02-06T16:51:39.045+0000] {dag.py:3504} INFO - Setting next_dagrun for example_params_trigger_ui to None, run_after=None
[2025-02-06T16:51:39.066+0000] {processor.py:179} INFO - Processing /home/vscode/.local/lib/python3.10/site-packages/airflow/example_dags/example_params_trigger_ui.py took 0.087 seconds
[2025-02-06T16:52:20.966+0000] {processor.py:157} INFO - Started process (PID=11352) to work on /home/vscode/.local/lib/python3.10/site-packages/airflow/example_dags/example_params_trigger_ui.py
[2025-02-06T16:52:20.967+0000] {processor.py:826} INFO - Processing file /home/vscode/.local/lib/python3.10/site-packages/airflow/example_dags/example_params_trigger_ui.py for tasks to queue
[2025-02-06T16:52:20.968+0000] {logging_mixin.py:150} INFO - [2025-02-06T16:52:20.967+0000] {dagbag.py:541} INFO - Filling up the DagBag from /home/vscode/.local/lib/python3.10/site-packages/airflow/example_dags/example_params_trigger_ui.py
[2025-02-06T16:52:20.981+0000] {processor.py:836} INFO - DAG(s) dict_keys(['example_params_trigger_ui']) retrieved from /home/vscode/.local/lib/python3.10/site-packages/airflow/example_dags/example_params_trigger_ui.py
[2025-02-06T16:52:21.011+0000] {logging_mixin.py:150} INFO - [2025-02-06T16:52:21.011+0000] {dag.py:2742} INFO - Sync 1 DAGs
[2025-02-06T16:52:21.026+0000] {logging_mixin.py:150} INFO - [2025-02-06T16:52:21.026+0000] {dag.py:3504} INFO - Setting next_dagrun for example_params_trigger_ui to None, run_after=None
[2025-02-06T16:52:21.042+0000] {processor.py:179} INFO - Processing /home/vscode/.local/lib/python3.10/site-packages/airflow/example_dags/example_params_trigger_ui.py took 0.078 seconds
[2025-02-06T16:53:07.692+0000] {processor.py:157} INFO - Started process (PID=11672) to work on /home/vscode/.local/lib/python3.10/site-packages/airflow/example_dags/example_params_trigger_ui.py
[2025-02-06T16:53:07.693+0000] {processor.py:826} INFO - Processing file /home/vscode/.local/lib/python3.10/site-packages/airflow/example_dags/example_params_trigger_ui.py for tasks to queue
[2025-02-06T16:53:07.694+0000] {logging_mixin.py:150} INFO - [2025-02-06T16:53:07.694+0000] {dagbag.py:541} INFO - Filling up the DagBag from /home/vscode/.local/lib/python3.10/site-packages/airflow/example_dags/example_params_trigger_ui.py
[2025-02-06T16:53:07.712+0000] {processor.py:836} INFO - DAG(s) dict_keys(['example_params_trigger_ui']) retrieved from /home/vscode/.local/lib/python3.10/site-packages/airflow/example_dags/example_params_trigger_ui.py
[2025-02-06T16:53:07.761+0000] {logging_mixin.py:150} INFO - [2025-02-06T16:53:07.761+0000] {dag.py:2742} INFO - Sync 1 DAGs
[2025-02-06T16:53:07.783+0000] {logging_mixin.py:150} INFO - [2025-02-06T16:53:07.783+0000] {dag.py:3504} INFO - Setting next_dagrun for example_params_trigger_ui to None, run_after=None
[2025-02-06T16:53:07.800+0000] {processor.py:179} INFO - Processing /home/vscode/.local/lib/python3.10/site-packages/airflow/example_dags/example_params_trigger_ui.py took 0.110 seconds
[2025-02-06T16:53:51.376+0000] {processor.py:157} INFO - Started process (PID=11969) to work on /home/vscode/.local/lib/python3.10/site-packages/airflow/example_dags/example_params_trigger_ui.py
[2025-02-06T16:53:51.377+0000] {processor.py:826} INFO - Processing file /home/vscode/.local/lib/python3.10/site-packages/airflow/example_dags/example_params_trigger_ui.py for tasks to queue
[2025-02-06T16:53:51.377+0000] {logging_mixin.py:150} INFO - [2025-02-06T16:53:51.377+0000] {dagbag.py:541} INFO - Filling up the DagBag from /home/vscode/.local/lib/python3.10/site-packages/airflow/example_dags/example_params_trigger_ui.py
[2025-02-06T16:53:51.390+0000] {processor.py:836} INFO - DAG(s) dict_keys(['example_params_trigger_ui']) retrieved from /home/vscode/.local/lib/python3.10/site-packages/airflow/example_dags/example_params_trigger_ui.py
[2025-02-06T16:53:51.420+0000] {logging_mixin.py:150} INFO - [2025-02-06T16:53:51.420+0000] {dag.py:2742} INFO - Sync 1 DAGs
[2025-02-06T16:53:51.435+0000] {logging_mixin.py:150} INFO - [2025-02-06T16:53:51.435+0000] {dag.py:3504} INFO - Setting next_dagrun for example_params_trigger_ui to None, run_after=None
[2025-02-06T16:53:51.449+0000] {processor.py:179} INFO - Processing /home/vscode/.local/lib/python3.10/site-packages/airflow/example_dags/example_params_trigger_ui.py took 0.076 seconds
[2025-02-06T16:54:35.942+0000] {processor.py:157} INFO - Started process (PID=12338) to work on /home/vscode/.local/lib/python3.10/site-packages/airflow/example_dags/example_params_trigger_ui.py
[2025-02-06T16:54:35.943+0000] {processor.py:826} INFO - Processing file /home/vscode/.local/lib/python3.10/site-packages/airflow/example_dags/example_params_trigger_ui.py for tasks to queue
[2025-02-06T16:54:35.944+0000] {logging_mixin.py:150} INFO - [2025-02-06T16:54:35.944+0000] {dagbag.py:541} INFO - Filling up the DagBag from /home/vscode/.local/lib/python3.10/site-packages/airflow/example_dags/example_params_trigger_ui.py
[2025-02-06T16:54:35.957+0000] {processor.py:836} INFO - DAG(s) dict_keys(['example_params_trigger_ui']) retrieved from /home/vscode/.local/lib/python3.10/site-packages/airflow/example_dags/example_params_trigger_ui.py
[2025-02-06T16:54:35.986+0000] {logging_mixin.py:150} INFO - [2025-02-06T16:54:35.986+0000] {dag.py:2742} INFO - Sync 1 DAGs
[2025-02-06T16:54:36.002+0000] {logging_mixin.py:150} INFO - [2025-02-06T16:54:36.002+0000] {dag.py:3504} INFO - Setting next_dagrun for example_params_trigger_ui to None, run_after=None
[2025-02-06T16:54:36.019+0000] {processor.py:179} INFO - Processing /home/vscode/.local/lib/python3.10/site-packages/airflow/example_dags/example_params_trigger_ui.py took 0.079 seconds
[2025-02-06T16:55:25.099+0000] {processor.py:157} INFO - Started process (PID=12708) to work on /home/vscode/.local/lib/python3.10/site-packages/airflow/example_dags/example_params_trigger_ui.py
[2025-02-06T16:55:25.100+0000] {processor.py:826} INFO - Processing file /home/vscode/.local/lib/python3.10/site-packages/airflow/example_dags/example_params_trigger_ui.py for tasks to queue
[2025-02-06T16:55:25.101+0000] {logging_mixin.py:150} INFO - [2025-02-06T16:55:25.100+0000] {dagbag.py:541} INFO - Filling up the DagBag from /home/vscode/.local/lib/python3.10/site-packages/airflow/example_dags/example_params_trigger_ui.py
[2025-02-06T16:55:25.114+0000] {processor.py:836} INFO - DAG(s) dict_keys(['example_params_trigger_ui']) retrieved from /home/vscode/.local/lib/python3.10/site-packages/airflow/example_dags/example_params_trigger_ui.py
[2025-02-06T16:55:25.143+0000] {logging_mixin.py:150} INFO - [2025-02-06T16:55:25.143+0000] {dag.py:2742} INFO - Sync 1 DAGs
[2025-02-06T16:55:25.157+0000] {logging_mixin.py:150} INFO - [2025-02-06T16:55:25.157+0000] {dag.py:3504} INFO - Setting next_dagrun for example_params_trigger_ui to None, run_after=None
[2025-02-06T16:55:25.172+0000] {processor.py:179} INFO - Processing /home/vscode/.local/lib/python3.10/site-packages/airflow/example_dags/example_params_trigger_ui.py took 0.075 seconds
[2025-02-06T16:56:13.833+0000] {processor.py:157} INFO - Started process (PID=13174) to work on /home/vscode/.local/lib/python3.10/site-packages/airflow/example_dags/example_params_trigger_ui.py
[2025-02-06T16:56:13.839+0000] {processor.py:826} INFO - Processing file /home/vscode/.local/lib/python3.10/site-packages/airflow/example_dags/example_params_trigger_ui.py for tasks to queue
[2025-02-06T16:56:13.840+0000] {logging_mixin.py:150} INFO - [2025-02-06T16:56:13.840+0000] {dagbag.py:541} INFO - Filling up the DagBag from /home/vscode/.local/lib/python3.10/site-packages/airflow/example_dags/example_params_trigger_ui.py
[2025-02-06T16:56:13.865+0000] {processor.py:836} INFO - DAG(s) dict_keys(['example_params_trigger_ui']) retrieved from /home/vscode/.local/lib/python3.10/site-packages/airflow/example_dags/example_params_trigger_ui.py
[2025-02-06T16:56:13.914+0000] {logging_mixin.py:150} INFO - [2025-02-06T16:56:13.913+0000] {dag.py:2742} INFO - Sync 1 DAGs
[2025-02-06T16:56:13.938+0000] {logging_mixin.py:150} INFO - [2025-02-06T16:56:13.938+0000] {dag.py:3504} INFO - Setting next_dagrun for example_params_trigger_ui to None, run_after=None
[2025-02-06T16:56:13.959+0000] {processor.py:179} INFO - Processing /home/vscode/.local/lib/python3.10/site-packages/airflow/example_dags/example_params_trigger_ui.py took 0.142 seconds
[2025-02-06T16:56:57.595+0000] {processor.py:157} INFO - Started process (PID=13510) to work on /home/vscode/.local/lib/python3.10/site-packages/airflow/example_dags/example_params_trigger_ui.py
[2025-02-06T16:56:57.595+0000] {processor.py:826} INFO - Processing file /home/vscode/.local/lib/python3.10/site-packages/airflow/example_dags/example_params_trigger_ui.py for tasks to queue
[2025-02-06T16:56:57.596+0000] {logging_mixin.py:150} INFO - [2025-02-06T16:56:57.596+0000] {dagbag.py:541} INFO - Filling up the DagBag from /home/vscode/.local/lib/python3.10/site-packages/airflow/example_dags/example_params_trigger_ui.py
[2025-02-06T16:56:57.609+0000] {processor.py:836} INFO - DAG(s) dict_keys(['example_params_trigger_ui']) retrieved from /home/vscode/.local/lib/python3.10/site-packages/airflow/example_dags/example_params_trigger_ui.py
[2025-02-06T16:56:57.639+0000] {logging_mixin.py:150} INFO - [2025-02-06T16:56:57.639+0000] {dag.py:2742} INFO - Sync 1 DAGs
[2025-02-06T16:56:57.655+0000] {logging_mixin.py:150} INFO - [2025-02-06T16:56:57.654+0000] {dag.py:3504} INFO - Setting next_dagrun for example_params_trigger_ui to None, run_after=None
[2025-02-06T16:56:57.669+0000] {processor.py:179} INFO - Processing /home/vscode/.local/lib/python3.10/site-packages/airflow/example_dags/example_params_trigger_ui.py took 0.077 seconds
[2025-02-06T16:57:43.863+0000] {processor.py:157} INFO - Started process (PID=13860) to work on /home/vscode/.local/lib/python3.10/site-packages/airflow/example_dags/example_params_trigger_ui.py
[2025-02-06T16:57:43.863+0000] {processor.py:826} INFO - Processing file /home/vscode/.local/lib/python3.10/site-packages/airflow/example_dags/example_params_trigger_ui.py for tasks to queue
[2025-02-06T16:57:43.864+0000] {logging_mixin.py:150} INFO - [2025-02-06T16:57:43.864+0000] {dagbag.py:541} INFO - Filling up the DagBag from /home/vscode/.local/lib/python3.10/site-packages/airflow/example_dags/example_params_trigger_ui.py
[2025-02-06T16:57:43.877+0000] {processor.py:836} INFO - DAG(s) dict_keys(['example_params_trigger_ui']) retrieved from /home/vscode/.local/lib/python3.10/site-packages/airflow/example_dags/example_params_trigger_ui.py
[2025-02-06T16:57:43.907+0000] {logging_mixin.py:150} INFO - [2025-02-06T16:57:43.907+0000] {dag.py:2742} INFO - Sync 1 DAGs
[2025-02-06T16:57:43.921+0000] {logging_mixin.py:150} INFO - [2025-02-06T16:57:43.921+0000] {dag.py:3504} INFO - Setting next_dagrun for example_params_trigger_ui to None, run_after=None
[2025-02-06T16:57:43.936+0000] {processor.py:179} INFO - Processing /home/vscode/.local/lib/python3.10/site-packages/airflow/example_dags/example_params_trigger_ui.py took 0.075 seconds
[2025-02-06T18:07:45.049+0000] {processor.py:157} INFO - Started process (PID=4933) to work on /home/vscode/.local/lib/python3.10/site-packages/airflow/example_dags/example_params_trigger_ui.py
[2025-02-06T18:07:45.051+0000] {processor.py:826} INFO - Processing file /home/vscode/.local/lib/python3.10/site-packages/airflow/example_dags/example_params_trigger_ui.py for tasks to queue
[2025-02-06T18:07:45.052+0000] {logging_mixin.py:150} INFO - [2025-02-06T18:07:45.052+0000] {dagbag.py:541} INFO - Filling up the DagBag from /home/vscode/.local/lib/python3.10/site-packages/airflow/example_dags/example_params_trigger_ui.py
[2025-02-06T18:07:45.064+0000] {processor.py:836} INFO - DAG(s) dict_keys(['example_params_trigger_ui']) retrieved from /home/vscode/.local/lib/python3.10/site-packages/airflow/example_dags/example_params_trigger_ui.py
[2025-02-06T18:07:45.205+0000] {logging_mixin.py:150} INFO - [2025-02-06T18:07:45.205+0000] {manager.py:504} INFO - Created Permission View: can read on DAG:example_params_trigger_ui
[2025-02-06T18:07:45.212+0000] {logging_mixin.py:150} INFO - [2025-02-06T18:07:45.212+0000] {manager.py:504} INFO - Created Permission View: can delete on DAG:example_params_trigger_ui
[2025-02-06T18:07:45.217+0000] {logging_mixin.py:150} INFO - [2025-02-06T18:07:45.217+0000] {manager.py:504} INFO - Created Permission View: can edit on DAG:example_params_trigger_ui
[2025-02-06T18:07:45.224+0000] {logging_mixin.py:150} INFO - [2025-02-06T18:07:45.224+0000] {dag.py:2742} INFO - Sync 1 DAGs
[2025-02-06T18:07:45.229+0000] {logging_mixin.py:150} INFO - [2025-02-06T18:07:45.229+0000] {dag.py:2763} INFO - Creating ORM DAG for example_params_trigger_ui
[2025-02-06T18:07:45.235+0000] {logging_mixin.py:150} INFO - [2025-02-06T18:07:45.234+0000] {dag.py:3504} INFO - Setting next_dagrun for example_params_trigger_ui to None, run_after=None
[2025-02-06T18:07:45.247+0000] {processor.py:179} INFO - Processing /home/vscode/.local/lib/python3.10/site-packages/airflow/example_dags/example_params_trigger_ui.py took 0.199 seconds
[2025-02-06T18:08:31.759+0000] {processor.py:157} INFO - Started process (PID=5346) to work on /home/vscode/.local/lib/python3.10/site-packages/airflow/example_dags/example_params_trigger_ui.py
[2025-02-06T18:08:31.760+0000] {processor.py:826} INFO - Processing file /home/vscode/.local/lib/python3.10/site-packages/airflow/example_dags/example_params_trigger_ui.py for tasks to queue
[2025-02-06T18:08:31.760+0000] {logging_mixin.py:150} INFO - [2025-02-06T18:08:31.760+0000] {dagbag.py:541} INFO - Filling up the DagBag from /home/vscode/.local/lib/python3.10/site-packages/airflow/example_dags/example_params_trigger_ui.py
[2025-02-06T18:08:31.771+0000] {processor.py:836} INFO - DAG(s) dict_keys(['example_params_trigger_ui']) retrieved from /home/vscode/.local/lib/python3.10/site-packages/airflow/example_dags/example_params_trigger_ui.py
[2025-02-06T18:08:31.799+0000] {logging_mixin.py:150} INFO - [2025-02-06T18:08:31.799+0000] {dag.py:2742} INFO - Sync 1 DAGs
[2025-02-06T18:08:31.812+0000] {logging_mixin.py:150} INFO - [2025-02-06T18:08:31.812+0000] {dag.py:3504} INFO - Setting next_dagrun for example_params_trigger_ui to None, run_after=None
[2025-02-06T18:08:31.825+0000] {processor.py:179} INFO - Processing /home/vscode/.local/lib/python3.10/site-packages/airflow/example_dags/example_params_trigger_ui.py took 0.068 seconds
