[2025-02-06T16:44:40.678+0000] {processor.py:157} INFO - Started process (PID=8120) to work on /home/vscode/.local/lib/python3.10/site-packages/airflow/example_dags/example_time_delta_sensor_async.py
[2025-02-06T16:44:40.678+0000] {processor.py:826} INFO - Processing file /home/vscode/.local/lib/python3.10/site-packages/airflow/example_dags/example_time_delta_sensor_async.py for tasks to queue
[2025-02-06T16:44:40.679+0000] {logging_mixin.py:150} INFO - [2025-02-06T16:44:40.679+0000] {dagbag.py:541} INFO - Filling up the DagBag from /home/vscode/.local/lib/python3.10/site-packages/airflow/example_dags/example_time_delta_sensor_async.py
[2025-02-06T16:44:40.683+0000] {processor.py:836} INFO - DAG(s) dict_keys(['example_time_delta_sensor_async']) retrieved from /home/vscode/.local/lib/python3.10/site-packages/airflow/example_dags/example_time_delta_sensor_async.py
[2025-02-06T16:44:40.841+0000] {logging_mixin.py:150} INFO - [2025-02-06T16:44:40.840+0000] {manager.py:504} INFO - Created Permission View: can read on DAG:example_time_delta_sensor_async
[2025-02-06T16:44:40.849+0000] {logging_mixin.py:150} INFO - [2025-02-06T16:44:40.849+0000] {manager.py:504} INFO - Created Permission View: can delete on DAG:example_time_delta_sensor_async
[2025-02-06T16:44:40.855+0000] {logging_mixin.py:150} INFO - [2025-02-06T16:44:40.854+0000] {manager.py:504} INFO - Created Permission View: can edit on DAG:example_time_delta_sensor_async
[2025-02-06T16:44:40.863+0000] {logging_mixin.py:150} INFO - [2025-02-06T16:44:40.863+0000] {dag.py:2742} INFO - Sync 1 DAGs
[2025-02-06T16:44:40.876+0000] {logging_mixin.py:150} INFO - [2025-02-06T16:44:40.876+0000] {dag.py:2763} INFO - Creating ORM DAG for example_time_delta_sensor_async
[2025-02-06T16:44:40.888+0000] {logging_mixin.py:150} INFO - [2025-02-06T16:44:40.888+0000] {dag.py:3504} INFO - Setting next_dagrun for example_time_delta_sensor_async to None, run_after=None
[2025-02-06T16:44:40.936+0000] {processor.py:179} INFO - Processing /home/vscode/.local/lib/python3.10/site-packages/airflow/example_dags/example_time_delta_sensor_async.py took 0.261 seconds
[2025-02-06T16:45:32.664+0000] {processor.py:157} INFO - Started process (PID=8473) to work on /home/vscode/.local/lib/python3.10/site-packages/airflow/example_dags/example_time_delta_sensor_async.py
[2025-02-06T16:45:32.664+0000] {processor.py:826} INFO - Processing file /home/vscode/.local/lib/python3.10/site-packages/airflow/example_dags/example_time_delta_sensor_async.py for tasks to queue
[2025-02-06T16:45:32.665+0000] {logging_mixin.py:150} INFO - [2025-02-06T16:45:32.665+0000] {dagbag.py:541} INFO - Filling up the DagBag from /home/vscode/.local/lib/python3.10/site-packages/airflow/example_dags/example_time_delta_sensor_async.py
[2025-02-06T16:45:32.669+0000] {processor.py:836} INFO - DAG(s) dict_keys(['example_time_delta_sensor_async']) retrieved from /home/vscode/.local/lib/python3.10/site-packages/airflow/example_dags/example_time_delta_sensor_async.py
[2025-02-06T16:45:32.683+0000] {logging_mixin.py:150} INFO - [2025-02-06T16:45:32.683+0000] {dag.py:2742} INFO - Sync 1 DAGs
[2025-02-06T16:45:32.698+0000] {logging_mixin.py:150} INFO - [2025-02-06T16:45:32.698+0000] {dag.py:3504} INFO - Setting next_dagrun for example_time_delta_sensor_async to None, run_after=None
[2025-02-06T16:45:32.714+0000] {processor.py:179} INFO - Processing /home/vscode/.local/lib/python3.10/site-packages/airflow/example_dags/example_time_delta_sensor_async.py took 0.053 seconds
[2025-02-06T16:46:17.847+0000] {processor.py:157} INFO - Started process (PID=8777) to work on /home/vscode/.local/lib/python3.10/site-packages/airflow/example_dags/example_time_delta_sensor_async.py
[2025-02-06T16:46:17.848+0000] {processor.py:826} INFO - Processing file /home/vscode/.local/lib/python3.10/site-packages/airflow/example_dags/example_time_delta_sensor_async.py for tasks to queue
[2025-02-06T16:46:17.849+0000] {logging_mixin.py:150} INFO - [2025-02-06T16:46:17.848+0000] {dagbag.py:541} INFO - Filling up the DagBag from /home/vscode/.local/lib/python3.10/site-packages/airflow/example_dags/example_time_delta_sensor_async.py
[2025-02-06T16:46:17.852+0000] {processor.py:836} INFO - DAG(s) dict_keys(['example_time_delta_sensor_async']) retrieved from /home/vscode/.local/lib/python3.10/site-packages/airflow/example_dags/example_time_delta_sensor_async.py
[2025-02-06T16:46:17.866+0000] {logging_mixin.py:150} INFO - [2025-02-06T16:46:17.866+0000] {dag.py:2742} INFO - Sync 1 DAGs
[2025-02-06T16:46:17.882+0000] {logging_mixin.py:150} INFO - [2025-02-06T16:46:17.881+0000] {dag.py:3504} INFO - Setting next_dagrun for example_time_delta_sensor_async to None, run_after=None
[2025-02-06T16:46:17.896+0000] {processor.py:179} INFO - Processing /home/vscode/.local/lib/python3.10/site-packages/airflow/example_dags/example_time_delta_sensor_async.py took 0.052 seconds
[2025-02-06T16:46:56.716+0000] {processor.py:157} INFO - Started process (PID=9042) to work on /home/vscode/.local/lib/python3.10/site-packages/airflow/example_dags/example_time_delta_sensor_async.py
[2025-02-06T16:46:56.717+0000] {processor.py:826} INFO - Processing file /home/vscode/.local/lib/python3.10/site-packages/airflow/example_dags/example_time_delta_sensor_async.py for tasks to queue
[2025-02-06T16:46:56.718+0000] {logging_mixin.py:150} INFO - [2025-02-06T16:46:56.718+0000] {dagbag.py:541} INFO - Filling up the DagBag from /home/vscode/.local/lib/python3.10/site-packages/airflow/example_dags/example_time_delta_sensor_async.py
[2025-02-06T16:46:56.722+0000] {processor.py:836} INFO - DAG(s) dict_keys(['example_time_delta_sensor_async']) retrieved from /home/vscode/.local/lib/python3.10/site-packages/airflow/example_dags/example_time_delta_sensor_async.py
[2025-02-06T16:46:56.736+0000] {logging_mixin.py:150} INFO - [2025-02-06T16:46:56.736+0000] {dag.py:2742} INFO - Sync 1 DAGs
[2025-02-06T16:46:56.750+0000] {logging_mixin.py:150} INFO - [2025-02-06T16:46:56.750+0000] {dag.py:3504} INFO - Setting next_dagrun for example_time_delta_sensor_async to None, run_after=None
[2025-02-06T16:46:56.765+0000] {processor.py:179} INFO - Processing /home/vscode/.local/lib/python3.10/site-packages/airflow/example_dags/example_time_delta_sensor_async.py took 0.051 seconds
[2025-02-06T16:47:42.960+0000] {processor.py:157} INFO - Started process (PID=9360) to work on /home/vscode/.local/lib/python3.10/site-packages/airflow/example_dags/example_time_delta_sensor_async.py
[2025-02-06T16:47:42.961+0000] {processor.py:826} INFO - Processing file /home/vscode/.local/lib/python3.10/site-packages/airflow/example_dags/example_time_delta_sensor_async.py for tasks to queue
[2025-02-06T16:47:42.962+0000] {logging_mixin.py:150} INFO - [2025-02-06T16:47:42.961+0000] {dagbag.py:541} INFO - Filling up the DagBag from /home/vscode/.local/lib/python3.10/site-packages/airflow/example_dags/example_time_delta_sensor_async.py
[2025-02-06T16:47:42.966+0000] {processor.py:836} INFO - DAG(s) dict_keys(['example_time_delta_sensor_async']) retrieved from /home/vscode/.local/lib/python3.10/site-packages/airflow/example_dags/example_time_delta_sensor_async.py
[2025-02-06T16:47:42.979+0000] {logging_mixin.py:150} INFO - [2025-02-06T16:47:42.979+0000] {dag.py:2742} INFO - Sync 1 DAGs
[2025-02-06T16:47:42.993+0000] {logging_mixin.py:150} INFO - [2025-02-06T16:47:42.993+0000] {dag.py:3504} INFO - Setting next_dagrun for example_time_delta_sensor_async to None, run_after=None
[2025-02-06T16:47:43.007+0000] {processor.py:179} INFO - Processing /home/vscode/.local/lib/python3.10/site-packages/airflow/example_dags/example_time_delta_sensor_async.py took 0.049 seconds
[2025-02-06T16:48:27.257+0000] {processor.py:157} INFO - Started process (PID=9660) to work on /home/vscode/.local/lib/python3.10/site-packages/airflow/example_dags/example_time_delta_sensor_async.py
[2025-02-06T16:48:27.257+0000] {processor.py:826} INFO - Processing file /home/vscode/.local/lib/python3.10/site-packages/airflow/example_dags/example_time_delta_sensor_async.py for tasks to queue
[2025-02-06T16:48:27.258+0000] {logging_mixin.py:150} INFO - [2025-02-06T16:48:27.258+0000] {dagbag.py:541} INFO - Filling up the DagBag from /home/vscode/.local/lib/python3.10/site-packages/airflow/example_dags/example_time_delta_sensor_async.py
[2025-02-06T16:48:27.263+0000] {processor.py:836} INFO - DAG(s) dict_keys(['example_time_delta_sensor_async']) retrieved from /home/vscode/.local/lib/python3.10/site-packages/airflow/example_dags/example_time_delta_sensor_async.py
[2025-02-06T16:48:27.276+0000] {logging_mixin.py:150} INFO - [2025-02-06T16:48:27.276+0000] {dag.py:2742} INFO - Sync 1 DAGs
[2025-02-06T16:48:27.291+0000] {logging_mixin.py:150} INFO - [2025-02-06T16:48:27.291+0000] {dag.py:3504} INFO - Setting next_dagrun for example_time_delta_sensor_async to None, run_after=None
[2025-02-06T16:48:27.307+0000] {processor.py:179} INFO - Processing /home/vscode/.local/lib/python3.10/site-packages/airflow/example_dags/example_time_delta_sensor_async.py took 0.052 seconds
[2025-02-06T16:49:03.949+0000] {processor.py:157} INFO - Started process (PID=9916) to work on /home/vscode/.local/lib/python3.10/site-packages/airflow/example_dags/example_time_delta_sensor_async.py
[2025-02-06T16:49:03.949+0000] {processor.py:826} INFO - Processing file /home/vscode/.local/lib/python3.10/site-packages/airflow/example_dags/example_time_delta_sensor_async.py for tasks to queue
[2025-02-06T16:49:03.950+0000] {logging_mixin.py:150} INFO - [2025-02-06T16:49:03.950+0000] {dagbag.py:541} INFO - Filling up the DagBag from /home/vscode/.local/lib/python3.10/site-packages/airflow/example_dags/example_time_delta_sensor_async.py
[2025-02-06T16:49:03.954+0000] {processor.py:836} INFO - DAG(s) dict_keys(['example_time_delta_sensor_async']) retrieved from /home/vscode/.local/lib/python3.10/site-packages/airflow/example_dags/example_time_delta_sensor_async.py
[2025-02-06T16:49:03.968+0000] {logging_mixin.py:150} INFO - [2025-02-06T16:49:03.967+0000] {dag.py:2742} INFO - Sync 1 DAGs
[2025-02-06T16:49:03.982+0000] {logging_mixin.py:150} INFO - [2025-02-06T16:49:03.982+0000] {dag.py:3504} INFO - Setting next_dagrun for example_time_delta_sensor_async to None, run_after=None
[2025-02-06T16:49:03.996+0000] {processor.py:179} INFO - Processing /home/vscode/.local/lib/python3.10/site-packages/airflow/example_dags/example_time_delta_sensor_async.py took 0.050 seconds
[2025-02-06T16:49:47.205+0000] {processor.py:157} INFO - Started process (PID=10239) to work on /home/vscode/.local/lib/python3.10/site-packages/airflow/example_dags/example_time_delta_sensor_async.py
[2025-02-06T16:49:47.205+0000] {processor.py:826} INFO - Processing file /home/vscode/.local/lib/python3.10/site-packages/airflow/example_dags/example_time_delta_sensor_async.py for tasks to queue
[2025-02-06T16:49:47.206+0000] {logging_mixin.py:150} INFO - [2025-02-06T16:49:47.206+0000] {dagbag.py:541} INFO - Filling up the DagBag from /home/vscode/.local/lib/python3.10/site-packages/airflow/example_dags/example_time_delta_sensor_async.py
[2025-02-06T16:49:47.210+0000] {processor.py:836} INFO - DAG(s) dict_keys(['example_time_delta_sensor_async']) retrieved from /home/vscode/.local/lib/python3.10/site-packages/airflow/example_dags/example_time_delta_sensor_async.py
[2025-02-06T16:49:47.224+0000] {logging_mixin.py:150} INFO - [2025-02-06T16:49:47.224+0000] {dag.py:2742} INFO - Sync 1 DAGs
[2025-02-06T16:49:47.240+0000] {logging_mixin.py:150} INFO - [2025-02-06T16:49:47.240+0000] {dag.py:3504} INFO - Setting next_dagrun for example_time_delta_sensor_async to None, run_after=None
[2025-02-06T16:49:47.255+0000] {processor.py:179} INFO - Processing /home/vscode/.local/lib/python3.10/site-packages/airflow/example_dags/example_time_delta_sensor_async.py took 0.053 seconds
[2025-02-06T16:50:25.458+0000] {processor.py:157} INFO - Started process (PID=10534) to work on /home/vscode/.local/lib/python3.10/site-packages/airflow/example_dags/example_time_delta_sensor_async.py
[2025-02-06T16:50:25.459+0000] {processor.py:826} INFO - Processing file /home/vscode/.local/lib/python3.10/site-packages/airflow/example_dags/example_time_delta_sensor_async.py for tasks to queue
[2025-02-06T16:50:25.460+0000] {logging_mixin.py:150} INFO - [2025-02-06T16:50:25.459+0000] {dagbag.py:541} INFO - Filling up the DagBag from /home/vscode/.local/lib/python3.10/site-packages/airflow/example_dags/example_time_delta_sensor_async.py
[2025-02-06T16:50:25.463+0000] {processor.py:836} INFO - DAG(s) dict_keys(['example_time_delta_sensor_async']) retrieved from /home/vscode/.local/lib/python3.10/site-packages/airflow/example_dags/example_time_delta_sensor_async.py
[2025-02-06T16:50:25.477+0000] {logging_mixin.py:150} INFO - [2025-02-06T16:50:25.477+0000] {dag.py:2742} INFO - Sync 1 DAGs
[2025-02-06T16:50:25.492+0000] {logging_mixin.py:150} INFO - [2025-02-06T16:50:25.492+0000] {dag.py:3504} INFO - Setting next_dagrun for example_time_delta_sensor_async to None, run_after=None
[2025-02-06T16:50:25.507+0000] {processor.py:179} INFO - Processing /home/vscode/.local/lib/python3.10/site-packages/airflow/example_dags/example_time_delta_sensor_async.py took 0.051 seconds
[2025-02-06T16:51:10.539+0000] {processor.py:157} INFO - Started process (PID=10869) to work on /home/vscode/.local/lib/python3.10/site-packages/airflow/example_dags/example_time_delta_sensor_async.py
[2025-02-06T16:51:10.540+0000] {processor.py:826} INFO - Processing file /home/vscode/.local/lib/python3.10/site-packages/airflow/example_dags/example_time_delta_sensor_async.py for tasks to queue
[2025-02-06T16:51:10.541+0000] {logging_mixin.py:150} INFO - [2025-02-06T16:51:10.541+0000] {dagbag.py:541} INFO - Filling up the DagBag from /home/vscode/.local/lib/python3.10/site-packages/airflow/example_dags/example_time_delta_sensor_async.py
[2025-02-06T16:51:10.545+0000] {processor.py:836} INFO - DAG(s) dict_keys(['example_time_delta_sensor_async']) retrieved from /home/vscode/.local/lib/python3.10/site-packages/airflow/example_dags/example_time_delta_sensor_async.py
[2025-02-06T16:51:10.558+0000] {logging_mixin.py:150} INFO - [2025-02-06T16:51:10.558+0000] {dag.py:2742} INFO - Sync 1 DAGs
[2025-02-06T16:51:10.575+0000] {logging_mixin.py:150} INFO - [2025-02-06T16:51:10.575+0000] {dag.py:3504} INFO - Setting next_dagrun for example_time_delta_sensor_async to None, run_after=None
[2025-02-06T16:51:10.601+0000] {processor.py:179} INFO - Processing /home/vscode/.local/lib/python3.10/site-packages/airflow/example_dags/example_time_delta_sensor_async.py took 0.065 seconds
[2025-02-06T16:51:53.084+0000] {processor.py:157} INFO - Started process (PID=11168) to work on /home/vscode/.local/lib/python3.10/site-packages/airflow/example_dags/example_time_delta_sensor_async.py
[2025-02-06T16:51:53.085+0000] {processor.py:826} INFO - Processing file /home/vscode/.local/lib/python3.10/site-packages/airflow/example_dags/example_time_delta_sensor_async.py for tasks to queue
[2025-02-06T16:51:53.086+0000] {logging_mixin.py:150} INFO - [2025-02-06T16:51:53.086+0000] {dagbag.py:541} INFO - Filling up the DagBag from /home/vscode/.local/lib/python3.10/site-packages/airflow/example_dags/example_time_delta_sensor_async.py
[2025-02-06T16:51:53.090+0000] {processor.py:836} INFO - DAG(s) dict_keys(['example_time_delta_sensor_async']) retrieved from /home/vscode/.local/lib/python3.10/site-packages/airflow/example_dags/example_time_delta_sensor_async.py
[2025-02-06T16:51:53.104+0000] {logging_mixin.py:150} INFO - [2025-02-06T16:51:53.104+0000] {dag.py:2742} INFO - Sync 1 DAGs
[2025-02-06T16:51:53.118+0000] {logging_mixin.py:150} INFO - [2025-02-06T16:51:53.118+0000] {dag.py:3504} INFO - Setting next_dagrun for example_time_delta_sensor_async to None, run_after=None
[2025-02-06T16:51:53.132+0000] {processor.py:179} INFO - Processing /home/vscode/.local/lib/python3.10/site-packages/airflow/example_dags/example_time_delta_sensor_async.py took 0.050 seconds
[2025-02-06T16:52:38.420+0000] {processor.py:157} INFO - Started process (PID=11473) to work on /home/vscode/.local/lib/python3.10/site-packages/airflow/example_dags/example_time_delta_sensor_async.py
[2025-02-06T16:52:38.421+0000] {processor.py:826} INFO - Processing file /home/vscode/.local/lib/python3.10/site-packages/airflow/example_dags/example_time_delta_sensor_async.py for tasks to queue
[2025-02-06T16:52:38.422+0000] {logging_mixin.py:150} INFO - [2025-02-06T16:52:38.421+0000] {dagbag.py:541} INFO - Filling up the DagBag from /home/vscode/.local/lib/python3.10/site-packages/airflow/example_dags/example_time_delta_sensor_async.py
[2025-02-06T16:52:38.425+0000] {processor.py:836} INFO - DAG(s) dict_keys(['example_time_delta_sensor_async']) retrieved from /home/vscode/.local/lib/python3.10/site-packages/airflow/example_dags/example_time_delta_sensor_async.py
[2025-02-06T16:52:38.439+0000] {logging_mixin.py:150} INFO - [2025-02-06T16:52:38.439+0000] {dag.py:2742} INFO - Sync 1 DAGs
[2025-02-06T16:52:38.453+0000] {logging_mixin.py:150} INFO - [2025-02-06T16:52:38.453+0000] {dag.py:3504} INFO - Setting next_dagrun for example_time_delta_sensor_async to None, run_after=None
[2025-02-06T16:52:38.467+0000] {processor.py:179} INFO - Processing /home/vscode/.local/lib/python3.10/site-packages/airflow/example_dags/example_time_delta_sensor_async.py took 0.050 seconds
[2025-02-06T16:53:21.685+0000] {processor.py:157} INFO - Started process (PID=11763) to work on /home/vscode/.local/lib/python3.10/site-packages/airflow/example_dags/example_time_delta_sensor_async.py
[2025-02-06T16:53:21.686+0000] {processor.py:826} INFO - Processing file /home/vscode/.local/lib/python3.10/site-packages/airflow/example_dags/example_time_delta_sensor_async.py for tasks to queue
[2025-02-06T16:53:21.686+0000] {logging_mixin.py:150} INFO - [2025-02-06T16:53:21.686+0000] {dagbag.py:541} INFO - Filling up the DagBag from /home/vscode/.local/lib/python3.10/site-packages/airflow/example_dags/example_time_delta_sensor_async.py
[2025-02-06T16:53:21.690+0000] {processor.py:836} INFO - DAG(s) dict_keys(['example_time_delta_sensor_async']) retrieved from /home/vscode/.local/lib/python3.10/site-packages/airflow/example_dags/example_time_delta_sensor_async.py
[2025-02-06T16:53:21.704+0000] {logging_mixin.py:150} INFO - [2025-02-06T16:53:21.704+0000] {dag.py:2742} INFO - Sync 1 DAGs
[2025-02-06T16:53:21.718+0000] {logging_mixin.py:150} INFO - [2025-02-06T16:53:21.718+0000] {dag.py:3504} INFO - Setting next_dagrun for example_time_delta_sensor_async to None, run_after=None
[2025-02-06T16:53:21.733+0000] {processor.py:179} INFO - Processing /home/vscode/.local/lib/python3.10/site-packages/airflow/example_dags/example_time_delta_sensor_async.py took 0.051 seconds
[2025-02-06T16:54:08.547+0000] {processor.py:157} INFO - Started process (PID=12101) to work on /home/vscode/.local/lib/python3.10/site-packages/airflow/example_dags/example_time_delta_sensor_async.py
[2025-02-06T16:54:08.548+0000] {processor.py:826} INFO - Processing file /home/vscode/.local/lib/python3.10/site-packages/airflow/example_dags/example_time_delta_sensor_async.py for tasks to queue
[2025-02-06T16:54:08.549+0000] {logging_mixin.py:150} INFO - [2025-02-06T16:54:08.548+0000] {dagbag.py:541} INFO - Filling up the DagBag from /home/vscode/.local/lib/python3.10/site-packages/airflow/example_dags/example_time_delta_sensor_async.py
[2025-02-06T16:54:08.554+0000] {processor.py:836} INFO - DAG(s) dict_keys(['example_time_delta_sensor_async']) retrieved from /home/vscode/.local/lib/python3.10/site-packages/airflow/example_dags/example_time_delta_sensor_async.py
[2025-02-06T16:54:08.573+0000] {logging_mixin.py:150} INFO - [2025-02-06T16:54:08.573+0000] {dag.py:2742} INFO - Sync 1 DAGs
[2025-02-06T16:54:08.588+0000] {logging_mixin.py:150} INFO - [2025-02-06T16:54:08.587+0000] {dag.py:3504} INFO - Setting next_dagrun for example_time_delta_sensor_async to None, run_after=None
[2025-02-06T16:54:08.603+0000] {processor.py:179} INFO - Processing /home/vscode/.local/lib/python3.10/site-packages/airflow/example_dags/example_time_delta_sensor_async.py took 0.061 seconds
[2025-02-06T16:54:56.566+0000] {processor.py:157} INFO - Started process (PID=12494) to work on /home/vscode/.local/lib/python3.10/site-packages/airflow/example_dags/example_time_delta_sensor_async.py
[2025-02-06T16:54:56.567+0000] {processor.py:826} INFO - Processing file /home/vscode/.local/lib/python3.10/site-packages/airflow/example_dags/example_time_delta_sensor_async.py for tasks to queue
[2025-02-06T16:54:56.568+0000] {logging_mixin.py:150} INFO - [2025-02-06T16:54:56.567+0000] {dagbag.py:541} INFO - Filling up the DagBag from /home/vscode/.local/lib/python3.10/site-packages/airflow/example_dags/example_time_delta_sensor_async.py
[2025-02-06T16:54:56.571+0000] {processor.py:836} INFO - DAG(s) dict_keys(['example_time_delta_sensor_async']) retrieved from /home/vscode/.local/lib/python3.10/site-packages/airflow/example_dags/example_time_delta_sensor_async.py
[2025-02-06T16:54:56.622+0000] {logging_mixin.py:150} INFO - [2025-02-06T16:54:56.622+0000] {dag.py:2742} INFO - Sync 1 DAGs
[2025-02-06T16:54:56.643+0000] {logging_mixin.py:150} INFO - [2025-02-06T16:54:56.643+0000] {dag.py:3504} INFO - Setting next_dagrun for example_time_delta_sensor_async to None, run_after=None
[2025-02-06T16:54:56.667+0000] {processor.py:179} INFO - Processing /home/vscode/.local/lib/python3.10/site-packages/airflow/example_dags/example_time_delta_sensor_async.py took 0.104 seconds
[2025-02-06T16:55:30.835+0000] {processor.py:157} INFO - Started process (PID=12747) to work on /home/vscode/.local/lib/python3.10/site-packages/airflow/example_dags/example_time_delta_sensor_async.py
[2025-02-06T16:55:30.836+0000] {processor.py:826} INFO - Processing file /home/vscode/.local/lib/python3.10/site-packages/airflow/example_dags/example_time_delta_sensor_async.py for tasks to queue
[2025-02-06T16:55:30.837+0000] {logging_mixin.py:150} INFO - [2025-02-06T16:55:30.836+0000] {dagbag.py:541} INFO - Filling up the DagBag from /home/vscode/.local/lib/python3.10/site-packages/airflow/example_dags/example_time_delta_sensor_async.py
[2025-02-06T16:55:30.840+0000] {processor.py:836} INFO - DAG(s) dict_keys(['example_time_delta_sensor_async']) retrieved from /home/vscode/.local/lib/python3.10/site-packages/airflow/example_dags/example_time_delta_sensor_async.py
[2025-02-06T16:55:30.854+0000] {logging_mixin.py:150} INFO - [2025-02-06T16:55:30.854+0000] {dag.py:2742} INFO - Sync 1 DAGs
[2025-02-06T16:55:30.870+0000] {logging_mixin.py:150} INFO - [2025-02-06T16:55:30.869+0000] {dag.py:3504} INFO - Setting next_dagrun for example_time_delta_sensor_async to None, run_after=None
[2025-02-06T16:55:30.885+0000] {processor.py:179} INFO - Processing /home/vscode/.local/lib/python3.10/site-packages/airflow/example_dags/example_time_delta_sensor_async.py took 0.053 seconds
[2025-02-06T16:56:18.784+0000] {processor.py:157} INFO - Started process (PID=13213) to work on /home/vscode/.local/lib/python3.10/site-packages/airflow/example_dags/example_time_delta_sensor_async.py
[2025-02-06T16:56:18.785+0000] {processor.py:826} INFO - Processing file /home/vscode/.local/lib/python3.10/site-packages/airflow/example_dags/example_time_delta_sensor_async.py for tasks to queue
[2025-02-06T16:56:18.785+0000] {logging_mixin.py:150} INFO - [2025-02-06T16:56:18.785+0000] {dagbag.py:541} INFO - Filling up the DagBag from /home/vscode/.local/lib/python3.10/site-packages/airflow/example_dags/example_time_delta_sensor_async.py
[2025-02-06T16:56:18.789+0000] {processor.py:836} INFO - DAG(s) dict_keys(['example_time_delta_sensor_async']) retrieved from /home/vscode/.local/lib/python3.10/site-packages/airflow/example_dags/example_time_delta_sensor_async.py
[2025-02-06T16:56:18.803+0000] {logging_mixin.py:150} INFO - [2025-02-06T16:56:18.803+0000] {dag.py:2742} INFO - Sync 1 DAGs
[2025-02-06T16:56:18.818+0000] {logging_mixin.py:150} INFO - [2025-02-06T16:56:18.818+0000] {dag.py:3504} INFO - Setting next_dagrun for example_time_delta_sensor_async to None, run_after=None
[2025-02-06T16:56:18.833+0000] {processor.py:179} INFO - Processing /home/vscode/.local/lib/python3.10/site-packages/airflow/example_dags/example_time_delta_sensor_async.py took 0.052 seconds
[2025-02-06T16:57:01.577+0000] {processor.py:157} INFO - Started process (PID=13540) to work on /home/vscode/.local/lib/python3.10/site-packages/airflow/example_dags/example_time_delta_sensor_async.py
[2025-02-06T16:57:01.578+0000] {processor.py:826} INFO - Processing file /home/vscode/.local/lib/python3.10/site-packages/airflow/example_dags/example_time_delta_sensor_async.py for tasks to queue
[2025-02-06T16:57:01.579+0000] {logging_mixin.py:150} INFO - [2025-02-06T16:57:01.578+0000] {dagbag.py:541} INFO - Filling up the DagBag from /home/vscode/.local/lib/python3.10/site-packages/airflow/example_dags/example_time_delta_sensor_async.py
[2025-02-06T16:57:01.583+0000] {processor.py:836} INFO - DAG(s) dict_keys(['example_time_delta_sensor_async']) retrieved from /home/vscode/.local/lib/python3.10/site-packages/airflow/example_dags/example_time_delta_sensor_async.py
[2025-02-06T16:57:01.596+0000] {logging_mixin.py:150} INFO - [2025-02-06T16:57:01.596+0000] {dag.py:2742} INFO - Sync 1 DAGs
[2025-02-06T16:57:01.611+0000] {logging_mixin.py:150} INFO - [2025-02-06T16:57:01.611+0000] {dag.py:3504} INFO - Setting next_dagrun for example_time_delta_sensor_async to None, run_after=None
[2025-02-06T16:57:01.626+0000] {processor.py:179} INFO - Processing /home/vscode/.local/lib/python3.10/site-packages/airflow/example_dags/example_time_delta_sensor_async.py took 0.051 seconds
[2025-02-06T16:57:47.308+0000] {processor.py:157} INFO - Started process (PID=13889) to work on /home/vscode/.local/lib/python3.10/site-packages/airflow/example_dags/example_time_delta_sensor_async.py
[2025-02-06T16:57:47.309+0000] {processor.py:826} INFO - Processing file /home/vscode/.local/lib/python3.10/site-packages/airflow/example_dags/example_time_delta_sensor_async.py for tasks to queue
[2025-02-06T16:57:47.310+0000] {logging_mixin.py:150} INFO - [2025-02-06T16:57:47.309+0000] {dagbag.py:541} INFO - Filling up the DagBag from /home/vscode/.local/lib/python3.10/site-packages/airflow/example_dags/example_time_delta_sensor_async.py
[2025-02-06T16:57:47.314+0000] {processor.py:836} INFO - DAG(s) dict_keys(['example_time_delta_sensor_async']) retrieved from /home/vscode/.local/lib/python3.10/site-packages/airflow/example_dags/example_time_delta_sensor_async.py
[2025-02-06T16:57:47.329+0000] {logging_mixin.py:150} INFO - [2025-02-06T16:57:47.329+0000] {dag.py:2742} INFO - Sync 1 DAGs
[2025-02-06T16:57:47.344+0000] {logging_mixin.py:150} INFO - [2025-02-06T16:57:47.344+0000] {dag.py:3504} INFO - Setting next_dagrun for example_time_delta_sensor_async to None, run_after=None
[2025-02-06T16:57:47.360+0000] {processor.py:179} INFO - Processing /home/vscode/.local/lib/python3.10/site-packages/airflow/example_dags/example_time_delta_sensor_async.py took 0.055 seconds
[2025-02-06T18:07:33.569+0000] {processor.py:157} INFO - Started process (PID=4802) to work on /home/vscode/.local/lib/python3.10/site-packages/airflow/example_dags/example_time_delta_sensor_async.py
[2025-02-06T18:07:33.574+0000] {processor.py:826} INFO - Processing file /home/vscode/.local/lib/python3.10/site-packages/airflow/example_dags/example_time_delta_sensor_async.py for tasks to queue
[2025-02-06T18:07:33.574+0000] {logging_mixin.py:150} INFO - [2025-02-06T18:07:33.574+0000] {dagbag.py:541} INFO - Filling up the DagBag from /home/vscode/.local/lib/python3.10/site-packages/airflow/example_dags/example_time_delta_sensor_async.py
[2025-02-06T18:07:33.579+0000] {processor.py:836} INFO - DAG(s) dict_keys(['example_time_delta_sensor_async']) retrieved from /home/vscode/.local/lib/python3.10/site-packages/airflow/example_dags/example_time_delta_sensor_async.py
[2025-02-06T18:07:33.703+0000] {logging_mixin.py:150} INFO - [2025-02-06T18:07:33.703+0000] {manager.py:504} INFO - Created Permission View: can read on DAG:example_time_delta_sensor_async
[2025-02-06T18:07:33.710+0000] {logging_mixin.py:150} INFO - [2025-02-06T18:07:33.709+0000] {manager.py:504} INFO - Created Permission View: can delete on DAG:example_time_delta_sensor_async
[2025-02-06T18:07:33.714+0000] {logging_mixin.py:150} INFO - [2025-02-06T18:07:33.714+0000] {manager.py:504} INFO - Created Permission View: can edit on DAG:example_time_delta_sensor_async
[2025-02-06T18:07:33.721+0000] {logging_mixin.py:150} INFO - [2025-02-06T18:07:33.721+0000] {dag.py:2742} INFO - Sync 1 DAGs
[2025-02-06T18:07:33.727+0000] {logging_mixin.py:150} INFO - [2025-02-06T18:07:33.727+0000] {dag.py:2763} INFO - Creating ORM DAG for example_time_delta_sensor_async
[2025-02-06T18:07:33.732+0000] {logging_mixin.py:150} INFO - [2025-02-06T18:07:33.732+0000] {dag.py:3504} INFO - Setting next_dagrun for example_time_delta_sensor_async to None, run_after=None
[2025-02-06T18:07:33.745+0000] {processor.py:179} INFO - Processing /home/vscode/.local/lib/python3.10/site-packages/airflow/example_dags/example_time_delta_sensor_async.py took 0.178 seconds
[2025-02-06T18:08:22.490+0000] {processor.py:157} INFO - Started process (PID=5226) to work on /home/vscode/.local/lib/python3.10/site-packages/airflow/example_dags/example_time_delta_sensor_async.py
[2025-02-06T18:08:22.490+0000] {processor.py:826} INFO - Processing file /home/vscode/.local/lib/python3.10/site-packages/airflow/example_dags/example_time_delta_sensor_async.py for tasks to queue
[2025-02-06T18:08:22.491+0000] {logging_mixin.py:150} INFO - [2025-02-06T18:08:22.491+0000] {dagbag.py:541} INFO - Filling up the DagBag from /home/vscode/.local/lib/python3.10/site-packages/airflow/example_dags/example_time_delta_sensor_async.py
[2025-02-06T18:08:22.494+0000] {processor.py:836} INFO - DAG(s) dict_keys(['example_time_delta_sensor_async']) retrieved from /home/vscode/.local/lib/python3.10/site-packages/airflow/example_dags/example_time_delta_sensor_async.py
[2025-02-06T18:08:22.505+0000] {logging_mixin.py:150} INFO - [2025-02-06T18:08:22.505+0000] {dag.py:2742} INFO - Sync 1 DAGs
[2025-02-06T18:08:22.517+0000] {logging_mixin.py:150} INFO - [2025-02-06T18:08:22.517+0000] {dag.py:3504} INFO - Setting next_dagrun for example_time_delta_sensor_async to None, run_after=None
[2025-02-06T18:08:22.531+0000] {processor.py:179} INFO - Processing /home/vscode/.local/lib/python3.10/site-packages/airflow/example_dags/example_time_delta_sensor_async.py took 0.043 seconds
