[2025-02-06T16:45:17.187+0000] {processor.py:157} INFO - Started process (PID=8360) to work on /home/vscode/.local/lib/python3.10/site-packages/airflow/example_dags/example_latest_only_with_trigger.py
[2025-02-06T16:45:17.188+0000] {processor.py:826} INFO - Processing file /home/vscode/.local/lib/python3.10/site-packages/airflow/example_dags/example_latest_only_with_trigger.py for tasks to queue
[2025-02-06T16:45:17.189+0000] {logging_mixin.py:150} INFO - [2025-02-06T16:45:17.188+0000] {dagbag.py:541} INFO - Filling up the DagBag from /home/vscode/.local/lib/python3.10/site-packages/airflow/example_dags/example_latest_only_with_trigger.py
[2025-02-06T16:45:17.194+0000] {processor.py:836} INFO - DAG(s) dict_keys(['latest_only_with_trigger']) retrieved from /home/vscode/.local/lib/python3.10/site-packages/airflow/example_dags/example_latest_only_with_trigger.py
[2025-02-06T16:45:17.264+0000] {logging_mixin.py:150} INFO - [2025-02-06T16:45:17.264+0000] {manager.py:504} INFO - Created Permission View: can read on DAG:latest_only_with_trigger
[2025-02-06T16:45:17.272+0000] {logging_mixin.py:150} INFO - [2025-02-06T16:45:17.271+0000] {manager.py:504} INFO - Created Permission View: can delete on DAG:latest_only_with_trigger
[2025-02-06T16:45:17.277+0000] {logging_mixin.py:150} INFO - [2025-02-06T16:45:17.277+0000] {manager.py:504} INFO - Created Permission View: can edit on DAG:latest_only_with_trigger
[2025-02-06T16:45:17.284+0000] {logging_mixin.py:150} INFO - [2025-02-06T16:45:17.284+0000] {dag.py:2742} INFO - Sync 1 DAGs
[2025-02-06T16:45:17.292+0000] {logging_mixin.py:150} INFO - [2025-02-06T16:45:17.292+0000] {dag.py:2763} INFO - Creating ORM DAG for latest_only_with_trigger
[2025-02-06T16:45:17.298+0000] {logging_mixin.py:150} INFO - [2025-02-06T16:45:17.298+0000] {dag.py:3504} INFO - Setting next_dagrun for latest_only_with_trigger to 2025-02-06T12:45:17.298443+00:00, run_after=2025-02-06T16:45:17.298443+00:00
[2025-02-06T16:45:17.313+0000] {processor.py:179} INFO - Processing /home/vscode/.local/lib/python3.10/site-packages/airflow/example_dags/example_latest_only_with_trigger.py took 0.128 seconds
[2025-02-06T16:46:10.474+0000] {processor.py:157} INFO - Started process (PID=8738) to work on /home/vscode/.local/lib/python3.10/site-packages/airflow/example_dags/example_latest_only_with_trigger.py
[2025-02-06T16:46:10.474+0000] {processor.py:826} INFO - Processing file /home/vscode/.local/lib/python3.10/site-packages/airflow/example_dags/example_latest_only_with_trigger.py for tasks to queue
[2025-02-06T16:46:10.475+0000] {logging_mixin.py:150} INFO - [2025-02-06T16:46:10.475+0000] {dagbag.py:541} INFO - Filling up the DagBag from /home/vscode/.local/lib/python3.10/site-packages/airflow/example_dags/example_latest_only_with_trigger.py
[2025-02-06T16:46:10.481+0000] {processor.py:836} INFO - DAG(s) dict_keys(['latest_only_with_trigger']) retrieved from /home/vscode/.local/lib/python3.10/site-packages/airflow/example_dags/example_latest_only_with_trigger.py
[2025-02-06T16:46:10.494+0000] {logging_mixin.py:150} INFO - [2025-02-06T16:46:10.493+0000] {dag.py:2742} INFO - Sync 1 DAGs
[2025-02-06T16:46:10.508+0000] {logging_mixin.py:150} INFO - [2025-02-06T16:46:10.508+0000] {dag.py:3504} INFO - Setting next_dagrun for latest_only_with_trigger to 2025-02-06T12:46:10.508426+00:00, run_after=2025-02-06T16:46:10.508426+00:00
[2025-02-06T16:46:10.524+0000] {processor.py:179} INFO - Processing /home/vscode/.local/lib/python3.10/site-packages/airflow/example_dags/example_latest_only_with_trigger.py took 0.053 seconds
[2025-02-06T16:46:52.608+0000] {processor.py:157} INFO - Started process (PID=9022) to work on /home/vscode/.local/lib/python3.10/site-packages/airflow/example_dags/example_latest_only_with_trigger.py
[2025-02-06T16:46:52.608+0000] {processor.py:826} INFO - Processing file /home/vscode/.local/lib/python3.10/site-packages/airflow/example_dags/example_latest_only_with_trigger.py for tasks to queue
[2025-02-06T16:46:52.609+0000] {logging_mixin.py:150} INFO - [2025-02-06T16:46:52.609+0000] {dagbag.py:541} INFO - Filling up the DagBag from /home/vscode/.local/lib/python3.10/site-packages/airflow/example_dags/example_latest_only_with_trigger.py
[2025-02-06T16:46:52.615+0000] {processor.py:836} INFO - DAG(s) dict_keys(['latest_only_with_trigger']) retrieved from /home/vscode/.local/lib/python3.10/site-packages/airflow/example_dags/example_latest_only_with_trigger.py
[2025-02-06T16:46:52.628+0000] {logging_mixin.py:150} INFO - [2025-02-06T16:46:52.628+0000] {dag.py:2742} INFO - Sync 1 DAGs
[2025-02-06T16:46:52.642+0000] {logging_mixin.py:150} INFO - [2025-02-06T16:46:52.642+0000] {dag.py:3504} INFO - Setting next_dagrun for latest_only_with_trigger to 2025-02-06T12:46:52.642611+00:00, run_after=2025-02-06T16:46:52.642611+00:00
[2025-02-06T16:46:52.657+0000] {processor.py:179} INFO - Processing /home/vscode/.local/lib/python3.10/site-packages/airflow/example_dags/example_latest_only_with_trigger.py took 0.052 seconds
[2025-02-06T16:47:38.954+0000] {processor.py:157} INFO - Started process (PID=9328) to work on /home/vscode/.local/lib/python3.10/site-packages/airflow/example_dags/example_latest_only_with_trigger.py
[2025-02-06T16:47:38.955+0000] {processor.py:826} INFO - Processing file /home/vscode/.local/lib/python3.10/site-packages/airflow/example_dags/example_latest_only_with_trigger.py for tasks to queue
[2025-02-06T16:47:38.956+0000] {logging_mixin.py:150} INFO - [2025-02-06T16:47:38.955+0000] {dagbag.py:541} INFO - Filling up the DagBag from /home/vscode/.local/lib/python3.10/site-packages/airflow/example_dags/example_latest_only_with_trigger.py
[2025-02-06T16:47:38.961+0000] {processor.py:836} INFO - DAG(s) dict_keys(['latest_only_with_trigger']) retrieved from /home/vscode/.local/lib/python3.10/site-packages/airflow/example_dags/example_latest_only_with_trigger.py
[2025-02-06T16:47:38.974+0000] {logging_mixin.py:150} INFO - [2025-02-06T16:47:38.974+0000] {dag.py:2742} INFO - Sync 1 DAGs
[2025-02-06T16:47:38.988+0000] {logging_mixin.py:150} INFO - [2025-02-06T16:47:38.988+0000] {dag.py:3504} INFO - Setting next_dagrun for latest_only_with_trigger to 2025-02-06T12:47:38.988454+00:00, run_after=2025-02-06T16:47:38.988454+00:00
[2025-02-06T16:47:39.003+0000] {processor.py:179} INFO - Processing /home/vscode/.local/lib/python3.10/site-packages/airflow/example_dags/example_latest_only_with_trigger.py took 0.051 seconds
[2025-02-06T16:48:23.825+0000] {processor.py:157} INFO - Started process (PID=9636) to work on /home/vscode/.local/lib/python3.10/site-packages/airflow/example_dags/example_latest_only_with_trigger.py
[2025-02-06T16:48:23.826+0000] {processor.py:826} INFO - Processing file /home/vscode/.local/lib/python3.10/site-packages/airflow/example_dags/example_latest_only_with_trigger.py for tasks to queue
[2025-02-06T16:48:23.827+0000] {logging_mixin.py:150} INFO - [2025-02-06T16:48:23.827+0000] {dagbag.py:541} INFO - Filling up the DagBag from /home/vscode/.local/lib/python3.10/site-packages/airflow/example_dags/example_latest_only_with_trigger.py
[2025-02-06T16:48:23.834+0000] {processor.py:836} INFO - DAG(s) dict_keys(['latest_only_with_trigger']) retrieved from /home/vscode/.local/lib/python3.10/site-packages/airflow/example_dags/example_latest_only_with_trigger.py
[2025-02-06T16:48:23.854+0000] {logging_mixin.py:150} INFO - [2025-02-06T16:48:23.854+0000] {dag.py:2742} INFO - Sync 1 DAGs
[2025-02-06T16:48:23.870+0000] {logging_mixin.py:150} INFO - [2025-02-06T16:48:23.870+0000] {dag.py:3504} INFO - Setting next_dagrun for latest_only_with_trigger to 2025-02-06T12:48:23.870607+00:00, run_after=2025-02-06T16:48:23.870607+00:00
[2025-02-06T16:48:23.889+0000] {processor.py:179} INFO - Processing /home/vscode/.local/lib/python3.10/site-packages/airflow/example_dags/example_latest_only_with_trigger.py took 0.067 seconds
[2025-02-06T16:49:11.358+0000] {processor.py:157} INFO - Started process (PID=9972) to work on /home/vscode/.local/lib/python3.10/site-packages/airflow/example_dags/example_latest_only_with_trigger.py
[2025-02-06T16:49:11.359+0000] {processor.py:826} INFO - Processing file /home/vscode/.local/lib/python3.10/site-packages/airflow/example_dags/example_latest_only_with_trigger.py for tasks to queue
[2025-02-06T16:49:11.360+0000] {logging_mixin.py:150} INFO - [2025-02-06T16:49:11.360+0000] {dagbag.py:541} INFO - Filling up the DagBag from /home/vscode/.local/lib/python3.10/site-packages/airflow/example_dags/example_latest_only_with_trigger.py
[2025-02-06T16:49:11.365+0000] {processor.py:836} INFO - DAG(s) dict_keys(['latest_only_with_trigger']) retrieved from /home/vscode/.local/lib/python3.10/site-packages/airflow/example_dags/example_latest_only_with_trigger.py
[2025-02-06T16:49:11.378+0000] {logging_mixin.py:150} INFO - [2025-02-06T16:49:11.378+0000] {dag.py:2742} INFO - Sync 1 DAGs
[2025-02-06T16:49:11.393+0000] {logging_mixin.py:150} INFO - [2025-02-06T16:49:11.393+0000] {dag.py:3504} INFO - Setting next_dagrun for latest_only_with_trigger to 2025-02-06T12:49:11.392951+00:00, run_after=2025-02-06T16:49:11.392951+00:00
[2025-02-06T16:49:11.407+0000] {processor.py:179} INFO - Processing /home/vscode/.local/lib/python3.10/site-packages/airflow/example_dags/example_latest_only_with_trigger.py took 0.051 seconds
[2025-02-06T16:49:53.495+0000] {processor.py:157} INFO - Started process (PID=10291) to work on /home/vscode/.local/lib/python3.10/site-packages/airflow/example_dags/example_latest_only_with_trigger.py
[2025-02-06T16:49:53.496+0000] {processor.py:826} INFO - Processing file /home/vscode/.local/lib/python3.10/site-packages/airflow/example_dags/example_latest_only_with_trigger.py for tasks to queue
[2025-02-06T16:49:53.496+0000] {logging_mixin.py:150} INFO - [2025-02-06T16:49:53.496+0000] {dagbag.py:541} INFO - Filling up the DagBag from /home/vscode/.local/lib/python3.10/site-packages/airflow/example_dags/example_latest_only_with_trigger.py
[2025-02-06T16:49:53.502+0000] {processor.py:836} INFO - DAG(s) dict_keys(['latest_only_with_trigger']) retrieved from /home/vscode/.local/lib/python3.10/site-packages/airflow/example_dags/example_latest_only_with_trigger.py
[2025-02-06T16:49:53.515+0000] {logging_mixin.py:150} INFO - [2025-02-06T16:49:53.515+0000] {dag.py:2742} INFO - Sync 1 DAGs
[2025-02-06T16:49:53.530+0000] {logging_mixin.py:150} INFO - [2025-02-06T16:49:53.530+0000] {dag.py:3504} INFO - Setting next_dagrun for latest_only_with_trigger to 2025-02-06T12:49:53.529936+00:00, run_after=2025-02-06T16:49:53.529936+00:00
[2025-02-06T16:49:53.545+0000] {processor.py:179} INFO - Processing /home/vscode/.local/lib/python3.10/site-packages/airflow/example_dags/example_latest_only_with_trigger.py took 0.052 seconds
[2025-02-06T16:50:47.705+0000] {processor.py:157} INFO - Started process (PID=10683) to work on /home/vscode/.local/lib/python3.10/site-packages/airflow/example_dags/example_latest_only_with_trigger.py
[2025-02-06T16:50:47.706+0000] {processor.py:826} INFO - Processing file /home/vscode/.local/lib/python3.10/site-packages/airflow/example_dags/example_latest_only_with_trigger.py for tasks to queue
[2025-02-06T16:50:47.706+0000] {logging_mixin.py:150} INFO - [2025-02-06T16:50:47.706+0000] {dagbag.py:541} INFO - Filling up the DagBag from /home/vscode/.local/lib/python3.10/site-packages/airflow/example_dags/example_latest_only_with_trigger.py
[2025-02-06T16:50:47.712+0000] {processor.py:836} INFO - DAG(s) dict_keys(['latest_only_with_trigger']) retrieved from /home/vscode/.local/lib/python3.10/site-packages/airflow/example_dags/example_latest_only_with_trigger.py
[2025-02-06T16:50:47.725+0000] {logging_mixin.py:150} INFO - [2025-02-06T16:50:47.725+0000] {dag.py:2742} INFO - Sync 1 DAGs
[2025-02-06T16:50:47.740+0000] {logging_mixin.py:150} INFO - [2025-02-06T16:50:47.740+0000] {dag.py:3504} INFO - Setting next_dagrun for latest_only_with_trigger to 2025-02-06T12:50:47.739882+00:00, run_after=2025-02-06T16:50:47.739882+00:00
[2025-02-06T16:50:47.755+0000] {processor.py:179} INFO - Processing /home/vscode/.local/lib/python3.10/site-packages/airflow/example_dags/example_latest_only_with_trigger.py took 0.053 seconds
[2025-02-06T16:51:34.519+0000] {processor.py:157} INFO - Started process (PID=11043) to work on /home/vscode/.local/lib/python3.10/site-packages/airflow/example_dags/example_latest_only_with_trigger.py
[2025-02-06T16:51:34.520+0000] {processor.py:826} INFO - Processing file /home/vscode/.local/lib/python3.10/site-packages/airflow/example_dags/example_latest_only_with_trigger.py for tasks to queue
[2025-02-06T16:51:34.521+0000] {logging_mixin.py:150} INFO - [2025-02-06T16:51:34.520+0000] {dagbag.py:541} INFO - Filling up the DagBag from /home/vscode/.local/lib/python3.10/site-packages/airflow/example_dags/example_latest_only_with_trigger.py
[2025-02-06T16:51:34.526+0000] {processor.py:836} INFO - DAG(s) dict_keys(['latest_only_with_trigger']) retrieved from /home/vscode/.local/lib/python3.10/site-packages/airflow/example_dags/example_latest_only_with_trigger.py
[2025-02-06T16:51:34.539+0000] {logging_mixin.py:150} INFO - [2025-02-06T16:51:34.539+0000] {dag.py:2742} INFO - Sync 1 DAGs
[2025-02-06T16:51:34.554+0000] {logging_mixin.py:150} INFO - [2025-02-06T16:51:34.554+0000] {dag.py:3504} INFO - Setting next_dagrun for latest_only_with_trigger to 2025-02-06T12:51:34.554008+00:00, run_after=2025-02-06T16:51:34.554008+00:00
[2025-02-06T16:51:34.569+0000] {processor.py:179} INFO - Processing /home/vscode/.local/lib/python3.10/site-packages/airflow/example_dags/example_latest_only_with_trigger.py took 0.053 seconds
[2025-02-06T16:52:30.363+0000] {processor.py:157} INFO - Started process (PID=11420) to work on /home/vscode/.local/lib/python3.10/site-packages/airflow/example_dags/example_latest_only_with_trigger.py
[2025-02-06T16:52:30.364+0000] {processor.py:826} INFO - Processing file /home/vscode/.local/lib/python3.10/site-packages/airflow/example_dags/example_latest_only_with_trigger.py for tasks to queue
[2025-02-06T16:52:30.365+0000] {logging_mixin.py:150} INFO - [2025-02-06T16:52:30.365+0000] {dagbag.py:541} INFO - Filling up the DagBag from /home/vscode/.local/lib/python3.10/site-packages/airflow/example_dags/example_latest_only_with_trigger.py
[2025-02-06T16:52:30.371+0000] {processor.py:836} INFO - DAG(s) dict_keys(['latest_only_with_trigger']) retrieved from /home/vscode/.local/lib/python3.10/site-packages/airflow/example_dags/example_latest_only_with_trigger.py
[2025-02-06T16:52:30.385+0000] {logging_mixin.py:150} INFO - [2025-02-06T16:52:30.385+0000] {dag.py:2742} INFO - Sync 1 DAGs
[2025-02-06T16:52:30.400+0000] {logging_mixin.py:150} INFO - [2025-02-06T16:52:30.400+0000] {dag.py:3504} INFO - Setting next_dagrun for latest_only_with_trigger to 2025-02-06T12:52:30.399926+00:00, run_after=2025-02-06T16:52:30.399926+00:00
[2025-02-06T16:52:30.416+0000] {processor.py:179} INFO - Processing /home/vscode/.local/lib/python3.10/site-packages/airflow/example_dags/example_latest_only_with_trigger.py took 0.055 seconds
[2025-02-06T16:53:16.546+0000] {processor.py:157} INFO - Started process (PID=11727) to work on /home/vscode/.local/lib/python3.10/site-packages/airflow/example_dags/example_latest_only_with_trigger.py
[2025-02-06T16:53:16.547+0000] {processor.py:826} INFO - Processing file /home/vscode/.local/lib/python3.10/site-packages/airflow/example_dags/example_latest_only_with_trigger.py for tasks to queue
[2025-02-06T16:53:16.548+0000] {logging_mixin.py:150} INFO - [2025-02-06T16:53:16.548+0000] {dagbag.py:541} INFO - Filling up the DagBag from /home/vscode/.local/lib/python3.10/site-packages/airflow/example_dags/example_latest_only_with_trigger.py
[2025-02-06T16:53:16.554+0000] {processor.py:836} INFO - DAG(s) dict_keys(['latest_only_with_trigger']) retrieved from /home/vscode/.local/lib/python3.10/site-packages/airflow/example_dags/example_latest_only_with_trigger.py
[2025-02-06T16:53:16.567+0000] {logging_mixin.py:150} INFO - [2025-02-06T16:53:16.566+0000] {dag.py:2742} INFO - Sync 1 DAGs
[2025-02-06T16:53:16.586+0000] {logging_mixin.py:150} INFO - [2025-02-06T16:53:16.586+0000] {dag.py:3504} INFO - Setting next_dagrun for latest_only_with_trigger to 2025-02-06T12:53:16.586282+00:00, run_after=2025-02-06T16:53:16.586282+00:00
[2025-02-06T16:53:16.609+0000] {processor.py:179} INFO - Processing /home/vscode/.local/lib/python3.10/site-packages/airflow/example_dags/example_latest_only_with_trigger.py took 0.065 seconds
[2025-02-06T16:54:00.690+0000] {processor.py:157} INFO - Started process (PID=12039) to work on /home/vscode/.local/lib/python3.10/site-packages/airflow/example_dags/example_latest_only_with_trigger.py
[2025-02-06T16:54:00.691+0000] {processor.py:826} INFO - Processing file /home/vscode/.local/lib/python3.10/site-packages/airflow/example_dags/example_latest_only_with_trigger.py for tasks to queue
[2025-02-06T16:54:00.691+0000] {logging_mixin.py:150} INFO - [2025-02-06T16:54:00.691+0000] {dagbag.py:541} INFO - Filling up the DagBag from /home/vscode/.local/lib/python3.10/site-packages/airflow/example_dags/example_latest_only_with_trigger.py
[2025-02-06T16:54:00.697+0000] {processor.py:836} INFO - DAG(s) dict_keys(['latest_only_with_trigger']) retrieved from /home/vscode/.local/lib/python3.10/site-packages/airflow/example_dags/example_latest_only_with_trigger.py
[2025-02-06T16:54:00.712+0000] {logging_mixin.py:150} INFO - [2025-02-06T16:54:00.712+0000] {dag.py:2742} INFO - Sync 1 DAGs
[2025-02-06T16:54:00.728+0000] {logging_mixin.py:150} INFO - [2025-02-06T16:54:00.727+0000] {dag.py:3504} INFO - Setting next_dagrun for latest_only_with_trigger to 2025-02-06T12:54:00.727800+00:00, run_after=2025-02-06T16:54:00.727800+00:00
[2025-02-06T16:54:00.744+0000] {processor.py:179} INFO - Processing /home/vscode/.local/lib/python3.10/site-packages/airflow/example_dags/example_latest_only_with_trigger.py took 0.057 seconds
[2025-02-06T16:54:49.023+0000] {processor.py:157} INFO - Started process (PID=12438) to work on /home/vscode/.local/lib/python3.10/site-packages/airflow/example_dags/example_latest_only_with_trigger.py
[2025-02-06T16:54:49.024+0000] {processor.py:826} INFO - Processing file /home/vscode/.local/lib/python3.10/site-packages/airflow/example_dags/example_latest_only_with_trigger.py for tasks to queue
[2025-02-06T16:54:49.025+0000] {logging_mixin.py:150} INFO - [2025-02-06T16:54:49.024+0000] {dagbag.py:541} INFO - Filling up the DagBag from /home/vscode/.local/lib/python3.10/site-packages/airflow/example_dags/example_latest_only_with_trigger.py
[2025-02-06T16:54:49.030+0000] {processor.py:836} INFO - DAG(s) dict_keys(['latest_only_with_trigger']) retrieved from /home/vscode/.local/lib/python3.10/site-packages/airflow/example_dags/example_latest_only_with_trigger.py
[2025-02-06T16:54:49.043+0000] {logging_mixin.py:150} INFO - [2025-02-06T16:54:49.043+0000] {dag.py:2742} INFO - Sync 1 DAGs
[2025-02-06T16:54:49.057+0000] {logging_mixin.py:150} INFO - [2025-02-06T16:54:49.057+0000] {dag.py:3504} INFO - Setting next_dagrun for latest_only_with_trigger to 2025-02-06T12:54:49.057476+00:00, run_after=2025-02-06T16:54:49.057476+00:00
[2025-02-06T16:54:49.072+0000] {processor.py:179} INFO - Processing /home/vscode/.local/lib/python3.10/site-packages/airflow/example_dags/example_latest_only_with_trigger.py took 0.051 seconds
[2025-02-06T16:55:39.371+0000] {processor.py:157} INFO - Started process (PID=12841) to work on /home/vscode/.local/lib/python3.10/site-packages/airflow/example_dags/example_latest_only_with_trigger.py
[2025-02-06T16:55:39.372+0000] {processor.py:826} INFO - Processing file /home/vscode/.local/lib/python3.10/site-packages/airflow/example_dags/example_latest_only_with_trigger.py for tasks to queue
[2025-02-06T16:55:39.372+0000] {logging_mixin.py:150} INFO - [2025-02-06T16:55:39.372+0000] {dagbag.py:541} INFO - Filling up the DagBag from /home/vscode/.local/lib/python3.10/site-packages/airflow/example_dags/example_latest_only_with_trigger.py
[2025-02-06T16:55:39.378+0000] {processor.py:836} INFO - DAG(s) dict_keys(['latest_only_with_trigger']) retrieved from /home/vscode/.local/lib/python3.10/site-packages/airflow/example_dags/example_latest_only_with_trigger.py
[2025-02-06T16:55:39.392+0000] {logging_mixin.py:150} INFO - [2025-02-06T16:55:39.391+0000] {dag.py:2742} INFO - Sync 1 DAGs
[2025-02-06T16:55:39.407+0000] {logging_mixin.py:150} INFO - [2025-02-06T16:55:39.406+0000] {dag.py:3504} INFO - Setting next_dagrun for latest_only_with_trigger to 2025-02-06T12:55:39.406721+00:00, run_after=2025-02-06T16:55:39.406721+00:00
[2025-02-06T16:55:39.421+0000] {processor.py:179} INFO - Processing /home/vscode/.local/lib/python3.10/site-packages/airflow/example_dags/example_latest_only_with_trigger.py took 0.053 seconds
[2025-02-06T16:56:25.616+0000] {processor.py:157} INFO - Started process (PID=13274) to work on /home/vscode/.local/lib/python3.10/site-packages/airflow/example_dags/example_latest_only_with_trigger.py
[2025-02-06T16:56:25.616+0000] {processor.py:826} INFO - Processing file /home/vscode/.local/lib/python3.10/site-packages/airflow/example_dags/example_latest_only_with_trigger.py for tasks to queue
[2025-02-06T16:56:25.617+0000] {logging_mixin.py:150} INFO - [2025-02-06T16:56:25.617+0000] {dagbag.py:541} INFO - Filling up the DagBag from /home/vscode/.local/lib/python3.10/site-packages/airflow/example_dags/example_latest_only_with_trigger.py
[2025-02-06T16:56:25.623+0000] {processor.py:836} INFO - DAG(s) dict_keys(['latest_only_with_trigger']) retrieved from /home/vscode/.local/lib/python3.10/site-packages/airflow/example_dags/example_latest_only_with_trigger.py
[2025-02-06T16:56:25.636+0000] {logging_mixin.py:150} INFO - [2025-02-06T16:56:25.636+0000] {dag.py:2742} INFO - Sync 1 DAGs
[2025-02-06T16:56:25.651+0000] {logging_mixin.py:150} INFO - [2025-02-06T16:56:25.651+0000] {dag.py:3504} INFO - Setting next_dagrun for latest_only_with_trigger to 2025-02-06T12:56:25.650988+00:00, run_after=2025-02-06T16:56:25.650988+00:00
[2025-02-06T16:56:25.665+0000] {processor.py:179} INFO - Processing /home/vscode/.local/lib/python3.10/site-packages/airflow/example_dags/example_latest_only_with_trigger.py took 0.052 seconds
[2025-02-06T16:57:10.977+0000] {processor.py:157} INFO - Started process (PID=13613) to work on /home/vscode/.local/lib/python3.10/site-packages/airflow/example_dags/example_latest_only_with_trigger.py
[2025-02-06T16:57:10.978+0000] {processor.py:826} INFO - Processing file /home/vscode/.local/lib/python3.10/site-packages/airflow/example_dags/example_latest_only_with_trigger.py for tasks to queue
[2025-02-06T16:57:10.979+0000] {logging_mixin.py:150} INFO - [2025-02-06T16:57:10.978+0000] {dagbag.py:541} INFO - Filling up the DagBag from /home/vscode/.local/lib/python3.10/site-packages/airflow/example_dags/example_latest_only_with_trigger.py
[2025-02-06T16:57:10.984+0000] {processor.py:836} INFO - DAG(s) dict_keys(['latest_only_with_trigger']) retrieved from /home/vscode/.local/lib/python3.10/site-packages/airflow/example_dags/example_latest_only_with_trigger.py
[2025-02-06T16:57:10.998+0000] {logging_mixin.py:150} INFO - [2025-02-06T16:57:10.998+0000] {dag.py:2742} INFO - Sync 1 DAGs
[2025-02-06T16:57:11.014+0000] {logging_mixin.py:150} INFO - [2025-02-06T16:57:11.014+0000] {dag.py:3504} INFO - Setting next_dagrun for latest_only_with_trigger to 2025-02-06T12:57:11.014439+00:00, run_after=2025-02-06T16:57:11.014439+00:00
[2025-02-06T16:57:11.029+0000] {processor.py:179} INFO - Processing /home/vscode/.local/lib/python3.10/site-packages/airflow/example_dags/example_latest_only_with_trigger.py took 0.054 seconds
[2025-02-06T16:57:56.435+0000] {processor.py:157} INFO - Started process (PID=13958) to work on /home/vscode/.local/lib/python3.10/site-packages/airflow/example_dags/example_latest_only_with_trigger.py
[2025-02-06T16:57:56.436+0000] {processor.py:826} INFO - Processing file /home/vscode/.local/lib/python3.10/site-packages/airflow/example_dags/example_latest_only_with_trigger.py for tasks to queue
[2025-02-06T16:57:56.437+0000] {logging_mixin.py:150} INFO - [2025-02-06T16:57:56.437+0000] {dagbag.py:541} INFO - Filling up the DagBag from /home/vscode/.local/lib/python3.10/site-packages/airflow/example_dags/example_latest_only_with_trigger.py
[2025-02-06T16:57:56.442+0000] {processor.py:836} INFO - DAG(s) dict_keys(['latest_only_with_trigger']) retrieved from /home/vscode/.local/lib/python3.10/site-packages/airflow/example_dags/example_latest_only_with_trigger.py
[2025-02-06T16:57:56.456+0000] {logging_mixin.py:150} INFO - [2025-02-06T16:57:56.456+0000] {dag.py:2742} INFO - Sync 1 DAGs
[2025-02-06T16:57:56.472+0000] {logging_mixin.py:150} INFO - [2025-02-06T16:57:56.471+0000] {dag.py:3504} INFO - Setting next_dagrun for latest_only_with_trigger to 2025-02-06T12:57:56.471651+00:00, run_after=2025-02-06T16:57:56.471651+00:00
[2025-02-06T16:57:56.487+0000] {processor.py:179} INFO - Processing /home/vscode/.local/lib/python3.10/site-packages/airflow/example_dags/example_latest_only_with_trigger.py took 0.055 seconds
[2025-02-06T18:08:08.044+0000] {processor.py:157} INFO - Started process (PID=5109) to work on /home/vscode/.local/lib/python3.10/site-packages/airflow/example_dags/example_latest_only_with_trigger.py
[2025-02-06T18:08:08.048+0000] {processor.py:826} INFO - Processing file /home/vscode/.local/lib/python3.10/site-packages/airflow/example_dags/example_latest_only_with_trigger.py for tasks to queue
[2025-02-06T18:08:08.049+0000] {logging_mixin.py:150} INFO - [2025-02-06T18:08:08.048+0000] {dagbag.py:541} INFO - Filling up the DagBag from /home/vscode/.local/lib/python3.10/site-packages/airflow/example_dags/example_latest_only_with_trigger.py
[2025-02-06T18:08:08.053+0000] {processor.py:836} INFO - DAG(s) dict_keys(['latest_only_with_trigger']) retrieved from /home/vscode/.local/lib/python3.10/site-packages/airflow/example_dags/example_latest_only_with_trigger.py
[2025-02-06T18:08:08.124+0000] {logging_mixin.py:150} INFO - [2025-02-06T18:08:08.124+0000] {manager.py:504} INFO - Created Permission View: can read on DAG:latest_only_with_trigger
[2025-02-06T18:08:08.131+0000] {logging_mixin.py:150} INFO - [2025-02-06T18:08:08.130+0000] {manager.py:504} INFO - Created Permission View: can delete on DAG:latest_only_with_trigger
[2025-02-06T18:08:08.135+0000] {logging_mixin.py:150} INFO - [2025-02-06T18:08:08.135+0000] {manager.py:504} INFO - Created Permission View: can edit on DAG:latest_only_with_trigger
[2025-02-06T18:08:08.142+0000] {logging_mixin.py:150} INFO - [2025-02-06T18:08:08.142+0000] {dag.py:2742} INFO - Sync 1 DAGs
[2025-02-06T18:08:08.149+0000] {logging_mixin.py:150} INFO - [2025-02-06T18:08:08.149+0000] {dag.py:2763} INFO - Creating ORM DAG for latest_only_with_trigger
[2025-02-06T18:08:08.155+0000] {logging_mixin.py:150} INFO - [2025-02-06T18:08:08.155+0000] {dag.py:3504} INFO - Setting next_dagrun for latest_only_with_trigger to 2025-02-06T14:08:08.155179+00:00, run_after=2025-02-06T18:08:08.155179+00:00
[2025-02-06T18:08:08.167+0000] {processor.py:179} INFO - Processing /home/vscode/.local/lib/python3.10/site-packages/airflow/example_dags/example_latest_only_with_trigger.py took 0.125 seconds
