[2025-02-06T16:45:22.911+0000] {processor.py:157} INFO - Started process (PID=8402) to work on /home/vscode/.local/lib/python3.10/site-packages/airflow/example_dags/example_branch_operator_decorator.py
[2025-02-06T16:45:22.911+0000] {processor.py:826} INFO - Processing file /home/vscode/.local/lib/python3.10/site-packages/airflow/example_dags/example_branch_operator_decorator.py for tasks to queue
[2025-02-06T16:45:22.912+0000] {logging_mixin.py:150} INFO - [2025-02-06T16:45:22.912+0000] {dagbag.py:541} INFO - Filling up the DagBag from /home/vscode/.local/lib/python3.10/site-packages/airflow/example_dags/example_branch_operator_decorator.py
[2025-02-06T16:45:22.920+0000] {processor.py:836} INFO - DAG(s) dict_keys(['example_branch_python_operator_decorator']) retrieved from /home/vscode/.local/lib/python3.10/site-packages/airflow/example_dags/example_branch_operator_decorator.py
[2025-02-06T16:45:22.989+0000] {logging_mixin.py:150} INFO - [2025-02-06T16:45:22.989+0000] {manager.py:504} INFO - Created Permission View: can read on DAG:example_branch_python_operator_decorator
[2025-02-06T16:45:22.997+0000] {logging_mixin.py:150} INFO - [2025-02-06T16:45:22.996+0000] {manager.py:504} INFO - Created Permission View: can delete on DAG:example_branch_python_operator_decorator
[2025-02-06T16:45:23.002+0000] {logging_mixin.py:150} INFO - [2025-02-06T16:45:23.002+0000] {manager.py:504} INFO - Created Permission View: can edit on DAG:example_branch_python_operator_decorator
[2025-02-06T16:45:23.009+0000] {logging_mixin.py:150} INFO - [2025-02-06T16:45:23.009+0000] {dag.py:2742} INFO - Sync 1 DAGs
[2025-02-06T16:45:23.016+0000] {logging_mixin.py:150} INFO - [2025-02-06T16:45:23.016+0000] {dag.py:2763} INFO - Creating ORM DAG for example_branch_python_operator_decorator
[2025-02-06T16:45:23.023+0000] {logging_mixin.py:150} INFO - [2025-02-06T16:45:23.023+0000] {dag.py:3504} INFO - Setting next_dagrun for example_branch_python_operator_decorator to 2025-02-05T00:00:00+00:00, run_after=2025-02-06T00:00:00+00:00
[2025-02-06T16:45:23.038+0000] {processor.py:179} INFO - Processing /home/vscode/.local/lib/python3.10/site-packages/airflow/example_dags/example_branch_operator_decorator.py took 0.129 seconds
[2025-02-06T16:46:15.612+0000] {processor.py:157} INFO - Started process (PID=8767) to work on /home/vscode/.local/lib/python3.10/site-packages/airflow/example_dags/example_branch_operator_decorator.py
[2025-02-06T16:46:15.612+0000] {processor.py:826} INFO - Processing file /home/vscode/.local/lib/python3.10/site-packages/airflow/example_dags/example_branch_operator_decorator.py for tasks to queue
[2025-02-06T16:46:15.613+0000] {logging_mixin.py:150} INFO - [2025-02-06T16:46:15.613+0000] {dagbag.py:541} INFO - Filling up the DagBag from /home/vscode/.local/lib/python3.10/site-packages/airflow/example_dags/example_branch_operator_decorator.py
[2025-02-06T16:46:15.621+0000] {processor.py:836} INFO - DAG(s) dict_keys(['example_branch_python_operator_decorator']) retrieved from /home/vscode/.local/lib/python3.10/site-packages/airflow/example_dags/example_branch_operator_decorator.py
[2025-02-06T16:46:15.636+0000] {logging_mixin.py:150} INFO - [2025-02-06T16:46:15.636+0000] {dag.py:2742} INFO - Sync 1 DAGs
[2025-02-06T16:46:15.652+0000] {logging_mixin.py:150} INFO - [2025-02-06T16:46:15.652+0000] {dag.py:3504} INFO - Setting next_dagrun for example_branch_python_operator_decorator to 2025-02-05T00:00:00+00:00, run_after=2025-02-06T00:00:00+00:00
[2025-02-06T16:46:15.667+0000] {processor.py:179} INFO - Processing /home/vscode/.local/lib/python3.10/site-packages/airflow/example_dags/example_branch_operator_decorator.py took 0.058 seconds
[2025-02-06T16:47:08.126+0000] {processor.py:157} INFO - Started process (PID=9127) to work on /home/vscode/.local/lib/python3.10/site-packages/airflow/example_dags/example_branch_operator_decorator.py
[2025-02-06T16:47:08.127+0000] {processor.py:826} INFO - Processing file /home/vscode/.local/lib/python3.10/site-packages/airflow/example_dags/example_branch_operator_decorator.py for tasks to queue
[2025-02-06T16:47:08.128+0000] {logging_mixin.py:150} INFO - [2025-02-06T16:47:08.127+0000] {dagbag.py:541} INFO - Filling up the DagBag from /home/vscode/.local/lib/python3.10/site-packages/airflow/example_dags/example_branch_operator_decorator.py
[2025-02-06T16:47:08.136+0000] {processor.py:836} INFO - DAG(s) dict_keys(['example_branch_python_operator_decorator']) retrieved from /home/vscode/.local/lib/python3.10/site-packages/airflow/example_dags/example_branch_operator_decorator.py
[2025-02-06T16:47:08.150+0000] {logging_mixin.py:150} INFO - [2025-02-06T16:47:08.150+0000] {dag.py:2742} INFO - Sync 1 DAGs
[2025-02-06T16:47:08.166+0000] {logging_mixin.py:150} INFO - [2025-02-06T16:47:08.166+0000] {dag.py:3504} INFO - Setting next_dagrun for example_branch_python_operator_decorator to 2025-02-05T00:00:00+00:00, run_after=2025-02-06T00:00:00+00:00
[2025-02-06T16:47:08.180+0000] {processor.py:179} INFO - Processing /home/vscode/.local/lib/python3.10/site-packages/airflow/example_dags/example_branch_operator_decorator.py took 0.057 seconds
[2025-02-06T16:47:56.866+0000] {processor.py:157} INFO - Started process (PID=9457) to work on /home/vscode/.local/lib/python3.10/site-packages/airflow/example_dags/example_branch_operator_decorator.py
[2025-02-06T16:47:56.866+0000] {processor.py:826} INFO - Processing file /home/vscode/.local/lib/python3.10/site-packages/airflow/example_dags/example_branch_operator_decorator.py for tasks to queue
[2025-02-06T16:47:56.867+0000] {logging_mixin.py:150} INFO - [2025-02-06T16:47:56.867+0000] {dagbag.py:541} INFO - Filling up the DagBag from /home/vscode/.local/lib/python3.10/site-packages/airflow/example_dags/example_branch_operator_decorator.py
[2025-02-06T16:47:56.875+0000] {processor.py:836} INFO - DAG(s) dict_keys(['example_branch_python_operator_decorator']) retrieved from /home/vscode/.local/lib/python3.10/site-packages/airflow/example_dags/example_branch_operator_decorator.py
[2025-02-06T16:47:56.890+0000] {logging_mixin.py:150} INFO - [2025-02-06T16:47:56.889+0000] {dag.py:2742} INFO - Sync 1 DAGs
[2025-02-06T16:47:56.905+0000] {logging_mixin.py:150} INFO - [2025-02-06T16:47:56.905+0000] {dag.py:3504} INFO - Setting next_dagrun for example_branch_python_operator_decorator to 2025-02-05T00:00:00+00:00, run_after=2025-02-06T00:00:00+00:00
[2025-02-06T16:47:56.920+0000] {processor.py:179} INFO - Processing /home/vscode/.local/lib/python3.10/site-packages/airflow/example_dags/example_branch_operator_decorator.py took 0.057 seconds
[2025-02-06T16:48:41.795+0000] {processor.py:157} INFO - Started process (PID=9763) to work on /home/vscode/.local/lib/python3.10/site-packages/airflow/example_dags/example_branch_operator_decorator.py
[2025-02-06T16:48:41.795+0000] {processor.py:826} INFO - Processing file /home/vscode/.local/lib/python3.10/site-packages/airflow/example_dags/example_branch_operator_decorator.py for tasks to queue
[2025-02-06T16:48:41.796+0000] {logging_mixin.py:150} INFO - [2025-02-06T16:48:41.796+0000] {dagbag.py:541} INFO - Filling up the DagBag from /home/vscode/.local/lib/python3.10/site-packages/airflow/example_dags/example_branch_operator_decorator.py
[2025-02-06T16:48:41.805+0000] {processor.py:836} INFO - DAG(s) dict_keys(['example_branch_python_operator_decorator']) retrieved from /home/vscode/.local/lib/python3.10/site-packages/airflow/example_dags/example_branch_operator_decorator.py
[2025-02-06T16:48:41.819+0000] {logging_mixin.py:150} INFO - [2025-02-06T16:48:41.819+0000] {dag.py:2742} INFO - Sync 1 DAGs
[2025-02-06T16:48:41.835+0000] {logging_mixin.py:150} INFO - [2025-02-06T16:48:41.835+0000] {dag.py:3504} INFO - Setting next_dagrun for example_branch_python_operator_decorator to 2025-02-05T00:00:00+00:00, run_after=2025-02-06T00:00:00+00:00
[2025-02-06T16:48:41.850+0000] {processor.py:179} INFO - Processing /home/vscode/.local/lib/python3.10/site-packages/airflow/example_dags/example_branch_operator_decorator.py took 0.058 seconds
[2025-02-06T16:49:28.110+0000] {processor.py:157} INFO - Started process (PID=10095) to work on /home/vscode/.local/lib/python3.10/site-packages/airflow/example_dags/example_branch_operator_decorator.py
[2025-02-06T16:49:28.111+0000] {processor.py:826} INFO - Processing file /home/vscode/.local/lib/python3.10/site-packages/airflow/example_dags/example_branch_operator_decorator.py for tasks to queue
[2025-02-06T16:49:28.111+0000] {logging_mixin.py:150} INFO - [2025-02-06T16:49:28.111+0000] {dagbag.py:541} INFO - Filling up the DagBag from /home/vscode/.local/lib/python3.10/site-packages/airflow/example_dags/example_branch_operator_decorator.py
[2025-02-06T16:49:28.120+0000] {processor.py:836} INFO - DAG(s) dict_keys(['example_branch_python_operator_decorator']) retrieved from /home/vscode/.local/lib/python3.10/site-packages/airflow/example_dags/example_branch_operator_decorator.py
[2025-02-06T16:49:28.135+0000] {logging_mixin.py:150} INFO - [2025-02-06T16:49:28.135+0000] {dag.py:2742} INFO - Sync 1 DAGs
[2025-02-06T16:49:28.152+0000] {logging_mixin.py:150} INFO - [2025-02-06T16:49:28.152+0000] {dag.py:3504} INFO - Setting next_dagrun for example_branch_python_operator_decorator to 2025-02-05T00:00:00+00:00, run_after=2025-02-06T00:00:00+00:00
[2025-02-06T16:49:28.167+0000] {processor.py:179} INFO - Processing /home/vscode/.local/lib/python3.10/site-packages/airflow/example_dags/example_branch_operator_decorator.py took 0.062 seconds
[2025-02-06T16:50:20.077+0000] {processor.py:157} INFO - Started process (PID=10499) to work on /home/vscode/.local/lib/python3.10/site-packages/airflow/example_dags/example_branch_operator_decorator.py
[2025-02-06T16:50:20.078+0000] {processor.py:826} INFO - Processing file /home/vscode/.local/lib/python3.10/site-packages/airflow/example_dags/example_branch_operator_decorator.py for tasks to queue
[2025-02-06T16:50:20.079+0000] {logging_mixin.py:150} INFO - [2025-02-06T16:50:20.079+0000] {dagbag.py:541} INFO - Filling up the DagBag from /home/vscode/.local/lib/python3.10/site-packages/airflow/example_dags/example_branch_operator_decorator.py
[2025-02-06T16:50:20.087+0000] {processor.py:836} INFO - DAG(s) dict_keys(['example_branch_python_operator_decorator']) retrieved from /home/vscode/.local/lib/python3.10/site-packages/airflow/example_dags/example_branch_operator_decorator.py
[2025-02-06T16:50:20.102+0000] {logging_mixin.py:150} INFO - [2025-02-06T16:50:20.102+0000] {dag.py:2742} INFO - Sync 1 DAGs
[2025-02-06T16:50:20.118+0000] {logging_mixin.py:150} INFO - [2025-02-06T16:50:20.118+0000] {dag.py:3504} INFO - Setting next_dagrun for example_branch_python_operator_decorator to 2025-02-05T00:00:00+00:00, run_after=2025-02-06T00:00:00+00:00
[2025-02-06T16:50:20.132+0000] {processor.py:179} INFO - Processing /home/vscode/.local/lib/python3.10/site-packages/airflow/example_dags/example_branch_operator_decorator.py took 0.057 seconds
[2025-02-06T16:51:20.537+0000] {processor.py:157} INFO - Started process (PID=10938) to work on /home/vscode/.local/lib/python3.10/site-packages/airflow/example_dags/example_branch_operator_decorator.py
[2025-02-06T16:51:20.538+0000] {processor.py:826} INFO - Processing file /home/vscode/.local/lib/python3.10/site-packages/airflow/example_dags/example_branch_operator_decorator.py for tasks to queue
[2025-02-06T16:51:20.538+0000] {logging_mixin.py:150} INFO - [2025-02-06T16:51:20.538+0000] {dagbag.py:541} INFO - Filling up the DagBag from /home/vscode/.local/lib/python3.10/site-packages/airflow/example_dags/example_branch_operator_decorator.py
[2025-02-06T16:51:20.546+0000] {processor.py:836} INFO - DAG(s) dict_keys(['example_branch_python_operator_decorator']) retrieved from /home/vscode/.local/lib/python3.10/site-packages/airflow/example_dags/example_branch_operator_decorator.py
[2025-02-06T16:51:20.561+0000] {logging_mixin.py:150} INFO - [2025-02-06T16:51:20.561+0000] {dag.py:2742} INFO - Sync 1 DAGs
[2025-02-06T16:51:20.577+0000] {logging_mixin.py:150} INFO - [2025-02-06T16:51:20.577+0000] {dag.py:3504} INFO - Setting next_dagrun for example_branch_python_operator_decorator to 2025-02-05T00:00:00+00:00, run_after=2025-02-06T00:00:00+00:00
[2025-02-06T16:51:20.593+0000] {processor.py:179} INFO - Processing /home/vscode/.local/lib/python3.10/site-packages/airflow/example_dags/example_branch_operator_decorator.py took 0.059 seconds
[2025-02-06T16:52:16.993+0000] {processor.py:157} INFO - Started process (PID=11326) to work on /home/vscode/.local/lib/python3.10/site-packages/airflow/example_dags/example_branch_operator_decorator.py
[2025-02-06T16:52:16.994+0000] {processor.py:826} INFO - Processing file /home/vscode/.local/lib/python3.10/site-packages/airflow/example_dags/example_branch_operator_decorator.py for tasks to queue
[2025-02-06T16:52:16.996+0000] {logging_mixin.py:150} INFO - [2025-02-06T16:52:16.995+0000] {dagbag.py:541} INFO - Filling up the DagBag from /home/vscode/.local/lib/python3.10/site-packages/airflow/example_dags/example_branch_operator_decorator.py
[2025-02-06T16:52:17.005+0000] {processor.py:836} INFO - DAG(s) dict_keys(['example_branch_python_operator_decorator']) retrieved from /home/vscode/.local/lib/python3.10/site-packages/airflow/example_dags/example_branch_operator_decorator.py
[2025-02-06T16:52:17.026+0000] {logging_mixin.py:150} INFO - [2025-02-06T16:52:17.025+0000] {dag.py:2742} INFO - Sync 1 DAGs
[2025-02-06T16:52:17.045+0000] {logging_mixin.py:150} INFO - [2025-02-06T16:52:17.044+0000] {dag.py:3504} INFO - Setting next_dagrun for example_branch_python_operator_decorator to 2025-02-05T00:00:00+00:00, run_after=2025-02-06T00:00:00+00:00
[2025-02-06T16:52:17.059+0000] {processor.py:179} INFO - Processing /home/vscode/.local/lib/python3.10/site-packages/airflow/example_dags/example_branch_operator_decorator.py took 0.070 seconds
[2025-02-06T16:53:04.563+0000] {processor.py:157} INFO - Started process (PID=11652) to work on /home/vscode/.local/lib/python3.10/site-packages/airflow/example_dags/example_branch_operator_decorator.py
[2025-02-06T16:53:04.564+0000] {processor.py:826} INFO - Processing file /home/vscode/.local/lib/python3.10/site-packages/airflow/example_dags/example_branch_operator_decorator.py for tasks to queue
[2025-02-06T16:53:04.565+0000] {logging_mixin.py:150} INFO - [2025-02-06T16:53:04.565+0000] {dagbag.py:541} INFO - Filling up the DagBag from /home/vscode/.local/lib/python3.10/site-packages/airflow/example_dags/example_branch_operator_decorator.py
[2025-02-06T16:53:04.573+0000] {processor.py:836} INFO - DAG(s) dict_keys(['example_branch_python_operator_decorator']) retrieved from /home/vscode/.local/lib/python3.10/site-packages/airflow/example_dags/example_branch_operator_decorator.py
[2025-02-06T16:53:04.587+0000] {logging_mixin.py:150} INFO - [2025-02-06T16:53:04.587+0000] {dag.py:2742} INFO - Sync 1 DAGs
[2025-02-06T16:53:04.603+0000] {logging_mixin.py:150} INFO - [2025-02-06T16:53:04.603+0000] {dag.py:3504} INFO - Setting next_dagrun for example_branch_python_operator_decorator to 2025-02-05T00:00:00+00:00, run_after=2025-02-06T00:00:00+00:00
[2025-02-06T16:53:04.618+0000] {processor.py:179} INFO - Processing /home/vscode/.local/lib/python3.10/site-packages/airflow/example_dags/example_branch_operator_decorator.py took 0.057 seconds
[2025-02-06T16:54:03.952+0000] {processor.py:157} INFO - Started process (PID=12066) to work on /home/vscode/.local/lib/python3.10/site-packages/airflow/example_dags/example_branch_operator_decorator.py
[2025-02-06T16:54:03.953+0000] {processor.py:826} INFO - Processing file /home/vscode/.local/lib/python3.10/site-packages/airflow/example_dags/example_branch_operator_decorator.py for tasks to queue
[2025-02-06T16:54:03.954+0000] {logging_mixin.py:150} INFO - [2025-02-06T16:54:03.953+0000] {dagbag.py:541} INFO - Filling up the DagBag from /home/vscode/.local/lib/python3.10/site-packages/airflow/example_dags/example_branch_operator_decorator.py
[2025-02-06T16:54:03.962+0000] {processor.py:836} INFO - DAG(s) dict_keys(['example_branch_python_operator_decorator']) retrieved from /home/vscode/.local/lib/python3.10/site-packages/airflow/example_dags/example_branch_operator_decorator.py
[2025-02-06T16:54:03.976+0000] {logging_mixin.py:150} INFO - [2025-02-06T16:54:03.976+0000] {dag.py:2742} INFO - Sync 1 DAGs
[2025-02-06T16:54:03.992+0000] {logging_mixin.py:150} INFO - [2025-02-06T16:54:03.992+0000] {dag.py:3504} INFO - Setting next_dagrun for example_branch_python_operator_decorator to 2025-02-05T00:00:00+00:00, run_after=2025-02-06T00:00:00+00:00
[2025-02-06T16:54:04.007+0000] {processor.py:179} INFO - Processing /home/vscode/.local/lib/python3.10/site-packages/airflow/example_dags/example_branch_operator_decorator.py took 0.058 seconds
[2025-02-06T16:54:52.232+0000] {processor.py:157} INFO - Started process (PID=12456) to work on /home/vscode/.local/lib/python3.10/site-packages/airflow/example_dags/example_branch_operator_decorator.py
[2025-02-06T16:54:52.233+0000] {processor.py:826} INFO - Processing file /home/vscode/.local/lib/python3.10/site-packages/airflow/example_dags/example_branch_operator_decorator.py for tasks to queue
[2025-02-06T16:54:52.234+0000] {logging_mixin.py:150} INFO - [2025-02-06T16:54:52.234+0000] {dagbag.py:541} INFO - Filling up the DagBag from /home/vscode/.local/lib/python3.10/site-packages/airflow/example_dags/example_branch_operator_decorator.py
[2025-02-06T16:54:52.242+0000] {processor.py:836} INFO - DAG(s) dict_keys(['example_branch_python_operator_decorator']) retrieved from /home/vscode/.local/lib/python3.10/site-packages/airflow/example_dags/example_branch_operator_decorator.py
[2025-02-06T16:54:52.257+0000] {logging_mixin.py:150} INFO - [2025-02-06T16:54:52.257+0000] {dag.py:2742} INFO - Sync 1 DAGs
[2025-02-06T16:54:52.290+0000] {logging_mixin.py:150} INFO - [2025-02-06T16:54:52.290+0000] {dag.py:3504} INFO - Setting next_dagrun for example_branch_python_operator_decorator to 2025-02-05T00:00:00+00:00, run_after=2025-02-06T00:00:00+00:00
[2025-02-06T16:54:52.313+0000] {processor.py:179} INFO - Processing /home/vscode/.local/lib/python3.10/site-packages/airflow/example_dags/example_branch_operator_decorator.py took 0.083 seconds
[2025-02-06T16:55:42.135+0000] {processor.py:157} INFO - Started process (PID=12861) to work on /home/vscode/.local/lib/python3.10/site-packages/airflow/example_dags/example_branch_operator_decorator.py
[2025-02-06T16:55:42.136+0000] {processor.py:826} INFO - Processing file /home/vscode/.local/lib/python3.10/site-packages/airflow/example_dags/example_branch_operator_decorator.py for tasks to queue
[2025-02-06T16:55:42.137+0000] {logging_mixin.py:150} INFO - [2025-02-06T16:55:42.137+0000] {dagbag.py:541} INFO - Filling up the DagBag from /home/vscode/.local/lib/python3.10/site-packages/airflow/example_dags/example_branch_operator_decorator.py
[2025-02-06T16:55:42.149+0000] {processor.py:836} INFO - DAG(s) dict_keys(['example_branch_python_operator_decorator']) retrieved from /home/vscode/.local/lib/python3.10/site-packages/airflow/example_dags/example_branch_operator_decorator.py
[2025-02-06T16:55:42.170+0000] {logging_mixin.py:150} INFO - [2025-02-06T16:55:42.169+0000] {dag.py:2742} INFO - Sync 1 DAGs
[2025-02-06T16:55:42.193+0000] {logging_mixin.py:150} INFO - [2025-02-06T16:55:42.193+0000] {dag.py:3504} INFO - Setting next_dagrun for example_branch_python_operator_decorator to 2025-02-05T00:00:00+00:00, run_after=2025-02-06T00:00:00+00:00
[2025-02-06T16:55:42.216+0000] {processor.py:179} INFO - Processing /home/vscode/.local/lib/python3.10/site-packages/airflow/example_dags/example_branch_operator_decorator.py took 0.084 seconds
[2025-02-06T16:56:29.055+0000] {processor.py:157} INFO - Started process (PID=13293) to work on /home/vscode/.local/lib/python3.10/site-packages/airflow/example_dags/example_branch_operator_decorator.py
[2025-02-06T16:56:29.056+0000] {processor.py:826} INFO - Processing file /home/vscode/.local/lib/python3.10/site-packages/airflow/example_dags/example_branch_operator_decorator.py for tasks to queue
[2025-02-06T16:56:29.056+0000] {logging_mixin.py:150} INFO - [2025-02-06T16:56:29.056+0000] {dagbag.py:541} INFO - Filling up the DagBag from /home/vscode/.local/lib/python3.10/site-packages/airflow/example_dags/example_branch_operator_decorator.py
[2025-02-06T16:56:29.064+0000] {processor.py:836} INFO - DAG(s) dict_keys(['example_branch_python_operator_decorator']) retrieved from /home/vscode/.local/lib/python3.10/site-packages/airflow/example_dags/example_branch_operator_decorator.py
[2025-02-06T16:56:29.080+0000] {logging_mixin.py:150} INFO - [2025-02-06T16:56:29.079+0000] {dag.py:2742} INFO - Sync 1 DAGs
[2025-02-06T16:56:29.096+0000] {logging_mixin.py:150} INFO - [2025-02-06T16:56:29.096+0000] {dag.py:3504} INFO - Setting next_dagrun for example_branch_python_operator_decorator to 2025-02-05T00:00:00+00:00, run_after=2025-02-06T00:00:00+00:00
[2025-02-06T16:56:29.111+0000] {processor.py:179} INFO - Processing /home/vscode/.local/lib/python3.10/site-packages/airflow/example_dags/example_branch_operator_decorator.py took 0.059 seconds
[2025-02-06T16:57:29.595+0000] {processor.py:157} INFO - Started process (PID=13753) to work on /home/vscode/.local/lib/python3.10/site-packages/airflow/example_dags/example_branch_operator_decorator.py
[2025-02-06T16:57:29.596+0000] {processor.py:826} INFO - Processing file /home/vscode/.local/lib/python3.10/site-packages/airflow/example_dags/example_branch_operator_decorator.py for tasks to queue
[2025-02-06T16:57:29.597+0000] {logging_mixin.py:150} INFO - [2025-02-06T16:57:29.597+0000] {dagbag.py:541} INFO - Filling up the DagBag from /home/vscode/.local/lib/python3.10/site-packages/airflow/example_dags/example_branch_operator_decorator.py
[2025-02-06T16:57:29.605+0000] {processor.py:836} INFO - DAG(s) dict_keys(['example_branch_python_operator_decorator']) retrieved from /home/vscode/.local/lib/python3.10/site-packages/airflow/example_dags/example_branch_operator_decorator.py
[2025-02-06T16:57:29.620+0000] {logging_mixin.py:150} INFO - [2025-02-06T16:57:29.620+0000] {dag.py:2742} INFO - Sync 1 DAGs
[2025-02-06T16:57:29.636+0000] {logging_mixin.py:150} INFO - [2025-02-06T16:57:29.635+0000] {dag.py:3504} INFO - Setting next_dagrun for example_branch_python_operator_decorator to 2025-02-05T00:00:00+00:00, run_after=2025-02-06T00:00:00+00:00
[2025-02-06T16:57:29.652+0000] {processor.py:179} INFO - Processing /home/vscode/.local/lib/python3.10/site-packages/airflow/example_dags/example_branch_operator_decorator.py took 0.060 seconds
[2025-02-06T18:08:16.221+0000] {processor.py:157} INFO - Started process (PID=5178) to work on /home/vscode/.local/lib/python3.10/site-packages/airflow/example_dags/example_branch_operator_decorator.py
[2025-02-06T18:08:16.223+0000] {processor.py:826} INFO - Processing file /home/vscode/.local/lib/python3.10/site-packages/airflow/example_dags/example_branch_operator_decorator.py for tasks to queue
[2025-02-06T18:08:16.224+0000] {logging_mixin.py:150} INFO - [2025-02-06T18:08:16.223+0000] {dagbag.py:541} INFO - Filling up the DagBag from /home/vscode/.local/lib/python3.10/site-packages/airflow/example_dags/example_branch_operator_decorator.py
[2025-02-06T18:08:16.231+0000] {processor.py:836} INFO - DAG(s) dict_keys(['example_branch_python_operator_decorator']) retrieved from /home/vscode/.local/lib/python3.10/site-packages/airflow/example_dags/example_branch_operator_decorator.py
[2025-02-06T18:08:16.305+0000] {logging_mixin.py:150} INFO - [2025-02-06T18:08:16.305+0000] {manager.py:504} INFO - Created Permission View: can read on DAG:example_branch_python_operator_decorator
[2025-02-06T18:08:16.312+0000] {logging_mixin.py:150} INFO - [2025-02-06T18:08:16.312+0000] {manager.py:504} INFO - Created Permission View: can delete on DAG:example_branch_python_operator_decorator
[2025-02-06T18:08:16.317+0000] {logging_mixin.py:150} INFO - [2025-02-06T18:08:16.317+0000] {manager.py:504} INFO - Created Permission View: can edit on DAG:example_branch_python_operator_decorator
[2025-02-06T18:08:16.324+0000] {logging_mixin.py:150} INFO - [2025-02-06T18:08:16.324+0000] {dag.py:2742} INFO - Sync 1 DAGs
[2025-02-06T18:08:16.330+0000] {logging_mixin.py:150} INFO - [2025-02-06T18:08:16.330+0000] {dag.py:2763} INFO - Creating ORM DAG for example_branch_python_operator_decorator
[2025-02-06T18:08:16.336+0000] {logging_mixin.py:150} INFO - [2025-02-06T18:08:16.336+0000] {dag.py:3504} INFO - Setting next_dagrun for example_branch_python_operator_decorator to 2025-02-05T00:00:00+00:00, run_after=2025-02-06T00:00:00+00:00
[2025-02-06T18:08:16.349+0000] {processor.py:179} INFO - Processing /home/vscode/.local/lib/python3.10/site-packages/airflow/example_dags/example_branch_operator_decorator.py took 0.130 seconds
