[2025-02-06T16:45:05.780+0000] {processor.py:157} INFO - Started process (PID=8291) to work on /home/vscode/.local/lib/python3.10/site-packages/airflow/example_dags/example_params_ui_tutorial.py
[2025-02-06T16:45:05.780+0000] {processor.py:826} INFO - Processing file /home/vscode/.local/lib/python3.10/site-packages/airflow/example_dags/example_params_ui_tutorial.py for tasks to queue
[2025-02-06T16:45:05.781+0000] {logging_mixin.py:150} INFO - [2025-02-06T16:45:05.781+0000] {dagbag.py:541} INFO - Filling up the DagBag from /home/vscode/.local/lib/python3.10/site-packages/airflow/example_dags/example_params_ui_tutorial.py
[2025-02-06T16:45:05.891+0000] {processor.py:836} INFO - DAG(s) dict_keys(['example_params_ui_tutorial']) retrieved from /home/vscode/.local/lib/python3.10/site-packages/airflow/example_dags/example_params_ui_tutorial.py
[2025-02-06T16:45:05.963+0000] {logging_mixin.py:150} INFO - [2025-02-06T16:45:05.963+0000] {manager.py:504} INFO - Created Permission View: can read on DAG:example_params_ui_tutorial
[2025-02-06T16:45:05.971+0000] {logging_mixin.py:150} INFO - [2025-02-06T16:45:05.970+0000] {manager.py:504} INFO - Created Permission View: can delete on DAG:example_params_ui_tutorial
[2025-02-06T16:45:05.976+0000] {logging_mixin.py:150} INFO - [2025-02-06T16:45:05.976+0000] {manager.py:504} INFO - Created Permission View: can edit on DAG:example_params_ui_tutorial
[2025-02-06T16:45:05.984+0000] {logging_mixin.py:150} INFO - [2025-02-06T16:45:05.983+0000] {dag.py:2742} INFO - Sync 1 DAGs
[2025-02-06T16:45:05.990+0000] {logging_mixin.py:150} INFO - [2025-02-06T16:45:05.990+0000] {dag.py:2763} INFO - Creating ORM DAG for example_params_ui_tutorial
[2025-02-06T16:45:05.996+0000] {logging_mixin.py:150} INFO - [2025-02-06T16:45:05.996+0000] {dag.py:3504} INFO - Setting next_dagrun for example_params_ui_tutorial to None, run_after=None
[2025-02-06T16:45:06.011+0000] {processor.py:179} INFO - Processing /home/vscode/.local/lib/python3.10/site-packages/airflow/example_dags/example_params_ui_tutorial.py took 0.234 seconds
[2025-02-06T16:45:53.870+0000] {processor.py:157} INFO - Started process (PID=8613) to work on /home/vscode/.local/lib/python3.10/site-packages/airflow/example_dags/example_params_ui_tutorial.py
[2025-02-06T16:45:53.871+0000] {processor.py:826} INFO - Processing file /home/vscode/.local/lib/python3.10/site-packages/airflow/example_dags/example_params_ui_tutorial.py for tasks to queue
[2025-02-06T16:45:53.872+0000] {logging_mixin.py:150} INFO - [2025-02-06T16:45:53.872+0000] {dagbag.py:541} INFO - Filling up the DagBag from /home/vscode/.local/lib/python3.10/site-packages/airflow/example_dags/example_params_ui_tutorial.py
[2025-02-06T16:45:53.890+0000] {processor.py:836} INFO - DAG(s) dict_keys(['example_params_ui_tutorial']) retrieved from /home/vscode/.local/lib/python3.10/site-packages/airflow/example_dags/example_params_ui_tutorial.py
[2025-02-06T16:45:53.914+0000] {logging_mixin.py:150} INFO - [2025-02-06T16:45:53.914+0000] {dag.py:2742} INFO - Sync 1 DAGs
[2025-02-06T16:45:53.929+0000] {logging_mixin.py:150} INFO - [2025-02-06T16:45:53.929+0000] {dag.py:3504} INFO - Setting next_dagrun for example_params_ui_tutorial to None, run_after=None
[2025-02-06T16:45:53.943+0000] {processor.py:179} INFO - Processing /home/vscode/.local/lib/python3.10/site-packages/airflow/example_dags/example_params_ui_tutorial.py took 0.075 seconds
[2025-02-06T16:46:35.035+0000] {processor.py:157} INFO - Started process (PID=8899) to work on /home/vscode/.local/lib/python3.10/site-packages/airflow/example_dags/example_params_ui_tutorial.py
[2025-02-06T16:46:35.036+0000] {processor.py:826} INFO - Processing file /home/vscode/.local/lib/python3.10/site-packages/airflow/example_dags/example_params_ui_tutorial.py for tasks to queue
[2025-02-06T16:46:35.037+0000] {logging_mixin.py:150} INFO - [2025-02-06T16:46:35.036+0000] {dagbag.py:541} INFO - Filling up the DagBag from /home/vscode/.local/lib/python3.10/site-packages/airflow/example_dags/example_params_ui_tutorial.py
[2025-02-06T16:46:35.055+0000] {processor.py:836} INFO - DAG(s) dict_keys(['example_params_ui_tutorial']) retrieved from /home/vscode/.local/lib/python3.10/site-packages/airflow/example_dags/example_params_ui_tutorial.py
[2025-02-06T16:46:35.079+0000] {logging_mixin.py:150} INFO - [2025-02-06T16:46:35.079+0000] {dag.py:2742} INFO - Sync 1 DAGs
[2025-02-06T16:46:35.094+0000] {logging_mixin.py:150} INFO - [2025-02-06T16:46:35.094+0000] {dag.py:3504} INFO - Setting next_dagrun for example_params_ui_tutorial to None, run_after=None
[2025-02-06T16:46:35.109+0000] {processor.py:179} INFO - Processing /home/vscode/.local/lib/python3.10/site-packages/airflow/example_dags/example_params_ui_tutorial.py took 0.076 seconds
[2025-02-06T16:47:21.254+0000] {processor.py:157} INFO - Started process (PID=9213) to work on /home/vscode/.local/lib/python3.10/site-packages/airflow/example_dags/example_params_ui_tutorial.py
[2025-02-06T16:47:21.255+0000] {processor.py:826} INFO - Processing file /home/vscode/.local/lib/python3.10/site-packages/airflow/example_dags/example_params_ui_tutorial.py for tasks to queue
[2025-02-06T16:47:21.256+0000] {logging_mixin.py:150} INFO - [2025-02-06T16:47:21.255+0000] {dagbag.py:541} INFO - Filling up the DagBag from /home/vscode/.local/lib/python3.10/site-packages/airflow/example_dags/example_params_ui_tutorial.py
[2025-02-06T16:47:21.275+0000] {processor.py:836} INFO - DAG(s) dict_keys(['example_params_ui_tutorial']) retrieved from /home/vscode/.local/lib/python3.10/site-packages/airflow/example_dags/example_params_ui_tutorial.py
[2025-02-06T16:47:21.301+0000] {logging_mixin.py:150} INFO - [2025-02-06T16:47:21.300+0000] {dag.py:2742} INFO - Sync 1 DAGs
[2025-02-06T16:47:21.318+0000] {logging_mixin.py:150} INFO - [2025-02-06T16:47:21.318+0000] {dag.py:3504} INFO - Setting next_dagrun for example_params_ui_tutorial to None, run_after=None
[2025-02-06T16:47:21.338+0000] {processor.py:179} INFO - Processing /home/vscode/.local/lib/python3.10/site-packages/airflow/example_dags/example_params_ui_tutorial.py took 0.087 seconds
[2025-02-06T16:48:07.519+0000] {processor.py:157} INFO - Started process (PID=9522) to work on /home/vscode/.local/lib/python3.10/site-packages/airflow/example_dags/example_params_ui_tutorial.py
[2025-02-06T16:48:07.520+0000] {processor.py:826} INFO - Processing file /home/vscode/.local/lib/python3.10/site-packages/airflow/example_dags/example_params_ui_tutorial.py for tasks to queue
[2025-02-06T16:48:07.520+0000] {logging_mixin.py:150} INFO - [2025-02-06T16:48:07.520+0000] {dagbag.py:541} INFO - Filling up the DagBag from /home/vscode/.local/lib/python3.10/site-packages/airflow/example_dags/example_params_ui_tutorial.py
[2025-02-06T16:48:07.538+0000] {processor.py:836} INFO - DAG(s) dict_keys(['example_params_ui_tutorial']) retrieved from /home/vscode/.local/lib/python3.10/site-packages/airflow/example_dags/example_params_ui_tutorial.py
[2025-02-06T16:48:07.563+0000] {logging_mixin.py:150} INFO - [2025-02-06T16:48:07.563+0000] {dag.py:2742} INFO - Sync 1 DAGs
[2025-02-06T16:48:07.577+0000] {logging_mixin.py:150} INFO - [2025-02-06T16:48:07.577+0000] {dag.py:3504} INFO - Setting next_dagrun for example_params_ui_tutorial to None, run_after=None
[2025-02-06T16:48:07.593+0000] {processor.py:179} INFO - Processing /home/vscode/.local/lib/python3.10/site-packages/airflow/example_dags/example_params_ui_tutorial.py took 0.077 seconds
[2025-02-06T16:48:54.244+0000] {processor.py:157} INFO - Started process (PID=9843) to work on /home/vscode/.local/lib/python3.10/site-packages/airflow/example_dags/example_params_ui_tutorial.py
[2025-02-06T16:48:54.245+0000] {processor.py:826} INFO - Processing file /home/vscode/.local/lib/python3.10/site-packages/airflow/example_dags/example_params_ui_tutorial.py for tasks to queue
[2025-02-06T16:48:54.246+0000] {logging_mixin.py:150} INFO - [2025-02-06T16:48:54.245+0000] {dagbag.py:541} INFO - Filling up the DagBag from /home/vscode/.local/lib/python3.10/site-packages/airflow/example_dags/example_params_ui_tutorial.py
[2025-02-06T16:48:54.264+0000] {processor.py:836} INFO - DAG(s) dict_keys(['example_params_ui_tutorial']) retrieved from /home/vscode/.local/lib/python3.10/site-packages/airflow/example_dags/example_params_ui_tutorial.py
[2025-02-06T16:48:54.288+0000] {logging_mixin.py:150} INFO - [2025-02-06T16:48:54.288+0000] {dag.py:2742} INFO - Sync 1 DAGs
[2025-02-06T16:48:54.303+0000] {logging_mixin.py:150} INFO - [2025-02-06T16:48:54.303+0000] {dag.py:3504} INFO - Setting next_dagrun for example_params_ui_tutorial to None, run_after=None
[2025-02-06T16:48:54.317+0000] {processor.py:179} INFO - Processing /home/vscode/.local/lib/python3.10/site-packages/airflow/example_dags/example_params_ui_tutorial.py took 0.075 seconds
[2025-02-06T16:49:39.371+0000] {processor.py:157} INFO - Started process (PID=10176) to work on /home/vscode/.local/lib/python3.10/site-packages/airflow/example_dags/example_params_ui_tutorial.py
[2025-02-06T16:49:39.372+0000] {processor.py:826} INFO - Processing file /home/vscode/.local/lib/python3.10/site-packages/airflow/example_dags/example_params_ui_tutorial.py for tasks to queue
[2025-02-06T16:49:39.373+0000] {logging_mixin.py:150} INFO - [2025-02-06T16:49:39.373+0000] {dagbag.py:541} INFO - Filling up the DagBag from /home/vscode/.local/lib/python3.10/site-packages/airflow/example_dags/example_params_ui_tutorial.py
[2025-02-06T16:49:39.391+0000] {processor.py:836} INFO - DAG(s) dict_keys(['example_params_ui_tutorial']) retrieved from /home/vscode/.local/lib/python3.10/site-packages/airflow/example_dags/example_params_ui_tutorial.py
[2025-02-06T16:49:39.423+0000] {logging_mixin.py:150} INFO - [2025-02-06T16:49:39.423+0000] {dag.py:2742} INFO - Sync 1 DAGs
[2025-02-06T16:49:39.443+0000] {logging_mixin.py:150} INFO - [2025-02-06T16:49:39.443+0000] {dag.py:3504} INFO - Setting next_dagrun for example_params_ui_tutorial to None, run_after=None
[2025-02-06T16:49:39.459+0000] {processor.py:179} INFO - Processing /home/vscode/.local/lib/python3.10/site-packages/airflow/example_dags/example_params_ui_tutorial.py took 0.091 seconds
[2025-02-06T16:50:28.320+0000] {processor.py:157} INFO - Started process (PID=10552) to work on /home/vscode/.local/lib/python3.10/site-packages/airflow/example_dags/example_params_ui_tutorial.py
[2025-02-06T16:50:28.321+0000] {processor.py:826} INFO - Processing file /home/vscode/.local/lib/python3.10/site-packages/airflow/example_dags/example_params_ui_tutorial.py for tasks to queue
[2025-02-06T16:50:28.322+0000] {logging_mixin.py:150} INFO - [2025-02-06T16:50:28.322+0000] {dagbag.py:541} INFO - Filling up the DagBag from /home/vscode/.local/lib/python3.10/site-packages/airflow/example_dags/example_params_ui_tutorial.py
[2025-02-06T16:50:28.340+0000] {processor.py:836} INFO - DAG(s) dict_keys(['example_params_ui_tutorial']) retrieved from /home/vscode/.local/lib/python3.10/site-packages/airflow/example_dags/example_params_ui_tutorial.py
[2025-02-06T16:50:28.365+0000] {logging_mixin.py:150} INFO - [2025-02-06T16:50:28.365+0000] {dag.py:2742} INFO - Sync 1 DAGs
[2025-02-06T16:50:28.380+0000] {logging_mixin.py:150} INFO - [2025-02-06T16:50:28.380+0000] {dag.py:3504} INFO - Setting next_dagrun for example_params_ui_tutorial to None, run_after=None
[2025-02-06T16:50:28.398+0000] {processor.py:179} INFO - Processing /home/vscode/.local/lib/python3.10/site-packages/airflow/example_dags/example_params_ui_tutorial.py took 0.080 seconds
[2025-02-06T16:51:13.404+0000] {processor.py:157} INFO - Started process (PID=10899) to work on /home/vscode/.local/lib/python3.10/site-packages/airflow/example_dags/example_params_ui_tutorial.py
[2025-02-06T16:51:13.405+0000] {processor.py:826} INFO - Processing file /home/vscode/.local/lib/python3.10/site-packages/airflow/example_dags/example_params_ui_tutorial.py for tasks to queue
[2025-02-06T16:51:13.406+0000] {logging_mixin.py:150} INFO - [2025-02-06T16:51:13.405+0000] {dagbag.py:541} INFO - Filling up the DagBag from /home/vscode/.local/lib/python3.10/site-packages/airflow/example_dags/example_params_ui_tutorial.py
[2025-02-06T16:51:13.424+0000] {processor.py:836} INFO - DAG(s) dict_keys(['example_params_ui_tutorial']) retrieved from /home/vscode/.local/lib/python3.10/site-packages/airflow/example_dags/example_params_ui_tutorial.py
[2025-02-06T16:51:13.449+0000] {logging_mixin.py:150} INFO - [2025-02-06T16:51:13.448+0000] {dag.py:2742} INFO - Sync 1 DAGs
[2025-02-06T16:51:13.464+0000] {logging_mixin.py:150} INFO - [2025-02-06T16:51:13.464+0000] {dag.py:3504} INFO - Setting next_dagrun for example_params_ui_tutorial to None, run_after=None
[2025-02-06T16:51:13.478+0000] {processor.py:179} INFO - Processing /home/vscode/.local/lib/python3.10/site-packages/airflow/example_dags/example_params_ui_tutorial.py took 0.076 seconds
[2025-02-06T16:51:55.526+0000] {processor.py:157} INFO - Started process (PID=11192) to work on /home/vscode/.local/lib/python3.10/site-packages/airflow/example_dags/example_params_ui_tutorial.py
[2025-02-06T16:51:55.527+0000] {processor.py:826} INFO - Processing file /home/vscode/.local/lib/python3.10/site-packages/airflow/example_dags/example_params_ui_tutorial.py for tasks to queue
[2025-02-06T16:51:55.527+0000] {logging_mixin.py:150} INFO - [2025-02-06T16:51:55.527+0000] {dagbag.py:541} INFO - Filling up the DagBag from /home/vscode/.local/lib/python3.10/site-packages/airflow/example_dags/example_params_ui_tutorial.py
[2025-02-06T16:51:55.546+0000] {processor.py:836} INFO - DAG(s) dict_keys(['example_params_ui_tutorial']) retrieved from /home/vscode/.local/lib/python3.10/site-packages/airflow/example_dags/example_params_ui_tutorial.py
[2025-02-06T16:51:55.570+0000] {logging_mixin.py:150} INFO - [2025-02-06T16:51:55.570+0000] {dag.py:2742} INFO - Sync 1 DAGs
[2025-02-06T16:51:55.585+0000] {logging_mixin.py:150} INFO - [2025-02-06T16:51:55.585+0000] {dag.py:3504} INFO - Setting next_dagrun for example_params_ui_tutorial to None, run_after=None
[2025-02-06T16:51:55.601+0000] {processor.py:179} INFO - Processing /home/vscode/.local/lib/python3.10/site-packages/airflow/example_dags/example_params_ui_tutorial.py took 0.077 seconds
[2025-02-06T16:52:41.801+0000] {processor.py:157} INFO - Started process (PID=11492) to work on /home/vscode/.local/lib/python3.10/site-packages/airflow/example_dags/example_params_ui_tutorial.py
[2025-02-06T16:52:41.802+0000] {processor.py:826} INFO - Processing file /home/vscode/.local/lib/python3.10/site-packages/airflow/example_dags/example_params_ui_tutorial.py for tasks to queue
[2025-02-06T16:52:41.802+0000] {logging_mixin.py:150} INFO - [2025-02-06T16:52:41.802+0000] {dagbag.py:541} INFO - Filling up the DagBag from /home/vscode/.local/lib/python3.10/site-packages/airflow/example_dags/example_params_ui_tutorial.py
[2025-02-06T16:52:41.820+0000] {processor.py:836} INFO - DAG(s) dict_keys(['example_params_ui_tutorial']) retrieved from /home/vscode/.local/lib/python3.10/site-packages/airflow/example_dags/example_params_ui_tutorial.py
[2025-02-06T16:52:41.846+0000] {logging_mixin.py:150} INFO - [2025-02-06T16:52:41.845+0000] {dag.py:2742} INFO - Sync 1 DAGs
[2025-02-06T16:52:41.861+0000] {logging_mixin.py:150} INFO - [2025-02-06T16:52:41.861+0000] {dag.py:3504} INFO - Setting next_dagrun for example_params_ui_tutorial to None, run_after=None
[2025-02-06T16:52:41.875+0000] {processor.py:179} INFO - Processing /home/vscode/.local/lib/python3.10/site-packages/airflow/example_dags/example_params_ui_tutorial.py took 0.078 seconds
[2025-02-06T16:53:25.130+0000] {processor.py:157} INFO - Started process (PID=11795) to work on /home/vscode/.local/lib/python3.10/site-packages/airflow/example_dags/example_params_ui_tutorial.py
[2025-02-06T16:53:25.131+0000] {processor.py:826} INFO - Processing file /home/vscode/.local/lib/python3.10/site-packages/airflow/example_dags/example_params_ui_tutorial.py for tasks to queue
[2025-02-06T16:53:25.132+0000] {logging_mixin.py:150} INFO - [2025-02-06T16:53:25.131+0000] {dagbag.py:541} INFO - Filling up the DagBag from /home/vscode/.local/lib/python3.10/site-packages/airflow/example_dags/example_params_ui_tutorial.py
[2025-02-06T16:53:25.150+0000] {processor.py:836} INFO - DAG(s) dict_keys(['example_params_ui_tutorial']) retrieved from /home/vscode/.local/lib/python3.10/site-packages/airflow/example_dags/example_params_ui_tutorial.py
[2025-02-06T16:53:25.174+0000] {logging_mixin.py:150} INFO - [2025-02-06T16:53:25.174+0000] {dag.py:2742} INFO - Sync 1 DAGs
[2025-02-06T16:53:25.189+0000] {logging_mixin.py:150} INFO - [2025-02-06T16:53:25.189+0000] {dag.py:3504} INFO - Setting next_dagrun for example_params_ui_tutorial to None, run_after=None
[2025-02-06T16:53:25.204+0000] {processor.py:179} INFO - Processing /home/vscode/.local/lib/python3.10/site-packages/airflow/example_dags/example_params_ui_tutorial.py took 0.076 seconds
[2025-02-06T16:54:11.908+0000] {processor.py:157} INFO - Started process (PID=12131) to work on /home/vscode/.local/lib/python3.10/site-packages/airflow/example_dags/example_params_ui_tutorial.py
[2025-02-06T16:54:11.908+0000] {processor.py:826} INFO - Processing file /home/vscode/.local/lib/python3.10/site-packages/airflow/example_dags/example_params_ui_tutorial.py for tasks to queue
[2025-02-06T16:54:11.909+0000] {logging_mixin.py:150} INFO - [2025-02-06T16:54:11.909+0000] {dagbag.py:541} INFO - Filling up the DagBag from /home/vscode/.local/lib/python3.10/site-packages/airflow/example_dags/example_params_ui_tutorial.py
[2025-02-06T16:54:11.928+0000] {processor.py:836} INFO - DAG(s) dict_keys(['example_params_ui_tutorial']) retrieved from /home/vscode/.local/lib/python3.10/site-packages/airflow/example_dags/example_params_ui_tutorial.py
[2025-02-06T16:54:11.952+0000] {logging_mixin.py:150} INFO - [2025-02-06T16:54:11.952+0000] {dag.py:2742} INFO - Sync 1 DAGs
[2025-02-06T16:54:11.966+0000] {logging_mixin.py:150} INFO - [2025-02-06T16:54:11.966+0000] {dag.py:3504} INFO - Setting next_dagrun for example_params_ui_tutorial to None, run_after=None
[2025-02-06T16:54:11.982+0000] {processor.py:179} INFO - Processing /home/vscode/.local/lib/python3.10/site-packages/airflow/example_dags/example_params_ui_tutorial.py took 0.077 seconds
[2025-02-06T16:54:59.201+0000] {processor.py:157} INFO - Started process (PID=12511) to work on /home/vscode/.local/lib/python3.10/site-packages/airflow/example_dags/example_params_ui_tutorial.py
[2025-02-06T16:54:59.203+0000] {processor.py:826} INFO - Processing file /home/vscode/.local/lib/python3.10/site-packages/airflow/example_dags/example_params_ui_tutorial.py for tasks to queue
[2025-02-06T16:54:59.204+0000] {logging_mixin.py:150} INFO - [2025-02-06T16:54:59.203+0000] {dagbag.py:541} INFO - Filling up the DagBag from /home/vscode/.local/lib/python3.10/site-packages/airflow/example_dags/example_params_ui_tutorial.py
[2025-02-06T16:54:59.229+0000] {processor.py:836} INFO - DAG(s) dict_keys(['example_params_ui_tutorial']) retrieved from /home/vscode/.local/lib/python3.10/site-packages/airflow/example_dags/example_params_ui_tutorial.py
[2025-02-06T16:54:59.288+0000] {logging_mixin.py:150} INFO - [2025-02-06T16:54:59.288+0000] {dag.py:2742} INFO - Sync 1 DAGs
[2025-02-06T16:54:59.302+0000] {logging_mixin.py:150} INFO - [2025-02-06T16:54:59.302+0000] {dag.py:3504} INFO - Setting next_dagrun for example_params_ui_tutorial to None, run_after=None
[2025-02-06T16:54:59.317+0000] {processor.py:179} INFO - Processing /home/vscode/.local/lib/python3.10/site-packages/airflow/example_dags/example_params_ui_tutorial.py took 0.135 seconds
[2025-02-06T16:55:49.564+0000] {processor.py:157} INFO - Started process (PID=12957) to work on /home/vscode/.local/lib/python3.10/site-packages/airflow/example_dags/example_params_ui_tutorial.py
[2025-02-06T16:55:49.565+0000] {processor.py:826} INFO - Processing file /home/vscode/.local/lib/python3.10/site-packages/airflow/example_dags/example_params_ui_tutorial.py for tasks to queue
[2025-02-06T16:55:49.566+0000] {logging_mixin.py:150} INFO - [2025-02-06T16:55:49.565+0000] {dagbag.py:541} INFO - Filling up the DagBag from /home/vscode/.local/lib/python3.10/site-packages/airflow/example_dags/example_params_ui_tutorial.py
[2025-02-06T16:55:49.589+0000] {processor.py:836} INFO - DAG(s) dict_keys(['example_params_ui_tutorial']) retrieved from /home/vscode/.local/lib/python3.10/site-packages/airflow/example_dags/example_params_ui_tutorial.py
[2025-02-06T16:55:49.629+0000] {logging_mixin.py:150} INFO - [2025-02-06T16:55:49.629+0000] {dag.py:2742} INFO - Sync 1 DAGs
[2025-02-06T16:55:49.651+0000] {logging_mixin.py:150} INFO - [2025-02-06T16:55:49.650+0000] {dag.py:3504} INFO - Setting next_dagrun for example_params_ui_tutorial to None, run_after=None
[2025-02-06T16:55:49.691+0000] {processor.py:179} INFO - Processing /home/vscode/.local/lib/python3.10/site-packages/airflow/example_dags/example_params_ui_tutorial.py took 0.129 seconds
[2025-02-06T16:56:34.259+0000] {processor.py:157} INFO - Started process (PID=13335) to work on /home/vscode/.local/lib/python3.10/site-packages/airflow/example_dags/example_params_ui_tutorial.py
[2025-02-06T16:56:34.260+0000] {processor.py:826} INFO - Processing file /home/vscode/.local/lib/python3.10/site-packages/airflow/example_dags/example_params_ui_tutorial.py for tasks to queue
[2025-02-06T16:56:34.261+0000] {logging_mixin.py:150} INFO - [2025-02-06T16:56:34.260+0000] {dagbag.py:541} INFO - Filling up the DagBag from /home/vscode/.local/lib/python3.10/site-packages/airflow/example_dags/example_params_ui_tutorial.py
[2025-02-06T16:56:34.279+0000] {processor.py:836} INFO - DAG(s) dict_keys(['example_params_ui_tutorial']) retrieved from /home/vscode/.local/lib/python3.10/site-packages/airflow/example_dags/example_params_ui_tutorial.py
[2025-02-06T16:56:34.304+0000] {logging_mixin.py:150} INFO - [2025-02-06T16:56:34.303+0000] {dag.py:2742} INFO - Sync 1 DAGs
[2025-02-06T16:56:34.319+0000] {logging_mixin.py:150} INFO - [2025-02-06T16:56:34.318+0000] {dag.py:3504} INFO - Setting next_dagrun for example_params_ui_tutorial to None, run_after=None
[2025-02-06T16:56:34.334+0000] {processor.py:179} INFO - Processing /home/vscode/.local/lib/python3.10/site-packages/airflow/example_dags/example_params_ui_tutorial.py took 0.078 seconds
[2025-02-06T16:57:20.429+0000] {processor.py:157} INFO - Started process (PID=13683) to work on /home/vscode/.local/lib/python3.10/site-packages/airflow/example_dags/example_params_ui_tutorial.py
[2025-02-06T16:57:20.430+0000] {processor.py:826} INFO - Processing file /home/vscode/.local/lib/python3.10/site-packages/airflow/example_dags/example_params_ui_tutorial.py for tasks to queue
[2025-02-06T16:57:20.431+0000] {logging_mixin.py:150} INFO - [2025-02-06T16:57:20.431+0000] {dagbag.py:541} INFO - Filling up the DagBag from /home/vscode/.local/lib/python3.10/site-packages/airflow/example_dags/example_params_ui_tutorial.py
[2025-02-06T16:57:20.449+0000] {processor.py:836} INFO - DAG(s) dict_keys(['example_params_ui_tutorial']) retrieved from /home/vscode/.local/lib/python3.10/site-packages/airflow/example_dags/example_params_ui_tutorial.py
[2025-02-06T16:57:20.474+0000] {logging_mixin.py:150} INFO - [2025-02-06T16:57:20.474+0000] {dag.py:2742} INFO - Sync 1 DAGs
[2025-02-06T16:57:20.489+0000] {logging_mixin.py:150} INFO - [2025-02-06T16:57:20.489+0000] {dag.py:3504} INFO - Setting next_dagrun for example_params_ui_tutorial to None, run_after=None
[2025-02-06T16:57:20.504+0000] {processor.py:179} INFO - Processing /home/vscode/.local/lib/python3.10/site-packages/airflow/example_dags/example_params_ui_tutorial.py took 0.077 seconds
[2025-02-06T16:58:04.431+0000] {processor.py:157} INFO - Started process (PID=14015) to work on /home/vscode/.local/lib/python3.10/site-packages/airflow/example_dags/example_params_ui_tutorial.py
[2025-02-06T16:58:04.432+0000] {processor.py:826} INFO - Processing file /home/vscode/.local/lib/python3.10/site-packages/airflow/example_dags/example_params_ui_tutorial.py for tasks to queue
[2025-02-06T16:58:04.433+0000] {logging_mixin.py:150} INFO - [2025-02-06T16:58:04.432+0000] {dagbag.py:541} INFO - Filling up the DagBag from /home/vscode/.local/lib/python3.10/site-packages/airflow/example_dags/example_params_ui_tutorial.py
[2025-02-06T16:58:04.451+0000] {processor.py:836} INFO - DAG(s) dict_keys(['example_params_ui_tutorial']) retrieved from /home/vscode/.local/lib/python3.10/site-packages/airflow/example_dags/example_params_ui_tutorial.py
[2025-02-06T16:58:04.475+0000] {logging_mixin.py:150} INFO - [2025-02-06T16:58:04.475+0000] {dag.py:2742} INFO - Sync 1 DAGs
[2025-02-06T16:58:04.490+0000] {logging_mixin.py:150} INFO - [2025-02-06T16:58:04.490+0000] {dag.py:3504} INFO - Setting next_dagrun for example_params_ui_tutorial to None, run_after=None
[2025-02-06T16:58:04.507+0000] {processor.py:179} INFO - Processing /home/vscode/.local/lib/python3.10/site-packages/airflow/example_dags/example_params_ui_tutorial.py took 0.080 seconds
[2025-02-06T18:07:56.719+0000] {processor.py:157} INFO - Started process (PID=5020) to work on /home/vscode/.local/lib/python3.10/site-packages/airflow/example_dags/example_params_ui_tutorial.py
[2025-02-06T18:07:56.721+0000] {processor.py:826} INFO - Processing file /home/vscode/.local/lib/python3.10/site-packages/airflow/example_dags/example_params_ui_tutorial.py for tasks to queue
[2025-02-06T18:07:56.722+0000] {logging_mixin.py:150} INFO - [2025-02-06T18:07:56.722+0000] {dagbag.py:541} INFO - Filling up the DagBag from /home/vscode/.local/lib/python3.10/site-packages/airflow/example_dags/example_params_ui_tutorial.py
[2025-02-06T18:07:56.738+0000] {processor.py:836} INFO - DAG(s) dict_keys(['example_params_ui_tutorial']) retrieved from /home/vscode/.local/lib/python3.10/site-packages/airflow/example_dags/example_params_ui_tutorial.py
[2025-02-06T18:07:56.810+0000] {logging_mixin.py:150} INFO - [2025-02-06T18:07:56.810+0000] {manager.py:504} INFO - Created Permission View: can read on DAG:example_params_ui_tutorial
[2025-02-06T18:07:56.817+0000] {logging_mixin.py:150} INFO - [2025-02-06T18:07:56.817+0000] {manager.py:504} INFO - Created Permission View: can delete on DAG:example_params_ui_tutorial
[2025-02-06T18:07:56.822+0000] {logging_mixin.py:150} INFO - [2025-02-06T18:07:56.821+0000] {manager.py:504} INFO - Created Permission View: can edit on DAG:example_params_ui_tutorial
[2025-02-06T18:07:56.829+0000] {logging_mixin.py:150} INFO - [2025-02-06T18:07:56.829+0000] {dag.py:2742} INFO - Sync 1 DAGs
[2025-02-06T18:07:56.835+0000] {logging_mixin.py:150} INFO - [2025-02-06T18:07:56.834+0000] {dag.py:2763} INFO - Creating ORM DAG for example_params_ui_tutorial
[2025-02-06T18:07:56.840+0000] {logging_mixin.py:150} INFO - [2025-02-06T18:07:56.840+0000] {dag.py:3504} INFO - Setting next_dagrun for example_params_ui_tutorial to None, run_after=None
[2025-02-06T18:07:56.855+0000] {processor.py:179} INFO - Processing /home/vscode/.local/lib/python3.10/site-packages/airflow/example_dags/example_params_ui_tutorial.py took 0.137 seconds
