[2025-02-06T16:44:40.334+0000] {processor.py:157} INFO - Started process (PID=8119) to work on /home/vscode/.local/lib/python3.10/site-packages/airflow/example_dags/tutorial_taskflow_api.py
[2025-02-06T16:44:40.335+0000] {processor.py:826} INFO - Processing file /home/vscode/.local/lib/python3.10/site-packages/airflow/example_dags/tutorial_taskflow_api.py for tasks to queue
[2025-02-06T16:44:40.336+0000] {logging_mixin.py:150} INFO - [2025-02-06T16:44:40.336+0000] {dagbag.py:541} INFO - Filling up the DagBag from /home/vscode/.local/lib/python3.10/site-packages/airflow/example_dags/tutorial_taskflow_api.py
[2025-02-06T16:44:40.341+0000] {processor.py:836} INFO - DAG(s) dict_keys(['tutorial_taskflow_api']) retrieved from /home/vscode/.local/lib/python3.10/site-packages/airflow/example_dags/tutorial_taskflow_api.py
[2025-02-06T16:44:40.500+0000] {logging_mixin.py:150} INFO - [2025-02-06T16:44:40.500+0000] {manager.py:504} INFO - Created Permission View: can read on DAG:tutorial_taskflow_api
[2025-02-06T16:44:40.508+0000] {logging_mixin.py:150} INFO - [2025-02-06T16:44:40.507+0000] {manager.py:504} INFO - Created Permission View: can delete on DAG:tutorial_taskflow_api
[2025-02-06T16:44:40.513+0000] {logging_mixin.py:150} INFO - [2025-02-06T16:44:40.512+0000] {manager.py:504} INFO - Created Permission View: can edit on DAG:tutorial_taskflow_api
[2025-02-06T16:44:40.521+0000] {logging_mixin.py:150} INFO - [2025-02-06T16:44:40.521+0000] {dag.py:2742} INFO - Sync 1 DAGs
[2025-02-06T16:44:40.527+0000] {logging_mixin.py:150} INFO - [2025-02-06T16:44:40.527+0000] {dag.py:2763} INFO - Creating ORM DAG for tutorial_taskflow_api
[2025-02-06T16:44:40.533+0000] {logging_mixin.py:150} INFO - [2025-02-06T16:44:40.533+0000] {dag.py:3504} INFO - Setting next_dagrun for tutorial_taskflow_api to None, run_after=None
[2025-02-06T16:44:40.547+0000] {processor.py:179} INFO - Processing /home/vscode/.local/lib/python3.10/site-packages/airflow/example_dags/tutorial_taskflow_api.py took 0.215 seconds
[2025-02-06T16:45:31.506+0000] {processor.py:157} INFO - Started process (PID=8465) to work on /home/vscode/.local/lib/python3.10/site-packages/airflow/example_dags/tutorial_taskflow_api.py
[2025-02-06T16:45:31.507+0000] {processor.py:826} INFO - Processing file /home/vscode/.local/lib/python3.10/site-packages/airflow/example_dags/tutorial_taskflow_api.py for tasks to queue
[2025-02-06T16:45:31.507+0000] {logging_mixin.py:150} INFO - [2025-02-06T16:45:31.507+0000] {dagbag.py:541} INFO - Filling up the DagBag from /home/vscode/.local/lib/python3.10/site-packages/airflow/example_dags/tutorial_taskflow_api.py
[2025-02-06T16:45:31.513+0000] {processor.py:836} INFO - DAG(s) dict_keys(['tutorial_taskflow_api']) retrieved from /home/vscode/.local/lib/python3.10/site-packages/airflow/example_dags/tutorial_taskflow_api.py
[2025-02-06T16:45:31.527+0000] {logging_mixin.py:150} INFO - [2025-02-06T16:45:31.527+0000] {dag.py:2742} INFO - Sync 1 DAGs
[2025-02-06T16:45:31.542+0000] {logging_mixin.py:150} INFO - [2025-02-06T16:45:31.542+0000] {dag.py:3504} INFO - Setting next_dagrun for tutorial_taskflow_api to None, run_after=None
[2025-02-06T16:45:31.559+0000] {processor.py:179} INFO - Processing /home/vscode/.local/lib/python3.10/site-packages/airflow/example_dags/tutorial_taskflow_api.py took 0.056 seconds
[2025-02-06T16:46:16.712+0000] {processor.py:157} INFO - Started process (PID=8775) to work on /home/vscode/.local/lib/python3.10/site-packages/airflow/example_dags/tutorial_taskflow_api.py
[2025-02-06T16:46:16.713+0000] {processor.py:826} INFO - Processing file /home/vscode/.local/lib/python3.10/site-packages/airflow/example_dags/tutorial_taskflow_api.py for tasks to queue
[2025-02-06T16:46:16.714+0000] {logging_mixin.py:150} INFO - [2025-02-06T16:46:16.713+0000] {dagbag.py:541} INFO - Filling up the DagBag from /home/vscode/.local/lib/python3.10/site-packages/airflow/example_dags/tutorial_taskflow_api.py
[2025-02-06T16:46:16.719+0000] {processor.py:836} INFO - DAG(s) dict_keys(['tutorial_taskflow_api']) retrieved from /home/vscode/.local/lib/python3.10/site-packages/airflow/example_dags/tutorial_taskflow_api.py
[2025-02-06T16:46:16.732+0000] {logging_mixin.py:150} INFO - [2025-02-06T16:46:16.732+0000] {dag.py:2742} INFO - Sync 1 DAGs
[2025-02-06T16:46:16.747+0000] {logging_mixin.py:150} INFO - [2025-02-06T16:46:16.746+0000] {dag.py:3504} INFO - Setting next_dagrun for tutorial_taskflow_api to None, run_after=None
[2025-02-06T16:46:16.762+0000] {processor.py:179} INFO - Processing /home/vscode/.local/lib/python3.10/site-packages/airflow/example_dags/tutorial_taskflow_api.py took 0.052 seconds
[2025-02-06T16:46:55.561+0000] {processor.py:157} INFO - Started process (PID=9040) to work on /home/vscode/.local/lib/python3.10/site-packages/airflow/example_dags/tutorial_taskflow_api.py
[2025-02-06T16:46:55.561+0000] {processor.py:826} INFO - Processing file /home/vscode/.local/lib/python3.10/site-packages/airflow/example_dags/tutorial_taskflow_api.py for tasks to queue
[2025-02-06T16:46:55.562+0000] {logging_mixin.py:150} INFO - [2025-02-06T16:46:55.562+0000] {dagbag.py:541} INFO - Filling up the DagBag from /home/vscode/.local/lib/python3.10/site-packages/airflow/example_dags/tutorial_taskflow_api.py
[2025-02-06T16:46:55.568+0000] {processor.py:836} INFO - DAG(s) dict_keys(['tutorial_taskflow_api']) retrieved from /home/vscode/.local/lib/python3.10/site-packages/airflow/example_dags/tutorial_taskflow_api.py
[2025-02-06T16:46:55.580+0000] {logging_mixin.py:150} INFO - [2025-02-06T16:46:55.580+0000] {dag.py:2742} INFO - Sync 1 DAGs
[2025-02-06T16:46:55.594+0000] {logging_mixin.py:150} INFO - [2025-02-06T16:46:55.594+0000] {dag.py:3504} INFO - Setting next_dagrun for tutorial_taskflow_api to None, run_after=None
[2025-02-06T16:46:55.609+0000] {processor.py:179} INFO - Processing /home/vscode/.local/lib/python3.10/site-packages/airflow/example_dags/tutorial_taskflow_api.py took 0.051 seconds
[2025-02-06T16:47:41.804+0000] {processor.py:157} INFO - Started process (PID=9358) to work on /home/vscode/.local/lib/python3.10/site-packages/airflow/example_dags/tutorial_taskflow_api.py
[2025-02-06T16:47:41.805+0000] {processor.py:826} INFO - Processing file /home/vscode/.local/lib/python3.10/site-packages/airflow/example_dags/tutorial_taskflow_api.py for tasks to queue
[2025-02-06T16:47:41.806+0000] {logging_mixin.py:150} INFO - [2025-02-06T16:47:41.805+0000] {dagbag.py:541} INFO - Filling up the DagBag from /home/vscode/.local/lib/python3.10/site-packages/airflow/example_dags/tutorial_taskflow_api.py
[2025-02-06T16:47:41.811+0000] {processor.py:836} INFO - DAG(s) dict_keys(['tutorial_taskflow_api']) retrieved from /home/vscode/.local/lib/python3.10/site-packages/airflow/example_dags/tutorial_taskflow_api.py
[2025-02-06T16:47:41.824+0000] {logging_mixin.py:150} INFO - [2025-02-06T16:47:41.824+0000] {dag.py:2742} INFO - Sync 1 DAGs
[2025-02-06T16:47:41.839+0000] {logging_mixin.py:150} INFO - [2025-02-06T16:47:41.839+0000] {dag.py:3504} INFO - Setting next_dagrun for tutorial_taskflow_api to None, run_after=None
[2025-02-06T16:47:41.853+0000] {processor.py:179} INFO - Processing /home/vscode/.local/lib/python3.10/site-packages/airflow/example_dags/tutorial_taskflow_api.py took 0.052 seconds
[2025-02-06T16:48:17.800+0000] {processor.py:157} INFO - Started process (PID=9592) to work on /home/vscode/.local/lib/python3.10/site-packages/airflow/example_dags/tutorial_taskflow_api.py
[2025-02-06T16:48:17.801+0000] {processor.py:826} INFO - Processing file /home/vscode/.local/lib/python3.10/site-packages/airflow/example_dags/tutorial_taskflow_api.py for tasks to queue
[2025-02-06T16:48:17.801+0000] {logging_mixin.py:150} INFO - [2025-02-06T16:48:17.801+0000] {dagbag.py:541} INFO - Filling up the DagBag from /home/vscode/.local/lib/python3.10/site-packages/airflow/example_dags/tutorial_taskflow_api.py
[2025-02-06T16:48:17.807+0000] {processor.py:836} INFO - DAG(s) dict_keys(['tutorial_taskflow_api']) retrieved from /home/vscode/.local/lib/python3.10/site-packages/airflow/example_dags/tutorial_taskflow_api.py
[2025-02-06T16:48:17.821+0000] {logging_mixin.py:150} INFO - [2025-02-06T16:48:17.821+0000] {dag.py:2742} INFO - Sync 1 DAGs
[2025-02-06T16:48:17.837+0000] {logging_mixin.py:150} INFO - [2025-02-06T16:48:17.837+0000] {dag.py:3504} INFO - Setting next_dagrun for tutorial_taskflow_api to None, run_after=None
[2025-02-06T16:48:17.851+0000] {processor.py:179} INFO - Processing /home/vscode/.local/lib/python3.10/site-packages/airflow/example_dags/tutorial_taskflow_api.py took 0.054 seconds
[2025-02-06T16:49:03.231+0000] {processor.py:157} INFO - Started process (PID=9914) to work on /home/vscode/.local/lib/python3.10/site-packages/airflow/example_dags/tutorial_taskflow_api.py
[2025-02-06T16:49:03.232+0000] {processor.py:826} INFO - Processing file /home/vscode/.local/lib/python3.10/site-packages/airflow/example_dags/tutorial_taskflow_api.py for tasks to queue
[2025-02-06T16:49:03.233+0000] {logging_mixin.py:150} INFO - [2025-02-06T16:49:03.233+0000] {dagbag.py:541} INFO - Filling up the DagBag from /home/vscode/.local/lib/python3.10/site-packages/airflow/example_dags/tutorial_taskflow_api.py
[2025-02-06T16:49:03.238+0000] {processor.py:836} INFO - DAG(s) dict_keys(['tutorial_taskflow_api']) retrieved from /home/vscode/.local/lib/python3.10/site-packages/airflow/example_dags/tutorial_taskflow_api.py
[2025-02-06T16:49:03.253+0000] {logging_mixin.py:150} INFO - [2025-02-06T16:49:03.252+0000] {dag.py:2742} INFO - Sync 1 DAGs
[2025-02-06T16:49:03.267+0000] {logging_mixin.py:150} INFO - [2025-02-06T16:49:03.267+0000] {dag.py:3504} INFO - Setting next_dagrun for tutorial_taskflow_api to None, run_after=None
[2025-02-06T16:49:03.281+0000] {processor.py:179} INFO - Processing /home/vscode/.local/lib/python3.10/site-packages/airflow/example_dags/tutorial_taskflow_api.py took 0.052 seconds
[2025-02-06T16:49:46.073+0000] {processor.py:157} INFO - Started process (PID=10237) to work on /home/vscode/.local/lib/python3.10/site-packages/airflow/example_dags/tutorial_taskflow_api.py
[2025-02-06T16:49:46.073+0000] {processor.py:826} INFO - Processing file /home/vscode/.local/lib/python3.10/site-packages/airflow/example_dags/tutorial_taskflow_api.py for tasks to queue
[2025-02-06T16:49:46.074+0000] {logging_mixin.py:150} INFO - [2025-02-06T16:49:46.074+0000] {dagbag.py:541} INFO - Filling up the DagBag from /home/vscode/.local/lib/python3.10/site-packages/airflow/example_dags/tutorial_taskflow_api.py
[2025-02-06T16:49:46.079+0000] {processor.py:836} INFO - DAG(s) dict_keys(['tutorial_taskflow_api']) retrieved from /home/vscode/.local/lib/python3.10/site-packages/airflow/example_dags/tutorial_taskflow_api.py
[2025-02-06T16:49:46.092+0000] {logging_mixin.py:150} INFO - [2025-02-06T16:49:46.092+0000] {dag.py:2742} INFO - Sync 1 DAGs
[2025-02-06T16:49:46.107+0000] {logging_mixin.py:150} INFO - [2025-02-06T16:49:46.107+0000] {dag.py:3504} INFO - Setting next_dagrun for tutorial_taskflow_api to None, run_after=None
[2025-02-06T16:49:46.122+0000] {processor.py:179} INFO - Processing /home/vscode/.local/lib/python3.10/site-packages/airflow/example_dags/tutorial_taskflow_api.py took 0.052 seconds
[2025-02-06T16:50:24.334+0000] {processor.py:157} INFO - Started process (PID=10532) to work on /home/vscode/.local/lib/python3.10/site-packages/airflow/example_dags/tutorial_taskflow_api.py
[2025-02-06T16:50:24.335+0000] {processor.py:826} INFO - Processing file /home/vscode/.local/lib/python3.10/site-packages/airflow/example_dags/tutorial_taskflow_api.py for tasks to queue
[2025-02-06T16:50:24.336+0000] {logging_mixin.py:150} INFO - [2025-02-06T16:50:24.335+0000] {dagbag.py:541} INFO - Filling up the DagBag from /home/vscode/.local/lib/python3.10/site-packages/airflow/example_dags/tutorial_taskflow_api.py
[2025-02-06T16:50:24.341+0000] {processor.py:836} INFO - DAG(s) dict_keys(['tutorial_taskflow_api']) retrieved from /home/vscode/.local/lib/python3.10/site-packages/airflow/example_dags/tutorial_taskflow_api.py
[2025-02-06T16:50:24.354+0000] {logging_mixin.py:150} INFO - [2025-02-06T16:50:24.354+0000] {dag.py:2742} INFO - Sync 1 DAGs
[2025-02-06T16:50:24.372+0000] {logging_mixin.py:150} INFO - [2025-02-06T16:50:24.372+0000] {dag.py:3504} INFO - Setting next_dagrun for tutorial_taskflow_api to None, run_after=None
[2025-02-06T16:50:24.388+0000] {processor.py:179} INFO - Processing /home/vscode/.local/lib/python3.10/site-packages/airflow/example_dags/tutorial_taskflow_api.py took 0.056 seconds
[2025-02-06T16:51:09.389+0000] {processor.py:157} INFO - Started process (PID=10867) to work on /home/vscode/.local/lib/python3.10/site-packages/airflow/example_dags/tutorial_taskflow_api.py
[2025-02-06T16:51:09.390+0000] {processor.py:826} INFO - Processing file /home/vscode/.local/lib/python3.10/site-packages/airflow/example_dags/tutorial_taskflow_api.py for tasks to queue
[2025-02-06T16:51:09.391+0000] {logging_mixin.py:150} INFO - [2025-02-06T16:51:09.390+0000] {dagbag.py:541} INFO - Filling up the DagBag from /home/vscode/.local/lib/python3.10/site-packages/airflow/example_dags/tutorial_taskflow_api.py
[2025-02-06T16:51:09.396+0000] {processor.py:836} INFO - DAG(s) dict_keys(['tutorial_taskflow_api']) retrieved from /home/vscode/.local/lib/python3.10/site-packages/airflow/example_dags/tutorial_taskflow_api.py
[2025-02-06T16:51:09.409+0000] {logging_mixin.py:150} INFO - [2025-02-06T16:51:09.409+0000] {dag.py:2742} INFO - Sync 1 DAGs
[2025-02-06T16:51:09.423+0000] {logging_mixin.py:150} INFO - [2025-02-06T16:51:09.423+0000] {dag.py:3504} INFO - Setting next_dagrun for tutorial_taskflow_api to None, run_after=None
[2025-02-06T16:51:09.438+0000] {processor.py:179} INFO - Processing /home/vscode/.local/lib/python3.10/site-packages/airflow/example_dags/tutorial_taskflow_api.py took 0.052 seconds
[2025-02-06T16:51:51.953+0000] {processor.py:157} INFO - Started process (PID=11160) to work on /home/vscode/.local/lib/python3.10/site-packages/airflow/example_dags/tutorial_taskflow_api.py
[2025-02-06T16:51:51.954+0000] {processor.py:826} INFO - Processing file /home/vscode/.local/lib/python3.10/site-packages/airflow/example_dags/tutorial_taskflow_api.py for tasks to queue
[2025-02-06T16:51:51.955+0000] {logging_mixin.py:150} INFO - [2025-02-06T16:51:51.955+0000] {dagbag.py:541} INFO - Filling up the DagBag from /home/vscode/.local/lib/python3.10/site-packages/airflow/example_dags/tutorial_taskflow_api.py
[2025-02-06T16:51:51.960+0000] {processor.py:836} INFO - DAG(s) dict_keys(['tutorial_taskflow_api']) retrieved from /home/vscode/.local/lib/python3.10/site-packages/airflow/example_dags/tutorial_taskflow_api.py
[2025-02-06T16:51:51.975+0000] {logging_mixin.py:150} INFO - [2025-02-06T16:51:51.975+0000] {dag.py:2742} INFO - Sync 1 DAGs
[2025-02-06T16:51:51.990+0000] {logging_mixin.py:150} INFO - [2025-02-06T16:51:51.990+0000] {dag.py:3504} INFO - Setting next_dagrun for tutorial_taskflow_api to None, run_after=None
[2025-02-06T16:51:52.005+0000] {processor.py:179} INFO - Processing /home/vscode/.local/lib/python3.10/site-packages/airflow/example_dags/tutorial_taskflow_api.py took 0.054 seconds
[2025-02-06T16:52:37.276+0000] {processor.py:157} INFO - Started process (PID=11465) to work on /home/vscode/.local/lib/python3.10/site-packages/airflow/example_dags/tutorial_taskflow_api.py
[2025-02-06T16:52:37.277+0000] {processor.py:826} INFO - Processing file /home/vscode/.local/lib/python3.10/site-packages/airflow/example_dags/tutorial_taskflow_api.py for tasks to queue
[2025-02-06T16:52:37.277+0000] {logging_mixin.py:150} INFO - [2025-02-06T16:52:37.277+0000] {dagbag.py:541} INFO - Filling up the DagBag from /home/vscode/.local/lib/python3.10/site-packages/airflow/example_dags/tutorial_taskflow_api.py
[2025-02-06T16:52:37.283+0000] {processor.py:836} INFO - DAG(s) dict_keys(['tutorial_taskflow_api']) retrieved from /home/vscode/.local/lib/python3.10/site-packages/airflow/example_dags/tutorial_taskflow_api.py
[2025-02-06T16:52:37.297+0000] {logging_mixin.py:150} INFO - [2025-02-06T16:52:37.297+0000] {dag.py:2742} INFO - Sync 1 DAGs
[2025-02-06T16:52:37.312+0000] {logging_mixin.py:150} INFO - [2025-02-06T16:52:37.312+0000] {dag.py:3504} INFO - Setting next_dagrun for tutorial_taskflow_api to None, run_after=None
[2025-02-06T16:52:37.328+0000] {processor.py:179} INFO - Processing /home/vscode/.local/lib/python3.10/site-packages/airflow/example_dags/tutorial_taskflow_api.py took 0.055 seconds
[2025-02-06T16:53:20.546+0000] {processor.py:157} INFO - Started process (PID=11755) to work on /home/vscode/.local/lib/python3.10/site-packages/airflow/example_dags/tutorial_taskflow_api.py
[2025-02-06T16:53:20.547+0000] {processor.py:826} INFO - Processing file /home/vscode/.local/lib/python3.10/site-packages/airflow/example_dags/tutorial_taskflow_api.py for tasks to queue
[2025-02-06T16:53:20.548+0000] {logging_mixin.py:150} INFO - [2025-02-06T16:53:20.547+0000] {dagbag.py:541} INFO - Filling up the DagBag from /home/vscode/.local/lib/python3.10/site-packages/airflow/example_dags/tutorial_taskflow_api.py
[2025-02-06T16:53:20.553+0000] {processor.py:836} INFO - DAG(s) dict_keys(['tutorial_taskflow_api']) retrieved from /home/vscode/.local/lib/python3.10/site-packages/airflow/example_dags/tutorial_taskflow_api.py
[2025-02-06T16:53:20.566+0000] {logging_mixin.py:150} INFO - [2025-02-06T16:53:20.566+0000] {dag.py:2742} INFO - Sync 1 DAGs
[2025-02-06T16:53:20.581+0000] {logging_mixin.py:150} INFO - [2025-02-06T16:53:20.581+0000] {dag.py:3504} INFO - Setting next_dagrun for tutorial_taskflow_api to None, run_after=None
[2025-02-06T16:53:20.596+0000] {processor.py:179} INFO - Processing /home/vscode/.local/lib/python3.10/site-packages/airflow/example_dags/tutorial_taskflow_api.py took 0.053 seconds
[2025-02-06T16:54:07.925+0000] {processor.py:157} INFO - Started process (PID=12097) to work on /home/vscode/.local/lib/python3.10/site-packages/airflow/example_dags/tutorial_taskflow_api.py
[2025-02-06T16:54:07.926+0000] {processor.py:826} INFO - Processing file /home/vscode/.local/lib/python3.10/site-packages/airflow/example_dags/tutorial_taskflow_api.py for tasks to queue
[2025-02-06T16:54:07.926+0000] {logging_mixin.py:150} INFO - [2025-02-06T16:54:07.926+0000] {dagbag.py:541} INFO - Filling up the DagBag from /home/vscode/.local/lib/python3.10/site-packages/airflow/example_dags/tutorial_taskflow_api.py
[2025-02-06T16:54:07.932+0000] {processor.py:836} INFO - DAG(s) dict_keys(['tutorial_taskflow_api']) retrieved from /home/vscode/.local/lib/python3.10/site-packages/airflow/example_dags/tutorial_taskflow_api.py
[2025-02-06T16:54:07.945+0000] {logging_mixin.py:150} INFO - [2025-02-06T16:54:07.945+0000] {dag.py:2742} INFO - Sync 1 DAGs
[2025-02-06T16:54:07.959+0000] {logging_mixin.py:150} INFO - [2025-02-06T16:54:07.959+0000] {dag.py:3504} INFO - Setting next_dagrun for tutorial_taskflow_api to None, run_after=None
[2025-02-06T16:54:07.984+0000] {processor.py:179} INFO - Processing /home/vscode/.local/lib/python3.10/site-packages/airflow/example_dags/tutorial_taskflow_api.py took 0.061 seconds
[2025-02-06T16:54:55.433+0000] {processor.py:157} INFO - Started process (PID=12486) to work on /home/vscode/.local/lib/python3.10/site-packages/airflow/example_dags/tutorial_taskflow_api.py
[2025-02-06T16:54:55.434+0000] {processor.py:826} INFO - Processing file /home/vscode/.local/lib/python3.10/site-packages/airflow/example_dags/tutorial_taskflow_api.py for tasks to queue
[2025-02-06T16:54:55.435+0000] {logging_mixin.py:150} INFO - [2025-02-06T16:54:55.435+0000] {dagbag.py:541} INFO - Filling up the DagBag from /home/vscode/.local/lib/python3.10/site-packages/airflow/example_dags/tutorial_taskflow_api.py
[2025-02-06T16:54:55.440+0000] {processor.py:836} INFO - DAG(s) dict_keys(['tutorial_taskflow_api']) retrieved from /home/vscode/.local/lib/python3.10/site-packages/airflow/example_dags/tutorial_taskflow_api.py
[2025-02-06T16:54:55.453+0000] {logging_mixin.py:150} INFO - [2025-02-06T16:54:55.453+0000] {dag.py:2742} INFO - Sync 1 DAGs
[2025-02-06T16:54:55.468+0000] {logging_mixin.py:150} INFO - [2025-02-06T16:54:55.468+0000] {dag.py:3504} INFO - Setting next_dagrun for tutorial_taskflow_api to None, run_after=None
[2025-02-06T16:54:55.484+0000] {processor.py:179} INFO - Processing /home/vscode/.local/lib/python3.10/site-packages/airflow/example_dags/tutorial_taskflow_api.py took 0.053 seconds
[2025-02-06T16:55:29.683+0000] {processor.py:157} INFO - Started process (PID=12739) to work on /home/vscode/.local/lib/python3.10/site-packages/airflow/example_dags/tutorial_taskflow_api.py
[2025-02-06T16:55:29.683+0000] {processor.py:826} INFO - Processing file /home/vscode/.local/lib/python3.10/site-packages/airflow/example_dags/tutorial_taskflow_api.py for tasks to queue
[2025-02-06T16:55:29.684+0000] {logging_mixin.py:150} INFO - [2025-02-06T16:55:29.684+0000] {dagbag.py:541} INFO - Filling up the DagBag from /home/vscode/.local/lib/python3.10/site-packages/airflow/example_dags/tutorial_taskflow_api.py
[2025-02-06T16:55:29.690+0000] {processor.py:836} INFO - DAG(s) dict_keys(['tutorial_taskflow_api']) retrieved from /home/vscode/.local/lib/python3.10/site-packages/airflow/example_dags/tutorial_taskflow_api.py
[2025-02-06T16:55:29.704+0000] {logging_mixin.py:150} INFO - [2025-02-06T16:55:29.704+0000] {dag.py:2742} INFO - Sync 1 DAGs
[2025-02-06T16:55:29.719+0000] {logging_mixin.py:150} INFO - [2025-02-06T16:55:29.719+0000] {dag.py:3504} INFO - Setting next_dagrun for tutorial_taskflow_api to None, run_after=None
[2025-02-06T16:55:29.735+0000] {processor.py:179} INFO - Processing /home/vscode/.local/lib/python3.10/site-packages/airflow/example_dags/tutorial_taskflow_api.py took 0.055 seconds
[2025-02-06T16:56:17.630+0000] {processor.py:157} INFO - Started process (PID=13211) to work on /home/vscode/.local/lib/python3.10/site-packages/airflow/example_dags/tutorial_taskflow_api.py
[2025-02-06T16:56:17.631+0000] {processor.py:826} INFO - Processing file /home/vscode/.local/lib/python3.10/site-packages/airflow/example_dags/tutorial_taskflow_api.py for tasks to queue
[2025-02-06T16:56:17.631+0000] {logging_mixin.py:150} INFO - [2025-02-06T16:56:17.631+0000] {dagbag.py:541} INFO - Filling up the DagBag from /home/vscode/.local/lib/python3.10/site-packages/airflow/example_dags/tutorial_taskflow_api.py
[2025-02-06T16:56:17.637+0000] {processor.py:836} INFO - DAG(s) dict_keys(['tutorial_taskflow_api']) retrieved from /home/vscode/.local/lib/python3.10/site-packages/airflow/example_dags/tutorial_taskflow_api.py
[2025-02-06T16:56:17.650+0000] {logging_mixin.py:150} INFO - [2025-02-06T16:56:17.649+0000] {dag.py:2742} INFO - Sync 1 DAGs
[2025-02-06T16:56:17.664+0000] {logging_mixin.py:150} INFO - [2025-02-06T16:56:17.664+0000] {dag.py:3504} INFO - Setting next_dagrun for tutorial_taskflow_api to None, run_after=None
[2025-02-06T16:56:17.679+0000] {processor.py:179} INFO - Processing /home/vscode/.local/lib/python3.10/site-packages/airflow/example_dags/tutorial_taskflow_api.py took 0.051 seconds
[2025-02-06T16:57:00.843+0000] {processor.py:157} INFO - Started process (PID=13538) to work on /home/vscode/.local/lib/python3.10/site-packages/airflow/example_dags/tutorial_taskflow_api.py
[2025-02-06T16:57:00.844+0000] {processor.py:826} INFO - Processing file /home/vscode/.local/lib/python3.10/site-packages/airflow/example_dags/tutorial_taskflow_api.py for tasks to queue
[2025-02-06T16:57:00.845+0000] {logging_mixin.py:150} INFO - [2025-02-06T16:57:00.845+0000] {dagbag.py:541} INFO - Filling up the DagBag from /home/vscode/.local/lib/python3.10/site-packages/airflow/example_dags/tutorial_taskflow_api.py
[2025-02-06T16:57:00.850+0000] {processor.py:836} INFO - DAG(s) dict_keys(['tutorial_taskflow_api']) retrieved from /home/vscode/.local/lib/python3.10/site-packages/airflow/example_dags/tutorial_taskflow_api.py
[2025-02-06T16:57:00.864+0000] {logging_mixin.py:150} INFO - [2025-02-06T16:57:00.864+0000] {dag.py:2742} INFO - Sync 1 DAGs
[2025-02-06T16:57:00.879+0000] {logging_mixin.py:150} INFO - [2025-02-06T16:57:00.879+0000] {dag.py:3504} INFO - Setting next_dagrun for tutorial_taskflow_api to None, run_after=None
[2025-02-06T16:57:00.895+0000] {processor.py:179} INFO - Processing /home/vscode/.local/lib/python3.10/site-packages/airflow/example_dags/tutorial_taskflow_api.py took 0.054 seconds
[2025-02-06T16:57:46.158+0000] {processor.py:157} INFO - Started process (PID=13880) to work on /home/vscode/.local/lib/python3.10/site-packages/airflow/example_dags/tutorial_taskflow_api.py
[2025-02-06T16:57:46.159+0000] {processor.py:826} INFO - Processing file /home/vscode/.local/lib/python3.10/site-packages/airflow/example_dags/tutorial_taskflow_api.py for tasks to queue
[2025-02-06T16:57:46.160+0000] {logging_mixin.py:150} INFO - [2025-02-06T16:57:46.159+0000] {dagbag.py:541} INFO - Filling up the DagBag from /home/vscode/.local/lib/python3.10/site-packages/airflow/example_dags/tutorial_taskflow_api.py
[2025-02-06T16:57:46.165+0000] {processor.py:836} INFO - DAG(s) dict_keys(['tutorial_taskflow_api']) retrieved from /home/vscode/.local/lib/python3.10/site-packages/airflow/example_dags/tutorial_taskflow_api.py
[2025-02-06T16:57:46.178+0000] {logging_mixin.py:150} INFO - [2025-02-06T16:57:46.178+0000] {dag.py:2742} INFO - Sync 1 DAGs
[2025-02-06T16:57:46.192+0000] {logging_mixin.py:150} INFO - [2025-02-06T16:57:46.192+0000] {dag.py:3504} INFO - Setting next_dagrun for tutorial_taskflow_api to None, run_after=None
[2025-02-06T16:57:46.207+0000] {processor.py:179} INFO - Processing /home/vscode/.local/lib/python3.10/site-packages/airflow/example_dags/tutorial_taskflow_api.py took 0.052 seconds
[2025-02-06T18:07:32.331+0000] {processor.py:157} INFO - Started process (PID=4790) to work on /home/vscode/.local/lib/python3.10/site-packages/airflow/example_dags/tutorial_taskflow_api.py
[2025-02-06T18:07:32.334+0000] {processor.py:826} INFO - Processing file /home/vscode/.local/lib/python3.10/site-packages/airflow/example_dags/tutorial_taskflow_api.py for tasks to queue
[2025-02-06T18:07:32.335+0000] {logging_mixin.py:150} INFO - [2025-02-06T18:07:32.335+0000] {dagbag.py:541} INFO - Filling up the DagBag from /home/vscode/.local/lib/python3.10/site-packages/airflow/example_dags/tutorial_taskflow_api.py
[2025-02-06T18:07:32.341+0000] {processor.py:836} INFO - DAG(s) dict_keys(['tutorial_taskflow_api']) retrieved from /home/vscode/.local/lib/python3.10/site-packages/airflow/example_dags/tutorial_taskflow_api.py
[2025-02-06T18:07:32.467+0000] {logging_mixin.py:150} INFO - [2025-02-06T18:07:32.467+0000] {manager.py:504} INFO - Created Permission View: can read on DAG:tutorial_taskflow_api
[2025-02-06T18:07:32.474+0000] {logging_mixin.py:150} INFO - [2025-02-06T18:07:32.474+0000] {manager.py:504} INFO - Created Permission View: can delete on DAG:tutorial_taskflow_api
[2025-02-06T18:07:32.479+0000] {logging_mixin.py:150} INFO - [2025-02-06T18:07:32.479+0000] {manager.py:504} INFO - Created Permission View: can edit on DAG:tutorial_taskflow_api
[2025-02-06T18:07:32.485+0000] {logging_mixin.py:150} INFO - [2025-02-06T18:07:32.485+0000] {dag.py:2742} INFO - Sync 1 DAGs
[2025-02-06T18:07:32.494+0000] {logging_mixin.py:150} INFO - [2025-02-06T18:07:32.493+0000] {dag.py:2763} INFO - Creating ORM DAG for tutorial_taskflow_api
[2025-02-06T18:07:32.502+0000] {logging_mixin.py:150} INFO - [2025-02-06T18:07:32.502+0000] {dag.py:3504} INFO - Setting next_dagrun for tutorial_taskflow_api to None, run_after=None
[2025-02-06T18:07:32.521+0000] {processor.py:179} INFO - Processing /home/vscode/.local/lib/python3.10/site-packages/airflow/example_dags/tutorial_taskflow_api.py took 0.192 seconds
[2025-02-06T18:08:21.358+0000] {processor.py:157} INFO - Started process (PID=5224) to work on /home/vscode/.local/lib/python3.10/site-packages/airflow/example_dags/tutorial_taskflow_api.py
[2025-02-06T18:08:21.359+0000] {processor.py:826} INFO - Processing file /home/vscode/.local/lib/python3.10/site-packages/airflow/example_dags/tutorial_taskflow_api.py for tasks to queue
[2025-02-06T18:08:21.360+0000] {logging_mixin.py:150} INFO - [2025-02-06T18:08:21.359+0000] {dagbag.py:541} INFO - Filling up the DagBag from /home/vscode/.local/lib/python3.10/site-packages/airflow/example_dags/tutorial_taskflow_api.py
[2025-02-06T18:08:21.364+0000] {processor.py:836} INFO - DAG(s) dict_keys(['tutorial_taskflow_api']) retrieved from /home/vscode/.local/lib/python3.10/site-packages/airflow/example_dags/tutorial_taskflow_api.py
[2025-02-06T18:08:21.375+0000] {logging_mixin.py:150} INFO - [2025-02-06T18:08:21.375+0000] {dag.py:2742} INFO - Sync 1 DAGs
[2025-02-06T18:08:21.387+0000] {logging_mixin.py:150} INFO - [2025-02-06T18:08:21.387+0000] {dag.py:3504} INFO - Setting next_dagrun for tutorial_taskflow_api to None, run_after=None
[2025-02-06T18:08:21.400+0000] {processor.py:179} INFO - Processing /home/vscode/.local/lib/python3.10/site-packages/airflow/example_dags/tutorial_taskflow_api.py took 0.043 seconds
