[2025-02-06T18:25:46.684+0000] {taskinstance.py:1103} INFO - Dependencies all met for dep_context=non-requeueable deps ti=<TaskInstance: extract_dag.extract_task manual__2025-02-06T18:25:44.585309+00:00 [queued]>
[2025-02-06T18:25:46.690+0000] {taskinstance.py:1103} INFO - Dependencies all met for dep_context=requeueable deps ti=<TaskInstance: extract_dag.extract_task manual__2025-02-06T18:25:44.585309+00:00 [queued]>
[2025-02-06T18:25:46.690+0000] {taskinstance.py:1308} INFO - Starting attempt 1 of 1
[2025-02-06T18:25:46.702+0000] {taskinstance.py:1327} INFO - Executing <Task(BashOperator): extract_task> on 2025-02-06 18:25:44.585309+00:00
[2025-02-06T18:25:46.706+0000] {standard_task_runner.py:57} INFO - Started process 12685 to run task
[2025-02-06T18:25:46.709+0000] {standard_task_runner.py:84} INFO - Running: ['airflow', 'tasks', 'run', 'extract_dag', 'extract_task', 'manual__2025-02-06T18:25:44.585309+00:00', '--job-id', '3', '--raw', '--subdir', 'DAGS_FOLDER/extract_dag.py', '--cfg-path', '/tmp/tmplo71v5bz']
[2025-02-06T18:25:46.710+0000] {standard_task_runner.py:85} INFO - Job 3: Subtask extract_task
[2025-02-06T18:25:46.736+0000] {task_command.py:410} INFO - Running <TaskInstance: extract_dag.extract_task manual__2025-02-06T18:25:44.585309+00:00 [running]> on host codespaces-714ee7
[2025-02-06T18:25:46.785+0000] {taskinstance.py:1545} INFO - Exporting env vars: AIRFLOW_CTX_DAG_OWNER='airflow' AIRFLOW_CTX_DAG_ID='extract_dag' AIRFLOW_CTX_TASK_ID='extract_task' AIRFLOW_CTX_EXECUTION_DATE='2025-02-06T18:25:44.585309+00:00' AIRFLOW_CTX_TRY_NUMBER='1' AIRFLOW_CTX_DAG_RUN_ID='manual__2025-02-06T18:25:44.585309+00:00'
[2025-02-06T18:25:46.786+0000] {subprocess.py:63} INFO - Tmp dir root location: /tmp
[2025-02-06T18:25:46.787+0000] {subprocess.py:75} INFO - Running command: ['/usr/bin/bash', '-c', 'wget -c https://raw.githubusercontent.com/LinkedInLearning/hands-on-introduction-data-engineering-4395021/main/data/top-level-domain-names.csv -O         workspaces/hands-on-introduction-data-engineering-4395021/lab/orchestrated/extracted-top-level-domain-names.csv']
[2025-02-06T18:25:46.791+0000] {subprocess.py:86} INFO - Output:
[2025-02-06T18:25:46.794+0000] {subprocess.py:93} INFO - workspaces/hands-on-introduction-data-engineering-4395021/lab/orchestrated/extracted-top-level-domain-names.csv: No such file or directory
[2025-02-06T18:25:46.795+0000] {subprocess.py:97} INFO - Command exited with return code 1
[2025-02-06T18:25:46.798+0000] {taskinstance.py:1824} ERROR - Task failed with exception
Traceback (most recent call last):
  File "/home/vscode/.local/lib/python3.10/site-packages/airflow/operators/bash.py", line 210, in execute
    raise AirflowException(
airflow.exceptions.AirflowException: Bash command failed. The command returned a non-zero exit code 1.
[2025-02-06T18:25:46.800+0000] {taskinstance.py:1345} INFO - Marking task as FAILED. dag_id=extract_dag, task_id=extract_task, execution_date=20250206T182544, start_date=20250206T182546, end_date=20250206T182546
[2025-02-06T18:25:46.810+0000] {standard_task_runner.py:104} ERROR - Failed to execute job 3 for task extract_task (Bash command failed. The command returned a non-zero exit code 1.; 12685)
[2025-02-06T18:25:46.840+0000] {local_task_job_runner.py:225} INFO - Task exited with return code 1
[2025-02-06T18:25:46.848+0000] {taskinstance.py:2653} INFO - 0 downstream tasks scheduled from follow-on schedule check
